selected 200 CONNECTABLE candidates (entity-key datasets; your live keys: [])
  [skip (already landed) ] portal_arc_wisconsin_open_d_601e691159  (0 rows)
  [skip (already landed) ] portal_arc_la_county_open_d_58a85aed74  (0 rows)
  [skip (already landed) ] portal_arc_wisconsin_open_d_07cf3c3824  (0 rows)
  [skip (already landed) ] portal_arc_wisconsin_open_d_022efd1ae5  (0 rows)
  [skip (already landed) ] portal_arc_la_county_open_d_83f0ba30fb  (0 rows)
  [skip (already landed) ] portal_arc_la_county_open_d_e034245e05  (0 rows)
  [skip (already landed) ] portal_arc_wisconsin_open_d_d05399642c  (0 rows)
  [skip (already landed) ] portal_arc_wisconsin_open_d_717f8037eb  (0 rows)
  [skip (already landed) ] portal_arc_wisconsin_open_d_b2efa24715  (0 rows)
  [skip (already landed) ] portal_arc_cleveland_open_d_590209b88b  (0 rows)
  [skip (already landed) ] portal_arc_wisconsin_open_d_cb1509f410  (0 rows)
  [skip (already landed) ] portal_arc_wisconsin_open_d_4ebc995c5d  (0 rows)
  [skip (already landed) ] portal_arc_la_county_open_d_0a94db308e  (0 rows)
  [skip (already landed) ] portal_arc_la_county_open_d_6df63a4983  (0 rows)
  [skip (already landed) ] portal_arc_la_county_open_d_5ab83c24a0  (0 rows)
  [skip (already landed) ] portal_arc_wisconsin_open_d_5206358bdd  (0 rows)
  [skip (already landed) ] portal_arc_la_county_open_d_92cd102da7  (0 rows)
  [skip (already landed) ] portal_arc_harris_county_op_86ae12cfc0  (0 rows)
  [skip (already landed) ] portal_arc_harris_county_op_fa9969d82e  (0 rows)
  [skip (already landed) ] portal_arc_la_county_open_d_1a6706943d  (0 rows)
  [skip (already landed) ] portal_arc_la_county_open_d_1edd056661  (0 rows)
  [skip (already landed) ] portal_cka_california_open_5dd35f95d8  (0 rows)
  [ERROR: no datastore-active resource for licensed-and-certified-healthcare-facilities (7 resources] portal_cka_california_open_647360967d  (0 rows)
  [skip (already landed) ] portal_cka_indiana_data_hub_66a945cf17  (0 rows)
  [skip (already landed) ] portal_soc_utah_open_data_p_f8cdd62630  (0 rows)
  [skip (already landed) ] portal_soc_utah_open_data_p_55ef6ef0c6  (0 rows)
  [skip (already landed) ] portal_soc_utah_open_data_p_4eba247771  (0 rows)
  [skip (already landed) ] portal_soc_texas_open_data_a7ab49cb1a  (0 rows)
  [skip (already landed) ] portal_soc_utah_open_data_p_ac08d0651f  (0 rows)
  [skip (already landed) ] portal_soc_utah_open_data_p_52003d36f8  (0 rows)
  [skip (already landed) ] portal_soc_sf_opendata_data_8dccc91916  (0 rows)
  [skip (already landed) ] portal_soc_washington_state_914cf85743  (0 rows)
  [skip (already landed) ] portal_soc_sf_opendata_data_c19ee9eb44  (0 rows)
  [skip (already landed) ] portal_soc_utah_open_data_p_62bb6c079e  (0 rows)
  [skip (already landed) ] portal_soc_nj_open_data_cen_a0d94510ca  (0 rows)
  [skip (already landed) ] portal_soc_utah_open_data_p_6f316de0b0  (0 rows)
  [skip (already landed) ] portal_soc_utah_open_data_p_f10f70de47  (0 rows)
  [skip (already landed) ] portal_soc_utah_open_data_p_5ef25af42c  (0 rows)
  [skip (already landed) ] portal_soc_utah_open_data_p_990c78c284  (0 rows)
  [skip (already landed) ] portal_soc_utah_open_data_p_701571fd92  (0 rows)
  [skip (already landed) ] portal_soc_utah_open_data_p_f7cb1e8c0d  (0 rows)
  [skip (already landed) ] portal_soc_utah_open_data_p_1a3ede9cad  (0 rows)
  [skip (already landed) ] portal_soc_utah_open_data_p_d4aca49a9b  (0 rows)
  [skip (already landed) ] portal_soc_oregon_open_data_e338c547c2  (0 rows)
  [skip (already landed) ] portal_arc_open_data_dc_98319ab13d  (0 rows)
  [skip (already landed) ] portal_arc_open_data_dc_454981b380  (0 rows)
  [skip (already landed) ] portal_arc_open_data_dc_56c4f04cf0  (0 rows)
  [skip (already landed) ] portal_arc_louisville_open_733584a9a0  (0 rows)
  [ERROR: Expecting value: line 1 column 1 (char 0)] portal_arc_open_data_dc_c38aded90b  (0 rows)
  [skip (already landed) ] portal_arc_open_baltimore_6c2257f1c4  (0 rows)
  [skip (already landed) ] portal_arc_open_data_minnea_d808f6bf62  (0 rows)
  [skip (0 rows fetched) ] portal_arc_mecklenburg_coun_47c78a75d1  (0 rows)
  [skip (already landed) ] portal_arc_harris_county_op_f22d53c24d  (0 rows)
  [skip (already landed) ] portal_arc_harris_county_op_4f19f66c45  (0 rows)
  [skip (already landed) ] portal_arc_open_baltimore_751d91c991  (0 rows)
  [skip (already landed) ] portal_arc_harris_county_op_2718b3279a  (0 rows)
  [skip (already landed) ] portal_arc_harris_county_op_374d2e791f  (0 rows)
  [skip (already landed) ] portal_arc_harris_county_op_167ec31b95  (0 rows)
  [skip (already landed) ] portal_arc_open_data_minnea_0426858dfe  (0 rows)
  [skip (already landed) ] portal_arc_open_data_dc_5b867c795c  (0 rows)
  [skip (already landed) ] portal_arc_open_data_dc_d8e55d5b7f  (0 rows)
  [skip (already landed) ] portal_arc_open_data_dc_8c6ef16235  (0 rows)
  [skip (already landed) ] portal_arc_open_data_dc_01f2d9886c  (0 rows)
  [skip (already landed) ] portal_arc_harris_county_op_cbd49c80e4  (0 rows)
  [skip (already landed) ] portal_arc_harris_county_op_fe2134f2c8  (0 rows)
  [skip (already landed) ] portal_arc_harris_county_op_caf5c156e3  (0 rows)
  [skip (already landed) ] portal_arc_harris_county_op_5ab72d4a23  (0 rows)
  [skip (already landed) ] portal_arc_harris_county_op_619a8f0a78  (0 rows)
  [skip (already landed) ] portal_arc_harris_county_op_3e1a188e92  (0 rows)
  [skip (already landed) ] portal_arc_harris_county_op_bef7c03176  (0 rows)
  [skip (already landed) ] portal_arc_harris_county_op_4e0f396a33  (0 rows)
  [ERROR: 400 Client Error: Bad Request for url: https://maps2.dcgis.dc.gov/dcgis/rest/services/DCGI] portal_arc_open_data_dc_e81bdf25d3  (0 rows)
  [skip (0 rows fetched) ] portal_arc_open_data_dc_689d0ab26c  (0 rows)
  [skip (already landed) ] portal_arc_open_data_dc_008ba480f6  (0 rows)
  [skip (already landed) ] portal_arc_open_data_dc_59913164d2  (0 rows)
  [skip (already landed) ] portal_arc_wake_county_open_4b425fd089  (0 rows)
  [ERROR: 500 Server Error: Internal Server Error for url: https://gisportal.hrsa.gov/server/rest/se] portal_arc_tucson_open_data_d88d96486d  (0 rows)
  [skip (already landed) ] portal_arc_open_data_dc_43dcbd8be3  (0 rows)
  [skip (already landed) ] portal_arc_columbus_gis_ope_8259461c2a  (0 rows)
  [skip (already landed) ] portal_arc_open_data_minnea_09e3680fd2  (0 rows)
  [skip (0 rows fetched) ] portal_arc_open_data_dc_ba9de3c89b  (0 rows)
  [ERROR: 400 Client Error: Bad Request for url: https://maps2.dcgis.dc.gov/dcgis/rest/services/DCGI] portal_arc_open_data_dc_b8a7e4e3ce  (0 rows)
  [ERROR: no FeatureServer url for item] portal_arc_open_data_dc_aa429a960c  (0 rows)
  [ERROR: 500 Server Error: Internal Server Error for url: https://gisportal.hrsa.gov/server/rest/se] portal_arc_tucson_open_data_529956fcca  (0 rows)
  [skip (already landed) ] portal_arc_open_data_dc_74d9616143  (0 rows)
  [skip (already landed) ] portal_arc_open_data_dc_9a20ce1fc5  (0 rows)
  [ERROR: no FeatureServer url for item] portal_arc_open_data_dc_5bb7f876ad  (0 rows)
  [ERROR: 400 Client Error: Bad Request for url: https://maps2.dcgis.dc.gov/dcgis/rest/services/DCGI] portal_arc_open_data_dc_a523827002  (0 rows)
  [skip (already landed) ] portal_arc_open_data_minnea_bd6a1cacbb  (0 rows)
  [skip (already landed) ] portal_arc_open_data_minnea_7c8c54bd8c  (0 rows)
  [skip (already landed) ] portal_arc_open_data_minnea_6cdce692aa  (0 rows)
  [skip (already landed) ] portal_arc_open_data_minnea_be5550ebf6  (0 rows)
  [skip (already landed) ] portal_arc_open_data_minnea_5ac94c44da  (0 rows)
  [skip (already landed) ] portal_arc_open_data_minnea_1ad7e106e4  (0 rows)
  [skip (already landed) ] portal_arc_open_data_minnea_4c5820fd0a  (0 rows)
  [skip (already landed) ] portal_arc_open_data_minnea_7efdca0423  (0 rows)
  [ERROR: 500 Server Error: Internal Server Error for url: https://gisportal.hrsa.gov/server/rest/se] portal_arc_tucson_open_data_6ba451bbe4  (0 rows)
  [skip (0 rows fetched) ] portal_arc_open_data_dc_14845d23d6  (0 rows)
  [skip (already landed) ] portal_arc_open_data_dc_32ad83d2ec  (0 rows)
  [skip (0 rows fetched) ] portal_arc_open_data_dc_65ec9053b7  (0 rows)
  [skip (0 rows fetched) ] portal_arc_open_data_dc_20933291c7  (0 rows)
  [skip (0 rows fetched) ] portal_arc_open_data_dc_7303d67451  (0 rows)
  [skip (0 rows fetched) ] portal_arc_open_data_dc_56b959a421  (0 rows)
  [skip (0 rows fetched) ] portal_arc_open_data_dc_3c0866aa1f  (0 rows)
  [skip (0 rows fetched) ] portal_arc_open_data_dc_b2ba68a4ba  (0 rows)
  [skip (0 rows fetched) ] portal_arc_open_data_dc_94aac76758  (0 rows)
  [skip (0 rows fetched) ] portal_arc_open_data_dc_346aff4329  (0 rows)
  [skip (0 rows fetched) ] portal_arc_open_data_dc_c2a98d4123  (0 rows)
  [skip (0 rows fetched) ] portal_arc_open_data_dc_a60173b6dc  (0 rows)
  [skip (0 rows fetched) ] portal_arc_open_data_dc_2700a386d3  (0 rows)
  [skip (0 rows fetched) ] portal_arc_open_data_dc_081b9a96b1  (0 rows)
  [skip (0 rows fetched) ] portal_arc_open_data_dc_3321bb33aa  (0 rows)
  [skip (0 rows fetched) ] portal_arc_open_data_dc_1c7bf0b89d  (0 rows)
  [skip (0 rows fetched) ] portal_arc_open_data_dc_6ddb3c3bbe  (0 rows)
  [skip (0 rows fetched) ] portal_arc_open_data_dc_2fb8448ecd  (0 rows)
  [skip (0 rows fetched) ] portal_arc_open_data_dc_771bc37eb8  (0 rows)
  [ERROR: no FeatureServer url for item] portal_arc_open_data_dc_ceb4e35381  (0 rows)
  [ERROR: 400 Client Error: Bad Request for url: https://maps2.dcgis.dc.gov/dcgis/rest/services/DCGI] portal_arc_open_data_dc_728869423d  (0 rows)
  [ERROR: 500 Server Error: Internal Server Error for url: https://gisportal.hrsa.gov/server/rest/se] portal_arc_tucson_open_data_1325251d39  (0 rows)
  [ERROR: 400 Client Error: Bad Request for url: https://maps2.dcgis.dc.gov/dcgis/rest/services/DCGI] portal_arc_open_data_dc_640398e97f  (0 rows)
  [ERROR: no FeatureServer url for item] portal_arc_open_data_dc_c193e9aae1  (0 rows)
  [ERROR: no FeatureServer url for item] portal_arc_open_data_dc_05450a5983  (0 rows)
  [ERROR: no FeatureServer url for item] portal_arc_open_data_dc_bcbc27f682  (0 rows)
  [ERROR: 400 Client Error: Bad Request for url: https://maps2.dcgis.dc.gov/dcgis/rest/services/DCGI] portal_arc_open_data_dc_dff756e61d  (0 rows)
  [ERROR: 400 Client Error: Bad Request for url: https://maps2.dcgis.dc.gov/dcgis/rest/services/DCGI] portal_arc_open_data_dc_149ce64508  (0 rows)
  [ERROR: 400 Client Error: Bad Request for url: https://maps2.dcgis.dc.gov/dcgis/rest/services/DCGI] portal_arc_open_data_dc_38540974a2  (0 rows)
  [ERROR: no FeatureServer url for item] portal_arc_open_data_dc_547eed37a5  (0 rows)
  [ERROR: 400 Client Error: Bad Request for url: https://maps2.dcgis.dc.gov/dcgis/rest/services/DCGI] portal_arc_open_data_dc_befcab5bc2  (0 rows)
  [skip (already landed) ] portal_soc_utah_open_data_p_17cb6b615f  (0 rows)
  [skip (already landed) ] portal_soc_utah_open_data_p_6862b465d5  (0 rows)
  [skip (already landed) ] portal_soc_colorado_informa_4bad70f01f  (0 rows)
  [skip (already landed) ] portal_soc_texas_open_data_28e2f49084  (0 rows)
  [skip (already landed) ] portal_soc_colorado_informa_46101be391  (0 rows)
  [skip (already landed) ] portal_soc_new_york_state_o_49cd8c5b65  (0 rows)
  [skip (already landed) ] portal_soc_utah_open_data_p_acb06f036d  (0 rows)
  [skip (already landed) ] portal_soc_utah_open_data_p_c68bc3f05c  (0 rows)
  [skip (already landed) ] portal_soc_colorado_informa_d017cfcf7f  (0 rows)
  [skip (already landed) ] portal_soc_utah_open_data_p_18582ddc54  (0 rows)
  [skip (already landed) ] portal_soc_utah_open_data_p_8a9374ea5d  (0 rows)
  [skip (already landed) ] portal_soc_colorado_informa_239fba8b76  (0 rows)
  [skip (already landed) ] portal_soc_colorado_informa_6367a44c92  (0 rows)
  [skip (already landed) ] portal_soc_connecticut_open_9a34cd28ae  (0 rows)
  [skip (already landed) ] portal_soc_texas_open_data_91f1c8d27d  (0 rows)
  [skip (already landed) ] portal_soc_colorado_informa_f78543c045  (0 rows)
  [skip (already landed) ] portal_soc_new_york_state_o_7dd1c9cb24  (0 rows)
  [skip (already landed) ] portal_soc_pa_open_data_por_cd66682741  (0 rows)
  [skip (already landed) ] portal_soc_colorado_informa_b4dd509314  (0 rows)
  [skip (already landed) ] portal_soc_new_york_state_o_eff72c4402  (0 rows)
  [skip (already landed) ] portal_soc_connecticut_open_95ac60cee1  (0 rows)
  [skip (already landed) ] portal_soc_colorado_informa_f0e162d7a8  (0 rows)
  [skip (already landed) ] portal_soc_colorado_informa_f9498d9b7f  (0 rows)
  [skip (0 rows fetched) ] portal_arc_maricopa_county_195402682d  (0 rows)
  [skip (already landed) ] portal_soc_texas_open_data_6f798a64fa  (0 rows)
  [skip (already landed) ] portal_soc_texas_open_data_b8ddc96bff  (0 rows)
  [skip (already landed) ] portal_soc_connecticut_open_6be2302812  (0 rows)
  [skip (already landed) ] portal_soc_colorado_informa_a50da9b699  (0 rows)
  [skip (already landed) ] portal_soc_texas_open_data_f525266f32  (0 rows)
  [skip (already landed) ] portal_soc_utah_open_data_p_6e687d44e0  (0 rows)
  [skip (already landed) ] portal_soc_utah_open_data_p_3967e73a16  (0 rows)
  [skip (already landed) ] portal_soc_delaware_open_da_98a9ee0bc7  (0 rows)
  [skip (already landed) ] portal_soc_washington_state_1a95fb1665  (0 rows)
  [skip (already landed) ] portal_soc_texas_open_data_b4fdc1dc58  (0 rows)
  [skip (already landed) ] portal_soc_maryland_open_da_7ce817c5ce  (0 rows)
  [skip (already landed) ] portal_soc_utah_open_data_p_47dcffc8c1  (0 rows)
  [skip (already landed) ] portal_soc_maryland_open_da_1b2cc0adb9  (0 rows)
  [skip (already landed) ] portal_soc_utah_open_data_p_e801b0732d  (0 rows)
  [skip (already landed) ] portal_soc_utah_open_data_p_fb07cfaf59  (0 rows)
  [skip (already landed) ] portal_soc_cambridge_open_d_fb7c7229d0  (0 rows)
  [skip (already landed) ] portal_soc_austin_open_data_0b4c639a1c  (0 rows)
  [skip (already landed) ] portal_soc_utah_open_data_p_aa0ab39dee  (0 rows)
  [skip (already landed) ] portal_soc_utah_open_data_p_4c3c656c61  (0 rows)
  [skip (already landed) ] portal_soc_utah_open_data_p_c357f1f9e1  (0 rows)
  [skip (already landed) ] portal_soc_utah_open_data_p_2f94947455  (0 rows)
  [skip (already landed) ] portal_soc_utah_open_data_p_7186edb84b  (0 rows)
  [skip (already landed) ] portal_soc_utah_open_data_p_103f7d641f  (0 rows)
  [skip (already landed) ] portal_soc_utah_open_data_p_a9b7e273c8  (0 rows)
  [skip (already landed) ] portal_soc_utah_open_data_p_a5ae4fd7a4  (0 rows)
  [skip (already landed) ] portal_soc_utah_open_data_p_c3b6301825  (0 rows)
  [skip (already landed) ] portal_soc_utah_open_data_p_5ef68422ff  (0 rows)
  [skip (already landed) ] portal_soc_utah_open_data_p_7105312f13  (0 rows)
  [skip (already landed) ] portal_soc_utah_open_data_p_5822aaee01  (0 rows)
  [skip (already landed) ] portal_soc_utah_open_data_p_b21f81e6f9  (0 rows)
  [skip (already landed) ] portal_soc_utah_open_data_p_dcd75231f6  (0 rows)
  [skip (already landed) ] portal_soc_utah_open_data_p_f87fb2bfb7  (0 rows)
  [skip (already landed) ] portal_soc_utah_open_data_p_f1292b8d2f  (0 rows)
  [skip (0 rows fetched) ] portal_arc_tucson_open_data_0c85f2f6bc  (0 rows)
  [skip (0 rows fetched) ] portal_arc_tucson_open_data_5d8750cb54  (0 rows)
  [skip (0 rows fetched) ] portal_arc_new_mexico_open_ba18280862  (0 rows)
  [skip (0 rows fetched) ] portal_arc_new_mexico_open_d85a38d663  (0 rows)
  [skip (0 rows fetched) ] portal_arc_new_mexico_open_4703fb49d3  (0 rows)
  [skip (already landed) ] portal_arc_open_data_raleig_f18f09f22f  (0 rows)
  [skip (already landed) ] portal_arc_tucson_open_data_f0203665dd  (0 rows)
  [skip (already landed) ] portal_arc_tucson_open_data_9e24e86b9a  (0 rows)
  [skip (already landed) ] portal_arc_tucson_open_data_e0edea39be  (0 rows)
  [skip (already landed) ] portal_arc_harris_county_op_3cfe4113ed  (0 rows)
  [skip (already landed) ] portal_arc_harris_county_op_360277f8cb  (0 rows)
  [skip (already landed) ] portal_arc_tucson_open_data_172a59fdf6  (0 rows)
  [skip (already landed) ] portal_arc_tucson_open_data_6720a5ff25  (0 rows)
  [skip (already landed) ] portal_arc_tucson_open_data_32a72d9d1d  (0 rows)
  [skip (already landed) ] portal_arc_tucson_open_data_328af9f277  (0 rows)

0/200 loaded, 0 rows total.
