C:\Code\Ripple_v6\library-onboarding\ingest.py:895: UserWarning: Pandas Dataframe has non-standard index of type <class 'pandas.core.indexes.base.Index'> which will not be written. Consider changing the index to pd.RangeIndex(start=0,...,step=1) or call reset_index() to keep index as column(s)
  ok, _chunks, nrows, _ = write_pandas(
C:\Code\Ripple_v6\library-onboarding\ingest.py:895: UserWarning: Pandas Dataframe has non-standard index of type <class 'pandas.core.indexes.base.Index'> which will not be written. Consider changing the index to pd.RangeIndex(start=0,...,step=1) or call reset_index() to keep index as column(s)
  ok, _chunks, nrows, _ = write_pandas(
selected 200 candidate datasets (platform=CKAN, with_key=True)
  [skip (already landed) ] portal_cka_california_open_5dd35f95d8  (0 rows)
  [ERROR: no datastore-active resource for licensed-and-certified-healthcare-facilities (7 resources] portal_cka_california_open_647360967d  (0 rows)
  [skip (already landed) ] portal_cka_indiana_data_hub_66a945cf17  (0 rows)
  [loaded                ] portal_cka_open_data_sa_33003c2e61  (48 rows)
  [loaded                ] portal_cka_analyze_boston_9fe0838e9f  (968 rows)
  [loaded                ] portal_cka_western_pennsylv_64295c4f58  (5454 rows)
  [loaded                ] portal_cka_wprdc_allegheny_5c03b21365  (5454 rows)
  [loaded                ] portal_cka_western_pennsylv_2c24d9b40b  (8402 rows)
  [loaded                ] portal_cka_wprdc_allegheny_060112d129  (8402 rows)
  [loaded                ] portal_cka_wprdc_allegheny_de448d04d4  (10000 rows)
  [loaded                ] portal_cka_western_pennsylv_0af7431c6c  (10000 rows)
  [loaded                ] portal_cka_wprdc_allegheny_31d26600c9  (10000 rows)
  [loaded                ] portal_cka_western_pennsylv_c0a2a6745a  (10000 rows)
  [ERROR: 404 Client Error: Not Found for url: https://open.canada.ca/api/3/action/package_show?id=e] portal_cka_open_government_37214039f6  (0 rows)
  [loaded                ] portal_cka_california_open_37c04cba4a  (1 rows)
  [loaded                ] portal_cka_california_open_49d5a45de1  (1 rows)
  [loaded                ] portal_cka_open_data_sa_e8bb377538  (1 rows)
  [loaded                ] portal_cka_western_pennsylv_f5e7848c24  (1 rows)
  [loaded                ] portal_cka_analyze_boston_45e7e21495  (1 rows)
  [loaded                ] portal_cka_open_data_sa_d770780eeb  (1 rows)
  [loaded                ] portal_cka_california_open_6a4468b24f  (1 rows)
  [loaded                ] portal_cka_open_data_sa_ceb607964a  (1 rows)
  [loaded                ] portal_cka_ireland_national_4049d41c91  (1 rows)
  [loaded                ] portal_cka_california_open_6083f016d2  (1 rows)
  [loaded                ] portal_cka_wprdc_allegheny_63627b65f8  (1 rows)
  [loaded                ] portal_cka_analyze_boston_691c77c209  (1 rows)
  [loaded                ] portal_cka_open_data_sa_b9860a2de3  (1 rows)
  [loaded                ] portal_cka_california_open_8c4aa754ce  (1 rows)
  [loaded                ] portal_cka_san_jose_open_da_a52d30d858  (1 rows)
  [loaded                ] portal_cka_analyze_boston_236a5362b9  (1 rows)
  [loaded                ] portal_cka_open_data_sa_46bf1abbc1  (1 rows)
  [loaded                ] portal_cka_western_pennsylv_07eaf6e647  (2 rows)
  [loaded                ] portal_cka_wprdc_allegheny_3c29facd4a  (2 rows)
  [loaded                ] portal_cka_san_jose_open_da_ba17cfeaef  (2 rows)
  [loaded                ] portal_cka_california_open_0bc18bba68  (2 rows)
  [loaded                ] portal_cka_san_jose_open_da_f1d1bdd645  (2 rows)
  [loaded                ] portal_cka_san_jose_open_da_5120c908ca  (3 rows)
  [loaded                ] portal_cka_open_data_sa_fa2a7705ec  (3 rows)
  [loaded                ] portal_cka_open_data_sa_9c302ca0ab  (3 rows)
  [loaded                ] portal_cka_open_data_sa_136d910ad7  (4 rows)
  [loaded                ] portal_cka_wprdc_allegheny_bbb8fb534f  (4 rows)
  [loaded                ] portal_cka_western_pennsylv_abe01a0035  (4 rows)
  [ERROR: 404 Client Error: Not Found for url: https://avoindata.suomi.fi:443/api/3/action/package_s] portal_cka_finland_national_aa7b20009c  (0 rows)
  [loaded                ] portal_cka_california_open_ee216e8506  (4 rows)
  [loaded                ] portal_cka_western_pennsylv_0c27c4aa90  (4 rows)
  [loaded                ] portal_cka_wprdc_allegheny_9aed398c25  (4 rows)
  [loaded                ] portal_cka_wprdc_allegheny_38dbfe9aed  (5 rows)
  [loaded                ] portal_cka_wprdc_allegheny_a6b2e0c749  (5 rows)
  [loaded                ] portal_cka_western_pennsylv_700a3671cd  (5 rows)
  [loaded                ] portal_cka_western_pennsylv_6d76bcb39c  (5 rows)
  [ERROR: 404 Client Error: Not Found for url: https://data.gov.au/api/3/action/package_show?id=test] portal_cka_data_gov_au_595b140f34  (0 rows)
  [loaded                ] portal_cka_western_pennsylv_bfee19f210  (6 rows)
  [loaded                ] portal_cka_analyze_boston_ec027d890c  (6 rows)
  [ERROR: 404 Client Error: Not Found for url: https://avoindata.suomi.fi:443/api/3/action/package_s] portal_cka_finland_national_b8b39b4b7f  (0 rows)
  [loaded                ] portal_cka_wprdc_allegheny_2d91e81224  (6 rows)
  [loaded                ] portal_cka_san_jose_open_da_9f5fd1969e  (6 rows)
  [loaded                ] portal_cka_san_jose_open_da_e5e353e19d  (6 rows)
  [loaded                ] portal_cka_ireland_national_73a82cb256  (6 rows)
  [loaded                ] portal_cka_open_data_sa_320c4dfdb2  (6 rows)
  [loaded                ] portal_cka_virginia_open_da_6973fd2ba7  (6 rows)
  [loaded                ] portal_cka_western_pennsylv_2a71c11d68  (7 rows)
  [ERROR: 404 Client Error: Not Found for url: https://data.gov.au/api/3/action/package_show?id=sout] portal_cka_data_gov_au_cb86439514  (0 rows)
  [ERROR: Expecting value: line 3 column 1 (char 2)] portal_cka_phoenix_open_dat_243fc5bb6a  (0 rows)
  [loaded                ] portal_cka_wprdc_allegheny_60a2a72ffd  (7 rows)
  [loaded                ] portal_cka_san_jose_open_da_9a45ef98ee  (7 rows)
  [loaded                ] portal_cka_open_data_sa_ce75f7fdde  (7 rows)
  [loaded                ] portal_cka_open_data_sa_7659b16d25  (7 rows)
  [loaded                ] portal_cka_open_data_sa_ad9a53047c  (8 rows)
  [loaded                ] portal_cka_san_jose_open_da_876760587a  (8 rows)
  [loaded                ] portal_cka_california_open_3ba640aa6e  (8 rows)
  [loaded                ] portal_cka_san_jose_open_da_4006091422  (8 rows)
  [loaded                ] portal_cka_wprdc_allegheny_024b629f91  (9 rows)
  [loaded                ] portal_cka_analyze_boston_cf53830f73  (9 rows)
  [loaded                ] portal_cka_western_pennsylv_257ffc7619  (9 rows)
  [ERROR: Expecting value: line 3 column 1 (char 2)] portal_cka_phoenix_open_dat_5b5beb4aa3  (0 rows)
  [ERROR: Expecting value: line 3 column 1 (char 2)] portal_cka_phoenix_open_dat_3a618437f2  (0 rows)
  [loaded                ] portal_cka_open_data_sa_87c271a71e  (10 rows)
  [loaded                ] portal_cka_wprdc_allegheny_b542229640  (10 rows)
  [loaded                ] portal_cka_western_pennsylv_321a6575f3  (10 rows)
  [loaded                ] portal_cka_wprdc_allegheny_694f40a849  (10 rows)
  [loaded                ] portal_cka_western_pennsylv_49fab204aa  (10 rows)
  [loaded                ] portal_cka_open_data_sa_3769bb8138  (10 rows)
  [loaded                ] portal_cka_open_data_sa_dd50c64c64  (10 rows)
  [ERROR: 404 Client Error: Not Found for url: https://data.gov.au/api/3/action/package_show?id=sout] portal_cka_data_gov_au_25613113b7  (0 rows)
  [loaded                ] portal_cka_wprdc_allegheny_fb89781122  (11 rows)
  [loaded                ] portal_cka_open_data_sa_fc8f1bae69  (11 rows)
  [loaded                ] portal_cka_california_open_41b8625438  (11 rows)
  [loaded                ] portal_cka_open_data_sa_cc35a6d7fa  (11 rows)
  [loaded                ] portal_cka_western_pennsylv_098bd87ff5  (11 rows)
  [loaded                ] portal_cka_wprdc_allegheny_8777c10d3a  (12 rows)
  [loaded                ] portal_cka_western_pennsylv_bcbe92c64c  (12 rows)
  [loaded                ] portal_cka_analyze_boston_bbe6f0fd04  (12 rows)
  [loaded                ] portal_cka_open_data_sa_6891c6fcc4  (12 rows)
  [loaded                ] portal_cka_open_data_sa_581de3800b  (12 rows)
  [loaded                ] portal_cka_open_data_sa_98d226a574  (12 rows)
  [loaded                ] portal_cka_open_data_sa_c589d75d2f  (12 rows)
  [ERROR: Expecting value: line 3 column 1 (char 2)] portal_cka_phoenix_open_dat_bb650e6965  (0 rows)
  [ERROR: Expecting value: line 3 column 1 (char 2)] portal_cka_phoenix_open_dat_c4e4390e39  (0 rows)
  [loaded                ] portal_cka_analyze_boston_ecc632a66f  (13 rows)
  [loaded                ] portal_cka_wprdc_allegheny_6f406e40a6  (13 rows)
  [loaded                ] portal_cka_analyze_boston_0ced34c7c1  (13 rows)
  [loaded                ] portal_cka_western_pennsylv_a28434a3c7  (13 rows)
  [loaded                ] portal_cka_analyze_boston_75afc07272  (13 rows)
  [loaded                ] portal_cka_wprdc_allegheny_c947d54b10  (6 rows)
  [loaded                ] portal_cka_western_pennsylv_f5fb6ccb69  (6 rows)
  [loaded                ] portal_cka_open_data_sa_9770eb9ebd  (14 rows)
  [loaded                ] portal_cka_open_data_sa_3b9ccbcfd0  (15 rows)
  [ERROR: 404 Client Error: Not Found for url: https://data.gov.au/api/3/action/package_show?id=road] portal_cka_data_gov_au_fab137cd24  (0 rows)
  [loaded                ] portal_cka_san_jose_open_da_b00393d49e  (15 rows)
  [loaded                ] portal_cka_analyze_boston_79b955775b  (15 rows)
  [ERROR: 404 Client Error: Not Found for url: https://data.gov.au/api/3/action/package_show?id=sout] portal_cka_data_gov_au_5915ca656b  (0 rows)
  [ERROR: Expecting value: line 3 column 1 (char 2)] portal_cka_phoenix_open_dat_fe6ba15eb5  (0 rows)
  [ERROR: Expecting value: line 3 column 1 (char 2)] portal_cka_phoenix_open_dat_710bfcf286  (0 rows)
  [ERROR: Expecting value: line 3 column 1 (char 2)] portal_cka_phoenix_open_dat_d1be04193d  (0 rows)
  [loaded                ] portal_cka_wprdc_allegheny_d0168f8de5  (17 rows)
  [loaded                ] portal_cka_israel_national_6272f09a75  (17 rows)
  [loaded                ] portal_cka_western_pennsylv_3782283d39  (17 rows)
  [loaded                ] portal_cka_analyze_boston_9ee23f0172  (18 rows)
  [loaded                ] portal_cka_analyze_boston_a6c2b4684a  (18 rows)
  [loaded                ] portal_cka_san_jose_open_da_5b443a0101  (18 rows)
  [loaded                ] portal_cka_open_data_sa_19461cbd4a  (19 rows)
  [loaded                ] portal_cka_western_pennsylv_22bdd189f5  (20 rows)
  [loaded                ] portal_cka_wprdc_allegheny_21287d8a95  (20 rows)
  [loaded                ] portal_cka_analyze_boston_c36f95122c  (20 rows)
  [loaded                ] portal_cka_open_data_sa_68bcb9dda1  (20 rows)
  [loaded                ] portal_cka_wprdc_allegheny_361ce9a809  (20 rows)
  [loaded                ] portal_cka_western_pennsylv_0562c5dea2  (20 rows)
  [loaded                ] portal_cka_california_open_823711435d  (27 rows)
  [loaded                ] portal_cka_open_data_sa_9548772c45  (21 rows)
  [loaded                ] portal_cka_analyze_boston_59330da889  (22 rows)
  [loaded                ] portal_cka_western_pennsylv_38f78ba9e4  (23 rows)
  [loaded                ] portal_cka_wprdc_allegheny_f878f4aa8a  (23 rows)
  [loaded                ] portal_cka_california_open_31deeff0a8  (25 rows)
  [loaded                ] portal_cka_san_jose_open_da_b374feda3d  (24 rows)
  [loaded                ] portal_cka_western_pennsylv_1629502c35  (24 rows)
  [loaded                ] portal_cka_western_pennsylv_b98322d4cc  (24 rows)
  [loaded                ] portal_cka_analyze_boston_727723877e  (24 rows)
  [loaded                ] portal_cka_wprdc_allegheny_2dd6b565a7  (24 rows)
  [loaded                ] portal_cka_analyze_boston_1020ccd06a  (24 rows)
  [loaded                ] portal_cka_wprdc_allegheny_ddca0024ec  (24 rows)
  [loaded                ] portal_cka_analyze_boston_3032706ee4  (24 rows)
  [loaded                ] portal_cka_california_open_b7d3e2c140  (41 rows)
  [loaded                ] portal_cka_san_jose_open_da_ef31016039  (25 rows)
  [loaded                ] portal_cka_wprdc_allegheny_1e2c46c189  (25 rows)
  [loaded                ] portal_cka_western_pennsylv_8b4d96292c  (25 rows)
  [loaded                ] portal_cka_israel_national_c05e5881a0  (25 rows)
  [loaded                ] portal_cka_indiana_data_hub_ba1b037c9e  (26 rows)
  [loaded                ] portal_cka_analyze_boston_0f7b6b1f80  (26 rows)
  [loaded                ] portal_cka_analyze_boston_941e6c1d15  (26 rows)
  [ERROR: 404 Client Error: Not Found for url: https://avoindata.suomi.fi:443/api/3/action/package_s] portal_cka_finland_national_eaac83e343  (0 rows)
  [loaded                ] portal_cka_open_data_sa_afe18e40af  (27 rows)
  [loaded                ] portal_cka_analyze_boston_5edcde6490  (28 rows)
  [ERROR: Expecting value: line 3 column 1 (char 2)] portal_cka_phoenix_open_dat_747eca4473  (0 rows)
  [ERROR: 404 Client Error: Not Found for url: https://data.gov.au/api/3/action/package_show?id=sout] portal_cka_data_gov_au_d4cec1e6aa  (0 rows)
  [loaded                ] portal_cka_israel_national_ff540a3c79  (35 rows)
  [ERROR: 404 Client Error: Not Found for url: https://data.gov.au/api/3/action/package_show?id=drai] portal_cka_data_gov_au_1f4c7fbe04  (0 rows)
  [loaded                ] portal_cka_san_jose_open_da_e55babfe84  (31 rows)
  [loaded                ] portal_cka_open_data_sa_f128e26a15  (32 rows)
  [loaded                ] portal_cka_wprdc_allegheny_ea2ee5f5ad  (32 rows)
  [ERROR: 404 Client Error: Not Found for url: https://data.gov.au/api/3/action/package_show?id=sout] portal_cka_data_gov_au_26088cf679  (0 rows)
  [loaded                ] portal_cka_western_pennsylv_203ec904cd  (32 rows)
  [ERROR: Expecting value: line 3 column 1 (char 2)] portal_cka_phoenix_open_dat_9abedf2ff5  (0 rows)
  [loaded                ] portal_cka_wprdc_allegheny_4f981d5bb2  (35 rows)
  [loaded                ] portal_cka_analyze_boston_c0890b412f  (35 rows)
  [loaded                ] portal_cka_western_pennsylv_1430aba184  (35 rows)
  [loaded                ] portal_cka_analyze_boston_e1262d25c2  (35 rows)
  [loaded                ] portal_cka_houston_open_dat_1612361f51  (37 rows)
  [loaded                ] portal_cka_wprdc_allegheny_fa5cd1dacf  (37 rows)
  [loaded                ] portal_cka_western_pennsylv_7ac49e7444  (37 rows)
  [loaded                ] portal_cka_wprdc_allegheny_8afe5e2497  (37 rows)
  [loaded                ] portal_cka_western_pennsylv_00ff03b195  (37 rows)
  [loaded                ] portal_cka_open_data_sa_dc31e10278  (40 rows)
  [loaded                ] portal_cka_analyze_boston_78e8cd45c9  (40 rows)
  [loaded                ] portal_cka_analyze_boston_11b21c9100  (41 rows)
  [loaded                ] portal_cka_san_jose_open_da_b701cda393  (42 rows)
  [loaded                ] portal_cka_israel_national_2d69dc52e0  (43 rows)
  [loaded                ] portal_cka_western_pennsylv_2dcbf2873b  (44 rows)
  [loaded                ] portal_cka_wprdc_allegheny_916d2d00a4  (44 rows)
  [loaded                ] portal_cka_san_jose_open_da_a1a1e9ba90  (45 rows)
  [loaded                ] portal_cka_wprdc_allegheny_6ac4cb010c  (45 rows)
  [loaded                ] portal_cka_western_pennsylv_f1da76157b  (45 rows)
  [loaded                ] portal_cka_wprdc_allegheny_2e4d4f0008  (46 rows)
  [loaded                ] portal_cka_western_pennsylv_2350d74335  (46 rows)
  [loaded                ] portal_cka_wprdc_allegheny_1d9621e88d  (46 rows)
  [loaded                ] portal_cka_western_pennsylv_bdeb900523  (46 rows)
  [loaded                ] portal_cka_western_pennsylv_2a3b161975  (47 rows)
  [loaded                ] portal_cka_western_pennsylv_8a08b89d4d  (47 rows)
  [loaded                ] portal_cka_wprdc_allegheny_52325c950c  (47 rows)
  [loaded                ] portal_cka_wprdc_allegheny_b62c61bbeb  (47 rows)
  [loaded                ] portal_cka_western_pennsylv_c458f119b1  (48 rows)
  [loaded                ] portal_cka_wprdc_allegheny_3ced3b9382  (48 rows)
  [loaded                ] portal_cka_wprdc_allegheny_cc9ba8bed2  (49 rows)
  [loaded                ] portal_cka_western_pennsylv_26625d455c  (49 rows)
  [loaded                ] portal_cka_ireland_national_12f7eae1d9  (49 rows)
  [ERROR: 404 Client Error: Not Found for url: https://data.gov.au/api/3/action/package_show?id=sout] portal_cka_data_gov_au_a9683d5793  (0 rows)
  [loaded                ] portal_cka_wprdc_allegheny_e6260cdfe6  (51 rows)
  [loaded                ] portal_cka_western_pennsylv_55b456c408  (51 rows)
  [ERROR: Expecting value: line 3 column 1 (char 2)] portal_cka_phoenix_open_dat_1a1fde51ad  (0 rows)
  [loaded                ] portal_cka_western_pennsylv_372d1987db  (52 rows)
  [ERROR: 404 Client Error: Not Found for url: https://data.gov.au/api/3/action/package_show?id=sout] portal_cka_data_gov_au_49ec065d31  (0 rows)

172/200 loaded, 71,831 rows total.
