-- S06 Toptier time check: federal assistance obligations by awarding agency and fiscal year, Oct-Jun window vs full year, FY2019-FY2026
CODE | AGENCY | FY | OBLIG_OCT_JUN | OBLIG_FULL | NEW_AWARDS_OCT_JUN | NEW_OBLIG_OCT_JUN | N | LAST_ACTION
012 | Department of Agriculture | 2019 | 90126523951.62001 | 114785084564.76 | 3753335 | 31027955605.05 | 4092926 | 2019-09-30
012 | Department of Agriculture | 2020 | 109250432995.28 | 154612450104.58002 | 3264339 | 35330520434.409996 | 4623912 | 2020-09-30
012 | Department of Agriculture | 2021 | 151970178284.96 | 214272081180.46 | 5901468 | 49493917701.28 | 6309616 | 2021-09-30
012 | Department of Agriculture | 2022 | 154260560573.45 | 223986894825.37997 | 2697913 | 39479454802.119995 | 3204395 | 2022-09-30
012 | Department of Agriculture | 2023 | 143341319854.06 | 194800878119.77 | 1425406 | 35525268011.57 | 2186286 | 2023-09-30
012 | Department of Agriculture | 2024 | 114329631543.65999 | 160897326115.82 | 1242430 | 31870544063.989998 | 1596056 | 2024-09-30
012 | Department of Agriculture | 2025 | 126157456926.48001 | 173996056144.68 | 1416739 | 47235683288.75 | 2707052 | 2025-09-30
012 | Department of Agriculture | 2026 | 121607834748.84 | 131315937337.97998 | 1480444 | 35218248383.44 | 1570123 | 2026-09-30
013 | Department of Commerce | 2019 | 945050180.04 | 2198972861.87 | 577 | 483648961.87 | 4697 | 2019-09-30
013 | Department of Commerce | 2020 | 1288620421.76 | 3261356514.8900003 | 1239 | 897573399.4 | 5771 | 2020-09-28
013 | Department of Commerce | 2021 | 1544219798.56 | 3015823879.51 | 1089 | 1052263568.21 | 5290 | 2021-09-30
013 | Department of Commerce | 2022 | 2004449994.7099998 | 6842250912.3 | 1044 | 1691466759.0 | 6305 | 2022-09-30
013 | Department of Commerce | 2023 | 3117724360.53 | 5697672952.05 | 1049 | 2694840696.0099998 | 6201 | 2023-09-30
013 | Department of Commerce | 2024 | 7984045161.88 | 29543292318.11 | 666 | 792910748.73 | 7731 | 2024-09-30
013 | Department of Commerce | 2025 | 19632869724.72 | 21029262394.350002 | 799 | 2410478251.66 | 6794 | 2025-09-30
013 | Department of Commerce | 2026 | -345386.6700000668 | 273535120.2299998 | 159 | 1860150714.96 | 2957 | 2026-08-03
014 | Department of the Interior | 2019 | 3752551506.6900005 | 6328031939.389999 | 4008 | 1725458285.24 | 34697 | 2019-09-30
014 | Department of the Interior | 2020 | 4305876827.58 | 7094561730.46 | 4102 | 1755485788.5100002 | 35363 | 2020-09-30
014 | Department of the Interior | 2021 | 4962263509.459999 | 8498131067.76 | 3657 | 1714054845.0800002 | 36145 | 2021-09-30
014 | Department of the Interior | 2022 | 3822304616.25 | 8161207934.56 | 3900 | 1829597158.0400002 | 38925 | 2022-09-30
014 | Department of the Interior | 2023 | 6048372642.120001 | 10849306483.989998 | 4216 | 3351075916.2599998 | 41372 | 2023-09-30
014 | Department of the Interior | 2024 | 6707377475.190001 | 12428584883.099998 | 4082 | 4332659602.38 | 42772 | 2024-09-30
014 | Department of the Interior | 2025 | 7010270000.790001 | 12000533114.24 | 3123 | 4277595088.4 | 37842 | 2025-09-30
014 | Department of the Interior | 2026 | 6229029336.209999 | 7477119552.67 | 3189 | 3779300839.92 | 25568 | 2026-07-31
015 | Department of Justice | 2019 | -41079791.019999996 | 4793752672.0199995 | 78 | 103280638.0 | 9594 | 2019-09-30
015 | Department of Justice | 2020 | 1119996765.85 | 4292473649.6700006 | 2405 | 1365718037.0 | 11335 | 2020-09-23
015 | Department of Justice | 2021 | 747457646.77 | 2823483811.98 | 1650 | 1168436766.43 | 9474 | 2021-09-30
015 | Department of Justice | 2022 | 1967336126.8300002 | 6315071514.09 | 3972 | 2014740916.0 | 8819 | 2022-09-30
015 | Department of Justice | 2023 | 823152190.97 | 5722749199.33 | 1431 | 860075561.99 | 7276 | 2023-09-29
015 | Department of Justice | 2024 | 610529463.74 | 4729506315.9 | 1093 | 676966092.0 | 11193 | 2024-09-30
015 | Department of Justice | 2025 | 716800775.94 | 2664760634.1100006 | 1536 | 843792006.0 | 9347 | 2025-09-30
015 | Department of Justice | 2026 | 712820317.72 | 757156368.2499999 | 1307 | 864859992.0 | 6333 | 2026-07-15
019 | Department of State | 2019 | 3763021608.5400004 | 7669735068.27 | 4342 | 1357736176.65 | 13634 | 2019-09-30
019 | Department of State | 2020 | 4432663144.6 | 9077078251.79 | 2857 | 2251333425.34 | 14927 | 2020-09-30
019 | Department of State | 2021 | 5574331763.29 | 10702397729.38 | 2822 | 2455632223.27 | 15755 | 2021-09-30
019 | Department of State | 2022 | 4951714867.589999 | 11335756334.079998 | 2683 | 2354241727.62 | 14649 | 2022-09-30
019 | Department of State | 2023 | 6443727355.3 | 11987324543.830002 | 2719 | 3209931308.68 | 14153 | 2023-09-30
019 | Department of State | 2024 | 4839774702.179999 | 11758502861.04 | 1972 | 2133855837.21 | 12969 | 2024-09-30
019 | Department of State | 2025 | 2770577743.4700003 | 4119524488.94 | 586 | 1222168172.6299999 | 13469 | 2025-09-30
019 | Department of State | 2026 | 6593420053.93 | 8184197038.78 | 463 | 5748748853.67 | 3167 | 2026-07-24
020 | Department of the Treasury | 2019 | 294738728.02 | 369974795.53 | 533 | 289833888.67 | 964 | 2019-09-26
020 | Department of the Treasury | 2020 | 174430192215.17 | 176647417036.55 | 441 | 389085008.65999997 | 4377 | 2020-09-30
020 | Department of the Treasury | 2021 | 391936341436.2 | 440561090515.78 | 6445 | 199856183036.97 | 19205 | 2021-09-30
020 | Department of the Treasury | 2022 | 26967074537.079998 | 20751789363.03 | 1320 | 16718159520.499998 | 9501 | 2022-09-30
020 | Department of the Treasury | 2023 | 3040825947.8599997 | 2817926137.02 | 1796 | 2437100598.48 | 5264 | 2023-09-29
020 | Department of the Treasury | 2024 | 120091434.40000002 | 516827610.56000006 | 496 | 466725153.72999996 | 2929 | 2024-09-30
020 | Department of the Treasury | 2025 | 282367667.76 | 441996890.68 | 1552 | 414727335.4 | 6006 | 2025-09-30
020 | Department of the Treasury | 2026 | -13768044.16000001 | -11344268.370000005 | 1130 | 111916559.08999999 | 2432 | 2026-07-31
025 | National Credit Union Administration | 2019 | 1979992.44 | 3854563.9000000004 | 254 | 1979992.44 | 439 | 2019-09-26
025 | National Credit Union Administration | 2020 | 1533439.13 | 2061090.0499999998 | 301 | 1533439.13 | 423 | 2020-09-21
025 | National Credit Union Administration | 2021 | -182960.1 | 1313743.34 | 3 | 15000.0 | 243 | 2021-09-22
025 | National Credit Union Administration | 2022 | -263795.35 | 1301518.0699999998 | 11 | 143780.5 | 176 | 2022-08-31
025 | National Credit Union Administration | 2023 | -388340.27999999997 | 2720800.63 | 6 | 22500.0 | 207 | 2023-09-28
025 | National Credit Union Administration | 2024 | 294715.88 | 3271737.88 | 14 | 481133.9 | 177 | 2024-09-11
025 | National Credit Union Administration | 2025 | 38344.350000000006 | 438607.98 | 17 | 123300.0 | 58 | 2025-09-22
025 | National Credit Union Administration | 2026 | 3400830.2 | 3415830.2 | 100 | 3510000.0 | 107 | 2026-07-22
027 | Federal Communications Commission | 2019 | -122219.0 | -122219.0 | 1 | -122219.0 | 1 | 2019-02-08
027 | Federal Communications Commission | 2020 | 31715451006.160004 | 32891637915.66 | 198866 | 30706421114.539993 | 374360 | 2020-09-30
027 | Federal Communications Commission | 2021 | 5071337828.690001 | 7418988190.58 | 35120 | 1562546134.64 | 118313 | 2021-09-30
027 | Federal Communications Commission | 2022 | 15936787597.529999 | 20756630846.81 | 84737 | 14332376359.690002 | 196078 | 2022-09-30
027 | Federal Communications Commission | 2023 | 9125913665.980001 | 12912079123.369999 | 71650 | 8015836502.309999 | 187972 | 2023-09-30
027 | Federal Communications Commission | 2024 | 13044904387.6 | 15508888123.61 | 77848 | 7738175405.89 | 245317 | 2024-09-30
027 | Federal Communications Commission | 2025 | 3902127244.3700004 | 6265306419.05 | 24178 | 3411420084.6299996 | 87246 | 2025-09-30
027 | Federal Communications Commission | 2026 | 4966291853.68 | 5315032804.690001 | 58739 | 3330942186.59 | 104287 | 2026-07-30
028 | Social Security Administration | 2019 | 813681856994.4299 | 1090668184647.43 | 4570 | 4468421319.0 | 253981 | 2019-09-30
028 | Social Security Administration | 2020 | 853418757221.38 | 1143048762205.28 | 2518 | 2614404067.0 | 311530 | 2020-09-30
028 | Social Security Administration | 2021 | 883062341365.76 | 1181750588453.4 | 27 | 7261800.0 | 310613 | 2021-09-30
028 | Social Security Administration | 2022 | 939677812619.23 | 1266997188725.41 | 0 | 0.0 | 309734 | 2022-09-30
028 | Social Security Administration | 2023 | 1040609545311.73 | 1401684764214.15 | 3 | 7217928.4399999995 | 310032 | 2023-09-30
028 | Social Security Administration | 2024 | 1119659235050.53 | 1505170213851.28 | 57 | 9267775.0 | 308606 | 2024-09-30
028 | Social Security Administration | 2025 | 1218256616649.99 | 1632976041955.6401 | 0 | 0.0 | 308158 | 2025-09-30
028 | Social Security Administration | 2026 | 1281729092666.1199 | 1281731835842.1199 | 0 | 0.0 | 231077 | 2026-07-01
031 | Nuclear Regulatory Commission | 2019 | 55968.600000000006 | 15472319.429999998 | 2 | 285892.0 | 120 | 2019-09-25
031 | Nuclear Regulatory Commission | 2020 | -1707405.7699999998 | 648872.4100000001 | 1 | 40000.0 | 98 | 2020-09-29
031 | Nuclear Regulatory Commission | 2021 | 15337603.39 | 19170244.28 | 40 | 15435267.29 | 139 | 2021-09-29
031 | Nuclear Regulatory Commission | 2022 | 9418111.77 | 12566817.21 | 29 | 11146586.0 | 138 | 2022-09-27
031 | Nuclear Regulatory Commission | 2023 | 15093892.99 | 16098893.0 | 43 | 17891315.98 | 123 | 2023-09-11
031 | Nuclear Regulatory Commission | 2024 | 20679506.11 | 23188696.11 | 49 | 20756210.740000002 | 147 | 2024-09-30
031 | Nuclear Regulatory Commission | 2025 | 1992915.26 | 1257794.4600000004 | 14 | 6999983.0 | 280 | 2025-09-29
031 | Nuclear Regulatory Commission | 2026 | -857866.25 | -857866.25 | 0 | 0.0 | 330 | 2026-06-23
(345 rows; csv has all)

-- S07 Toptier time check: contract obligations by awarding agency and fiscal year, Oct-Jun window, FY2019-FY2026 (R2, text dates parsed)
ERROR: 001065 (22023): SQL compilation error:
Function TRY_CAST cannot be used with arguments of types FLOAT and NUMBER(38,2)

-- S08 QCEW private jobs by state x industry (4- and 6-digit NAICS) plus state private totals, 2022, for the OSHA coverage join
AREA_FIPS | AGG | INDUSTRY_CODE | DISCLOSURE_CODE | ESTABS | EMP | PAY
49000 | 56 | 8139 |  | 490 | 2322 | 66079
10000 | 58 | 423430 |  | 107 | 301 | 123109
18000 | 56 | 3274 |  | 9 | 648 | 78615
22000 | 58 | 334516 | N | 5 | 0 | 0
24000 | 58 | 325212 | N | 4 | 0 | 0
53000 | 58 | 238331 |  | 872 | 2110 | 45507
40000 | 58 | 212321 |  | 49 | 549 | 60824
32000 | 58 | 522210 |  | 27 | 3338 | 85146
15000 | 58 | 332322 | N | 7 | 0 | 0
01000 | 58 | 484121 |  | 951 | 11766 | 62943
25000 | 56 | 3362 |  | 17 | 357 | 84188
45000 | 58 | 221116 | N | 0 | 0 | 0
13000 | 58 | 115115 |  | 45 | 706 | 29425
33000 | 56 | 5617 |  | 1785 | 10681 | 42951
48000 | 58 | 513120 |  | 436 | 3937 | 89050
01000 | 56 | 8114 |  | 268 | 884 | 41212
39000 | 58 | 611630 |  | 43 | 327 | 28621
16000 | 58 | 483111 |  | 7 | 8 | 114056
36000 | 58 | 334516 |  | 44 | 1195 | 82013
55000 | 58 | 311520 |  | 7 | 360 | 43396
05000 | 58 | 445291 |  | 23 | 156 | 50051
49000 | 58 | 541990 |  | 1560 | 6199 | 86471
09000 | 58 | 622110 |  | 124 | 56718 | 81631
22000 | 58 | 487110 | N | 18 | 0 | 0
31000 | 56 | 2212 |  | 68 | 679 | 329488
42000 | 58 | 238332 |  | 138 | 1111 | 76857
36000 | 56 | 6233 |  | 658 | 29473 | 39559
13000 | 58 | 611110 |  | 586 | 29842 | 44000
41000 | 58 | 111199 |  | 12 | 52 | 47643
54000 | 58 | 445292 |  | 5 | 20 | 21638
38000 | 58 | 424520 |  | 19 | 273 | 22732
38000 | 56 | 7139 |  | 285 | 3963 | 18956
02000 | 58 | 213113 | N | 1 | 0 | 0
19000 | 56 | 8131 |  | 83 | 500 | 36452
50000 | 58 | 524127 | N | 10 | 0 | 0
39000 | 58 | 424920 |  | 75 | 613 | 56472
10000 | 56 | 3251 |  | 28 | 1222 | 124878
25000 | 58 | 336214 |  | 4 | 32 | 51700
35000 | 58 | 332119 | N | 1 | 0 | 0
13000 | 51 | 10 |  | 370748 | 4062791 | 66616
47000 | 58 | 485310 |  | 21 | 86 | 28894
19000 | 58 | 311511 |  | 10 | 834 | 66160
12000 | 58 | 813930 |  | 432 | 3058 | 43792
25000 | 58 | 561110 |  | 1318 | 7312 | 157719
05000 | 58 | 237990 |  | 97 | 833 | 59310
29000 | 58 | 811191 |  | 182 | 1470 | 34310
40000 | 58 | 335131 | N | 2 | 0 | 0
53000 | 58 | 812191 |  | 121 | 276 | 23039
08000 | 56 | 3329 |  | 103 | 1796 | 76593
06000 | 56 | 5511 |  | 4714 | 246150 | 158643
48000 | 58 | 721211 |  | 552 | 2844 | 26354
72000 | 56 | 2123 | N | 36 | 0 | 0
38000 | 58 | 541614 |  | 29 | 111 | 80656
41000 | 58 | 813410 |  | 341 | 2590 | 27259
32000 | 58 | 458310 |  | 199 | 1506 | 67302
17000 | 58 | 339994 |  | 13 | 1198 | 61288
05000 | 58 | 424440 |  | 21 | 202 | 86556
28000 | 58 | 327212 | N | 2 | 0 | 0
29000 | 58 | 424590 |  | 31 | 236 | 38201
32000 | 58 | 812332 |  | 20 | 495 | 70601
37000 | 58 | 561210 |  | 234 | 4599 | 50355
12000 | 58 | 445110 |  | 3782 | 203861 | 28951
04000 | 58 | 213114 |  | 31 | 218 | 97284
47000 | 58 | 812112 |  | 982 | 6560 | 36693
22000 | 56 | 3334 |  | 20 | 919 | 54630
01000 | 56 | 4239 |  | 425 | 4839 | 60286
41000 | 58 | 332321 |  | 19 | 303 | 51960
06000 | 56 | 5311 |  | 13663 | 64152 | 82367
25000 | 58 | 112920 |  | 23 | 108 | 36963
31000 | 58 | 541830 |  | 4 | 5 | 88420
48000 | 58 | 326220 |  | 33 | 1303 | 65697
33000 | 58 | 623311 |  | 44 | 2998 | 42122
54000 | 56 | 5615 |  | 70 | 468 | 46585
11000 | 58 | 541410 |  | 89 | 435 | 123082
35000 | 58 | 112920 |  | 23 | 114 | 33616
04000 | 58 | 541890 |  | 175 | 1618 | 44211
54000 | 58 | 334419 | N | 1 | 0 | 0
06000 | 58 | 332410 |  | 20 | 374 | 80613
18000 | 58 | 325413 |  | 15 | 2968 | 148603
30000 | 58 | 811210 |  | 89 | 224 | 73149
(62112 rows; csv has all)

-- S09 OSHA 300A worksite summaries 2023 and 2024, one row per worksite (latest submission), rolled up by state x NAICS x employer type
YR | ST | NAICS | ETYPE | SITES | EMP | SITES20 | EMP20 | HRS | DAFW | DEATHS
2024 | PA | 623311 | 1 | 162 | 28518 | 154 | 28439 | 128910882.0 | 622 | 0
2023 | WA | 491110 | 2 | 185 | 9773 | 136 | 9248 | 19757900.0 | 297 | 0
2023 | AK | 517110 | 1 | 3 | 2166 | 2 | 2151 | 4491095.0 | 12 | 0
2024 | MI | 621610 | 1 | 60 | 9299 | 48 | 9185 | 14209803.0 | 143 | 0
2023 | FL | 493110 | 1 | 353 | 65875 | 288 | 65245 | 119025601.0 | 690 | 0
2023 | PA | 238910 | 1 | 97 | 6137 | 88 | 6022 | 12089277.0 | 50 | 0
2023 | ID | 238130 | 1 | 7 | 276 | 3 | 234 | 843530.0 | 6 | 0
2023 | NJ | 562211 | 1 | 5 | 358 | 5 | 358 | 772287.0 | 2 | 0
2024 | OR | 621498 | 1 | 45 | 2682 | 29 | 2561 | 4883832.0 | 21 | 0
2024 | OR | 445110 | 1 | 304 | 29183 | 296 | 29070 | 59435364.0 | 634 | 0
2024 | IL | 444220 | 1 | 74 | 2810 | 44 | 2489 | 22860642.0 | 30 | 0
2024 | VA | 238220 | 1 | 134 | 14465 | 110 | 14188 | 27714759.0 | 100 | 0
2023 | MN | 622210 | 2 | 8 | 923 | 8 | 923 | 1653934.0 | 141 | 0
2024 | WI | 424820 | 1 | 13 | 1721 | 12 | 1706 | 3415647.0 | 20 | 0
2023 | MD | 444130 | 1 | 24 | 411 | 5 | 152 | 1107585.0 | 7 | 0
2024 | NY | 623110 | 1 | 366 | 75975 | 364 | 75948 | 282902851.0 | 2804 | 0
2023 | AZ | 339113 | 1 | 16 | 4706 | 16 | 4706 | 7589842.0 | 110 | 0
2023 | OH | 322212 | 1 | 19 | 2554 | 17 | 2525 | 4992150.0 | 18 | 0
2023 | WA | 321211 | 1 | 2 | 162 | 2 | 162 | 333756.0 | 4 | 0
2023 | FL | 453310 | 1 | 103 | 4653 | 89 | 4496 | 6687835.0 | 62 | 0
2024 | UT | 484121 | 1 | 29 | 3978 | 22 | 3930 | 10750421.0 | 43 | 0
2024 | CA | 311941 | 1 | 18 | 2118 | 16 | 2101 | 4324023.0 | 21 | 0
2024 | NC | 562112 | 1 | 33 | 333 | 5 | 148 | 707305.0 | 0 | 0
2024 | TX | 493110 | 1 | 764 | 142378 | 647 | 141185 | 255101810.0 | 953 | 2
2024 | NJ | 561720 | 1 | 237 | 13929 | 76 | 13440 | 20186934.0 | 209 | 0
2024 | NY | 423930 | 1 | 109 | 2078 | 34 | 1700 | 4358365.0 | 72 | 0
2023 | TX | 444240 | 1 | 134 | 2726 | 78 | 1769 | 3818871.0 | 12 | 0
2024 | WV | 623110 | 1 | 93 | 7445 | 93 | 7445 | 13091233.0 | 699 | 0
2023 | TX | 326199 | 1 | 123 | 15398 | 111 | 15240 | 30380340.0 | 141 | 0
2024 | TN | 238140 | 1 | 17 | 933 | 13 | 891 | 1705550.0 | 3 | 0
2024 | VA | 326150 | 1 | 1 | 142 | 1 | 142 | 280498.0 | 2 | 0
2024 | OH | 484110 | 1 | 129 | 6986 | 105 | 6730 | 215478643.0 | 192 | 3
2024 | MT | 562112 | 1 | 4 | 8 | 0 | 0 | 17663.0 | 0 | 0
2023 | CT | 922160 | 3 | 104 | 5680 | 73 | 5361 | 7378193.0 | 165 | 0
2024 | CA | 721110 | 1 | 793 | 89905 | 719 | 88866 | 295770174.0 | 1966 | 2
2024 | OK | 488991 | 1 | 3 | 101 | 1 | 82 | 250330.0 | 6 | 0
2023 | CA | 485410 | 1 | 60 | 5795 | 57 | 5761 | 7076041.0 | 99 | 0
2024 | TN | 492110 | 1 | 179 | 56042 | 171 | 55994 | 77761095.0 | 1046 | 1
2024 | TX | 445110 | 1 | 1625 | 244616 | 1540 | 243456 | 337388384.0 | 1188 | 0
2024 | MO | 237990 | 1 | 15 | 871 | 11 | 813 | 1539911.0 | 3 | 0
2023 | MA | 445299 | 1 | 3 | 263 | 3 | 263 | 432312.0 | 13 | 0
2024 | AL | 444110 | 1 | 117 | 14079 | 111 | 14047 | 21338842.0 | 179 | 0
2024 | CO | 238220 | 1 | 132 | 14536 | 113 | 14301 | 30022474.0 | 106 | 0
2023 | OR | 452112 | 1 | 94 | 6881 | 94 | 6881 | 9521683.0 | 158 | 0
2024 | MO | 325314 | 1 | 6 | 277 | 5 | 260 | 583281.0 | 1 | 0
2024 | KS | 238290 | 1 | 16 | 1781 | 12 | 1739 | 3720403.0 | 10 | 1
2024 | PA | 455219 | 1 | 507 | 19528 | 507 | 19528 | 7747812.0 | 55 | 0
2024 | MO | 493110 | 1 | 151 | 22475 | 125 | 22239 | 37425518.0 | 222 | 0
2023 | IN | 622110 | 1 | 117 | 107560 | 116 | 107541 | 174242533.0 | 796 | 0
2024 | IN | 623110 | 1 | 353 | 34388 | 348 | 34342 | 1300358429.0 | 460 | 0
2023 | MO | 444240 | 1 | 31 | 581 | 10 | 218 | 750547.0 | 11 | 0
2024 | MI | 336320 | 1 | 21 | 3853 | 20 | 3835 | 7886930.0 | 17 | 0
2023 | LA | 622110 | 1 | 61 | 49444 | 60 | 49441 | 81666607.0 | 192 | 0
2024 | NC | 327110 | 1 | 4 | 266 | 4 | 266 | 989828.0 | 2 | 0
2023 | MI | 813410 | 1 | 5 | 1465 | 3 | 1459 | 1107274.0 | 4 | 0
2024 | TN | 488119 | 1 | 21 | 1315 | 19 | 1299 | 1779214.0 | 19 | 0
2023 | CO | 445110 | 1 | 417 | 42555 | 401 | 42365 | 62220371.0 | 744 | 0
2023 | FL | 325998 | 1 | 10 | 703 | 9 | 684 | 1165601.0 | 3 | 0
2024 | CA | 562211 | 1 | 17 | 605 | 11 | 572 | 1245579.0 | 4 | 0
2023 | GA | 236220 | 1 | 134 | 11053 | 107 | 10811 | 56208693.0 | 39 | 1
2023 | OH | 321911 | 1 | 14 | 1141 | 12 | 1122 | 2118726.0 | 11 | 0
2023 | CA | 423930 | 1 | 88 | 3906 | 69 | 3680 | 8426130.0 | 40 | 0
2023 | MN | 921190 | 1 | 20 | 1930 | 16 | 1913 | 3061818.0 | 33 | 0
2023 | IA | 326199 | 1 | 36 | 4984 | 34 | 4958 | 9172017.0 | 68 | 0
2024 | OH | 493110 | 1 | 463 | 98752 | 390 | 98036 | 159695571.0 | 875 | 2
2023 | OH | 333413 | 1 | 14 | 1060 | 13 | 1054 | 2193458.0 | 13 | 0
2023 | NC | 531312 | 1 | 90 | 981 | 6 | 481 | 1511321.0 | 4 | 0
2024 | GA | 423820 | 1 | 52 | 2028 | 41 | 1860 | 3665625.0 | 9 | 0
2023 | CO | 622110 | 1 | 51 | 50251 | 51 | 50251 | 74111681.0 | 255 | 0
2023 | TX | 236117 | 1 | 63 | 7316 | 63 | 7316 | 11926157.0 | 31 | 0
2024 | OR | 622210 | 1 | 35 | 1735 | 17 | 1549 | 2967777.0 | 38 | 0
2023 | PA | 455219 | 1 | 174 | 4973 | 174 | 4973 | 3304711.0 | 30 | 0
2023 | IL | 444130 | 1 | 85 | 1969 | 28 | 1224 | 2718411.0 | 26 | 0
2024 | IN | 921190 | 3 | 38 | 6868 | 22 | 6767 | 9158652.0 | 59 | 0
2023 | UT | 488190 | 1 | 11 | 1531 | 11 | 1531 | 2862419.0 | 14 | 0
2024 | UT | 488119 | 3 | 3 | 681 | 1 | 669 | 1033783.0 | 1 | 0
2023 | OK | 333994 | 1 | 3 | 1499 | 3 | 1499 | 2955047.0 | 2 | 0
2023 | HI | 491110 | 2 | 35 | 2155 | 27 | 2081 | 3938125.0 | 118 | 0
2024 | NY | 562111 | 1 | 69 | 3758 | 55 | 3614 | 7699244.0 | 100 | 0
2024 | CA | 238120 | 1 | 80 | 6175 | 62 | 6019 | 20044677.0 | 83 | 0
(62065 rows; csv has all)

-- S10 QCEW traps: YOY columns, pay consistency, county total vs ownership sum, hidden rows that still count workplaces
K | N | V1 | V2 | V3 | V4 | V5
yoy | 3619437 | 2549583 | 0 | 2012990 | 2469458 | 
hidden_rows | 2012990 | 1980378 | 0 | 0 | 0 | 0
pay_check | 1592220 | 1361151 | 64 | 7320000 | 140769 | 1857
county_total_vs_owner_sum | 3274 | 0 | 1882 | 137 | 1255 | 1308298
(4 rows; csv has all)

