-- S13 NSF new grants by fiscal year, month and awarding office, FY2022-FY2026 (does the drop survive the Oct-Nov 2025 shutdown and span divisions?)
FY | MO | OFFICE | NEW_AWARDS | NEW_OBLIG | ALL_OBLIG | DEOBLIGATED
2023 | 3 | INNOVATION AND TECHNOLOGY ECOSYSTEMS | 0 | 0.0 | 0.0 | 0.0
2026 | 1 | TRANSLATIONAL IMPACTS | 0 | 0.0 | 4395684.0 | 0.0
2026 | 1 | DIVISION OF MOLECULAR AND | 1 | 35718.0 | -1.0 | -35719.0
2025 | 10 | DIV OF CIVIL, MECHAN  MANUF INNOV | 0 | 0.0 | 0.0 | 0.0
2023 | 2 | OFC INTERNTL SCIENCE  ENG | 0 | 0.0 | 0.0 | 0.0
2023 | 5 | OFFICE OF EMERGING FRONTIERS AND | 0 | 0.0 | 1760435.0 | 0.0
2022 | 10 | OFC INTERNTL SCIENCE  ENG | 0 | 0.0 | 0.0 | 0.0
2026 | 2 | DIVISION OF ASTRONOMICAL SCIENCES | 0 | 0.0 | 0.0 | 0.0
2025 | 5 | DIV OF RESEARCH ON LEARNING IN | 1 | 299925.0 | 2503098.0 | -299925.0
2026 | 4 | NATL CTR FOR SCIENCE  ENGINEER STA | 0 | 0.0 | 0.0 | 0.0
2026 | 5 | DIVISION OF EQUITY FOR EXCELLENCE IN STEM | 0 | 0.0 | 0.0 | 0.0
2026 | 6 | DIV OF INTEGRATIVE ORGANISMAL SYS | 0 | 0.0 | -1351174.0 | -1351174.0
2025 | 10 | DIVISION OF PHYSICS | 0 | 0.0 | 171665.0 | 0.0
2026 | 3 | DIVISION OF ENVIRONMENTAL BIOLOGY | 0 | 0.0 | -1963534.0 | -1963534.0
2025 | 2 | INNOVATION AND TECHNOLOGY ECOSYSTEMS | 0 | 0.0 | 0.0 | 0.0
2026 | 3 | DIVISION OF GRADUATE EDUCATION | 0 | 0.0 | 274750.0 | 0.0
2022 | 7 | OFFICE OF EMERGING FRONTIERS AND | 0 | 0.0 | 599998.0 | 0.0
2023 | 8 | TECHNOLOGY FRONTIERS | 1 | 99715.0 | 99715.0 | 0.0
2025 | 10 | DIVISION OF MATERIALS RESEARCH | 0 | 0.0 | -178205.0 | -178205.0
2025 | 1 | OFC INTERNTL SCIENCE  ENG | 0 | 0.0 | 0.0 | 0.0
2022 | 12 | DIVISION OF GRADUATE EDUCATION | 0 | 0.0 | 4270924.0 | 0.0
2025 | 12 | SBE OFFICE OF MULTIDISCIPLINARY ACT | 0 | 0.0 | 0.0 | 0.0
2024 | 12 | DIVISION OF EQUITY FOR EXCELLENCE IN STEM | 0 | 0.0 | 698179.0 | 0.0
2025 | 4 | DIVISION OF EQUITY FOR EXCELLENCE IN STEM | 0 | 0.0 | -90698.0 | -918739.0
2024 | 3 | OFFICE OF INTEGRATIVE ACTIVITIES | 0 | 0.0 | 0.0 | 0.0
2023 | 10 | SBE OFFICE OF MULTIDISCIPLINARY ACT | 0 | 0.0 | -40600.0 | -40600.0
2022 | 1 | EMERGING FRONTIERS | 0 | 0.0 | 0.0 | 0.0
2025 | 10 | OFFICE OF POLAR PROGRAMS | 0 | 0.0 | 0.0 | 0.0
2025 | 3 | OFFICE OF EMERGING FRONTIERS AND | 0 | 0.0 | 786760.0 | 0.0
2022 | 8 | NATL CTR FOR SCIENCE  ENGINEER STA | 0 | 0.0 | 0.0 | 0.0
2025 | 8 | MPS MULTIDISCIPLINARY ACTIVITIES | 0 | 0.0 | 33706.0 | 0.0
2026 | 5 | OFFICE OF INTEGRATIVE ACTIVITIES | 0 | 0.0 | 423516.0 | 0.0
2024 | 10 | DIVISION OF EQUITY FOR EXCELLENCE IN STEM | 0 | 0.0 | 79529.0 | 0.0
2023 | 6 | MPS MULTIDISCIPLINARY ACTIVITIES | 0 | 0.0 | 0.0 | 0.0
2025 | 9 | OFFICE OF POLAR PROGRAMS | 0 | 0.0 | 6087759.0 | 0.0
2023 | 10 | DIV OF SOCIAL AND ECONOMIC SCIENCE | 0 | 0.0 | 474176.0 | 0.0
2025 | 5 | SBE OFFICE OF MULTIDISCIPLINARY ACT | 0 | 0.0 | 12202879.0 | -39375.0
2023 | 10 | DIV OF INTEGRATIVE ORGANISMAL SYS | 0 | 0.0 | 0.0 | 0.0
2026 | 10 | DIV OF INTEGRATIVE ORGANISMAL SYS | 0 | 0.0 | 0.0 | 0.0
2024 | 9 | TECHNOLOGY FRONTIERS | 1 | 322000.0 | 322000.0 | 0.0
2024 | 8 | EMERGING FRONTIERS | 0 | 0.0 | 0.0 | 0.0
2025 | 3 | INTEGRATIVE AND COLLABORATIVE | 1 | 77501.0 | 100000.0 | -77501.0
2023 | 10 | DIVISION OF ASTRONOMICAL SCIENCES | 0 | 0.0 | 0.0 | 0.0
2024 | 1 | OFC INTERNTL SCIENCE  ENG | 1 | 99652.0 | 99652.0 | 0.0
2024 | 6 | DIVISION OF ASTRONOMICAL SCIENCES | 1 | 142783.0 | 49818132.0 | -210719.0
2022 | 1 | DIVISION OF MOLECULAR AND | 41 | 22646435.0 | 23424626.0 | -532604.0
2022 | 6 | DIVISION OF CHEMICAL BIOENGINEERING | 80 | 24856945.0 | 25812027.0 | -299743.0
2023 | 9 | DIV OF INFOR  INTELLIGENT SYSTEMS | 98 | 58300439.0 | 65316505.0 | -1546051.0
2023 | 3 | DIVISION OF UNDERGRADUATE EDUCATION | 63 | 29407983.0 | 30053921.0 | -98926.0
2022 | 6 | DIVISION OF PHYSICS | 66 | 17213637.0 | 59714397.0 | -170000.0
2023 | 8 | OFFICE OF INTEGRATIVE ACTIVITIES | 35 | 28809612.0 | 65815312.0 | 0.0
2023 | 6 | DIVISION OF EARTH SCIENCES | 105 | 28810572.0 | 29647141.0 | -8040893.0
2022 | 5 | TRANSLATIONAL IMPACTS | 33 | 10407549.0 | 11716583.0 | -270443.0
2023 | 12 | DIV OF INTEGRATIVE ORGANISMAL SYS | 12 | 4526308.0 | 4673215.0 | -1567411.0
2024 | 9 | DIV OF INFOR  INTELLIGENT SYSTEMS | 66 | 34254633.0 | 42221228.0 | -810093.0
2022 | 5 | DIV OF BEHAVIORAL  COGNITIVE SCI | 28 | 2888478.0 | 3112716.0 | 0.0
2023 | 7 | TRANSLATIONAL IMPACTS | 84 | 28319220.0 | 56621171.0 | -2504492.0
2026 | 2 | DIVISION OF MATERIALS RESEARCH | 14 | 5841575.0 | 15360767.0 | -233189.0
2023 | 8 | DIV OF RESEARCH ON LEARNING IN | 45 | 32943484.0 | 61174322.0 | -1145703.0
2023 | 8 | DIV OF CIVIL, MECHAN  MANUF INNOV | 84 | 34536595.0 | 40453343.0 | -2272352.0
2022 | 8 | DIVISION OF GRADUATE EDUCATION | 92 | 77807430.0 | 286361123.0 | -24967.0
2022 | 9 | INTEGRATIVE AND COLLABORATIVE | 16 | 13093357.0 | 13323581.0 | -584669.0
2023 | 3 | DIV OF INFOR  INTELLIGENT SYSTEMS | 40 | 8382413.0 | 10041830.0 | -1172967.0
2022 | 2 | DIV OF COMPUTER  NETWORK SYSTEMS | 64 | 16988692.0 | 17451915.0 | -1401458.0
2022 | 7 | DIVISION OF ATMOSPHERIC AND | 61 | 21489988.0 | 90703106.0 | -313387.0
2023 | 8 | INNOVATION AND TECHNOLOGY ECOSYSTEMS | 26 | 36169345.0 | 38085354.0 | -219642.0
2022 | 9 | DIV OF CIVIL, MECHAN  MANUF INNOV | 65 | 39174746.0 | 38076026.0 | -7821233.0
2025 | 7 | DIVISION OF CHEMISTRY | 95 | 53915944.0 | 62500861.0 | -212882.0
2026 | 6 | DIV OF COMPUTER  COMM FOUNDATIONS | 6 | 1375376.0 | 2178411.0 | -689551.0
2024 | 8 | DIVISION OF MATERIALS RESEARCH | 38 | 14069513.0 | 78659840.0 | -429201.0
2025 | 7 | INTEGRATIVE AND COLLABORATIVE | 79 | 43253336.0 | 45519596.0 | 0.0
2023 | 9 | DIVISION OF MATERIALS RESEARCH | 94 | 75517451.0 | 81812686.0 | -393770.0
2023 | 7 | DIV OF BIOLOGICAL INFRASTRUCTURE | 39 | 34536292.0 | 59421166.0 | -142877.0
2025 | 12 | DIVISION OF CHEMISTRY | 28 | 7773210.0 | 9632231.0 | -280194.0
2026 | 4 | DIVISION OF CHEMICAL BIOENGINEERING | 60 | 25335099.0 | 23518608.0 | -2037848.0
2023 | 5 | DIVISION OF MATERIALS RESEARCH | 40 | 11147968.0 | 49562699.0 | -1280106.0
2022 | 2 | DIVISION OF MATERIALS RESEARCH | 14 | 5147695.0 | 13353774.0 | -179038.0
2024 | 1 | DIVISION OF UNDERGRADUATE EDUCATION | 25 | 16528731.0 | 12385588.0 | -6990720.0
2026 | 5 | DIVISION OF ENVIRONMENTAL BIOLOGY | 47 | 34310251.0 | 34100779.0 | -209472.0
2026 | 7 | DIVISION OF ENVIRONMENTAL BIOLOGY | 35 | 17622787.0 | 17622787.0 | 0.0
(2033 rows; csv has all)

-- S14 DHS contracts Oct-Jun: by sub-agency FY2023-FY2026, plus FY2026 top 25 recipients (is the jump a few awards?)
KIND | FY | NAME_ | PSC_ | OBLIG | AWARDS
sub | 2023 | Office of Procurement Operations |  | 2537948921.73 | 2474
sub | 2025 | Office of Procurement Operations |  | 2272581406.09 | 1896
sub | 2024 | U.S. Customs and Border Protection |  | 3350933295.09 | 2246
sub | 2025 | U.S. Immigration and Customs Enforcement |  | 1963017023.0800004 | 2094
sub | 2023 | Transportation Security Administration |  | 1482173117.6899998 | 866
rcp | 2026 | FISHER SAND & GRAVEL CO | U.S. Customs and Border Protection | CONSTRUCTION OF OTHER NON-BUILDING FACILITIES | 13345064851.7 | 14
rcp | 2026 | BARNARD CONSTRUCTION COMPANY, INCORPORATED | U.S. Customs and Border Protection | CONSTRUCTION OF OTHER NON-BUILDING FACILITIES | 4543151503.7 | 5
rcp | 2026 | SLS FEDERAL SERVICES LLC | U.S. Customs and Border Protection | CONSTRUCTION OF OTHER NON-BUILDING FACILITIES | 2379100930.0 | 3
rcp | 2026 | SPENCER CONSTRUCTION LLC | U.S. Customs and Border Protection | CONSTRUCTION OF OTHER NON-BUILDING FACILITIES | 2359541157.42 | 5
rcp | 2026 | SOUTHWEST VALLEY CONSTRUCTORS CO | U.S. Customs and Border Protection | CONSTRUCTION OF OTHER NON-BUILDING FACILITIES | 2243979041.0 | 3
rcp | 2026 | AMI METALS, INC | U.S. Customs and Border Protection | SUPPORT- MANAGEMENT: LOGISTICS SUPPORT | 1474828685.83 | 1
rcp | 2026 | BOLLINGER SHIPYARDS LOCKPORT, L.L.C. | U.S. Coast Guard | SPECIAL SERVICE VESSELS | 1311856175.0 | 3
rcp | 2026 | RAUMA MARINE CONSTRUCTIONS OY | U.S. Coast Guard | SPECIAL SERVICE VESSELS | 1122648775.26 | 1
rcp | 2026 | DAVIE DEFENSE INC. | U.S. Coast Guard | SPECIAL SERVICE VESSELS | 957006922.32 | 1
rcp | 2026 | CSI AVIATION, INC | U.S. Coast Guard | TRANSPORTATION/TRAVEL/RELOCATION- TRANSPORTATION: AIR CHARTER | 832588463.01 | 4
rcp | 2026 | AMENTUM SERVICES, INC. | U.S. Customs and Border Protection | MAINT/REPAIR/REBUILD OF EQUIPMENT- AIRCRAFT AND AIRFRAME STRUCTURAL COMPONENTS | 708284059.46 | 7
rcp | 2026 | COCHRANE USA INC | U.S. Customs and Border Protection | CONSTRUCTION OF OTHER NON-BUILDING FACILITIES | 641277600.0 | 1
rcp | 2026 | ACQUISITION LOGISTICS LLC | U.S. Immigration and Customs Enforcement | SUPPORT- MANAGEMENT: LOGISTICS SUPPORT | 598444871.04 | 1
rcp | 2026 | WHITING-TURNER CONTRACTING COMPANY, THE | U.S. Coast Guard | CONSTRUCTION OF MISCELLANEOUS BUILDINGS | 557368321.08 | 18
rcp | 2026 | GRANITE CONSTRUCTION COMPANY | U.S. Customs and Border Protection | CONSTRUCTION OF OTHER NON-BUILDING FACILITIES | 536962034.79 | 2
rcp | 2026 | THE GEO GROUP, INC. | U.S. Immigration and Customs Enforcement | HOUSEKEEPING- GUARD | 533862107.86 | 29
rcp | 2026 | SALUS WORLDWIDE SOLUTIONS CORP. | Office of Procurement Operations | TRANSPORTATION/TRAVEL/RELOCATION- TRANSPORTATION: OTHER | 516217331.03999996 | 2
rcp | 2026 | DAEDALUS AVIATION CORPORATION | Office of Procurement Operations | AIRCRAFT, FIXED WING | 463638746.0 | 1
rcp | 2026 | SUNDT CONSTRUCTION, INC. | U.S. Customs and Border Protection | CONSTRUCTION OF OTHER NON-BUILDING FACILITIES | 443095755.0 | 1
rcp | 2026 | LEIDOS, INC. | U.S. Customs and Border Protection | MISCELLANEOUS MAINTENANCE AND REPAIR SHOP SPECIALIZED EQUIPMENT | 384577446.09999996 | 42
rcp | 2026 | ANDURIL INDUSTRIES, INC. | U.S. Customs and Border Protection | CONSTRUCTION OF ELECTRONIC AND COMMUNICATIONS FACILITIES | 363400423.56 | 5
rcp | 2026 | TRIBALCO LLC | U.S. Immigration and Customs Enforcement | MISCELLANEOUS COMMUNICATION EQUIPMENT | 341887612.88 | 8
rcp | 2026 | BRASFIELD & GORRIE LLC | U.S. Coast Guard | CONSTRUCTION OF MISCELLANEOUS BUILDINGS | 325572295.0 | 4
rcp | 2026 | GENERAL ATOMICS AERONAUTICAL SYSTEMS, INC. | U.S. Customs and Border Protection | SUPPORT- PROFESSIONAL: ENGINEERING/TECHNICAL | 313886883.53 | 2
rcp | 2026 | GARDAWORLD FEDERAL SERVICES LLC | U.S. Immigration and Customs Enforcement | HOUSEKEEPING- GUARD | 313357612.46 | 1
sub | 2025 | Transportation Security Administration |  | 832411615.6899999 | 1133
sub | 2026 | Federal Emergency Management Agency |  | 337059603.74 | 2669
sub | 2025 | Federal Emergency Management Agency |  | 2274139929.0399995 | 3708
sub | 2025 | U.S. Secret Service |  | 214633179.44 | 966
sub | 2024 | Federal Law Enforcement Training Center |  | 160797186.65 | 761
sub | 2026 | Transportation Security Administration |  | 1245085399.26 | 866
sub | 2024 | U.S. Citizenship and Immigration Services |  | 856263809.25 | 598
sub | 2026 | Office of Procurement Operations |  | 3372420009.8900003 | 1543
sub | 2024 | Federal Emergency Management Agency |  | 1478232602.74 | 4752
sub | 2024 | Office of Procurement Operations |  | 2319290360.79 | 3290
sub | 2023 | Federal Law Enforcement Training Center |  | 183028334.21 | 873
sub | 2026 | Office of the Inspector General |  | 40601682.900000006 | 130
sub | 2024 | Transportation Security Administration |  | 1353550424.8500001 | 1089
sub | 2024 | U.S. Immigration and Customs Enforcement |  | 1964468387.85 | 1756
sub | 2026 | U.S. Secret Service |  | 240671912.39 | 596
sub | 2026 | U.S. Citizenship and Immigration Services |  | 764950983.47 | 548
sub | 2026 | U.S. Coast Guard |  | 7694095239.4 | 8255
sub | 2025 | U.S. Coast Guard |  | 1620597890.31 | 10588
sub | 2023 | Federal Emergency Management Agency |  | 1890758928.2 | 4514
sub | 2023 | U.S. Secret Service |  | 191797553.24 | 654
sub | 2024 | U.S. Secret Service |  | 227334474.26999998 | 706
sub | 2023 | U.S. Citizenship and Immigration Services |  | 872140347.8599999 | 583
sub | 2025 | Federal Law Enforcement Training Center |  | 154972012.65999997 | 779
sub | 2025 | Office of the Inspector General |  | 24745683.63 | 114
sub | 2024 | Office of the Inspector General |  | 41673973.419999994 | 128
sub | 2023 | U.S. Customs and Border Protection |  | 2990746970.91 | 2502
sub | 2023 | U.S. Immigration and Customs Enforcement |  | 1938931202.0799997 | 2855
sub | 2026 | U.S. Immigration and Customs Enforcement |  | 4968884283.570001 | 1475
sub | 2025 | U.S. Customs and Border Protection |  | 2308181425.96 | 2399
sub | 2023 | Office of the Inspector General |  | 39300129.55 | 141
sub | 2024 | U.S. Coast Guard |  | 1711862768.0 | 10796
sub | 2023 | U.S. Coast Guard |  | 1787030956.3300002 | 9545
sub | 2025 | U.S. Citizenship and Immigration Services |  | 751116861.24 | 569
sub | 2026 | U.S. Customs and Border Protection |  | 31953760499.290005 | 1999
sub | 2026 | Federal Law Enforcement Training Center |  | 348743133.83 | 733
(65 rows; csv has all)

-- S15 OSHA 300A hospital filings (NAICS 622): every VT, NM, HI, WY and TN row, plus rows whose names point at big VT, NM or HI hospitals filed anywhere
YR | ST | CITY | ESTABLISHMENT_NAME | COMPANY_NAME | NAICS_CODE | ESTABLISHMENT_TYPE | EMP | HRS
2024 | CA | Van Nuys | Valley Presbyterian Hospital | Valley Presbyterian Hospital | 622110 | 1 | 1600 | 2409291
2024 | CA | Glendora | Foothill Presbyterian Hospital | Emanate Health | 622110 | 1 | 503 | 946385
2023 | CA | Glendora | Foothill Presbyterian Hospital | Emanate Health | 622110 | 1 | 503 | 799998
2023 | CA | Anaheim | Corporate | STRAUB DISTRIBUTING CO LTD | 424810 | 1 | 323 | 595588
2023 | CA | Anaheim | Straub Distributing | Straub Distributing | 424810 | 1 | 323 | 595588
2024 | CA | Anaheim | Corporate | STRAUB DISTRIBUTING CO LTD | 424810 | 1 | 314 | 576699
2024 | CA | Anaheim | Straub Distributing Company LTD | Straub Distributing Company LTD | 424810 | 1 | 314 | 576699
2024 | CA | Glendora | Foothill Presbyterian Hospital |  | 621999 | 1 | 107 | 22814
2024 | CA | Canoga Park | Wilcox & Wilcox | Wilcox & Wilcox | 236220 | 1 | 33 | 65406
2023 | CA | Canoga Park | Wilcox & Wilcox | Wilcox & Wilcox | 236220 | 1 | 30 | 62918
2023 | CA | Escondido | Straub Construction Inc. | Straub Construction Inc. | 236220 | 1 | 11 | 21984
2024 | CA | Van Nuys | SODEXO AT VALLEY PRESBYTERIAN HOSPITAL | Sodexo Inc | 722310 | 1 | 4 | 3932
2023 | CA | Van Nuys | SODEXO AT VALLEY PRESBYTERIAN HOSPITAL | Sodexo Inc | 722310 | 1 | 4 | 15116
2023 | CA | Los Angeles | Wilcox | The People Concern | 624221 | 1 | 4 | 1920
2023 | CA | Dinuba | Lovelace Ranch | Pitman Family Farms | 112320 | 1 | 2 | 6120
2024 | DE | New Castle | Wilcox Landscaping | Exterior Maintenance Resources, Inc | 561730 | 1 | 57 | 148165
2024 | HI | HONOLULU | 12812007 MOANALUA MEDICAL OFFICES | Kaiser Foundation Health Plan | 622110 | 1 | 2414 | 3534728
2023 | HI | HONOLULU | 12812007 MOANALUA MEDICAL OFFICES | Kaiser Foundation Health Plan MOANALUA MEDICAL OFFICES | 622110 | 1 | 2296 | 3373501
2024 | HI | Hilo | Hilo Medical Center | Hawaii Health Systems Corporation | 622110 | 2 | 1594 | 2647597
2024 | HI | WAILUKU | 36136050 MAUI MEMORIAL   COTTAGE BUILDINGS | Kaiser Foundation Health Plan | 622110 | 1 | 1389 | 2249857
2023 | HI | Hilo | Hilo Medical Center | Hawaii Health Systems Corporation | 622110 | 2 | 1388 | 2506536
2023 | HI | WAILUKU | 36136050 MAUI MEMORIAL   COTTAGE BUILDINGS | Kaiser Foundation Health Plan MAUI MEMORIAL COTTAGE BUILDINGS | 622110 | 1 | 1388 | 2245196
2024 | HI | KAILUA | AHCS - 640 ULUKAHIKI STREET - DEPTS | Adventist Health System-West | 622110 | 1 | 1040 | 1529476
2024 | HI | HONOLULU | KUAKINI MEDICAL CENTER |  | 622110 | 1 | 723 | 1166804
2023 | HI | San Juan | Hospital Universitario de Adultos | Departamento de Salud | 622110 | 3 | 722 | 1305600
2024 | HI | Honolulu | REHAB Hospital | The Rehabilitation Hospital of the Pacific | 622310 | 1 | 367 | 549891
2023 | HI | Honolulu | REHAB Hospital | The Rehabilitation Hospital of the Pacific | 622310 | 1 | 339 | 717082
2024 | HI | Pahala | Kau Hospital | Hawaii Health Systems Corporation | 622110 | 2 | 331 | 457139
2024 | HI | HONOLULU | 12612007 MOANALUA MEDICAL CENTER | Kaiser Foundation Health Plan | 622110 | 1 | 327 | 465098
2023 | HI | HONOLULU | 12612007 MOANALUA MEDICAL CENTER | Kaiser Foundation Health Plan MOANALUA MEDICAL CENTER | 622110 | 1 | 312 | 453739
2023 | HI | Pahala | Kau Hospital | Hawaii Health Systems Corporation | 622110 | 2 | 228 | 409172
2023 | HI | KULA | 36136052 KULA HOSPITAL | Kaiser Foundation Health Plan KULA HOSPITAL | 622110 | 1 | 180 | 298171
2024 | HI | KULA | 36136052 KULA HOSPITAL | Kaiser Foundation Health Plan | 622110 | 1 | 179 | 305594
2024 | HI | Honokaa | Hale Ho'ola Hamakua | Hawaii Health Systems Corporation | 622110 | 2 | 164 | 267485
2023 | HI | Honokaa | Hale Ho'ola Hamakua | Hawaii Health Systems Corporation | 622110 | 2 | 138 | 251247
2023 | HI | Honolulu | SODEXO AT STRAUB CLINIC AND HOSPITAL EVS | Sodexo Inc | 561720 | 1 | 106 | 299908
2023 | HI | Honolulu | Queen Kapiolani Hotel | QK Management LLC | 721110 | 1 | 93 | 184528
2023 | HI | Honolulu | SODEXO AT STRAUB CLINIC AND HOSPITAL FNS | Sodexo Inc | 722310 | 1 | 92 | 207407
2024 | HI | Honolulu | Queen Kapiolani |  | 721110 | 1 | 90 | 170334
2024 | HI | Honolulu | SODEXO AT STRAUB CLINIC AND HOSPITAL EVS | Sodexo  Inc. | 561720 | 1 | 88 | 90360
2023 | HI | HONOLULU | 13364 QUEEN KAPIOLANI HOTEL | Altres Inc. QUEEN KAPIOLANI HOTEL | 721110 | 1 | 73 | 140972
2024 | HI | Honolulu | SODEXO AT STRAUB CLINIC AND HOSPITAL FNS | Sodexo  Inc. | 722310 | 1 | 68 | 62267
2024 | HI | Honolulu | The Queen's Health System | The Queen's Health System | 622110 | 1 | 56 | 93510
2024 | HI | WAILUKU | 36636050 MAUI MEMORIAL   COTTAGE BUILDINGS | Kaiser Foundation Health Plan | 622110 | 1 | 47 | 77508
2023 | HI | Honolulu | The Queen's Health System | The Queen's Health System | 622110 | 1 | 45 | 71683
2023 | HI | WAILUKU | 12636050 HAWAII REGION | Kaiser Foundation Health Plan HAWAII REGION | 622110 | 1 | 42 | 72344
2024 | HI | Kaunakakai | Na Pu'uwai | Na Pu'uwai | 622110 | 1 | 37 | 54881
2024 | HI | LANAI CITY | 36136051 LANAI COMMUNITY HOSPITAL | Kaiser Foundation Health Plan | 622110 | 1 | 37 | 63443
2023 | HI | LANAI CITY | 36136051 LANAI COMMUNITY HOSPITAL | Kaiser Foundation Health Plan LANAI COMMUNITY HOSPITAL | 622110 | 1 | 36 | 58545
2024 | HI | Honolulu | Hawaii Pacific Health Straub Honolulu | CPS, LLC | 446110 | 1 | 35 | 38169
2023 | HI | Honolulu | Hawaii Pacific Health Straub Honolulu | CPS, LLC | 446110 | 1 | 22 | 23891
2023 | HI | Honolulu | SODEXO AT KAPIOLANI MEDICAL CENTER | Sodexo Inc | 722310 | 1 | 17 | 42920
2024 | HI | Honolulu | REHAB at Nuuanu | The Rehabilitation Hospital of the Pacific | 622310 | 1 | 14 | 8090
2024 | HI | Honolulu | SODEXO AT KAPIOLANI MEDICAL CENTER | Sodexo Inc | 722310 | 1 | 13 | 12399
2023 | HI | Honolulu | REHAB at Nuuanu | The Rehabilitation Hospital of the Pacific | 622310 | 1 | 11 | 16902
2024 | HI | Hilo | REHAB at Hilo | The Rehabilitation Hospital of the Pacific | 622310 | 1 | 11 | 12891
2024 | HI | Aiea | REHAB at Aiea | The Rehabilitation Hospital of the Pacific | 622310 | 1 | 10 | 11543
2023 | HI | Aiea | REHAB at Aiea | The Rehabilitation Hospital of the Pacific | 622310 | 1 | 8 | 11863
2023 | HI | Hilo | REHAB at Hilo | The Rehabilitation Hospital of the Pacific | 622310 | 1 | 8 | 12676
2024 | HI | Honolulu | REHAB Physician's Clinic | The Rehabilitation Hospital of the Pacific | 622310 | 1 | 4 | 6477
2023 | HI | Honolulu | REHAB Physician's Clinic | The Rehabilitation Hospital of the Pacific | 622310 | 1 | 3 | 6148
2023 | HI | Honolulu | BK-Kapiolani #628 | Kazi Restaurants of HI, Inc. dba Burger King | 722513 | 1 | 2 | 1372
2024 | HI | Honolulu | SODEXO AT STRAUB CLINIC  and  HOSP COFFEE | Sodexo  Inc. | 722310 | 1 | 2 | 2582
2023 | HI | Honolulu | SODEXO AT STRAUB CLINIC and HOSP COFFEE | Sodexo Inc | 722310 | 1 | 2 | 9013
2024 | ID | Rexburg | Floyd Wilcox & Sons | Floyd Wilcox & Sons | 424480 | 1 | 80 | 172414
2023 | ID | Rexburg | Floyd Wilcox & Sons | Floyd Wilcox & Sons | 424480 | 1 | 59 | 114565
2024 | ID | Heyburn | Southwind by Wilcox LLC | Southwind by Wilcox LLC | 424480 | 1 | 33 | 65718
2024 | ID | Rexburg | Keith Wilcox & Sons | Keith Wilcox & Sons | 424480 | 1 | 32 | 77211
2023 | ID | Heyburn | Southwind by Wilcox LLC | Southwind by Wilcox LLC | 424480 | 1 | 32 | 68222
2023 | ID | Rexburg | Keith Wilcox & Sons | Keith Wilcox & Sons | 424480 | 1 | 29 | 68423
2023 | IL | Normal | Wilcox Electric & Service inc. | Wilcox Electric & Service Inc. | 238210 | 1 | 25 | 45945
2024 | KS | Chanute | Chanute Manufacturing Co | The Babcock & Wilcox Company | 332410 | 1 | 171 | 329083
2023 | KS | Chanute | Chanute Manufacturing Co | The Babcock & Wilcox Company | 332410 | 1 | 158 | 302430
2024 | KS | Shawnee | Straub Construction Co Inc | Straub Construction Co Inc | 236220 | 1 | 52 | 105956
2023 | KS | Shawnee | Straub Construction Co Inc | Straub Construction Co Inc | 236220 | 1 | 51 | 102891
2024 | LA | Alexandria | CHRISTUS St. Frances Cabrini Hospital | CHRISTUS Health | 622110 | 1 | 1766 | 245776938
2024 | LA | Lake Charles | CHRISTUS St. Patrick's Hospital | CHRISTUS Health | 622110 | 1 | 844 | 120431119
2023 | LA | Alexandria | Christus St. Frances Cabrini Hospital - EVS | Hospital Housekeeping Systems | 561720 | 1 | 103 | 172036
2024 | LA | Alexandria | Christus St. Frances Cabrini Hospital - EVS | Hospital Housekeeping Systems | 561720 | 1 | 99 | 185554
2024 | LA | ALEXANDRIA | CHRISTUS St Frances Cabrini | Compass Group | 722310 | 1 | 79 | 144192
(664 rows; csv has all)

