-- S22 Revoked, no reinstatement in the file, master-file ruling date BEFORE the revocation, still in Pub 78, filed after: top 25 by revenue, plus revocation-year spread
KIND | EIN | NM | BNM | ST | EX | SUB | GRP | RD | RUL | TP | REV | N
top | 237067592 | THE GOVERNORS OF THE UNIVERSITY OF CALGARY | THE GOVERNORS OF THE UNIVERSITY OF CALGARY |  | 03 | 03 | 0000 | 2024-08-15 | 1969-12-01 | 2025-03-01 | 1269761785 | 
top | 462097818 | UMSJ HEALTH SYSTEM I LLC | UMSJ HEALTH SYSTEM LLC | MD | 03 | 03 | 0000 | 2015-11-15 | 2014-09-01 | 2025-06-01 | 605586313 | 
top | 465444821 | UNIVERSITY OF MINNESOTA HEALTH CLINICS AND SURGERY CENTER INC | UNIVERSITY OF MINNESOTA HEALTH CLINICS AND SURGERY CENTER INC | MN | 03 | 03 | 0000 | 2017-05-15 | 2014-11-01 | 2024-12-01 | 173022208 | 
top | 850988160 | BON SECOURS MEDICAL GROUP GREENVILLE SPECIALTY CARE LLC | BON SECOURS MEDICAL GROUP GREENVILLE SPECIALTY CARE LLC | OH | 03 | 03 | 0000 | 2023-05-15 | 2023-01-01 | 2024-12-01 | 155644298 | 
top | 383198397 | MOBILE MEDICAL RESPONSE INC | MOBILE MEDICAL RESPONSE INC | MI | 03 | 03 | 0000 | 2013-11-15 | 1995-02-01 | 2025-06-01 | 74392656 | 
top | 455040456 | COOPER LANNING SQUARE RENAISSANCE SCHOOL INC | KIPP COOPER NORCROSS A NEW JERSEY NONPROFIT CORPORATION | NJ | 03 | 03 | 0000 | 2014-11-15 | 2013-10-01 | 2025-06-01 | 74146527 | 
top | 910905644 | NORTHWEST INDIAN COLLEGES | NORTHWEST INDIAN COLLEGES | WA | 03 | 03 | 0000 | 2023-11-15 | 1975-03-01 | 2025-06-01 | 31736188 | 
top | 351270418 | JOHNSON NICHOLS HEALTH CLINIC INC | CENTERSTONE HEALTH SERVICES INC | IN | 03 | 03 | 0000 | 2021-05-15 | 1973-05-01 | 2024-12-01 | 26434943 | 
top | 261132409 | COMMUNITY CHARTER SCHOOL OF | THE COMMUNITY CHARTER SCHOOL OF PATERSON INC | NJ | 03 | 03 | 0000 | 2012-11-15 | 2011-09-01 | 2025-06-01 | 23498823 | 
top | 660217275 | SOCIEDAD PARA ASISTENCIA LEGAL DE PR | SOCIEDAD PARA ASISTENCIA LEGAL DE PUERTO RICO INC | PR | 03 | 03 | 0000 | 2014-11-15 | 1980-04-01 | 2025-06-01 | 22100003 | 
top | 273116187 | TRINITY CHRISTIAN ACADEMY OF | TRINITY CHRISTIAN ACADEMY OF JACKSONVILLE INC | FL | 03 | 03 | 0000 | 2013-05-15 | 2013-01-01 | 2025-06-01 | 18013478 | 
top | 471204443 | BALTIMORE AFFORDABLE HOUSING DEVELOPMENT INC | BALTIMORE AFFORDABLE HOUSING DEVELOPMENT INC | MD | 03 | 03 | 0000 | 2016-11-15 | 2015-02-01 | 2024-12-01 | 15994584 | 
top | 860465177 | CATHOLIC COMMUNITY FOUNDATION FOR THE DIOCESE OF PHOENIX | CATHOLIC COMMUNITY FOUNDATION FOR THE DIOCESE OF PHOENIX | AZ | 03 | 03 | 0000 | 2021-11-15 | 2005-03-01 | 2025-06-01 | 14458576 | 
top | 900717690 | EMPOWER COLLEGE PREP | EMPOWER COLLEGE PREP | AZ | 03 | 03 | 0000 | 2013-11-15 | 2011-12-01 | 2025-06-01 | 14164396 | 
top | 391919806 | COMMUNITY HEALTH SYSTEMS INC | COMMUNITY HEALTH SYSTEMS INC | WI | 03 | 03 | 0000 | 2017-11-15 | 1998-11-01 | 2025-06-01 | 13375881 | 
top | 752123252 | SOUTH PLAINS RURAL HEALTH SERVICE INC | SOUTH PLAINS RURAL HEALTH SERVICES INC | TX | 03 | 03 | 0000 | 2013-10-15 | 1986-10-01 | 2025-05-01 | 12413505 | 
top | 452770109 | LOVELAND ELDER GREEN HOUSE HOMES FOR LIFE ENRICHMENT A COLORADO NON | LOVELAND ELDER GREEN HOUSE HOMES FOR LIFE ENRICHMENT A COLORADO NON | CO | 03 | 03 | 0000 | 2014-05-15 | 2013-01-01 | 2023-12-01 | 11875498 | 
top | 451559426 | PUEBLO SCHOOL FOR ARTS AND SCIENCES | PUEBLO SCHOOL FOR ARTS AND SCIENCES | CO | 03 | 03 | 0000 | 2013-11-15 | 2013-06-01 | 2025-06-01 | 10897050 | 
top | 825100978 | YOUTH ART LIFE | YOUTH ART LIFE | OH | 03 | 03 | 0000 | 2021-05-15 | 2018-10-01 | 2025-07-01 | 10610550 | 
top | 843078357 | BARKER BLUE DOG | BARKER BLUE DOG | CA | 03 | 03 | 0000 | 2024-05-15 | 2022-05-01 | 2024-06-01 | 9382020 | 
top | 050589120 | UNITED HEALTH CENTER | UNITED HEALTH CENTERS | NC | 03 | 03 | 0000 | 2017-10-15 | 2004-10-01 | 2025-05-01 | 8075775 | 
top | 461001385 | KENT COUNTY REGIONAL SPORTS COMPLEX CORP | KENT COUNTY REGIONAL SPORTS COMPLEX CORP | DE | 03 | 03 | 0000 | 2015-05-15 | 2014-05-01 | 2024-12-01 | 7164850 | 
top | 460348571 | SOUTH DAKOTA URBAN INDIAN HEALTH INC SDUIH | SOUTH DAKOTA URBAN INDIAN HEALTH INC SDUIH | SD | 03 | 03 | 0000 | 2024-02-15 | 1978-11-01 | 2024-09-01 | 6975211 | 
top | 800388783 | VILLA LYAN INC | VILLA LYAN INC | FL | 03 | 03 | 0000 | 2022-05-15 | 2010-09-01 | 2024-12-01 | 6323282 | 
top | 873685420 | FRIENDS VILLAGE INC | FRIENDS VILLAGE INC | NJ | 03 | 03 | 0000 | 2024-05-15 | 2022-03-01 | 2024-12-01 | 6196460 | 
year |  |  |  |  |  |  |  | 2024-01-01 |  |  | 1307297649 | 148
year |  |  |  |  |  |  |  | 2015-01-01 |  |  | 642443585 | 148
year |  |  |  |  |  |  |  | 2018-01-01 |  |  | 11663708 | 73
year |  |  |  |  |  |  |  | 2013-01-01 |  |  | 153536448 | 109
year |  |  |  |  |  |  |  | 2010-01-01 |  |  | 5843432 | 101
year |  |  |  |  |  |  |  | 2021-01-01 |  |  | 116061809 | 246
year |  |  |  |  |  |  |  | 2025-01-01 |  |  | 2372811 | 52
year |  |  |  |  |  |  |  | 2012-01-01 |  |  | 33959530 | 81
year |  |  |  |  |  |  |  | 2017-01-01 |  |  | 213694329 | 122
year |  |  |  |  |  |  |  | 2022-01-01 |  |  | 40617114 | 210
grp |  |  |  |  |  |  | group |  |  |  | 7256717 | 14
year |  |  |  |  |  |  |  | 2016-01-01 |  |  | 52819221 | 131
year |  |  |  |  |  |  |  | 2014-01-01 |  |  | 128289542 | 140
year |  |  |  |  |  |  |  | 2011-01-01 |  |  | 15832495 | 75
year |  |  |  |  |  |  |  | 2019-01-01 |  |  | 24629016 | 124
year |  |  |  |  |  |  |  | 2023-01-01 |  |  | 216548086 | 191
year |  |  |  |  |  |  |  | 2020-01-01 |  |  | 53627525 | 254
grp |  |  |  |  |  |  | none |  |  |  | 3011979583 | 2191
(43 rows; csv has all)

-- S23 OSHA 300A filing year 2025: hospital rows in VT, NM, HI, and any row naming the big absent systems
ST | CITY | ESTABLISHMENT_NAME | COMPANY_NAME | NAICS_CODE | ESTABLISHMENT_TYPE | EMP | YEAR_FILING_FOR
CA | Glendora | Foothill Presbyterian Hospital |  | 621999 | 1 | 87.0 | 2025
CA | Van Nuys | SODEXO AT VALLEY PRESBYTERIAN HOSPITAL | Sodexo Inc. | 722310 | 1 | 4.0 | 2025
HI | HONOLULU | 12112007 MOANALUA MEDICAL OFFICES | Kaiser Foundation Health Plan | 622110 | 1 | 2505.0 | 2025
HI | WAILUKU | 36136050 MAUI MEMORIAL   COTTAGE BUILDINGS | Kaiser Foundation Health Plan | 622110 | 1 | 1375.0 | 2025
HI | KAILUA | AHCS-640 ULUKAHIKI ST DEPTS | Adventist Health System West | 622110 | 1 | 1066.0 | 2025
HI | HONOLULU | KUAKINI MEDICAL CENTER |  | 622110 | 1 | 741.0 | 2025
HI | HONOLULU | 12612007 MOANALUA MEDICAL CENTER | Kaiser Foundation Health Plan | 622110 | 1 | 346.0 | 2025
HI | Honolulu | REHAB Hospital | The Rehabilitation Hospital of the Pacific | 622310 | 1 | 343.0 | 2025
HI | KULA | 36136052 KULA HOSPITAL | Kaiser Foundation Health Plan | 622110 | 1 | 183.0 | 2025
HI | WAILUKU | 36636050 MAUI MEMORIAL   COTTAGE BUILDINGS | Kaiser Foundation Health Plan | 622110 | 1 | 48.0 | 2025
HI | LANAI CITY | 36136051 LANAI COMMUNITY HOSPITAL | Kaiser Foundation Health Plan | 622110 | 1 | 34.0 | 2025
HI | Honolulu | Hawaii Pacific Health Straub Honolulu | CPS, LLC | 446110 | 1 | 34.0 | 2025
HI | Honolulu | REHAB at Nuuanu | The Rehabilitation Hospital of the Pacific | 622310 | 1 | 21.0 | 2025
HI | Honolulu | SODEXO AT QUEEN S MEDICAL CENTER | Sodexo Inc. | 722310 | 1 | 16.0 | 2025
HI | Hilo | REHAB at Hilo | The Rehabilitation Hospital of the Pacific | 622310 | 1 | 9.0 | 2025
HI | Aiea | REHAB at Aiea | The Rehabilitation Hospital of the Pacific | 622310 | 1 | 6.0 | 2025
HI | Honolulu | REHAB Physician's Clinic | The Rehabilitation Hospital of the Pacific | 622310 | 1 | 4.0 | 2025
HI | Honolulu | SODEXO AT QUEEN S MEDICAL CTR | Sodexo Inc. | 722310 | 1 | 3.0 | 2025
NM | Las Cruces | Mountain View Regional Medical Center | Mountain View Regional Medical Center | 622110 | 1 | 1513.0 | 2025
NM | LAS CRUCES | PHC-LAS CRUCES INC | PHC-LAS CRUCES INC - D530030 | 622110 | 1 | 1332.0 | 2025
NM | Taos | Taos Health Systems, Inc. dba Holy Cross Medical Center |  | 622110 | 1 | 522.0 | 2025
NM | Las Cruces | Three Crosses Regional Hospital | Hospital | 622110 | 1 | 501.0 | 2025
NM | Albuquerque | Encompass Health Rehabilitation Hospital of Albuquerque |  | 622310 | 1 | 256.0 | 2025
NM | Santa Teresa | Peak Behavioral Health | Peak Behavioral Health | 622210 | 1 | 255.0 | 2025
NM | LAS CRUCES | MESILLA VALLEY HOSPITAL - 0561 | UNIVERSAL HEALTH SERVICES | 622210 | 1 | 252.0 | 2025
NM | Las Cruces | Rehabilitation Hospital of Southern New Mexico, Inc. | Ernest Health, Inc. | 622310 | 1 | 210.0 | 2025
NM | HOBBS | NM1008 COVENANT HOBBS HOSPITAL-4900 N LOVINGTON | Providence Health and Services | 622110 | 1 | 203.0 | 2025
NM | Los Alamos | Los Alamos Medical Center | LifePoint Health | 622110 | 1 | 173.0 | 2025
NM | ALBUQUERQUE | H4664 KH ALBUQUERQUE | Kindred Healthcare KH ALBUQUERQUE | 622310 | 1 | 162.0 | 2025
NM | ALBUQUERQUE | Central Desert Behavioral Health Hospital | Central Desert Behavioral Health Hospita | 622210 | 1 | 150.0 | 2025
NM | Rio Rancho | ClearSky Rehabilitation Hospital of Rio Rancho | ClearSky Health Acquisition LLC | 622310 | 1 | 145.0 | 2025
NM | Albuquerque | Albuquerque-Specialty Hospital LLC | Albuquerque-Specialty Hospital LLC | 622310 | 1 | 136.0 | 2025
NM | Las Cruces | Advanced Care Hospital of Southern New Mexico, LLC | Advanced Care Hospital of Southern New Mexico, LLC | 622310 | 1 | 62.0 | 2025
NM | HOBBS | NM981 COVENANT HOBBS-5419 LOVINGTON HWY HR | Providence Health and Services | 622110 | 1 | 57.0 | 2025
NM | Taos | Taos | CHLOETA FIRE LLC | 622110 | 1 | 3.0 | 2025
NM | Santa Fe | Santa Fe | CHLOETA FIRE LLC | 622110 | 1 | 1.0 | 2025
NY | NEW YORK | PH - Columbia _ MSCHONY | The New York and Presbyterian Hospital NYP COLUMBIA UNIV IRVING MEDICAL CENTER | 622110 | 1 | 10385.0 | 2025
NY | NEW YORK | NYH - Weill Cornell | The New York and Presbyterian Hospital NYP WEILL CORNELL MEDICAL CENTER | 622110 | 1 | 10225.0 | 2025
NY | BROOKLYN | BM - Brooklyn Methodist | The New York and Presbyterian Hospital NYP BROOKLYN METHODIST HOSPITAL | 622110 | 1 | 4549.0 | 2025
NY | FLUSHING | Queens | The New York and Presbyterian Hospital NYP QUEENS | 622110 | 1 | 3718.0 | 2025
NY | NEW YORK | 466 Lexington Ave | The New York and Presbyterian Hospital 466 Lexington Ave | 622110 | 1 | 2015.0 | 2025
NY | BRONXVILLE | W-Westchester | The New York and Presbyterian Hospital NYP WESTCHESTER | 622110 | 1 | 1851.0 | 2025
NY | NEW YORK | ALLEN - Allen Hospital | The New York and Presbyterian Hospital NYP ALLEN HOSPITAL | 622110 | 1 | 1287.0 | 2025
NY | NEW YORK | LMH - Lower Manhattan Hospital | The New York and Presbyterian Hospital NYP LOWER MANHATTAN HOSPITAL | 622110 | 1 | 1240.0 | 2025
NY | CORTLAND MANOR | Hudson Valley Hospital | The New York and Presbyterian Hospital NYP HUDSON VALLEY | 622110 | 1 | 1231.0 | 2025
NY | WHITE PLAINS | WBH - Westchester Behavioral Health | The New York and Presbyterian Hospital NYP WESTCHESTER BEHAVIORAL HEALTH CENTER | 622110 | 1 | 980.0 | 2025
NY | NEW YORK | Gracie Square | The New York and Presbyterian Hospital NYP GRACIE SQUARE HOSPITAL | 622110 | 1 | 404.0 | 2025
NY | NEW YORK | Kings County Medical Group | The New York and Presbyterian Hospital NYP KINGS COUNTY MEDICAL GROUP | 622110 | 1 | 343.0 | 2025
NY | NEW YORK | Medical Group Queens | The New York and Presbyterian Hospital NYP QUEENS MEDICAL GROUP | 622110 | 1 | 317.0 | 2025
NY | CORTLAND MANOR | HVMG- Hudson Valley Medical Group | The New York and Presbyterian Hospital NYP HUDSON VALLEY MEDICAL GROUP | 622110 | 1 | 179.0 | 2025
NY | NEW YORK | Westchester CHS | The New York and Presbyterian Hospital NYP LAWRENCE CHS | 622110 | 1 | 110.0 | 2025
NY | WHITE PLAINS | NYP TheOne | The New York and Presbyterian Hospital NYP The One | 622110 | 1 | 99.0 | 2025
NY | NEW YORK | Westchester Medical Group | The New York and Presbyterian Hospital NYP WESTCHESTER MEDICAL GROUP | 622110 | 1 | 71.0 | 2025
TX | Plano | Texas Health Presbyterian Hospital Plano | Compass Group | 722310 | 1 | 62.0 | 2025
TX | Dripping Springs | Texas Health Presbyterian Hospital - Denton | Hospital Housekeeping Systems | 561720 | 1 | 0.0 | 2025
TX | Dripping Springs | Texas Health Presbyterian Hospital - WNJ | Hospital Housekeeping Systems | 561720 | 1 | 0.0 | 2025
VT | Bennington | Southwestern Vermont Medical Center | Southwestern Vermont Medical Center | 622110 | 1 | 1050.0 | 2025
VT | Newport | North Country Hospital and Health Center | North Country Hospital | 622110 | 1 | 618.0 | 2025
VT | Brattleboro | Brattleboro Memorial Hospital | Brattleboro Memorial Hospital | 622110 | 1 | 606.0 | 2025
VT | Randolph | Gifford Health Care |  | 622110 | 1 | 541.0 | 2025
VT | Springfield | Springfield Hospital, Inc. | Springfield Hospital, Inc. | 622110 | 1 | 243.0 | 2025
VT | BRATTLEBORO | BlueWater Health - Brattleboro | Blue Water Health | 622110 | 1 | 2.0 | 2025
(62 rows; csv has all)

-- S24 Treasury: debt series vs the debt-to-the-penny table on fiscal year-end dates, and fiscal 2026 so far vs the same window in earlier years
FY | D0 | AMT0 | D1 | AMT1 | ADDED_SAME_WINDOW | HIST_FY_END | PENNY_FY_END | LAST_DATE
2015 | 2014-10-01 | 17875258091207.08 | 2015-06-15 | 18152717537302.13 | 277459446095.0508 | 18150617666484.33 | 18150617666484.33 | 2026-06-15
2016 | 2015-10-01 | 18150616066342.53 | 2016-06-14 | 19230063635793.43 | 1079447569450.8984 | 19573444713936.79 | 19573444713936.79 | 2026-06-15
2017 | 2016-10-03 | 19642949742561.51 | 2017-06-15 | 19846150150843.92 | 203200408282.41016 | 20244900016053.51 |  | 2026-06-15
2018 | 2017-10-02 | 20347802336477.8 | 2018-06-15 | 21123860003777.0 | 776057667299.1992 | 21516058183180.23 |  | 2026-06-15
2019 | 2018-10-01 | 21606948383546.28 | 2019-06-14 | 22025737667227.33 | 418789283681.0469 | 22719401753433.78 | 22719401753433.78 | 2026-06-15
2020 | 2019-10-01 | 22798479742321.92 | 2020-06-12 | 26062414750696.08 | 3263935008374.1562 | 26945391194615.15 | 26945391194615.15 | 2026-06-15
2021 | 2020-10-01 | 27026921935432.41 | 2021-06-15 | 28321677015913.38 | 1294755080480.9688 | 28428918570048.68 | 28428918570048.68 | 2026-06-15
2022 | 2021-10-01 | 28428906947685.31 | 2022-06-15 | 30450427989813.29 | 2021521042127.9805 | 30928911613306.73 | 30928911613306.73 | 2026-06-15
2023 | 2022-10-03 | 31123887781401.34 | 2023-06-15 | 32039244474237.54 | 915356692836.1992 | 33167334044723.16 |  | 2026-06-15
2024 | 2023-10-02 | 33442148619617.43 | 2024-06-14 | 34681081398133.85 | 1238932778516.4219 | 35464673929171.69 | 35464673929171.69 | 2026-06-15
2025 | 2024-10-01 | 35668947367182.09 | 2025-06-13 | 36216756516461.68 | 547809149279.58594 | 37637553494935.61 | 37637553494935.61 | 2026-06-15
2026 | 2025-10-01 | 37864059502725.7 | 2026-06-15 | 39293074039354.64 | 1429014536628.9375 |  |  | 2026-06-15
(12 rows; csv has all)

