-- S02 IRS SOI: rows by tax year and income bracket, state-total ZIPs (00000/99999), numeric parse failures, sums
TAX_YEAR | AGI_STUB | N | ZIPS | STATES | DSN | Z00000 | Z99999 | ZLEN_BAD | BAD_N | RET | WAGES_K | N_EITC | EITC_K | PREP | RAL | RAC | VITA | ELDERLY | DUP_KEYS
2016 | 1 | 29974 | 29874 | 51 | 1 | 0 | 51 | 2375 | 0 | 105965000.0 | 1025117680.0 | 37957210.0 | 97630324.0 | 52111340.0 | 2154780.0 | 18626760.0 | 3955600.0 | 20647420.0 | 0
2016 | 2 | 29974 | 29874 | 51 | 1 | 0 | 51 | 2375 | 0 | 70921340.0 | 2116809458.0 | 16105630.0 | 33933988.0 | 36094650.0 | 1012070.0 | 12727370.0 | 1769790.0 | 14471910.0 | 0
2016 | 3 | 29970 | 29870 | 51 | 1 | 0 | 51 | 2375 | 0 | 40358910.0 | 1928837286.0 | 64600.0 | 22216.0 | 22214550.0 | 73660.0 | 4873930.0 | 420960.0 | 11012910.0 | 0
2016 | 4 | 29944 | 29844 | 51 | 1 | 0 | 51 | 2373 | 0 | 26015200.0 | 1698374924.0 | 0.0 | 0.0 | 14802700.0 | 2310.0 | 2242520.0 | 85800.0 | 7905830.0 | 0
2016 | 5 | 29960 | 29860 | 51 | 1 | 0 | 51 | 2375 | 0 | 37339620.0 | 3808189314.0 | 0.0 | 0.0 | 21958020.0 | 100.0 | 1895000.0 | 21820.0 | 11181080.0 | 0
2016 | 6 | 29974 | 29874 | 51 | 1 | 0 | 51 | 2375 | 0 | 13528990.0 | 3626197128.0 | 0.0 | 0.0 | 9719840.0 | 0.0 | 93300.0 | 40.0 | 3966670.0 | 0
2016 |  | 179796 | 29874 | 51 | 1 | 0 | 306 | 14248 | 0 | 294129060.0 | 14203525790.0 | 54127440.0 | 131586528.0 | 156901100.0 | 3242920.0 | 40458880.0 | 6254010.0 | 69185820.0 | 0
 |  | 179796 | 29874 | 51 | 1 | 0 | 306 | 14248 | 0 | 294129060.0 | 14203525790.0 | 54127440.0 | 131586528.0 | 156901100.0 | 3242920.0 | 40458880.0 | 6254010.0 | 69185820.0 | 0
(8 rows; csv has all)

-- S03 NCUA list: capital, profit, lending and growth by charter type and low-income flag; sentinels
CREDIT_UNION_TYPE | LOW_INCOME_DESIGNATION | N | CHARTERS | QTRS | ASSETS | MED_ASSETS | MED_MEMBERS | MED_NW | MIN_NW | MAX_NW | NW_LT7 | NW_LT6 | NW_LT4 | NW_NULL | MED_ROA | ROA_NEG | LTS_GT100 | MEM_SHRINK | MED_MEM_G | MED_LOAN_G | ASSETS0 | MEMBERS0 | LOANS_GT_ASSETS
FCU | No | 1019 | 1019 | 1 | 642710220397 | 43188991.000 | 3027.000 | 13.153352380546574 | 0.22753667669716227 | 100.0 | 9 | 3 | 1 | 0 | 0.6825555739522603 | 145 | 30 | 595 | -0.8350550964187353 | -0.6156595257546638 | 0 | 0 | 0
FCU | Yes | 1653 | 1653 | 1 | 656480089400 | 54612842.000 | 4461.000 | 12.362091336993581 | -107.94423785778211 | 100.0 | 39 | 18 | 8 | 0 | 0.6324020956755395 | 295 | 55 | 901 | -0.4226111126868437 | 0.3418440921992838 | 0 | 0 | 0
FCU |  | 2672 | 2672 | 1 | 1299190309797 | 48948780.500 | 3803.000 | 12.610563846756936 | -107.94423785778211 | 100.0 | 48 | 21 | 9 | 0 | 0.655524395275718 | 440 | 85 | 1496 | -0.5693837626322029 | 0.0 | 0 | 0 | 0
FISCU | No | 852 | 852 | 1 | 487445676785 | 65347572.500 | 3896.000 | 12.906728131851944 | 3.329784821439315 | 99.93026414728212 | 8 | 4 | 1 | 0 | 0.6845709584591819 | 110 | 35 | 503 | -0.8015304145679969 | 0.7070494955423778 | 0 | 0 | 0
FISCU | Yes | 726 | 726 | 1 | 697327823052 | 214131681.000 | 14255.000 | 11.396626187334885 | 0.3249004217847941 | 85.50965243375009 | 11 | 6 | 1 | 0 | 0.6517925050497964 | 89 | 31 | 360 | 0.014867460510925579 | 2.8186872690643683 | 0 | 0 | 0
FISCU |  | 1578 | 1578 | 1 | 1184773499837 | 107391036.500 | 7275.000 | 12.139748791009884 | 0.3249004217847941 | 99.93026414728212 | 19 | 10 | 2 | 0 | 0.6619149580221582 | 199 | 66 | 863 | -0.47669733611907517 | 1.8001080577090045 | 0 | 0 | 0
 |  | 4250 | 4250 | 1 | 2483963809634 | 66142772.500 | 4741.000 | 12.435986864026855 | -107.94423785778211 | 100.0 | 67 | 31 | 11 | 0 | 0.6587695672398632 | 639 | 151 | 2359 | -0.5302696572344445 | 0.6114502741788819 | 0 | 0 | 0
(7 rows; csv has all)

-- S04 FDIC bank data: open vs closed, report dates, fill, MDI, load runs; is this really a "sample"?
ACTIVE | N | CERTS | ASSET_NULL | ASSET_K | MED_ASSET_K | REP0 | REP1 | REP_MODE | AT_LATEST | EST0 | EST1 | END0 | END1 | END_NULL | MDI | RUNS | UPD0 | UPD1 | CONSERV | INS_DROPPED | STATES | NETINC_NEG
0 | 23582 | 23582 | 4001 | 16705195740.0000 | 97566.0000000 | 1984-03-31 | 2026-03-31 | 1990-03-31 | 52 | 1782-01-01 | 2023-03-13 | 1970-01-01 | 2026-07-17 | 26 | 145 | 1 | 1975-02-28 | 2026-07-24 | 533 | 161 | 55 | 6431
1 | 4254 | 4254 | 7 | 26176362198.0000 | 386468.0000000 | 2025-12-31 | 2026-03-31 | 2026-03-31 | 4245 | 1792-01-01 | 2026-06-22 |  |  | 4254 | 156 | 1 | 2006-11-03 | 2026-08-05 | 0 | 0 | 55 | 191
 | 27836 | 27836 | 4008 | 42881557938.0000 | 125625.0000000 | 1984-03-31 | 2026-03-31 | 2026-03-31 | 4297 | 1782-01-01 | 2026-06-22 | 1970-01-01 | 2026-07-17 | 4280 | 301 | 1 | 1975-02-28 | 2026-08-05 | 533 | 161 | 56 | 6622
(3 rows; csv has all)

-- S05 FDIC join test: do failed banks and enforcement-order banks land in the bank directory by CERT?
SRC | N | WITH_CERT | LANDED
failed_all | 3522 | 3037 | 3037
failed_2000_on | 579 | 579 | 579
orders_certs | 4241 | 4241 | 4224
orders_certs_active | 4241 | 4241 | 1310
(4 rows; csv has all)

-- S06 EPA conclusion-facility bridge: shape of IDs, case-number formats, duplicate rows, blanks
N | CASES | CONCLUSIONS | ACTIVITIES | UINS | ICIS_IDS | UIN_BLANK | UIN_OK | CASE_RR_YYYY | CASE_HQ | DUP_ROWS | CASE_CONCL_PAIRS | FORMATS
150866 | 121661 | 124359 | 121661 | 105113 | 117136 | 1184 | 149682 | 138838 | 10966 | 1184 | 124359 | [
  "99-9999-9999",
  "EF-9999-9999",
  "HQ-9999-9999",
  "WF-9999-9999"
]
(1 rows; csv has all)

-- S07 SEC reporting owner: link to submission by accession, filing years, doc types, duplicate owner rows
Y | N | FILINGS | OWNERS | DUP_OWNER_ROWS | NO_SUB | F4 | F3 | F5 | AMEND | DIR_ROWS
2016 | 91012 | 82056 | 36467 | 0 | 0 | 80883 | 7552 | 316 | 2261 | 44311
2017 | 220639 | 202496 | 59529 | 0 | 0 | 195783 | 16522 | 3140 | 5194 | 106793
2018 | 219600 | 202051 | 58946 | 0 | 0 | 194797 | 16662 | 3118 | 5023 | 107024
2019 | 213035 | 196336 | 57720 | 0 | 0 | 189315 | 16216 | 2683 | 4821 | 103946
2020 | 222321 | 203570 | 59217 | 0 | 0 | 195670 | 19028 | 2624 | 4999 | 110159
2021 | 250714 | 224474 | 67290 | 0 | 0 | 214747 | 28224 | 2459 | 5284 | 122859
2022 | 221983 | 202918 | 62055 | 0 | 0 | 198753 | 15848 | 2569 | 4813 | 109213
2023 | 217409 | 199808 | 59911 | 0 | 0 | 196848 | 13945 | 2213 | 4403 | 106385
2024 | 211673 | 195095 | 57035 | 0 | 0 | 192678 | 14003 | 1311 | 3681 | 104376
2025 | 66287 | 63284 | 32388 | 0 | 0 | 60344 | 3599 | 1061 | 1283 | 26621
(10 rows; csv has all)

