-- S23 FDIC: the 12 new consent orders 2020-2026 against minority-owned (MDI) FDIC-supervised banks, with the order document links
ORDER_ID | ORDER_DATE | CERT_NUMBER | BANK_NAME | BANK_STATE | ORDER_TITLE | ORDER_TYPE | CMP_AMOUNT_TOTAL | DOCKET_NUMBER | DOCUMENT_URL
a0Wt000000B8U5YEAV | 2020-02-27 | 58037 | California Business Bank | CA | Consent Order | Cease and Desist / Consent Orders |  | FDIC-19-0173b | https://orders.fdic.gov/sfc/servlet.shepherd/document/download/069t000000AQaWAAA1?operationContext=S1
a0Wt000000B8U5nEAF | 2020-02-27 | 58037 | California Business Bank | CA | Order Terminating Consent Order | Cease and Desist / Consent Orders |  | FDIC-17-0107b | https://orders.fdic.gov/sfc/servlet.shepherd/document/download/069t000000AQeV1AAL?operationContext=S1
a0Wt000000BRrhXEAT | 2020-04-02 | 33708 | International Bank of Chicago | IL | Consent Order | Cease and Desist / Consent Orders |  | FDIC-19-0179b | https://orders.fdic.gov/sfc/servlet.shepherd/document/download/069t000000BdH5jAAF?operationContext=S1
a0Wt000000Bjqg2EAB | 2020-08-19 | 13959 | CBW Bank | KS | Consent Order | Cease and Desist / Consent Orders |  | FDIC-20-0122b | https://orders.fdic.gov/sfc/servlet.shepherd/document/download/069t000000E9Cn4AAF?operationContext=S1
a0Wt000000BfgY9EAJ | 2020-12-03 | 26708 | Spectra Bank | TX | Consent Order | Cease and Desist / Consent Orders |  | FDIC-20-0140b | https://orders.fdic.gov/sfc/servlet.shepherd/document/download/069t000000IEJCLAA5?operationContext=S1
a0Wt000000BhA52EAF | 2021-02-05 | 10319 | Citizens Savings Bank and Trust Company | TN | Order Terminating  Consent Order | Cease and Desist / Consent Orders |  | FDIC-17-0152b | https://orders.fdic.gov/sfc/servlet.shepherd/document/download/069t000000L3UUBAA3?operationContext=S1
a0Wt000000CRn35EAD | 2021-11-08 | 22460 | Monterey County Bank | CA | Consent Order | Cease and Desist / Consent Orders |  | FDIC-21-0078b | https://orders.fdic.gov/sfc/servlet.shepherd/document/download/069t000000WB2erAAD?operationContext=S1
a0Wt000000CRn51EAD | 2021-11-10 | 22460 | Monterey County Bank | CA | Order Terminating Consent Order | Cease and Desist / Consent Orders |  | FDIC-12-0436b | https://orders.fdic.gov/sfc/servlet.shepherd/document/download/069t000000WB2oxAAD?operationContext=S1
a0Wt000000CKmiTEAT | 2022-11-09 | 10319 | Citizens Savings Bank and Trust Company | TN | Consent Order | Cease and Desist / Consent Orders |  | FDIC-22-0097b | https://orders.fdic.gov/sfc/servlet.shepherd/document/download/069t000000ghqJJAAY?operationContext=S1
a0W3d000003FVnJEAW | 2023-09-11 | 59182 | Loyal Trust Bank | GA | Consent Order | Cease and Desist / Consent Orders |  | FDIC-23-0028b | https://orders.fdic.gov/sfc/servlet.shepherd/document/download/0693d00000AAhY7AAL?operationContext=S1
a0W3d000003MkGpEAK | 2023-10-16 | 57884 | Paramount Bank | MO | Order to Pay Civil Money Penalty | Assessment of Civil Money Penalty | 85000.00 | FDIC 23-0051k | https://orders.fdic.gov/sfc/servlet.shepherd/document/download/0693d00000AeinBAAR?operationContext=S1
a0W3d000003MjubEAC | 2023-10-25 | 58816 | Royal Business Bank | CA | Consent Order | Cease and Desist / Consent Orders |  | FDIC-23-0042b | https://orders.fdic.gov/sfc/servlet.shepherd/document/download/0693d00000AejcQAAR?operationContext=S1
a0W3d000003w05KEAQ | 2024-02-27 | 59154 | Piermont Bank | NY | Consent Order | Cease and Desist / Consent Orders |  | FDIC-23-0038b | https://orders.fdic.gov/sfc/servlet.shepherd/document/download/0693d00000CMxbNAAT?operationContext=S1
a0W3d000004JUh9EAG | 2024-05-31 | 58037 | California Business Bank | CA | Order Terminating Consent Order | Cease and Desist / Consent Orders |  | FDIC-19-0173b | https://orders.fdic.gov/sfc/servlet.shepherd/document/download/0693d00000DlG4vAAF?operationContext=S1
a0W3d000004JV44EAG | 2024-05-31 | 58037 | California Business Bank | CA | Consent Order | Cease and Desist / Consent Orders |  | FDIC-24-0018b | https://orders.fdic.gov/sfc/servlet.shepherd/document/download/0693d00000DlDd7AAF?operationContext=S1
a0WSJ000000WLR72AO | 2024-08-21 | 58816 | Royal Business Bank | CA | Order Terminating Consent Order | Cease and Desist / Consent Orders |  | FDIC-23-0042b | https://orders.fdic.gov/sfc/servlet.shepherd/document/download/069SJ000006UcMGYA0?operationContext=S1
a0WSJ000000pKMT2A2 | 2024-09-13 | 33708 | International Bank of Chicago | IL | Consent Order | Cease and Desist / Consent Orders |  | FDIC-24-0056b | https://orders.fdic.gov/sfc/servlet.shepherd/document/download/069SJ00000Aryy8YAB?operationContext=S1
a0WSJ000000pK372AE | 2024-09-13 | 33708 | International Bank of Chicago | IL | Order Terminating Consent Order | Cease and Desist / Consent Orders |  | FDIC-19-0179b | https://orders.fdic.gov/sfc/servlet.shepherd/document/download/069SJ00000AlIRxYAN?operationContext=S1
a0WSJ000001T7rx2AC | 2024-11-19 | 13959 | CBW Bank | KS | Notice of Assessment of Civil Money Penalty, Findings of Fact and Conclusions of Law, Order to Pay, and Prayer for Relief | Assessment of Civil Money Penalty | 20448000.00 | FDIC-22-0171k | https://orders.fdic.gov/sfc/servlet.shepherd/document/download/069SJ00000Hz49pYAB?operationContext=S1
a0WSJ000003XpgL2AS | 2025-05-28 | 26708 | Spectra Bank | TX | Notice of Intention to Prohibit from Further Participation, Notice of Charges for an Order for Restitution, Findings of Fact and Conclusions of Law, Notice of Hearing and Prayer for Relief | Order for Restitution;Removal/Prohibition Order |  | FDIC-23-0037e; FDIC-24-0111b | https://orders.fdic.gov/sfc/servlet.shepherd/document/download/069SJ00000cCXwsYAG?operationContext=S1
a0WSJ000003uWbN2AU | 2025-07-01 | 59182 | Loyal Trust Bank | GA | Order Terminating Consent Order | Cease and Desist / Consent Orders |  | FDIC-23-0028b | https://orders.fdic.gov/sfc/servlet.shepherd/document/download/069SJ00000iytDGYAY?operationContext=S1
a0WSJ00000402172AA | 2025-08-21 | 26708 | Spectra Bank | TX | Order Terminating Consent Order | Cease and Desist / Consent Orders |  | FDIC-20-0140b | https://orders.fdic.gov/sfc/servlet.shepherd/document/download/069SJ00000m8FJPYA2?operationContext=S1
a0WSJ00000545O12AI | 2025-10-23 | 13959 | CBW Bank | KS | Decision and Order on Request for Interlocutory Review | Assessment of Civil Money Penalty | 20488000.00 | FDIC-22-0171k | https://orders.fdic.gov/sfc/servlet.shepherd/document/download/069SJ000013EAoYYAW?operationContext=S1
a0WSJ000005X6DR2A0 | 2026-03-05 | 13959 | CBW Bank | KS | Order of Prohibition from Further Participation and Notice of Hearing | Removal/Prohibition Order |  | FDIC-24-0104g | https://orders.fdic.gov/sfc/servlet.shepherd/document/download/069SJ000019jclHYAQ?operationContext=S1
a0WSJ000005Wx8X2AS | 2026-03-16 | 58037 | California Business Bank | CA | Order Terminating Consent Order | Cease and Desist / Consent Orders |  | FDIC-24-0018b | https://orders.fdic.gov/sfc/servlet.shepherd/document/download/069SJ000019pVp7YAE?operationContext=S1
a0WSJ000005vgpF2AQ | 2026-05-05 | 26708 | Spectra Bank | TX | Order of Prohibition from Further Participaton | Removal/Prohibition Order |  | FDIC-23-0037e | https://orders.fdic.gov/sfc/servlet.shepherd/document/download/069SJ00001GbFL2YAN?operationContext=S1
a0WSJ000005vh0X2AQ | 2026-05-06 | 10319 | Citizens Savings Bank and Trust Company | TN | Order of Prohibition from Further Participation | Removal/Prohibition Order |  | FDIC-25-0141e | https://orders.fdic.gov/sfc/servlet.shepherd/document/download/069SJ00001GbFMmYAN?operationContext=S1
a0WSJ0000069zqP2AQ | 2026-06-30 | 57884 | Paramount Bank | MO | Consent Order and Order to Pay | Assessment of Civil Money Penalty;Cease and Desist / Consent Orders | 44800.00 | FDIC-26-0023b, FDIC-26-0015k | https://orders.fdic.gov/sfc/servlet.shepherd/document/download/069SJ00001MJbYGYA1?operationContext=S1
(28 rows; csv has all)

-- S24 SEC: RA Capital 2024 filings, what the remarks say and how many reporting owners ride on each filing
ISSUER_NAME | FILINGS | D0 | D1 | MED_OWNERS | RELS | OWNERS | REMARKS_SAMPLE | REMARKS_SAY_DIRECTOR
Cidara Therapeutics, Inc. | 6 | 2024-04-30 | 2024-11-29 | 4.000 | Director | Kolchinsky Peter | Shah Rajeev M. | RA CAPITAL MANAGEMENT, L.P. | RA Capital Healthcare Fund LP | Dr. Laura Tadvalkar, a Managing Director of the Adviser, serves on the Issuer's board of directors. | 6
Tyra Biosciences, Inc. | 4 | 2024-02-08 | 2024-11-13 | 5.000 | Director,TenPercentOwner | RA Capital Healthcare Fund LP | Shah Rajeev M. | Kolchinsky Peter | RA CAPITAL MANAGEMENT, L.P. | RA Capital Nexus Fund, L.P. | Jake Simson, a Partner of the Adviser, serves on the Issuer's board of directors. | 4
Janux Therapeutics, Inc. | 3 | 2024-03-06 | 2024-10-22 | 5.000 | Director | Director,TenPercentOwner | RA Capital Healthcare Fund LP | Shah Rajeev M. | RA CAPITAL MANAGEMENT, L.P. | RA Capital Nexus Fund II, L.P. | Kolchinsky Peter | Dr. Jake Simson, a Partner of the Adviser, serves on the Issuer's board of directors. | 3
89bio, Inc. | 3 | 2024-03-06 | 2024-11-18 | 5.000 | Director,TenPercentOwner | RA Capital Healthcare Fund LP | Kolchinsky Peter | RA Capital Nexus Fund, L.P. | RA CAPITAL MANAGEMENT, L.P. | Shah Rajeev M. | Dr. Derek DiRocco, a Partner of the Adviser, serves on the Issuer's board of directors. | 3
Bicara Therapeutics Inc. | 3 | 2024-09-12 | 2024-09-18 | 5.000 | TenPercentOwner | Director,TenPercentOwner | Kolchinsky Peter | Shah Rajeev M. | RA CAPITAL MANAGEMENT, L.P. | RA Capital Healthcare Fund LP | RA Capital Nexus Fund III, L.P. | Dr. Jake Simson, a Partner of the Adviser, serves on the Issuer's board of directors. | 3
Wave Life Sciences Ltd. | 2 | 2024-01-17 | 2024-08-14 | 4.000 | Director,TenPercentOwner | Kolchinsky Peter | RA CAPITAL MANAGEMENT, L.P. | Shah Rajeev M. | RA Capital Healthcare Fund LP | Dr. Peter Kolchinsky, a Managing Partner of the Adviser, serves on the Issuer's board of directors. | 2
Acrivon Therapeutics, Inc. | 2 | 2024-04-15 | 2024-06-24 | 5.000 | Director | Director,TenPercentOwner | RA CAPITAL MANAGEMENT, L.P. | Shah Rajeev M. | RA Capital Healthcare Fund LP | RA Capital Nexus Fund II, L.P. | Kolchinsky Peter | Dr. Derek DiRocco, a Partner of the Adviser, serves on the Issuer's board of directors. | 2
PepGen Inc. | 2 | 2024-02-13 | 2024-06-21 | 5.000 | Director | Director,TenPercentOwner | Shah Rajeev M. | Kolchinsky Peter | RA Capital Healthcare Fund LP | RA Capital Nexus Fund II, L.P. | RA CAPITAL MANAGEMENT, L.P. | Mr. Joshua Resnick, a Senior Managing Director of the Adviser, serves on the Issuer's board of directors. | 2
4D Molecular Therapeutics, Inc. | 2 | 2024-11-25 | 2024-12-10 | 4.000 | TenPercentOwner | Shah Rajeev M. | RA Capital Healthcare Fund LP | RA CAPITAL MANAGEMENT, L.P. | Kolchinsky Peter |  | 0
Vor Biopharma Inc. | 2 | 2024-05-28 | 2024-12-30 | 5.000 | Director,TenPercentOwner | Kolchinsky Peter | RA Capital Nexus Fund, L.P. | Shah Rajeev M. | RA Capital Healthcare Fund LP | RA CAPITAL MANAGEMENT, L.P. | Mr. Joshua Resnick, a Managing Partner of the Adviser, serves on the Issuer's board of directors. | 2
Fulcrum Therapeutics, Inc. | 2 | 2024-08-23 | 2024-09-23 | 4.000 | TenPercentOwner | Shah Rajeev M. | RA CAPITAL MANAGEMENT, L.P. | RA Capital Healthcare Fund LP | Kolchinsky Peter |  | 0
Nkarta, Inc. | 2 | 2024-03-29 | 2024-06-14 | 5.000 | Director | Director,TenPercentOwner | Shah Rajeev M. | RA Capital Healthcare Fund LP | RA CAPITAL MANAGEMENT, L.P. | RA Capital Nexus Fund, L.P. | Kolchinsky Peter | Dr. Zachary Scheiner, a Principal of the Adviser, serves on the Issuer's board of directors. | 2
Boundless Bio, Inc. | 2 | 2024-03-27 | 2024-04-04 | 5.000 | TenPercentOwner | RA Capital Healthcare Fund LP | RA CAPITAL MANAGEMENT, L.P. | Shah Rajeev M. | Kolchinsky Peter | RA Capital Nexus Fund II, L.P. |  | 0
Eliem Therapeutics, Inc. | 2 | 2024-06-28 | 2024-07-01 | 6.500 | Director | Director,TenPercentOwner | RA Capital Nexus Fund II, L.P. | Kolchinsky Peter | RA Capital Nexus Fund, L.P. | Shah Rajeev M. | RA Capital Healthcare Fund LP | RA CAPITAL MANAGEMENT, L.P. | Dr. Andrew Levin, a Partner and Managing Director of the Adviser, serves on the Issuer's board of directors. | 2
Aerovate Therapeutics, Inc. | 2 | 2024-06-07 | 2024-06-20 | 5.000 | Director | Director,TenPercentOwner | RA Capital Healthcare Fund LP | RA Capital Nexus Fund, L.P. | RA CAPITAL MANAGEMENT, L.P. | Kolchinsky Peter | Shah Rajeev M. | Mr. Joshua Resnick, a Senior Managing Director of the Adviser, serves on the Issuer's board of directors. | 2
Mineralys Therapeutics, Inc. | 2 | 2024-02-14 | 2024-05-28 | 5.000 | Director | Kolchinsky Peter | RA Capital Healthcare Fund LP | RA CAPITAL MANAGEMENT, L.P. | Shah Rajeev M. | RA Capital Nexus Fund III, L.P. | Derek DiRocco, a Partner of the Adviser, serves on the Issuer's board of directors. | 2
Artiva Biotherapeutics, Inc. | 2 | 2024-07-18 | 2024-07-24 | 5.500 | Director | Director,TenPercentOwner | Shah Rajeev M. | RA CAPITAL MANAGEMENT, L.P. | RA Capital Nexus Fund, L.P. | Kolchinsky Peter | RA Capital Healthcare Fund LP | Dr. Laura Tadvalkar, a Managing Director of the Adviser, serves on the Issuer's board of directors. | 2
ARS Pharmaceuticals, Inc. | 2 | 2024-03-27 | 2024-06-24 | 5.000 | Director | Director,TenPercentOwner | RA CAPITAL MANAGEMENT, L.P. | Shah Rajeev M. | RA Capital Nexus Fund II, L.P. | Kolchinsky Peter | RA Capital Healthcare Fund LP | Dr. Peter Kolchinsky, a Managing Partner of the Adviser, serves on the Issuer's board of directors. | 2
Septerna, Inc. | 2 | 2024-10-24 | 2024-10-30 | 5.000 | Director | Director,TenPercentOwner | Kolchinsky Peter | RA Capital Healthcare Fund LP | RA Capital Nexus Fund III, L.P. | Shah Rajeev M. | RA CAPITAL MANAGEMENT, L.P. | Dr. Jake Simson, a Partner of the Adviser, serves on the Issuer's board of directors. | 2
LENZ Therapeutics, Inc. | 2 | 2024-03-25 | 2024-03-25 | 5.000 | Director | RA Capital Nexus Fund II, L.P. | RA CAPITAL MANAGEMENT, L.P. | RA Capital Healthcare Fund LP | Kolchinsky Peter | Shah Rajeev M. | Dr. Zach Scheiner, a Principal of RA Capital Management, L.P., serves on the Issuer's board of directors.  No securities are beneficially owned. | 2
AN2 Therapeutics, Inc. | 1 | 2024-08-13 | 2024-08-13 | 5.000 | TenPercentOwner | RA Capital Nexus Fund II, L.P. | Kolchinsky Peter | RA CAPITAL MANAGEMENT, L.P. | RA Capital Healthcare Fund LP | Shah Rajeev M. |  | 0
Icosavax, Inc. | 1 | 2024-02-20 | 2024-02-20 | 5.000 | Director,TenPercentOwner | RA Capital Nexus Fund II, L.P. | RA Capital Healthcare Fund LP | Kolchinsky Peter | RA CAPITAL MANAGEMENT, L.P. | Shah Rajeev M. |  | 0
Solid Biosciences Inc. | 1 | 2024-01-12 | 2024-01-12 | 5.000 | Director,TenPercentOwner | Kolchinsky Peter | Shah Rajeev M. | RA CAPITAL MANAGEMENT, L.P. | RA Capital Healthcare Fund LP | RA Capital Nexus Fund, L.P. | Mr. Shah, a Managing Partner of the Adviser, serves on the Issuer's board of directors. | 1
Werewolf Therapeutics, Inc. | 1 | 2024-05-24 | 2024-05-24 | 5.000 | Director,TenPercentOwner | RA CAPITAL MANAGEMENT, L.P. | Kolchinsky Peter | RA Capital Healthcare Fund LP | RA Capital Nexus Fund II, L.P. | Shah Rajeev M. | Dr. DiRocco, a Partner of the Adviser, serves on the Issuer's board of directors. | 1
iTeos Therapeutics, Inc. | 1 | 2024-05-14 | 2024-05-14 | 4.000 | Other | Kolchinsky Peter | RA CAPITAL MANAGEMENT, L.P. | Shah Rajeev M. | RA Capital Healthcare Fund LP |  | 0
Acumen Pharmaceuticals, Inc. | 1 | 2024-06-10 | 2024-06-10 | 5.000 | Director,TenPercentOwner | RA CAPITAL MANAGEMENT, L.P. | RA Capital Nexus Fund II, L.P. | Kolchinsky Peter | Shah Rajeev M. | RA Capital Healthcare Fund LP | Laura Stoppel, a Principal of the Adviser, serves on the Issuer's board of directors. | 1
(26 rows; csv has all)

