=== USASpending FULL re-pull: 239/239 months to go (landed so far 0) ===
C:\Code\Ripple_v6\scripts\usaspending_contracts_full_load.py:176: UserWarning: Pandas Dataframe has non-standard index of type <class 'pandas.core.indexes.range.RangeIndex'> which will not be written. Consider changing the index to pd.RangeIndex(start=0,...,step=1) or call reset_index() to keep index as column(s)
  ok, _c, _r, _ = write_pandas(conn, out, table_name=TABLE,
C:\Code\Ripple_v6\scripts\usaspending_contracts_full_load.py:176: UserWarning: Pandas Dataframe has non-standard index of type <class 'pandas.core.indexes.range.RangeIndex'> which will not be written. Consider changing the index to pd.RangeIndex(start=0,...,step=1) or call reset_index() to keep index as column(s)
  ok, _c, _r, _ = write_pandas(conn, out, table_name=TABLE,
  2006-10: +299,058 rows in 114s (total 299,058)
C:\Code\Ripple_v6\scripts\usaspending_contracts_full_load.py:176: UserWarning: Pandas Dataframe has non-standard index of type <class 'pandas.core.indexes.range.RangeIndex'> which will not be written. Consider changing the index to pd.RangeIndex(start=0,...,step=1) or call reset_index() to keep index as column(s)
  ok, _c, _r, _ = write_pandas(conn, out, table_name=TABLE,
C:\Code\Ripple_v6\scripts\usaspending_contracts_full_load.py:176: UserWarning: Pandas Dataframe has non-standard index of type <class 'pandas.core.indexes.range.RangeIndex'> which will not be written. Consider changing the index to pd.RangeIndex(start=0,...,step=1) or call reset_index() to keep index as column(s)
  ok, _c, _r, _ = write_pandas(conn, out, table_name=TABLE,
  2006-11: +239,219 rows in 106s (total 538,277)
C:\Code\Ripple_v6\scripts\usaspending_contracts_full_load.py:176: UserWarning: Pandas Dataframe has non-standard index of type <class 'pandas.core.indexes.range.RangeIndex'> which will not be written. Consider changing the index to pd.RangeIndex(start=0,...,step=1) or call reset_index() to keep index as column(s)
  ok, _c, _r, _ = write_pandas(conn, out, table_name=TABLE,
C:\Code\Ripple_v6\scripts\usaspending_contracts_full_load.py:176: UserWarning: Pandas Dataframe has non-standard index of type <class 'pandas.core.indexes.range.RangeIndex'> which will not be written. Consider changing the index to pd.RangeIndex(start=0,...,step=1) or call reset_index() to keep index as column(s)
  ok, _c, _r, _ = write_pandas(conn, out, table_name=TABLE,
  2006-12: +238,432 rows in 104s (total 776,709)
C:\Code\Ripple_v6\scripts\usaspending_contracts_full_load.py:176: UserWarning: Pandas Dataframe has non-standard index of type <class 'pandas.core.indexes.range.RangeIndex'> which will not be written. Consider changing the index to pd.RangeIndex(start=0,...,step=1) or call reset_index() to keep index as column(s)
  ok, _c, _r, _ = write_pandas(conn, out, table_name=TABLE,
C:\Code\Ripple_v6\scripts\usaspending_contracts_full_load.py:176: UserWarning: Pandas Dataframe has non-standard index of type <class 'pandas.core.indexes.range.RangeIndex'> which will not be written. Consider changing the index to pd.RangeIndex(start=0,...,step=1) or call reset_index() to keep index as column(s)
  ok, _c, _r, _ = write_pandas(conn, out, table_name=TABLE,
C:\Code\Ripple_v6\scripts\usaspending_contracts_full_load.py:176: UserWarning: Pandas Dataframe has non-standard index of type <class 'pandas.core.indexes.range.RangeIndex'> which will not be written. Consider changing the index to pd.RangeIndex(start=0,...,step=1) or call reset_index() to keep index as column(s)
  ok, _c, _r, _ = write_pandas(conn, out, table_name=TABLE,
  2007-01: +311,849 rows in 127s (total 1,088,558)
C:\Code\Ripple_v6\scripts\usaspending_contracts_full_load.py:176: UserWarning: Pandas Dataframe has non-standard index of type <class 'pandas.core.indexes.range.RangeIndex'> which will not be written. Consider changing the index to pd.RangeIndex(start=0,...,step=1) or call reset_index() to keep index as column(s)
  ok, _c, _r, _ = write_pandas(conn, out, table_name=TABLE,
C:\Code\Ripple_v6\scripts\usaspending_contracts_full_load.py:176: UserWarning: Pandas Dataframe has non-standard index of type <class 'pandas.core.indexes.range.RangeIndex'> which will not be written. Consider changing the index to pd.RangeIndex(start=0,...,step=1) or call reset_index() to keep index as column(s)
  ok, _c, _r, _ = write_pandas(conn, out, table_name=TABLE,
  2007-02: +289,620 rows in 124s (total 1,378,178)
C:\Code\Ripple_v6\scripts\usaspending_contracts_full_load.py:176: UserWarning: Pandas Dataframe has non-standard index of type <class 'pandas.core.indexes.range.RangeIndex'> which will not be written. Consider changing the index to pd.RangeIndex(start=0,...,step=1) or call reset_index() to keep index as column(s)
  ok, _c, _r, _ = write_pandas(conn, out, table_name=TABLE,
C:\Code\Ripple_v6\scripts\usaspending_contracts_full_load.py:176: UserWarning: Pandas Dataframe has non-standard index of type <class 'pandas.core.indexes.range.RangeIndex'> which will not be written. Consider changing the index to pd.RangeIndex(start=0,...,step=1) or call reset_index() to keep index as column(s)
  ok, _c, _r, _ = write_pandas(conn, out, table_name=TABLE,
C:\Code\Ripple_v6\scripts\usaspending_contracts_full_load.py:176: UserWarning: Pandas Dataframe has non-standard index of type <class 'pandas.core.indexes.range.RangeIndex'> which will not be written. Consider changing the index to pd.RangeIndex(start=0,...,step=1) or call reset_index() to keep index as column(s)
  ok, _c, _r, _ = write_pandas(conn, out, table_name=TABLE,
  2007-03: +338,060 rows in 128s (total 1,716,238)
C:\Code\Ripple_v6\scripts\usaspending_contracts_full_load.py:176: UserWarning: Pandas Dataframe has non-standard index of type <class 'pandas.core.indexes.range.RangeIndex'> which will not be written. Consider changing the index to pd.RangeIndex(start=0,...,step=1) or call reset_index() to keep index as column(s)
  ok, _c, _r, _ = write_pandas(conn, out, table_name=TABLE,
C:\Code\Ripple_v6\scripts\usaspending_contracts_full_load.py:176: UserWarning: Pandas Dataframe has non-standard index of type <class 'pandas.core.indexes.range.RangeIndex'> which will not be written. Consider changing the index to pd.RangeIndex(start=0,...,step=1) or call reset_index() to keep index as column(s)
  ok, _c, _r, _ = write_pandas(conn, out, table_name=TABLE,
C:\Code\Ripple_v6\scripts\usaspending_contracts_full_load.py:176: UserWarning: Pandas Dataframe has non-standard index of type <class 'pandas.core.indexes.range.RangeIndex'> which will not be written. Consider changing the index to pd.RangeIndex(start=0,...,step=1) or call reset_index() to keep index as column(s)
  ok, _c, _r, _ = write_pandas(conn, out, table_name=TABLE,
  2007-04: +346,656 rows in 124s (total 2,062,894)
C:\Code\Ripple_v6\scripts\usaspending_contracts_full_load.py:176: UserWarning: Pandas Dataframe has non-standard index of type <class 'pandas.core.indexes.range.RangeIndex'> which will not be written. Consider changing the index to pd.RangeIndex(start=0,...,step=1) or call reset_index() to keep index as column(s)
  ok, _c, _r, _ = write_pandas(conn, out, table_name=TABLE,
C:\Code\Ripple_v6\scripts\usaspending_contracts_full_load.py:176: UserWarning: Pandas Dataframe has non-standard index of type <class 'pandas.core.indexes.range.RangeIndex'> which will not be written. Consider changing the index to pd.RangeIndex(start=0,...,step=1) or call reset_index() to keep index as column(s)
  ok, _c, _r, _ = write_pandas(conn, out, table_name=TABLE,
C:\Code\Ripple_v6\scripts\usaspending_contracts_full_load.py:176: UserWarning: Pandas Dataframe has non-standard index of type <class 'pandas.core.indexes.range.RangeIndex'> which will not be written. Consider changing the index to pd.RangeIndex(start=0,...,step=1) or call reset_index() to keep index as column(s)
  ok, _c, _r, _ = write_pandas(conn, out, table_name=TABLE,
  2007-05: +329,936 rows in 127s (total 2,392,830)
C:\Code\Ripple_v6\scripts\usaspending_contracts_full_load.py:176: UserWarning: Pandas Dataframe has non-standard index of type <class 'pandas.core.indexes.range.RangeIndex'> which will not be written. Consider changing the index to pd.RangeIndex(start=0,...,step=1) or call reset_index() to keep index as column(s)
  ok, _c, _r, _ = write_pandas(conn, out, table_name=TABLE,
C:\Code\Ripple_v6\scripts\usaspending_contracts_full_load.py:176: UserWarning: Pandas Dataframe has non-standard index of type <class 'pandas.core.indexes.range.RangeIndex'> which will not be written. Consider changing the index to pd.RangeIndex(start=0,...,step=1) or call reset_index() to keep index as column(s)
  ok, _c, _r, _ = write_pandas(conn, out, table_name=TABLE,
C:\Code\Ripple_v6\scripts\usaspending_contracts_full_load.py:176: UserWarning: Pandas Dataframe has non-standard index of type <class 'pandas.core.indexes.range.RangeIndex'> which will not be written. Consider changing the index to pd.RangeIndex(start=0,...,step=1) or call reset_index() to keep index as column(s)
  ok, _c, _r, _ = write_pandas(conn, out, table_name=TABLE,
  2007-06: +328,934 rows in 136s (total 2,721,764)
C:\Code\Ripple_v6\scripts\usaspending_contracts_full_load.py:176: UserWarning: Pandas Dataframe has non-standard index of type <class 'pandas.core.indexes.range.RangeIndex'> which will not be written. Consider changing the index to pd.RangeIndex(start=0,...,step=1) or call reset_index() to keep index as column(s)
  ok, _c, _r, _ = write_pandas(conn, out, table_name=TABLE,
C:\Code\Ripple_v6\scripts\usaspending_contracts_full_load.py:176: UserWarning: Pandas Dataframe has non-standard index of type <class 'pandas.core.indexes.range.RangeIndex'> which will not be written. Consider changing the index to pd.RangeIndex(start=0,...,step=1) or call reset_index() to keep index as column(s)
  ok, _c, _r, _ = write_pandas(conn, out, table_name=TABLE,
C:\Code\Ripple_v6\scripts\usaspending_contracts_full_load.py:176: UserWarning: Pandas Dataframe has non-standard index of type <class 'pandas.core.indexes.range.RangeIndex'> which will not be written. Consider changing the index to pd.RangeIndex(start=0,...,step=1) or call reset_index() to keep index as column(s)
  ok, _c, _r, _ = write_pandas(conn, out, table_name=TABLE,
  2007-07: +363,535 rows in 127s (total 3,085,299)
C:\Code\Ripple_v6\scripts\usaspending_contracts_full_load.py:176: UserWarning: Pandas Dataframe has non-standard index of type <class 'pandas.core.indexes.range.RangeIndex'> which will not be written. Consider changing the index to pd.RangeIndex(start=0,...,step=1) or call reset_index() to keep index as column(s)
  ok, _c, _r, _ = write_pandas(conn, out, table_name=TABLE,
C:\Code\Ripple_v6\scripts\usaspending_contracts_full_load.py:176: UserWarning: Pandas Dataframe has non-standard index of type <class 'pandas.core.indexes.range.RangeIndex'> which will not be written. Consider changing the index to pd.RangeIndex(start=0,...,step=1) or call reset_index() to keep index as column(s)
  ok, _c, _r, _ = write_pandas(conn, out, table_name=TABLE,
C:\Code\Ripple_v6\scripts\usaspending_contracts_full_load.py:176: UserWarning: Pandas Dataframe has non-standard index of type <class 'pandas.core.indexes.range.RangeIndex'> which will not be written. Consider changing the index to pd.RangeIndex(start=0,...,step=1) or call reset_index() to keep index as column(s)
  ok, _c, _r, _ = write_pandas(conn, out, table_name=TABLE,
C:\Code\Ripple_v6\scripts\usaspending_contracts_full_load.py:176: UserWarning: Pandas Dataframe has non-standard index of type <class 'pandas.core.indexes.range.RangeIndex'> which will not be written. Consider changing the index to pd.RangeIndex(start=0,...,step=1) or call reset_index() to keep index as column(s)
  ok, _c, _r, _ = write_pandas(conn, out, table_name=TABLE,
  2007-08: +411,644 rows in 150s (total 3,496,943)
C:\Code\Ripple_v6\scripts\usaspending_contracts_full_load.py:176: UserWarning: Pandas Dataframe has non-standard index of type <class 'pandas.core.indexes.range.RangeIndex'> which will not be written. Consider changing the index to pd.RangeIndex(start=0,...,step=1) or call reset_index() to keep index as column(s)
  ok, _c, _r, _ = write_pandas(conn, out, table_name=TABLE,
C:\Code\Ripple_v6\scripts\usaspending_contracts_full_load.py:176: UserWarning: Pandas Dataframe has non-standard index of type <class 'pandas.core.indexes.range.RangeIndex'> which will not be written. Consider changing the index to pd.RangeIndex(start=0,...,step=1) or call reset_index() to keep index as column(s)
  ok, _c, _r, _ = write_pandas(conn, out, table_name=TABLE,
C:\Code\Ripple_v6\scripts\usaspending_contracts_full_load.py:176: UserWarning: Pandas Dataframe has non-standard index of type <class 'pandas.core.indexes.range.RangeIndex'> which will not be written. Consider changing the index to pd.RangeIndex(start=0,...,step=1) or call reset_index() to keep index as column(s)
  ok, _c, _r, _ = write_pandas(conn, out, table_name=TABLE,
C:\Code\Ripple_v6\scripts\usaspending_contracts_full_load.py:176: UserWarning: Pandas Dataframe has non-standard index of type <class 'pandas.core.indexes.range.RangeIndex'> which will not be written. Consider changing the index to pd.RangeIndex(start=0,...,step=1) or call reset_index() to keep index as column(s)
  ok, _c, _r, _ = write_pandas(conn, out, table_name=TABLE,
C:\Code\Ripple_v6\scripts\usaspending_contracts_full_load.py:176: UserWarning: Pandas Dataframe has non-standard index of type <class 'pandas.core.indexes.range.RangeIndex'> which will not be written. Consider changing the index to pd.RangeIndex(start=0,...,step=1) or call reset_index() to keep index as column(s)
  ok, _c, _r, _ = write_pandas(conn, out, table_name=TABLE,
  2007-09: +506,581 rows in 206s (total 4,003,524)
C:\Code\Ripple_v6\scripts\usaspending_contracts_full_load.py:176: UserWarning: Pandas Dataframe has non-standard index of type <class 'pandas.core.indexes.range.RangeIndex'> which will not be written. Consider changing the index to pd.RangeIndex(start=0,...,step=1) or call reset_index() to keep index as column(s)
  ok, _c, _r, _ = write_pandas(conn, out, table_name=TABLE,
C:\Code\Ripple_v6\scripts\usaspending_contracts_full_load.py:176: UserWarning: Pandas Dataframe has non-standard index of type <class 'pandas.core.indexes.range.RangeIndex'> which will not be written. Consider changing the index to pd.RangeIndex(start=0,...,step=1) or call reset_index() to keep index as column(s)
  ok, _c, _r, _ = write_pandas(conn, out, table_name=TABLE,
C:\Code\Ripple_v6\scripts\usaspending_contracts_full_load.py:176: UserWarning: Pandas Dataframe has non-standard index of type <class 'pandas.core.indexes.range.RangeIndex'> which will not be written. Consider changing the index to pd.RangeIndex(start=0,...,step=1) or call reset_index() to keep index as column(s)
  ok, _c, _r, _ = write_pandas(conn, out, table_name=TABLE,
  2007-10: +364,403 rows in 197s (total 4,367,927)
C:\Code\Ripple_v6\scripts\usaspending_contracts_full_load.py:176: UserWarning: Pandas Dataframe has non-standard index of type <class 'pandas.core.indexes.range.RangeIndex'> which will not be written. Consider changing the index to pd.RangeIndex(start=0,...,step=1) or call reset_index() to keep index as column(s)
  ok, _c, _r, _ = write_pandas(conn, out, table_name=TABLE,
C:\Code\Ripple_v6\scripts\usaspending_contracts_full_load.py:176: UserWarning: Pandas Dataframe has non-standard index of type <class 'pandas.core.indexes.range.RangeIndex'> which will not be written. Consider changing the index to pd.RangeIndex(start=0,...,step=1) or call reset_index() to keep index as column(s)
  ok, _c, _r, _ = write_pandas(conn, out, table_name=TABLE,
  2007-11: +278,255 rows in 120s (total 4,646,182)
C:\Code\Ripple_v6\scripts\usaspending_contracts_full_load.py:176: UserWarning: Pandas Dataframe has non-standard index of type <class 'pandas.core.indexes.range.RangeIndex'> which will not be written. Consider changing the index to pd.RangeIndex(start=0,...,step=1) or call reset_index() to keep index as column(s)
  ok, _c, _r, _ = write_pandas(conn, out, table_name=TABLE,
C:\Code\Ripple_v6\scripts\usaspending_contracts_full_load.py:176: UserWarning: Pandas Dataframe has non-standard index of type <class 'pandas.core.indexes.range.RangeIndex'> which will not be written. Consider changing the index to pd.RangeIndex(start=0,...,step=1) or call reset_index() to keep index as column(s)
  ok, _c, _r, _ = write_pandas(conn, out, table_name=TABLE,
  2007-12: +264,431 rows in 135s (total 4,910,613)
C:\Code\Ripple_v6\scripts\usaspending_contracts_full_load.py:176: UserWarning: Pandas Dataframe has non-standard index of type <class 'pandas.core.indexes.range.RangeIndex'> which will not be written. Consider changing the index to pd.RangeIndex(start=0,...,step=1) or call reset_index() to keep index as column(s)
  ok, _c, _r, _ = write_pandas(conn, out, table_name=TABLE,
C:\Code\Ripple_v6\scripts\usaspending_contracts_full_load.py:176: UserWarning: Pandas Dataframe has non-standard index of type <class 'pandas.core.indexes.range.RangeIndex'> which will not be written. Consider changing the index to pd.RangeIndex(start=0,...,step=1) or call reset_index() to keep index as column(s)
  ok, _c, _r, _ = write_pandas(conn, out, table_name=TABLE,
C:\Code\Ripple_v6\scripts\usaspending_contracts_full_load.py:176: UserWarning: Pandas Dataframe has non-standard index of type <class 'pandas.core.indexes.range.RangeIndex'> which will not be written. Consider changing the index to pd.RangeIndex(start=0,...,step=1) or call reset_index() to keep index as column(s)
  ok, _c, _r, _ = write_pandas(conn, out, table_name=TABLE,
  2008-01: +364,227 rows in 136s (total 5,274,840)
C:\Code\Ripple_v6\scripts\usaspending_contracts_full_load.py:176: UserWarning: Pandas Dataframe has non-standard index of type <class 'pandas.core.indexes.range.RangeIndex'> which will not be written. Consider changing the index to pd.RangeIndex(start=0,...,step=1) or call reset_index() to keep index as column(s)
  ok, _c, _r, _ = write_pandas(conn, out, table_name=TABLE,
C:\Code\Ripple_v6\scripts\usaspending_contracts_full_load.py:176: UserWarning: Pandas Dataframe has non-standard index of type <class 'pandas.core.indexes.range.RangeIndex'> which will not be written. Consider changing the index to pd.RangeIndex(start=0,...,step=1) or call reset_index() to keep index as column(s)
  ok, _c, _r, _ = write_pandas(conn, out, table_name=TABLE,
C:\Code\Ripple_v6\scripts\usaspending_contracts_full_load.py:176: UserWarning: Pandas Dataframe has non-standard index of type <class 'pandas.core.indexes.range.RangeIndex'> which will not be written. Consider changing the index to pd.RangeIndex(start=0,...,step=1) or call reset_index() to keep index as column(s)
  ok, _c, _r, _ = write_pandas(conn, out, table_name=TABLE,
  2008-02: +333,313 rows in 125s (total 5,608,153)
C:\Code\Ripple_v6\scripts\usaspending_contracts_full_load.py:176: UserWarning: Pandas Dataframe has non-standard index of type <class 'pandas.core.indexes.range.RangeIndex'> which will not be written. Consider changing the index to pd.RangeIndex(start=0,...,step=1) or call reset_index() to keep index as column(s)
  ok, _c, _r, _ = write_pandas(conn, out, table_name=TABLE,
C:\Code\Ripple_v6\scripts\usaspending_contracts_full_load.py:176: UserWarning: Pandas Dataframe has non-standard index of type <class 'pandas.core.indexes.range.RangeIndex'> which will not be written. Consider changing the index to pd.RangeIndex(start=0,...,step=1) or call reset_index() to keep index as column(s)
  ok, _c, _r, _ = write_pandas(conn, out, table_name=TABLE,
C:\Code\Ripple_v6\scripts\usaspending_contracts_full_load.py:176: UserWarning: Pandas Dataframe has non-standard index of type <class 'pandas.core.indexes.range.RangeIndex'> which will not be written. Consider changing the index to pd.RangeIndex(start=0,...,step=1) or call reset_index() to keep index as column(s)
  ok, _c, _r, _ = write_pandas(conn, out, table_name=TABLE,
  2008-03: +352,485 rows in 137s (total 5,960,638)
C:\Code\Ripple_v6\scripts\usaspending_contracts_full_load.py:176: UserWarning: Pandas Dataframe has non-standard index of type <class 'pandas.core.indexes.range.RangeIndex'> which will not be written. Consider changing the index to pd.RangeIndex(start=0,...,step=1) or call reset_index() to keep index as column(s)
  ok, _c, _r, _ = write_pandas(conn, out, table_name=TABLE,
C:\Code\Ripple_v6\scripts\usaspending_contracts_full_load.py:176: UserWarning: Pandas Dataframe has non-standard index of type <class 'pandas.core.indexes.range.RangeIndex'> which will not be written. Consider changing the index to pd.RangeIndex(start=0,...,step=1) or call reset_index() to keep index as column(s)
  ok, _c, _r, _ = write_pandas(conn, out, table_name=TABLE,
C:\Code\Ripple_v6\scripts\usaspending_contracts_full_load.py:176: UserWarning: Pandas Dataframe has non-standard index of type <class 'pandas.core.indexes.range.RangeIndex'> which will not be written. Consider changing the index to pd.RangeIndex(start=0,...,step=1) or call reset_index() to keep index as column(s)
  ok, _c, _r, _ = write_pandas(conn, out, table_name=TABLE,
  2008-04: +388,768 rows in 176s (total 6,349,406)
C:\Code\Ripple_v6\scripts\usaspending_contracts_full_load.py:176: UserWarning: Pandas Dataframe has non-standard index of type <class 'pandas.core.indexes.range.RangeIndex'> which will not be written. Consider changing the index to pd.RangeIndex(start=0,...,step=1) or call reset_index() to keep index as column(s)
  ok, _c, _r, _ = write_pandas(conn, out, table_name=TABLE,
C:\Code\Ripple_v6\scripts\usaspending_contracts_full_load.py:176: UserWarning: Pandas Dataframe has non-standard index of type <class 'pandas.core.indexes.range.RangeIndex'> which will not be written. Consider changing the index to pd.RangeIndex(start=0,...,step=1) or call reset_index() to keep index as column(s)
  ok, _c, _r, _ = write_pandas(conn, out, table_name=TABLE,
C:\Code\Ripple_v6\scripts\usaspending_contracts_full_load.py:176: UserWarning: Pandas Dataframe has non-standard index of type <class 'pandas.core.indexes.range.RangeIndex'> which will not be written. Consider changing the index to pd.RangeIndex(start=0,...,step=1) or call reset_index() to keep index as column(s)
  ok, _c, _r, _ = write_pandas(conn, out, table_name=TABLE,
  2008-05: +344,929 rows in 160s (total 6,694,335)
