2026-09-09 19:30:47  batch start: 48 specs
2026-09-09 19:30:47  --> FED_CMS_PARTB_PROVIDER_DY2013
2026-09-09 19:30:53  <-- FED_CMS_PARTB_PROVIDER_DY2013  skip  rows=  0.1 min
2026-09-09 19:30:53  --> FED_CMS_PARTB_PROVIDER_DY2014
2026-09-09 19:36:43  <-- FED_CMS_PARTB_PROVIDER_DY2014  success  rows=986,657  5.8 min
2026-09-09 19:36:43  --> FED_CMS_PARTB_PROVIDER_DY2015
2026-09-09 19:42:00  <-- FED_CMS_PARTB_PROVIDER_DY2015  success  rows=1,019,377  5.3 min
2026-09-09 19:42:00  --> FED_CMS_PARTB_PROVIDER_DY2016
2026-09-09 19:46:49  <-- FED_CMS_PARTB_PROVIDER_DY2016  success  rows=1,053,958  4.8 min
2026-09-09 19:46:49  --> FED_CMS_PARTB_PROVIDER_DY2017
2026-09-09 19:55:12  <-- FED_CMS_PARTB_PROVIDER_DY2017  success  rows=1,088,687  8.4 min
2026-09-09 19:55:12  --> FED_CMS_PARTB_PROVIDER_DY2018
2026-09-09 20:02:43  <-- FED_CMS_PARTB_PROVIDER_DY2018  success  rows=1,121,462  7.5 min
2026-09-09 20:02:43  --> FED_CMS_PARTB_PROVIDER_DY2019
2026-09-09 20:10:33  <-- FED_CMS_PARTB_PROVIDER_DY2019  success  rows=1,155,870  7.8 min
2026-09-09 20:10:33  --> FED_CMS_PARTB_PROVIDER_DY2020
2026-09-09 20:18:41  <-- FED_CMS_PARTB_PROVIDER_DY2020  success  rows=1,161,542  8.1 min
2026-09-09 20:18:41  --> FED_CMS_PARTB_PROVIDER_DY2021
2026-09-09 20:19:14  batch start: 24 specs
2026-09-09 20:19:14  --> FED_CMS_PARTB_PROVIDER_DY2013
2026-09-09 20:19:19  <-- FED_CMS_PARTB_PROVIDER_DY2013  skip  rows=  0.1 min
2026-09-09 20:19:19  --> FED_CMS_PARTB_PROVIDER_DY2014
2026-09-09 20:19:23  <-- FED_CMS_PARTB_PROVIDER_DY2014  skip  rows=  0.1 min
2026-09-09 20:19:23  --> FED_CMS_PARTB_PROVIDER_DY2015
2026-09-09 20:19:29  <-- FED_CMS_PARTB_PROVIDER_DY2015  skip  rows=  0.1 min
2026-09-09 20:19:29  --> FED_CMS_PARTB_PROVIDER_DY2016
2026-09-09 20:19:34  <-- FED_CMS_PARTB_PROVIDER_DY2016  skip  rows=  0.1 min
2026-09-09 20:19:34  --> FED_CMS_PARTB_PROVIDER_DY2017
2026-09-09 20:19:40  <-- FED_CMS_PARTB_PROVIDER_DY2017  skip  rows=  0.1 min
2026-09-09 20:19:40  --> FED_CMS_PARTB_PROVIDER_DY2018
2026-09-09 20:19:45  <-- FED_CMS_PARTB_PROVIDER_DY2018  skip  rows=  0.1 min
2026-09-09 20:19:45  --> FED_CMS_PARTB_PROVIDER_DY2019
2026-09-09 20:19:50  <-- FED_CMS_PARTB_PROVIDER_DY2019  skip  rows=  0.1 min
2026-09-09 20:19:50  --> FED_CMS_PARTB_PROVIDER_DY2020
2026-09-09 20:19:55  <-- FED_CMS_PARTB_PROVIDER_DY2020  skip  rows=  0.1 min
2026-09-09 20:19:55  --> FED_CMS_PARTB_PROVIDER_DY2021
2026-09-09 20:29:53  <-- FED_CMS_PARTB_PROVIDER_DY2021  success  rows=1,198,754  10.0 min
2026-09-09 20:29:53  --> FED_CMS_PARTB_PROVIDER_DY2022
2026-09-09 20:34:07  <-- FED_CMS_PARTB_PROVIDER_DY2022  FAILED rc=1  rows=  4.2 min
2026-09-09 20:34:07  --> FED_CMS_PARTB_PROVIDER_DY2023
2026-09-09 20:42:33  <-- FED_CMS_PARTB_PROVIDER_DY2023  success  rows=1,259,343  8.4 min
2026-09-09 20:42:33  --> FED_CMS_PARTB_PROVIDER_DY2024
2026-09-09 20:49:33  <-- FED_CMS_PARTB_PROVIDER_DY2024  success  rows=1,296,739  7.0 min
2026-09-09 20:49:33  --> FED_CMS_PARTD_PRESCRIBER_DY2013
2026-09-09 20:57:19  <-- FED_CMS_PARTD_PRESCRIBER_DY2013  success  rows=1,049,299  7.8 min
2026-09-09 20:57:19  --> FED_CMS_PARTD_PRESCRIBER_DY2014
2026-09-09 21:05:06  <-- FED_CMS_PARTD_PRESCRIBER_DY2014  success  rows=1,072,978  7.8 min
2026-09-09 21:05:06  --> FED_CMS_PARTD_PRESCRIBER_DY2015
2026-09-09 21:11:57  <-- FED_CMS_PARTD_PRESCRIBER_DY2015  success  rows=1,102,253  6.9 min
2026-09-09 21:11:57  --> FED_CMS_PARTD_PRESCRIBER_DY2016
2026-09-09 21:18:49  <-- FED_CMS_PARTD_PRESCRIBER_DY2016  success  rows=1,131,550  6.9 min
2026-09-09 21:18:49  --> FED_CMS_PARTD_PRESCRIBER_DY2017
2026-09-09 21:25:55  <-- FED_CMS_PARTD_PRESCRIBER_DY2017  success  rows=1,162,898  7.1 min
2026-09-09 21:25:55  --> FED_CMS_PARTD_PRESCRIBER_DY2018
2026-09-09 21:35:01  <-- FED_CMS_PARTD_PRESCRIBER_DY2018  success  rows=1,204,935  9.1 min
2026-09-09 21:35:01  --> FED_CMS_PARTD_PRESCRIBER_DY2019
2026-09-09 21:43:14  <-- FED_CMS_PARTD_PRESCRIBER_DY2019  success  rows=1,240,595  8.2 min
2026-09-09 21:43:14  --> FED_CMS_PARTD_PRESCRIBER_DY2020
2026-09-09 21:49:46  <-- FED_CMS_PARTD_PRESCRIBER_DY2020  success  rows=1,255,175  6.5 min
2026-09-09 21:49:46  --> FED_CMS_PARTD_PRESCRIBER_DY2021
2026-09-09 21:59:09  <-- FED_CMS_PARTD_PRESCRIBER_DY2021  success  rows=1,287,454  9.4 min
2026-09-09 21:59:09  --> FED_CMS_PARTD_PRESCRIBER_DY2022
2026-09-09 22:08:26  <-- FED_CMS_PARTD_PRESCRIBER_DY2022  success  rows=1,332,309  9.3 min
2026-09-09 22:08:26  --> FED_CMS_PARTD_PRESCRIBER_DY2023
2026-09-09 22:17:05  <-- FED_CMS_PARTD_PRESCRIBER_DY2023  success  rows=1,380,665  8.7 min
2026-09-09 22:17:05  --> FED_CMS_PARTD_PRESCRIBER_DY2024
2026-09-09 22:26:35  <-- FED_CMS_PARTD_PRESCRIBER_DY2024  success  rows=1,416,883  9.5 min
2026-09-09 22:26:35  batch done
2026-09-09 22:26:53  batch start: 12 specs
2026-09-09 22:26:53  --> FED_CMS_PARTB_PROVIDER_DY2013
2026-09-09 22:26:58  <-- FED_CMS_PARTB_PROVIDER_DY2013  skip  rows=  0.1 min
2026-09-09 22:26:58  --> FED_CMS_PARTB_PROVIDER_DY2014
2026-09-09 22:27:02  <-- FED_CMS_PARTB_PROVIDER_DY2014  skip  rows=  0.1 min
2026-09-09 22:27:02  --> FED_CMS_PARTB_PROVIDER_DY2015
2026-09-09 22:27:06  <-- FED_CMS_PARTB_PROVIDER_DY2015  skip  rows=  0.1 min
2026-09-09 22:27:06  --> FED_CMS_PARTB_PROVIDER_DY2016
2026-09-09 22:27:11  <-- FED_CMS_PARTB_PROVIDER_DY2016  skip  rows=  0.1 min
2026-09-09 22:27:11  --> FED_CMS_PARTB_PROVIDER_DY2017
2026-09-09 22:27:15  <-- FED_CMS_PARTB_PROVIDER_DY2017  skip  rows=  0.1 min
2026-09-09 22:27:15  --> FED_CMS_PARTB_PROVIDER_DY2018
2026-09-09 22:27:18  <-- FED_CMS_PARTB_PROVIDER_DY2018  skip  rows=  0.1 min
2026-09-09 22:27:18  --> FED_CMS_PARTB_PROVIDER_DY2019
2026-09-09 22:27:22  <-- FED_CMS_PARTB_PROVIDER_DY2019  skip  rows=  0.1 min
2026-09-09 22:27:22  --> FED_CMS_PARTB_PROVIDER_DY2020
2026-09-09 22:27:26  <-- FED_CMS_PARTB_PROVIDER_DY2020  skip  rows=  0.1 min
2026-09-09 22:27:26  --> FED_CMS_PARTB_PROVIDER_DY2021
2026-09-09 22:27:30  <-- FED_CMS_PARTB_PROVIDER_DY2021  skip  rows=  0.1 min
2026-09-09 22:27:30  --> FED_CMS_PARTB_PROVIDER_DY2022
2026-09-09 22:34:40  <-- FED_CMS_PARTB_PROVIDER_DY2022  success  rows=1,230,293  7.2 min
2026-09-09 22:34:40  --> FED_CMS_PARTB_PROVIDER_DY2023
2026-09-09 22:34:44  <-- FED_CMS_PARTB_PROVIDER_DY2023  skip  rows=  0.1 min
2026-09-09 22:34:44  --> FED_CMS_PARTB_PROVIDER_DY2024
2026-09-09 22:34:48  <-- FED_CMS_PARTB_PROVIDER_DY2024  skip  rows=  0.1 min
2026-09-09 22:34:48  batch done
