Traceback (most recent call last):
  File "C:\Code\Ripple_v6\.venv\Lib\site-packages\requests\models.py", line 820, in generate
    yield from self.raw.stream(chunk_size, decode_content=True)
  File "C:\Code\Ripple_v6\.venv\Lib\site-packages\urllib3\response.py", line 1260, in stream
    yield from self.read_chunked(amt, decode_content=decode_content)
  File "C:\Code\Ripple_v6\.venv\Lib\site-packages\urllib3\response.py", line 1430, in read_chunked
    self._update_chunk_length()
  File "C:\Code\Ripple_v6\.venv\Lib\site-packages\urllib3\response.py", line 1354, in _update_chunk_length
    raise ProtocolError("Response ended prematurely") from None
urllib3.exceptions.ProtocolError: Response ended prematurely

During handling of the above exception, another exception occurred:

Traceback (most recent call last):
  File "C:\Code\Ripple_v6\scripts\fda_faers_load.py", line 180, in <module>
    main()
  File "C:\Code\Ripple_v6\scripts\fda_faers_load.py", line 166, in main
    counts = load_quarter(conn, q, existing)
             ^^^^^^^^^^^^^^^^^^^^^^^^^^^^^^^
  File "C:\Code\Ripple_v6\scripts\fda_faers_load.py", line 103, in load_quarter
    resp = requests.get(url, timeout=1800, headers=USER_AGENT)
           ^^^^^^^^^^^^^^^^^^^^^^^^^^^^^^^^^^^^^^^^^^^^^^^^^^^
  File "C:\Code\Ripple_v6\.venv\Lib\site-packages\requests\api.py", line 73, in get
    return request("get", url, params=params, **kwargs)
           ^^^^^^^^^^^^^^^^^^^^^^^^^^^^^^^^^^^^^^^^^^^^
  File "C:\Code\Ripple_v6\.venv\Lib\site-packages\requests\api.py", line 59, in request
    return session.request(method=method, url=url, **kwargs)
           ^^^^^^^^^^^^^^^^^^^^^^^^^^^^^^^^^^^^^^^^^^^^^^^^^
  File "C:\Code\Ripple_v6\.venv\Lib\site-packages\requests\sessions.py", line 589, in request
    resp = self.send(prep, **send_kwargs)
           ^^^^^^^^^^^^^^^^^^^^^^^^^^^^^^
  File "C:\Code\Ripple_v6\.venv\Lib\site-packages\requests\sessions.py", line 746, in send
    r.content
  File "C:\Code\Ripple_v6\.venv\Lib\site-packages\requests\models.py", line 902, in content
    self._content = b"".join(self.iter_content(CONTENT_CHUNK_SIZE)) or b""
                    ^^^^^^^^^^^^^^^^^^^^^^^^^^^^^^^^^^^^^^^^^^^^^^^
  File "C:\Code\Ripple_v6\.venv\Lib\site-packages\requests\models.py", line 822, in generate
    raise ChunkedEncodingError(e)
requests.exceptions.ChunkedEncodingError: Response ended prematurely
