Traceback (most recent call last):
  File "C:\Code\Ripple_v6\.venv\Lib\site-packages\urllib3\response.py", line 905, in _error_catcher
    yield
  File "C:\Code\Ripple_v6\.venv\Lib\site-packages\urllib3\response.py", line 1043, in _raw_read
    raise IncompleteRead(self._fp_bytes_read, self.length_remaining)
urllib3.exceptions.IncompleteRead: IncompleteRead(6984751 bytes read, 79310344 more expected)

The above exception was the direct cause of the following exception:

Traceback (most recent call last):
  File "C:\Code\Ripple_v6\.venv\Lib\site-packages\requests\models.py", line 820, in generate
    yield from self.raw.stream(chunk_size, decode_content=True)
  File "C:\Code\Ripple_v6\.venv\Lib\site-packages\urllib3\response.py", line 1267, in stream
    data = self.read(amt=amt, decode_content=decode_content)
           ^^^^^^^^^^^^^^^^^^^^^^^^^^^^^^^^^^^^^^^^^^^^^^^^^
  File "C:\Code\Ripple_v6\.venv\Lib\site-packages\urllib3\response.py", line 1155, in read
    data = self._raw_read(amt)
           ^^^^^^^^^^^^^^^^^^^
  File "C:\Code\Ripple_v6\.venv\Lib\site-packages\urllib3\response.py", line 1021, in _raw_read
    with self._error_catcher():
         ^^^^^^^^^^^^^^^^^^^^^
  File "C:\Users\wroge\AppData\Local\Programs\Python\Python312\Lib\contextlib.py", line 158, in __exit__
    self.gen.throw(value)
  File "C:\Code\Ripple_v6\.venv\Lib\site-packages\urllib3\response.py", line 925, in _error_catcher
    raise ProtocolError(arg, e) from e
urllib3.exceptions.ProtocolError: ('Connection broken: IncompleteRead(6984751 bytes read, 79310344 more expected)', IncompleteRead(6984751 bytes read, 79310344 more expected))

During handling of the above exception, another exception occurred:

Traceback (most recent call last):
  File "C:\Code\Ripple_v6\scripts\sec_13f_load.py", line 160, in <module>
    main()
  File "C:\Code\Ripple_v6\scripts\sec_13f_load.py", line 144, in main
    counts = load_zip(conn, u, existing)
             ^^^^^^^^^^^^^^^^^^^^^^^^^^^
  File "C:\Code\Ripple_v6\scripts\sec_13f_load.py", line 86, in load_zip
    resp = requests.get(url, timeout=3600, headers=USER_AGENT)
           ^^^^^^^^^^^^^^^^^^^^^^^^^^^^^^^^^^^^^^^^^^^^^^^^^^^
  File "C:\Code\Ripple_v6\.venv\Lib\site-packages\requests\api.py", line 73, in get
    return request("get", url, params=params, **kwargs)
           ^^^^^^^^^^^^^^^^^^^^^^^^^^^^^^^^^^^^^^^^^^^^
  File "C:\Code\Ripple_v6\.venv\Lib\site-packages\requests\api.py", line 59, in request
    return session.request(method=method, url=url, **kwargs)
           ^^^^^^^^^^^^^^^^^^^^^^^^^^^^^^^^^^^^^^^^^^^^^^^^^
  File "C:\Code\Ripple_v6\.venv\Lib\site-packages\requests\sessions.py", line 589, in request
    resp = self.send(prep, **send_kwargs)
           ^^^^^^^^^^^^^^^^^^^^^^^^^^^^^^
  File "C:\Code\Ripple_v6\.venv\Lib\site-packages\requests\sessions.py", line 746, in send
    r.content
  File "C:\Code\Ripple_v6\.venv\Lib\site-packages\requests\models.py", line 902, in content
    self._content = b"".join(self.iter_content(CONTENT_CHUNK_SIZE)) or b""
                    ^^^^^^^^^^^^^^^^^^^^^^^^^^^^^^^^^^^^^^^^^^^^^^^
  File "C:\Code\Ripple_v6\.venv\Lib\site-packages\requests\models.py", line 822, in generate
    raise ChunkedEncodingError(e)
requests.exceptions.ChunkedEncodingError: ('Connection broken: IncompleteRead(6984751 bytes read, 79310344 more expected)', IncompleteRead(6984751 bytes read, 79310344 more expected))
