===== q07 (stmt 7) 499113 rows
PGM_SYS_ID | ACTIVITY_ID | COMP_MONITOR_TYPE_CODE | STATE_EPA_FLAG | ACTUAL_END_DATE | FACILITY_RPT_DEVIATION_FLAG
GA0000001328500045 | 3401322890 | TVA | S | 2006-02-13 | 
CASJV00006099N3038 | 3602205790 | TVA | L | 2018-10-18 | 
AL0000000107100010 | 3401176388 | TVA | S | 2004-09-09 | 
SC00010000021 | 3401537437 | TVA | S | 2008-02-24 | 
TX0000004803900667 | 3600350046 | TVA | S | 2013-08-27 | N
IL000097125AAA | 3600717940 | TVA | S | 2016-04-29 | Y
LA0000002200300070 | 3401957854 | TVA | S | 2006-03-23 | 
VA0000005106900011 | 3401052229 | TVA | S | 2010-01-19 | 
CASJV00006019C0825 | 3602235039 | TVA | L | 2019-01-28 | 
TNCHC0004706505525 | 3401545096 | TVA | L | 2004-02-01 | 
CASJV00006019C5370 | 3601738808 | TVA | L | 2018-12-14 | 
GA0000001311500021 | 3401335879 | TVA | S | 2010-01-29 | 
FL0000001209900518 | 3401268459 | TVA | S | 2008-11-12 | 
TX0000004803900126 | 3402086239 | TVA | S | 2011-06-22 | N
TX0000004825700031 | 3601752454 | TVA | S | 2019-02-05 | Y
NY0000004010100171 | 3400599574 | TVA | S | 2010-01-29 | 
MS0000002811500042 | 3401378801 | TVA | S | 2009-04-19 | 
IN0000001814500049 | 3601325365 | TVA | S | 2018-01-22 | 
IN0000001808900383 | 3603952052 | TVA | S | 2024-04-05 | 
FL0000001205700417 | 3401261441 | TVA | S | 2003-04-06 | 
UT0000004903500604 | 3402388997 | TVA | S | 2013-04-25 | N
WV00003900101 | 3401146010 | TVA | S | 2013-04-23 | N
CASJV00006029S3461 | 3603003734 | TVA | L | 2017-05-22 | 
DE0000001000300365 | 3400736392 | TVA | S | 2007-02-21 | N
WV00010700001 | 3401140809 | TVA | S | 2013-04-29 | Y
MS0000002813700026 | 3600995013 | TVA | S | 2017-02-02 | N
CASJV00006029S0071 | 3601921112 | TVA | L | 2019-01-16 | 
MN0000002716300002 | 3604883937 | TVA | S | 2026-01-28 | 
IN0000001801703118 | 3601352510 | TVA | S | 2018-01-04 | 
IN0000001808900449 | 3600113721 | TVA | S | 2014-04-11 | 
TX0000004820100073 | 3600348917 | TVA | S | 2012-08-30 | Y
LA0000002200100143 | 3601488192 | TVA | S | 2015-01-26 | N
CASJV00006029S3431 | 3601314799 | TVA | L | 2017-07-27 | 
NY0000001472200107 | 3400589970 | TVA | S | 2014-03-04 | 
LA0000002207500287 | 3604882154 | TVA | S | 2026-03-25 | N
NM0000003503900036 | 3401967951 | TVA | S | 2007-04-08 | Y
PA000252420 | 3400911218 | TVA | S | 2002-08-27 | 
IN0000001805700042 | 3401705469 | TVA | S | 2012-06-28 | 
NY0000002630800233 | 3400672099 | TVA | S | 2005-05-02 | N
CASJV00006029S1234 | 3603169287 | TVA | L | 2022-05-10 | N
HI0000001500100022 | 3402518651 | TVA | S | 2011-04-06 | 
IN0000001877705336 | 3604689912 | TVA | S | 2025-04-11 | N
IN0000001877703273 | 3600048451 | TVA | S | 2003-04-15 | 
PR0000007212700028 | 3601959415 | TVA | S | 2019-03-18 | N
NY0000002610200086 | 3400658641 | TVA | S | 2013-04-30 | 
NE0000003117900011 | 3600013024 | TVA | S | 2012-03-07 | 
AK0000000202000053 | 3402536887 | TVA | S |  | 
LA0000002203700005 | 3401931118 | TVA | S | 2004-05-20 | N
AR0000000509100005 | 3602102869 | TVA | S | 2020-02-03 | Y
CASJV00006039C0495 | 3402467732 | TVA | L | 2009-02-19 | 
IN0000001816500083 | 3401711824 | TVA | S | 2010-05-20 | 
MD0000002401700014 | 3400785496 | TVA | S | 2006-09-04 | 
IN0000001814700020 | 3401676849 | TVA | S | 2013-06-07 | 
CASJV00006029S0350 | 3602978633 | TVA | L | 2017-05-30 | 
NH0000003301300026 | 3400499644 | TVA | S | 2010-05-31 | 
CO0000000812305468 | 3601769087 | TVA | S | 2020-02-25 | N
NV00000032013N3145 | 3603227295 | TVA | S | 2021-12-31 | N
CASJV00006099N3243 | 3601498467 | TVA | L | 2017-11-03 | 
TN0000004716300003 | 3401560100 | TVA | S | 2008-08-26 | N
TX0000004820101291 | 3402084745 | TVA | S | 2009-07-09 | 
===== q08 (stmt 8) 457581 rows
PGM_SYS_ID | PROGRAM_CODE | AIR_OPERATING_STATUS_CODE | BEGIN_DATE | UPDATED_DATE
VA0000005115300821 | CAASIP | OPR | 03/31/2015 | 03/31/2015
OK0000004007300363 | CAAMACT | OPR | 03/14/2017 | 03/23/2017
IL000031183AEQ | CAASIP | OPR | 09/29/2025 | 09/29/2025
AL0000000110300078 | CAAFESOP | OPR | 10/19/2014 | 10/19/2014
OH0000001667060141 | CAAMACT | CLS | 07/26/2024 | 07/26/2024
OH0000003902500292 | CAASIP | OPR | 10/19/2014 | 10/19/2014
MD0000002404300251 | CAASIP | OPR | 10/19/2014 | 10/19/2014
MA0000002511900482 | CAAFESOP | CLS | 10/19/2014 | 10/19/2014
SC00013400021 | CAAPSD | OPR | 01/01/2023 | 11/10/2022
OH0000000812100475 | CAASIP | CLS | 03/12/2015 | 03/12/2015
SC00018600056 | CAASIP | OPR | 07/01/2020 | 06/23/2020
LA0000002204700074 | CAASIP | OPR | 12/20/2018 | 02/28/2019
KS0000002009700056 | CAANSPS | OPR | 10/19/2014 | 10/19/2014
KY0000002119900018 | CAATVP | OPR | 12/23/2014 | 12/23/2014
GA0000001324500175 | CAASIP | CLS | 06/21/2018 | 06/22/2018
NE0000003177703151 | CAASIP | TMP | 11/13/2014 | 11/13/2014
VA0000005171000119 | CAASIP | OPR | 03/31/2015 | 03/31/2015
TX0000004824500182 | CAASIP | OPR | 10/19/2014 | 10/19/2014
MD0000002403101135 | CAASIP | CLS | 10/19/2014 | 10/19/2014
PA000639971 | CAASIP | OPR | 07/03/2003 | 03/09/2017
VA0000005170000141 | CAAMACT | OPR | 10/19/2014 | 10/19/2014
FL0000001277705148 | CAASIP | OPR | 10/19/2014 | 10/19/2014
TX0000004877702230 | CAATVP | OPR | 03/19/2026 | 03/19/2026
LA0000002203100837 | CAAMACT | OPR | 06/19/1969 | 07/16/2018
NM0000003501502666 | CAANSPS | OPR | 03/07/2025 | 03/09/2025
NY0000002630100646 | CAASIP | CLS | 10/19/2014 | 10/19/2014
NC0000003704400813 | CAASIP | OPR | 11/20/2015 | 11/20/2015
CASCA0000603700056 | CAASIP | OPR | 10/27/2020 | 11/16/2024
CO000000081230A0D4 | CAASIP | OPR | 11/12/2020 | 11/12/2020
OH0000000149000088 | CAASIP | CLS | 05/10/2019 | 05/10/2019
NM0000003501501538 | CAANSR | OPR | 10/10/2020 | 04/04/2022
CASJV00006107S4431 | CAASIP | CLS | 05/02/2017 | 05/02/2017
NC0000003704900195 | CAAMACT | CLS | 08/12/2021 | 08/12/2021
FL0000001201102313 | CAASIP | CLS | 08/14/2020 | 08/14/2020
TX0000004848300013 | CAATVP | OPR | 03/19/2026 | 03/19/2026
IL000149080AAF | CAASIP | CLS | 10/19/2014 | 10/19/2014
CO0000000812309405 | CAASIP | OPR | 04/25/2017 | 04/25/2017
IAPLK0001915303309 | CAANSPSM | OPR | 12/05/2018 | 12/05/2018
OK0000004012300014 | CAASIP | OPR | 10/19/2014 | 10/19/2014
NM0000003504501099 | CAASIP | OPR | 04/05/2023 | 04/27/2023
NC0000003703100121 | CAAMACT | OPR | 11/13/2018 | 11/13/2018
OK0000004007185001 | CAANSPS | OPR | 10/19/2014 | 10/19/2014
AL0000000109700077 | CAAFESOP | CLS | 10/19/2014 | 10/19/2014
NY0000002610500069 | CAASIP | OPR | 10/19/2014 | 10/19/2014
020000003400340001 | CAAMACT | OPR | 10/19/2014 | 10/19/2014
IA0000001913100050 | CAAMACT | OPR | 10/19/2014 | 10/19/2014
OH0000000448011985 | CAASIP | OPR | 09/01/2017 | 09/01/2017
CO0000000812309293 | CAASIP | OPR | 11/10/2022 | 11/10/2022
MD0000002400900068 | CAASIP | OPR | 10/19/2014 | 10/19/2014
OH0000001483000144 | CAATVP | OPR | 10/19/2014 | 10/19/2014
CO0000000812300079 | CAASIP | OPR | 10/27/2015 | 10/27/2015
LA0000002202700142 | CAASIP | CLS | 10/19/2014 | 10/19/2014
AR0000000504900028 | CAASIP | OPR | 10/19/2014 | 10/19/2014
NECOO0003105500692 | CAASIP | OPR | 10/12/2023 | 10/12/2023
AR0000000508300719 | CAANSPS | CLS | 10/19/2014 | 10/19/2014
IN0000001813500033 | CAANSPS | OPR | 07/28/2026 | 07/28/2026
AZMCA004013X138761 | CAATVP | CLS | 04/30/2020 | 11/16/2023
LA0000002203300158 | CAASIP | CLS | 10/19/2014 | 10/19/2014
OH0000001409011031 | CAAMACT | OPR | 03/05/2021 | 03/05/2021
NM0000003502500297 | CAASIP | OPR | 10/19/2014 | 10/19/2014
===== q09 (stmt 9) 102037 rows
PGM_SYS_ID | ACTIVITY_ID | AGENCY_TYPE_DESC | STATE_CODE | ENF_RESPONSE_POLICY_CODE | PROGRAM_CODES | POLLUTANT_DESCS | EARLIEST_FRV_DETERM_DATE | HPV_DAYZERO_DATE | HPV_RESOLVED_DATE
PAPAM0004210106020 | 3605028395 | Local | PA | FRV | CAASIP | FACIL | 2026-07-31 |  | 
WAORC0005300900007 | 3605028384 | Local | WA | FRV | CAATVP |  | 2026-07-01 |  | 
NC0000003706200061 | 3605027936 | State | NC | FRV | CAATVP | FACIL | 2026-07-23 |  | 
PA000479819 | 3605027343 | State | PA | FRV | CAASIP | FACIL | 2026-07-16 |  | 
PA000271194 | 3605027342 | State | PA | FRV | CAASIP | FACIL | 2026-01-21 |  | 
PA000513768 | 3605027341 | State | PA | FRV | CAASIP | FACIL | 2026-07-28 |  | 
PA000558373 | 3605027340 | State | PA | FRV | CAASIP | FACIL | 2026-07-27 |  | 
PA000520907 | 3605027339 | State | PA | FRV | CAASIP | FACIL | 2026-06-26 |  | 
PA000853247 | 3605027338 | State | PA | FRV | CAASIP | FACIL | 2026-07-23 |  | 
PA000517823 | 3605027337 | State | PA | FRV | CAASIP | FACIL | 2026-06-25 |  | 
PA000479819 | 3605027335 | State | PA | FRV | CAASIP | FACIL | 2026-07-16 |  | 
PA000479819 | 3605027333 | State | PA | FRV | CAASIP | FACIL | 2026-07-16 |  | 
PA000479819 | 3605027332 | State | PA | FRV | CAASIP | FACIL | 2026-07-16 |  | 
PA000479819 | 3605027331 | State | PA | FRV | CAASIP | FACIL | 2026-07-16 |  | 
PA000479819 | 3605027329 | State | PA | FRV | CAASIP | FACIL | 2026-07-16 |  | 
PA000479819 | 3605027327 | State | PA | FRV | CAASIP | FACIL | 2026-07-16 |  | 
PA000479819 | 3605027325 | State | PA | FRV | CAASIP | FACIL | 2026-07-16 |  | 
ID0000001604500006 | 3605026984 | State | ID | FRV | CAASIP | ADMIN | 2026-07-27 |  | 
CT0000000900300218 | 3605026965 | State | CT | FRV | CAANSR CAASIP | VOLATILE ORGANIC COMPOUNDS (VOCS) | 2026-06-25 |  | 
CT0000000900105979 | 3605026950 | State | CT | FRV | CAASIP | Particulate matter | 2026-06-25 |  | 
CT0000000900108198 | 3605026943 | State | CT | FRV | CAASIP | VOLATILE ORGANIC COMPOUNDS (VOCS) | 2026-06-25 |  | 
DE0000001000300516 | 3605026863 | State | DE | FRV | CAAFESOP CAASIP | Hexane OTHER | 2025-08-20 |  | 
GA0000001377700236 | 3605026801 | State | GA | FRV | CAASIP | OTHER | 2026-07-30 |  | 
CO000000081230A042 | 3605026394 | State | CO | FRV | CAASIP | FACIL | 2025-04-29 |  | 
CO000000081230A18F | 3605026393 | State | CO | FRV | CAAMACT CAANSPS CAASIP | FACIL | 2025-04-22 |  | 
CO0000000812309F74 | 3605026392 | State | CO | FRV | CAAMACT CAANSPS CAANSR CAAPSD CAASIP CAATVP | ADMIN FACIL VOLATILE ORGANIC COMPOUNDS (VOCS) | 2025-02-03 |  | 
CO000000081230A0E1 | 3605026391 | State | CO | FRV | CAASIP | FACIL | 2026-07-21 |  | 
CO0000000807100104 | 3605026389 | State | CO | FRV | CAASIP | FACIL | 2025-04-22 |  | 
CO0000000803900039 | 3605026388 | State | CO | FRV | CAASIP | FACIL | 2025-05-27 |  | 
CO0000000808100595 | 3605026387 | State | CO | FRV | CAASIP | ADMIN FACIL | 2026-01-21 |  | 
CO0000000800501757 | 3605026384 | State | CO | FRV | CAAMACT CAANSPS CAASIP | FACIL | 2025-05-05 |  | 
CO0000000807100103 | 3605026383 | State | CO | FRV | CAAMACT CAASIP CAATVP | FACIL | 2025-11-06 |  | 
WV00004700008 | 3605026331 | State | WV | FRV | CAANSPS CAASIP | Carbon monoxide NITROGEN OXIDES PARTICULATE MATTER < 10 UM Sulfur dioxide TOTAL PARTICULATE MATTER VISIBLE EMISSIONS VOLATILE ORGANIC COMPOUNDS (VOCS) | 2026-07-07 |  | 
IN0000001804900038 | 3605024932 | State | IN | HPV | CAANSPS | Carbon monoxide | 2025-10-30 | 2026-01-28 | 
IN0000001802900045 | 3605024925 | State | IN | FRV | CAAFESOP | FACIL | 2026-05-05 |  | 
IN0000001805100037 | 3605024915 | State | IN | FRV | CAATVP | VOLATILE ORGANIC COMPOUNDS (VOCS) | 2026-01-13 |  | 
IN0000001813900031 | 3605024903 | State | IN | FRV | CAAFESOP | FACIL | 2026-06-25 |  | 
IN0000001812700021 | 3605024885 | State | IN | FRV | CAATVP | FACIL | 2025-11-14 |  | 
IAPLK0001915303678 | 3605024840 | State | IA | FRV | CAATVP |  | 2026-07-27 |  | 
IA000190008201187 | 3605024801 | State | IA | FRV | CAATVP |  | 2026-07-27 |  | 
IA0000001905700035 | 3605024799 | State | IA | FRV | CAATVP |  | 2026-07-27 |  | 
IN0000001808900476 | 3605024792 | State | IN | FRV | CAAFESOP | FACIL | 2025-07-30 |  | 
IA0000001919300090 | 3605024785 | State | IA | FRV | CAAMACT CAANSPS |  | 2026-07-08 |  | 
IA0000001910100010 | 3605024783 | State | IA | HPV | CAAMACT CAASIP CAATVP | Particulate Matter [Filterable] Particulate matter | 2026-05-19 | 2026-06-06 | 
IA0000001913900035 | 3605024776 | State | IA | FRV | CAATVP |  | 2026-07-27 |  | 2026-07-27
IA0000001912900030 | 3605024769 | State | IA | FRV | CAATVP |  | 2026-07-27 |  | 
TN0000004701700012 | 3605024690 | State | TN | FRV | CAAMACT CAANSPS CAASIP CAATVP | CHLORINATED DIOXIN AND FURANS 2,3,7,8 CONGENERS ONLY (TEQ) (E17000407) Carbon Dioxide-Equivalents TOTAL PARTICULATE MATTER | 2026-07-13 |  | 
TN0000004716301020 | 3605024684 | State | TN | FRV | CAAFESOP CAANSPSM CAASIP |  | 2026-07-01 |  | 
IN0000001808300062 | 3605024247 | State | IN | FRV | CAAFESOP | FACIL | 2025-08-04 |  | 
IN0000001812700094 | 3605024246 | State | IN | HPV | CAATVP | NITROGEN OXIDES NO2 | 2025-07-30 | 2025-10-28 | 
SC00000800029 | 3605023948 | State | SC | FRV | CAASIP |  | 2026-07-27 |  | 
PA000245684 | 3605023085 | State | PA | FRV | CAASIP | FACIL | 2026-07-15 |  | 
PA000775836 | 3605023083 | State | PA | HPV | CAASIP | ADMIN | 2026-06-27 | 2026-06-27 | 
PA000245684 | 3605023082 | State | PA | FRV | CAASIP | FACIL | 2026-07-15 |  | 
PA000680167 | 3605023081 | State | PA | FRV | CAASIP | FACIL | 2026-07-15 |  | 
PA000724796 | 3605023079 | State | PA | FRV | CAASIP | FACIL | 2026-07-08 |  | 
PA000493291 | 3605023077 | State | PA | HPV | CAAMACT CAANSPS CAASIP CAATVP | VISIBLE EMISSIONS | 2026-07-12 | 2026-07-12 | 
PA000510086 | 3605023076 | State | PA | FRV | CAASIP | FACIL | 2026-07-21 |  | 
PA000861622 | 3605023075 | State | PA | FRV | CAASIP | FACIL | 2026-07-15 |  | 
PA000516151 | 3605023072 | State | PA | FRV | CAASIP | FACIL | 2026-07-15 |  | 
===== q10 (stmt 10) 106009 rows
PGM_SYS_ID | ACTIVITY_ID | ENF_IDENTIFIER | ACTIVITY_TYPE_CODE | STATE_EPA_FLAG | ENF_TYPE_CODE | SETTLEMENT_ENTERED_DATE | PENALTY_AMOUNT
NJ0000003400900001 | 3400384189 | 02-2003-A006 | AFR | E | 113D1 | 2003-05-02 | 5760.0
MD0000002404300206 | 3400800233 | MD000A0000240430020600091 | AFR | S | SCAAAO | 2014-04-02 | 36000.0
CASJV00006029S0037 | 3400758038 | CASJVA000006029S003700852 | AFR | L | SCAAAO | 2008-12-11 | 1900.0
PR0000007214500010 | 3400483962 | PR000A0000721450001000059 | AFR | S | SCAAAO | 2004-09-07 | 37000.0
MI00000000000B3610 | 3400473463 | 05-2005-A052 | AFR | E | 113D1 | 2005-09-30 | 0.0
LA0000002202700180 | 3400686218 | LA000A0000220270018000008 | AFR | S | SCAAAO | 2010-02-08 | 75000.0
LA0000002200500069 | 3400449857 | LA000A0000220050006900013 | AFR | S | SCAAAO | 2005-06-24 | 3560.0
CO000000081230A069 | 3604230428 | CO000A0000081230A06900026 | AFR | S | SCAAAO | 2025-01-08 | 157500.0
WY0000005604100009 | 3601405218 | WY000A200160735 | AFR | S | SCAAAO | 2018-03-13 | 0.0
ID0000001602700131 | 3603282151 | ID000A200213070 | AFR | S | SCAAAO | 2022-07-06 | 2700.0
CABAA00006013A0016 | 3400436939 | CABAAA000006013A001600743 | AFR | L | SCAAAO | 2009-03-11 | 5000.0
CASCA0000603700898 | 3400533784 | CASCAA0000060370089800030 | AFR | L | SCAAAO | 2002-09-03 | 500.0
RI0000004400500055 | 3400365577 | 01-2013-A019 | AFR | E | 113D1 | 2013-04-09 | 31500.0
AL0000000112300006 | 3400393022 | 04-2010-A003 | AFR | E | 113A | 2010-06-18 | 0.0
TN0000004702900020 | 3604958249 | TN000A200290408 | AFR | S | SCAAAO | 2026-05-25 | 6000.0
TNSHL0004715701256 | 3602865262 | TNSHLA200203167 | AFR | L | SCAAAO | 2021-10-15 | 6750.0
MI00000000000P0932 | 3604749983 | MI000A200286891 | AFR | S | SCAAAO | 2024-09-19 | 12500.0
GA0000001305100077 | 3400308451 | GA000A0000130510007700128 | AFR | S | SCAAAO | 2000-02-28 | 0.0
IN0000001816700010 | 3602140024 | IN000A200183912 | AFR | S | SCAAAO | 2020-03-10 | 500.0
TX0000004820100034 | 3600354400 | TX000A111347372007354 | AFR | S | SCAAAO | 2008-10-06 | 81400.0
WV00003900025 | 3400726962 | WV000A0390002500004 | AFR | S | SCAAAO | 1994-06-14 | 0.0
CANCU0000602312072 | 3600496397 | CANCUA200133091 | AFR | L | SCAAAO | 2013-03-28 | 15000.0
CAMDAM1489 | 3602412697 | CAMDAA200194247 | AFR | L | SCAAAO | 2018-12-10 | 100000.0
MN0000002706700023 | 3400598019 | MN000A0000270670002300093 | AFR | S | SCAAAO | 2011-07-26 | 0.0
OH0000001318000242 | 3400424809 | OH000A0000390350012000040 | AFR | S | SCAAAO | 1998-09-01 | 21500.0
GA0000001308900204 | 3400590403 | GA000A0000130890020400033 | AFR | S | SCAAAO | 1989-11-07 | 0.0
CO0000000812308341 | 3602040489 | CO000A0000081230834100005 | AFR | S | SCAAAO | 2019-08-22 | 9800.0
NM0000003501500285 | 3400714759 | NM000A0000350150028500129 | AFR | S | SCAAAO | 2003-07-16 | 2000.0
CABAA00006085A9013 | 3602188843 | CABAAA200185799 | AFR | L | SCAAAO | 2022-11-07 | 4500.0
CAMDA00006071M0029 | 3400755025 | CAMDAA000006071M002900207 | AFR | L | SCAAAO | 2004-04-21 | 304500.0
LA0000002207100140 | 3400568413 | LA000A0000220710014000028 | AFR | S | SCAAAO | 2006-11-27 | 1500.0
GA0000001324500012 | 3602077624 | GA000A0000132450001200140 | AFR | S | SCAAAO | 2019-12-26 | 5000.0
NJ0000003401980011 | 3400535886 | NJ000A0000340198001100012 | AFR | S | SCAAAO | 1990-08-16 | 1600.0
TX0000004843900053 | 3400409148 | TX000A0000484390005300004 | AFR | S | SCAAAO | 2004-03-22 | 2375.0
CASJV00006029S1738 | 3400734163 | CASJVA000006029S173800164 | AFR | L | SCAAAO | 2005-10-05 | 1600.0
WAPSC0005303300132 | 3604082381 | WAPSCAF000000000000000464 | AFR | L | SCAAAO | 2024-07-18 | 1000.0
CASJV00006107S0285 | 3600225534 | CASJVA3000000000000001869 | AFR | L | SCAAAO | 2013-03-18 | 480.0
GA0000001312100509 | 3400475071 | GA000A0000131210050900026 | AFR | S | SCAAAO | 1994-12-31 | 0.0
NJ0000003401712197 | 3400327853 | NJ000A0000340171219700009 | AFR | S | SCAAAO | 1989-10-13 | 0.0
IL000031438AAY | 3400560480 | IL000A0000170310250600006 | AFR | S | SCAAAO | 2010-09-02 | 0.0
AR0000000513900013 | 3400725825 | AR000A0000051390001300097 | AFR | S | SCAAAO | 2010-08-12 | 2697.0
TX0000004820101487 | 3400566653 | TX000A0000482010148700090 | JDC | S | CIV | 2008-10-01 | 0.0
LA0000002201900170 | 3400432240 | LA000A0000220190017000035 | AFR | S | SCAAAO | 2009-06-23 | 0.0
NJ0000003401305067 | 3400763319 | NJ000A0000340130506700021 | AFR | S | SCAAAO | 1992-10-09 | 1600.0
OK0000004013900111 | 3603888229 | OK000A4013900111E00134120 | AFR | S | SCAAAO | 2024-02-24 | 3150.0
IL000189808AAB | 3603630844 | IL000ACM20230621121408400 | AFR | S | SCAAAO | 2023-06-12 | 0.0
WV00005100009 | 3400486572 | WV000A0510000900084 | AFR | S | SCAAAO | 1993-10-30 | 120000.0
FL0000001203100503 | 3400809818 | FL000A0000120310050300014 | AFR | S | SCAAAO | 2008-04-14 | 11706.0
TX0000004823300004 | 3600650760 | TX000A812432502015120 | AFR | S | SCAAAO | 2016-01-28 | 13125.0
MA00000025119E0064 | 3400706744 | 01-2013-A036 | AFR | E | 113D1 | 2013-06-24 | 35000.0
TN0000004709900054 | 3603593044 | TN000A200224085 | AFR | S | SCAAAO | 2023-05-08 | 3000.0
TX0000004831700001 | 3400730581 | TX000A0000483170000100004 | AFR | S | SCAAAO | 2004-03-22 | 2125.0
MD0000002402500145 | 3400736198 | MD000A0000240250014500126 | AFR | S | SCAAAO | 1995-07-28 | 0.0
CASJV00006029S1128 | 3600225787 | CASJVA3000000000000002121 | AFR | L | SCAAAO | 2015-02-09 | 4600.0
NELLC0003110900228 | 3400733682 | NELLCA0000311090022800041 | AFR | L | SCAAAO | 2009-10-29 | 5283.0
OK0000004009700017 | 3400795633 | OK000A0000400970001700124 | AFR | S | SCAAAO | 2012-08-14 | 5250.0
MO0000002902700046 | 3400742543 | MO000A0000290270004600007 | AFR | S | SCAAAO | 1999-04-19 | 0.0
FL0000001210300218 | 3604262780 | FL000A0000121030021800112 | AFR | S | SCAAAO | 2025-02-12 | 0.0
0500000055079R0006 | 1800011318 | 05-2009-5512 | AFR | E | 113A | 2009-08-03 | 0.0
LA0000002211100048 | 3602493666 | LA000A2007030 | AFR | S | SCAAAO | 2014-03-13 | 0.0
===== q11 (stmt 11) 175736 rows
PGM_SYS_ID | ACTIVITY_ID | STATE_EPA_FLAG | ENF_TYPE_CODE | ACHIEVED_DATE
MN0000002716700010 | 3400425583 | S | NOV | 1992-11-06
IN0000001814100091 | 3400738552 | S | NOV | 2001-06-20
NJ0000003401100001 | 3400726679 | S | NOV | 2005-03-29
TX0000004830100115 | 3603699930 | E | NOV | 2023-07-20
MA0000002512100086 | 3400409875 | S | NOV | 2004-06-01
PA000510685 | 3602758499 | S | NOV | 2021-07-02
TN0000004711300020 | 3400479696 | S | NOV | 2000-08-01
MA0000002512000187 | 3400782300 | S | NOV | 1998-02-26
NY0000002600400047 | 3400778755 | S | NOV | 2012-06-26
LA0000002203300052 | 3400601632 | S | NOV | 1996-08-20
MD0000002403301631 | 3400436411 | S | NOV | 2009-04-15
NH0000003301590969 | 3400638495 | S | NOV | 2012-03-23
KS0000002005900035 | 3400368525 | S | NOV | 2012-05-30
IL000023816AAA | 3400655254 | S | NOV | 1985-06-25
IA0000001903300005 | 3400767786 | S | NOV | 1981-06-22
NE0000003108700008 | 3600008215 | S | DAWL | 1988-03-11
MO0000002918901226 | 3604158994 | S | DAWL | 2024-09-18
WAPSC0005303300157 | 3400500752 | L | NOV | 2009-11-25
OH0000000125251039 | 3601212076 | S | NOV | 2017-10-11
CASJV00006029S1141 | 3600222085 | L | NOV | 2013-03-04
WA0000005305300008 | 3400724335 | S | NOV | 2006-10-09
VA0000005108900091 | 3400786464 | S | NOV | 2003-04-14
MA0000002512100063 | 3400553604 | S | NOV | 1986-05-16
NE0000003103300025 | 3603596960 | S | NOV | 2023-04-26
NE0000003102500002 | 3605010701 | S | DAWL | 1996-11-26
IL000031003ADY | 3601086803 | S | NOV | 2017-06-14
OH0000000630010003 | 3400314879 | S | NOV | 1982-05-13
AR0000000513100324 | 3400811470 | S | NOV | 1993-12-16
LA0000002201700005 | 3400600665 | S | NOV | 1989-09-19
NC0000003709800046 | 3400686183 | S | NOV | 2004-12-13
TX0000004838300003 | 3400556427 | S | NOV | 2011-06-17
CABAA00006001B1887 | 3603549057 | L | NOV | 2022-05-10
OH0000001677011297 | 3600743234 | S | NOV | 2016-06-07
MA0000002512000091 | 3400696924 | S | NOV | 1988-10-20
AR0000000506300014 | 3400788503 | S | NOV | 1998-04-20
CABAA00006013A0010 | 3400339130 | L | NOV | 2007-12-27
NC0000003701400175 | 3400429838 | S | NOV | 2004-09-23
IN0000001801700056 | 3604625682 | S | NOV | 2025-10-22
TX0000004817900018 | 3400542575 | S | NOV | 2010-08-12
WASWC0005304100054 | 3400677724 | L | NOV | 2002-11-08
MA0000002511900487 | 3400584768 | S | NOV | 2007-03-22
KS0000002020900055 | 3604445074 | S | DAWL | 2025-04-03
IA0000001902300109 | 3604509928 | S | NOV | 2025-08-19
NJ0000003402726209 | 3601990779 | S | NOV | 2019-01-03
CT0000000900300920 | 3400482030 | S | NOV | 2000-04-06
FL0000001210500050 | 3400626270 | S | DAWL | 1992-04-01
IN0000001802100054 | 3400580891 | S | NOV | 2008-06-24
CABAA00006013A7419 | 3601497368 | L | NOV | 2015-03-24
DE0000001000300646 | 3400573140 | S | NOV | 2013-12-27
CABAA00006013A0010 | 3603818690 | L | NOV | 2023-10-17
NC0000003706200050 | 3602688852 | S | NOV | 2021-04-09
IL000031288ABA | 3604465028 | S | NOV | 2025-07-14
AL0000000112100041 | 3400674291 | S | DAWL | 1992-09-22
CASCA00006037CJ187 | 3400621548 | L | NOV | 2004-01-27
WV00003300015 | 3400607853 | S | NOV | 1994-02-10
NM0000003501501589 | 3602333933 | S | NOV | 2024-03-05
NY0000002630200370 | 3400373207 | S | NOV | 2000-01-28
NY0000008463800011 | 3600704446 | S | NOV | 2000-07-27
NC0000003704300061 | 3400344313 | S | NOV | 2002-04-01
KS0000002005700016 | 3604445076 | S | DAWL | 2025-04-08
===== q12 (stmt 12) 148280 rows
PGM_SYS_ID | N_EVAL | N_FCE | N_FCE_16_25 | LAST_FCE | LAST_EVAL | CODES
PA000494969 | 68 | 23 | 4 | 2025-06-20 | 2025-06-20 | POR|POI|FOO|POM|PFF
MA0000002512000843 | 7 | 0 | 0 |  | 2012-01-05 | PFF
NY0000005091300027 | 10 | 0 | 0 |  | 2013-02-11 | PFF|POR
VA0000005106700066 | 4 | 1 | 0 | 2015-03-17 | 2015-03-17 | PFF|FOO
TX0000004835501688 | 3 | 3 | 3 | 2023-06-27 | 2023-06-27 | FFO|FOO
VA0000005117300041 | 9 | 3 | 0 | 2006-12-12 | 2013-03-07 | PFF|FOO|PCE
VA0000005116100248 | 6 | 2 | 0 | 2003-09-11 | 2005-04-06 | PFF|FOO|PCE
VA0000005113700001 | 38 | 22 | 0 | 2004-06-14 | 2006-03-09 | PFF|FOO|PCE
VA0000005160000739 | 3 | 1 | 0 | 2002-01-29 | 2006-02-13 | PFF|FOO
MD0000002400301071 | 9 | 7 | 0 | 2012-08-14 | 2012-08-14 | PFF|FOO
MD0000002403301359 | 29 | 19 | 0 | 1997-05-01 | 2014-08-21 | PFF|FOO|PCE
VA0000005105111741 | 14 | 2 | 1 | 2019-08-05 | 2020-04-20 | PCE|FOO|PFF
MD0000002401500201 | 7 | 5 | 0 | 2012-08-14 | 2012-08-14 | PFF|PCE|FOO
LA0000002208700026 | 29 | 23 | 3 | 2026-06-12 | 2026-06-12 | PFF|POR|FOO
LA0000002203300050 | 9 | 3 | 0 | 2005-11-07 | 2009-03-05 | PFF|FOO|POR
GA0000001326100004 | 44 | 11 | 3 | 2026-01-26 | 2026-01-26 | PFF|POR|FFO|PCE|FOO
CO0000000812304587 | 1 | 1 | 1 | 2016-08-26 | 2016-08-26 | FOO
OK0000004004500175 | 1 | 0 | 0 |  | 2012-06-12 | PFF
TX0000004827700018 | 14 | 8 | 4 | 2024-08-01 | 2024-08-01 | PFF|FFO|FOO|POR
WAPSC0005303300225 | 61 | 15 | 5 | 2026-02-25 | 2026-02-25 | FFO|PCE|PFF|FOO|POR
1000000002010OCS02 | 2 | 0 | 0 |  | 2012-10-09 | PFF|PCE
GA0000001303900033 | 2 | 1 | 1 | 2019-11-05 | 2019-11-05 | FOO|POR
OK0000004012900444 | 5 | 0 | 0 |  | 2014-05-06 | PFF
OH0000000388010153 | 2 | 0 | 0 |  | 2005-01-31 | PFF|PCE
OK0000004000300217 | 2 | 0 | 0 |  | 2012-11-30 | PFF
06000000050516E001 | 1 | 0 | 0 |  | 2010-04-07 | POR
06000000484396E024 | 1 | 1 | 0 | 1996-08-06 | 1996-08-06 | FOO
NH0000003301390515 | 1 | 0 | 0 |  | 2004-08-17 | PCE
VA0000005118500141 | 13 | 4 | 0 | 2008-11-19 | 2013-03-12 | FOO|PCE|PFF
VA0000005107561094 | 4 | 4 | 0 | 1995-04-21 | 1995-04-21 | FOO
MD0000002403301828 | 1 | 1 | 0 | 2013-02-07 | 2013-02-07 | FOO
OH0000001652070028 | 8 | 5 | 2 | 2025-05-28 | 2025-05-28 | FFO|PFF|FOO
NH0000003300500019 | 2 | 2 | 0 | 2004-11-18 | 2004-11-18 | FOO
WV00003500005 | 20 | 15 | 4 | 2023-10-18 | 2023-10-18 | PFF|FOO|PCE
TN0000004700100009 | 67 | 21 | 6 | 2026-01-21 | 2026-01-21 | FFO|PCE|POC|FOO
NJ0000003402160349 | 3 | 3 | 0 | 2011-03-03 | 2011-03-03 | FOO
LA0000002211900170 | 1 | 0 | 0 |  | 2016-11-15 | PFF
MA0000002511902023 | 2 | 1 | 1 | 2023-06-14 | 2023-11-02 | PCE|FOO
TN0000004714100214 | 6 | 5 | 0 | 2011-01-27 | 2011-01-27 | FOO|PCE
MN0000002702700026 | 3 | 3 | 0 | 1993-08-11 | 1993-08-11 | FOO
GA0000001305100132 | 22 | 5 | 0 | 2006-09-30 | 2006-10-11 | FOO|POR|PCE
MD0000002402100185 | 71 | 67 | 0 | 2010-09-01 | 2011-08-19 | PFF|FOO
MD0000002400501992 | 15 | 4 | 0 | 2013-08-27 | 2014-04-25 | PFF|FOO
LA0000002201900400 | 2 | 1 | 0 | 2008-09-29 | 2009-03-19 | PFF|FOO
PA0001148 | 31 | 20 | 0 | 2007-01-17 | 2007-01-17 | PFF|PCE|FOO
PR0000007201700007 | 65 | 2 | 0 | 2009-03-30 | 2009-03-30 | PCE|PFF|FOO|POR
020000003400546143 | 1 | 1 | 0 | 2010-12-01 | 2010-12-01 | FOO
TX0000004838902381 | 3 | 2 | 1 | 2026-02-19 | 2026-02-19 | FFO|FOO|PFF
06000000481216E019 | 1 | 1 | 0 | 1997-05-07 | 1997-05-07 | FOO
06000000481136E261 | 1 | 1 | 0 | 1999-03-23 | 1999-03-23 | FOO
PA000653631 | 1 | 1 | 0 | 2004-07-21 | 2004-07-21 | FOO
MA0000002512000115 | 25 | 1 | 0 | 2007-04-04 | 2007-04-04 | FOO|POM|PCE|PFF
AL000000010950TCAH | 2 | 1 | 1 | 2018-09-28 | 2018-09-28 | PCE|FOO
MD0000002400300035 | 1 | 1 | 0 | 1994-12-01 | 1994-12-01 | FOO
MD0000002403302551 | 3 | 1 | 0 | 2015-04-27 | 2015-04-27 | PFF|PCE|FOO
AK0000000202000030 | 8 | 3 | 2 | 2021-04-27 | 2021-04-27 | PFF|FFO
NJ0000003403940450 | 7 | 3 | 1 | 2019-05-23 | 2019-05-23 | PCE|POR|FOO
DE0000001000300380 | 8 | 6 | 0 | 2002-12-10 | 2019-07-23 | FOO|POR
OK0000004013300028 | 7 | 2 | 1 | 2021-12-29 | 2021-12-29 | FFO|POR|FOO|PFF
ME0000002300390024 | 53 | 7 | 0 | 2011-09-21 | 2012-11-21 | FOO|PFF|POR|PCE
