companies found: 569 · namesake swarms dropped: 345
money + harm + power: 445
  in 4+ domains: 468
  in 6+ domains: 347
  in 8+ domains: 182
  in 10+ domains: 37

top 15 by domains
  GENERAL ELECTRIC               dom=12 tab=131 money=18 harm=26 power=20
  WELLS FARGO                    dom=11 tab=109 money=13 harm=22 power=20
  DE LA CRUZ                     dom=11 tab= 99 money=22 harm=11 power=23
  PFIZER                         dom=11 tab= 98 money=12 harm=23 power=20
  UNIVERSITY OF MICHIGAN         dom=11 tab= 97 money=19 harm=17 power=15
  NORTHROP GRUMMAN               dom=11 tab= 88 money=11 harm=21 power=18
  ASHLAND                        dom=11 tab= 86 money=14 harm=24 power= 9
  CAPITAL ONE                    dom=11 tab= 81 money= 9 harm=16 power=17
  GENERAL MOTORS                 dom=10 tab=103 money= 9 harm=26 power=23
  JOHNSON & JOHNSON              dom=10 tab=103 money=15 harm=17 power=19
  WASTE MANAGEMENT               dom=10 tab= 98 money=12 harm=24 power=23
  MAYO CLINIC                    dom=10 tab= 97 money=21 harm=22 power=11
  BANK OF AMERICA                dom=10 tab= 95 money=12 harm=15 power=22
  LOCKHEED MARTIN                dom=10 tab= 93 money=12 harm=22 power=15
  SIERRA NEVADA                  dom=10 tab= 91 money=19 harm=24 power= 9
