UEI anchor scan 28s, 370 UEIs
ok   0.6s HOUSING__FED_HUD_DATA.EIN hits=0
ok   0.7s SCIENCE__FED_NSF_AWARDS.EIN hits=0
ok   0.3s ECONOMICS__FED_IRS_990.EIN hits=0
ok   0.6s ECONOMICS__FED_SEC_EDGAR.CIK hits=5
ok   0.3s ECONOMICS__FED_SEC_EDGAR.EIN hits=5
ok   0.4s FINANCE__FED_SEC_BUSINESS_DEVELOPMENT_COMPANY_REPORT.CIK hits=0
ok   0.8s FINANCE__FED_SEC_CLOSED_END_FUND_INFORMATION.CIK hits=0
ok   0.2s JUSTICE__FED_FTC_DATASETS.EIN hits=0
ok   0.5s FINANCE__FED_SEC_MONEY_MARKET_FUND_INFORMATION.REGISTRANT_CIK hits=0
ok   0.4s ECONOMICS__FED_IRS_SOI_CHARITIES.EIN hits=0
ok   0.6s ECONOMICS__FED_IRS_EO_PR.EIN hits=0
ok   0.6s LABOR__FED_PBGC_TRUSTEED_PLANS.EIN hits=0
ok   0.3s JUSTICE__FED_COURTLISTENER_SCHOOLS.EIN hits=0
ok   0.4s FINANCE__FED_SEC_DERA_SUB_2024Q1.CIK hits=24
ok   0.5s FINANCE__FED_SEC_DERA_SUB_2024Q1.EIN hits=24
ok   0.5s FINANCE__FED_SEC_DERA_SUB_2026Q1.CIK hits=24
ok   0.4s FINANCE__FED_SEC_DERA_SUB_2026Q1.EIN hits=24
ok   0.5s FINANCE__FED_SEC_DERA_SUB_2025Q1.CIK hits=24
ok   0.3s FINANCE__FED_SEC_DERA_SUB_2025Q1.EIN hits=24
ok   0.4s FINANCE__FED_SEC_DERA_SUB_2025Q4.CIK hits=24
ok   0.4s FINANCE__FED_SEC_DERA_SUB_2025Q4.EIN hits=24
ok   0.4s FINANCE__FED_SEC_DERA_SUB_2024Q4.CIK hits=24
ok   0.3s FINANCE__FED_SEC_DERA_SUB_2024Q4.EIN hits=24
ok   0.5s FINANCE__FED_SEC_DERA_SUB_2025Q3.CIK hits=24
ok   0.3s FINANCE__FED_SEC_DERA_SUB_2025Q3.EIN hits=24
ok   0.4s FINANCE__FED_SEC_DERA_SUB_2024Q3.CIK hits=24
ok   0.2s FINANCE__FED_SEC_DERA_SUB_2024Q3.EIN hits=24
ok   0.4s FINANCE__FED_SEC_DERA_SUB_2025Q2.CIK hits=24
ok   1.4s FINANCE__FED_SEC_DERA_SUB_2025Q2.EIN hits=24
ok   0.4s FINANCE__FED_SEC_DERA_SUB_2024Q2.CIK hits=24
ok   0.4s FINANCE__FED_SEC_DERA_SUB_2024Q2.EIN hits=24
ok   0.2s FINANCE__FED_SEC_EDGAR_COMPANY_TICKERS_EXCHANGE.CIK hits=25
ok   0.5s ECONOMICS__FED_SEC_EDGAR_COMPANY_TICKERS.CIK hits=24
ok   0.2s HEALTH__SAM_EXCLUDED_PROVIDERS.UEI hits=0
ok   0.7s ECONOMICS__FED_PBGC_TRUSTEED_PENSION_PLANS.EIN hits=15
ok   0.4s ECONOMICS__FED_DOL_FORM5500.SPONSOR_DFE_EIN hits=0
ok   0.4s ECONOMICS__FED_DOL_FORM5500.PREPARER_EIN hits=0
ok   0.4s ECONOMICS__FED_DOL_FORM5500.SPONS_DFE_EIN hits=2
ok   0.7s LABOR__FED_DOL_EBSA_FORM5500_SCHEDULE_SB.SB_EIN hits=15
ok   0.5s FINANCE__FED_SEC_INVESTMENT_COMPANY_SERIES_CLASS.CIK_NUMBER hits=0
ok   0.4s ECONOMICS__FED_US_SEC_EDGAR.CIK hits=6
ok   0.2s ECONOMICS__FED_US_SEC_EDGAR.EIN hits=6
ok   0.7s PROCUREMENT__FED_USASPENDING_BULK.RECIPIENT_UEI hits=16
ok   0.6s PROCUREMENT__FED_USASPENDING_BULK.RECIPIENT_PARENT_UEI hits=9
ok   0.6s POLITICS__IRS527_8872_REPORTS.EIN hits=0
ok   0.4s FINANCE__FED_SEC_EDGAR_FINANCIALS.CIK hits=24
ok   0.3s FINANCE__FED_SEC_EDGAR_FINANCIALS.EIN hits=24
ok   0.4s POLITICS__IRS527_RELATED_ENTITIES.EIN hits=0
ok   0.5s FINANCE__FED_SEC_EDGAR_INSIDERS.CIK hits=24
ok   0.4s ECONOMICS__FED_IRS_527_ORGS.EIN hits=0
ok   0.5s POLITICS__IRS527_8871_ORGS.EIN hits=0
ok   0.2s ECONOMICS__FED_FOREIGNASSISTANCE.EIN hits=0
ok   0.4s FINANCE__FED_PCAOB_FORM_AP_FILINGS.ISSUER_CIK hits=24
ok   0.4s PROCUREMENT__FED_SAM_EXCLUSIONS.UEI hits=0
ok   0.4s POLITICS__IRS527_DIRECTORS_OFFICERS.EIN hits=0
ok   0.5s SCIENCE_RESEARCH__FED_SBIR_STTR_AWARDS.UEI hits=6
ok   0.5s LABOR__FED_OSHA_ITA_CASE_DETAIL_2025.EIN hits=3
ok   0.7s FINANCE__FED_SEC_13F_SUBMISSIONS.CIK hits=11
ok   0.4s LABOR__FED_OSHA_ITA_300A_SUMMARY_2025.EIN hits=9
ok   0.5s LABOR__FED_OSHA_ITA_300A_SUMMARY_2023.EIN hits=10
ok   0.5s LABOR__FED_OSHA_ITA_300A_SUMMARY_2024.EIN hits=10
ok   0.4s ECONOMICS__FED_FAC_SINGLE_AUDIT.AUDITEE_EIN hits=0
ok   0.3s ECONOMICS__FED_FAC_SINGLE_AUDIT.AUDITOR_EIN hits=0
ok   0.5s HEALTH__HOSPITAL_OFFICER_PAY.EIN hits=0
ok   0.5s LABOR__FED_OSHA_ITA_CASE_DETAIL_2024.EIN hits=6
ok   0.4s LABOR__FED_OSHA_ITA_CASE_DETAIL_2023.EIN hits=7
ok   0.6s ECONOMICS__FED_IRS_REVOCATION.EIN hits=0
ok   0.6s ECONOMICS__FED_IRS_AUTO_REVOCATIONS.EIN hits=0
ok   0.8s ECONOMICS__FED_IRS_PUB78_ELIGIBLE_DONEES.EIN hits=0
ok   0.4s POLITICS__FED_FCC_LICENSING.EIN hits=0
ok   0.7s FINANCE__FED_SEC_INSIDER_SUBMISSION.ISSUER_CIK hits=24
ok   0.5s FINANCE__FED_SEC_INSIDER_REPORTINGOWNER.OWNER_CIK hits=16
ok   0.8s CORPORATE_REGISTRY__FED_IRS_EO_BMF.EIN hits=0
ok   0.8s SCIENCE_RESEARCH__FED_NIH_REPORTER.ORG_UEI hits=9
ok   0.3s ENVIRONMENT__XC_EPA_CORPORATE_CROSSWALK.PARENT_CIK hits=8
ok   0.4s ENVIRONMENT__XC_EPA_CORPORATE_CROSSWALK.PARENT_UEI hits=23
ok   0.6s ECONOMICS__FED_IRS_990_EFILE_INDEX.EIN hits=0
ok   0.5s ECONOMICS__FED_USASPENDING_CONTRACTS.RECIPIENT_UEI hits=21
ok   0.7s ECONOMICS__FED_USASPENDING_CONTRACTS.RECIPIENT_PARENT_UEI hits=19
ok   0.5s FINANCE__FED_IRS527_SCHEDULE_B_EXPENDITURES.EIN hits=0
ok   0.5s FINANCE__FED_IRS527_SCHEDULE_A_CONTRIBUTIONS.EIN hits=0
ok   1.4s ECONOMICS__FED_USASPENDING_CONTRACTS_FULL.RECIPIENT_UEI hits=24
ok   1.1s ECONOMICS__FED_USASPENDING_CONTRACTS_FULL.RECIPIENT_PARENT_UEI hits=24
ok  11.1s ECONOMICS__FED_USASPENDING_CONTRACTS_FULL_R2.RECIPIENT_UEI hits=25
ok   8.5s ECONOMICS__FED_USASPENDING_CONTRACTS_FULL_R2.RECIPIENT_PARENT_UEI hits=24
ok  13.6s ECONOMICS__FED_USASPENDING_ASSISTANCE_FULL.RECIPIENT_UEI hits=20
ok   7.1s ECONOMICS__FED_USASPENDING_ASSISTANCE_FULL.RECIPIENT_PARENT_UEI hits=11
done: 966 id hits, 90 statements
