start: 338 tables, 573 companies
ok    1.2s ENERGY__FED_EIA861_MERGERS hits=0
ok    1.2s TRANSPORT__FED_DOT_BTS hits=0
ok    1.2s ENERGY__FED_EIA861_DELIVERY_COMPANIES hits=0
ok    1.3s JUDICIARY__FED_OYEZ hits=2
ok    0.5s HOUSING__FED_HUD_DATA hits=0
ok    0.6s SCIENCE__FED_NASA_OPEN_DATA hits=0
ok    0.7s FINANCE__FED_NCUA_CHARTER_MERGER_EVENTS hits=0
ok    0.6s ECONOMICS__XC_WIKIPEDIA_LARGEST_US_COMPANIES hits=54
ok    0.4s ENERGY__FED_EIA_861_BALANCING_AUTHORITY hits=2
ok    0.5s POLITICS__CA_LOBBY_FIRM_EMPLOYER hits=3
ok    0.7s SCIENCE__FED_NSF_AWARDS hits=3
ok    0.9s IMMIGRATION__FED_ICE_DETENTION_FACILITY_LIST hits=0
ok    0.6s ECONOMICS__FED_IRS_990 hits=0
ok    0.6s FINANCE__FED_OCC_THRIFTS hits=1
ok    0.6s FINANCE__FED_SEC_BUSINESS_DEVELOPMENT_COMPANY_REPORT hits=1
ok    0.6s HOUSING__FED_FHFA_SUSPENDED_COUNTERPARTY hits=0
ok    0.5s JUSTICE__FED_FHFA_SUSPENDED_COUNTERPARTIES hits=0
ok    0.5s POLITICS__CA_LOBBY_FIRM hits=0
ok    0.5s ENVIRONMENT__FED_NOAA_WEATHER_API hits=0
ok    0.4s HEALTH__FED_CMS_LTCH hits=1
ok    0.6s ECONOMICS__FED_US_USASPENDING_API hits=31
ok    0.7s JUSTICE__INTL_NTI_CNS_DPRK_MISSILE_TESTS hits=0
ok    0.6s LAND_AND_TERRITORY__FED_BIA_TRIBAL_GEO hits=0
ok    0.6s ENERGY__FED_EIA861_DEMAND_RESPONSE hits=2
ok    0.6s FINANCE__INTL_OSFI_REGULATED_FI hits=13
ok    0.7s GOVERNANCE__FED_REVOLVINGDOOR_PROJECT hits=0
ok    0.7s SCIENCE_RESEARCH__XC_BIORXIV_MEDRXIV hits=0
ok    0.6s ENERGY__FED_EIA861_ENERGY_EFFICIENCY hits=1
ok    0.6s EDUCATION__FED_GOOGLE_POLADS_ADVERTISER_DECLARED_STATS hits=2
ok    0.4s POLITICS__FED_FEC_API hits=0
ok    0.6s OPEN_DATA__INTL_CA_OPEN_CANADA hits=0
ok    0.5s ENERGY__FED_EIA861_NON_NET_METERING_DISTRIBUTED hits=2
ok    0.5s POLITICS__CA_LOBBY_EMPLOYER_FIRMS hits=5
ok    0.4s POLITICS__CA_LOBBY_FIRM_LOBBYIST hits=0
ok    0.7s HEALTH__NURSING_HOME_RELIEF_BY_CHAIN hits=1
ok    0.6s ENERGY__FED_EIA861_SALES_ULT_CUST_CS hits=6
ok    0.5s POLITICS__XC_JCS_COA hits=0
ok    0.6s POLITICS__JUDGE_IDEOLOGY_COA hits=0
ok    0.5s FINANCE__FED_OCC_NATIONAL_BANKS hits=9
ok    0.5s ENERGY__FED_EIA860_3_4_ENERGY_STORAGE hits=12
ok    0.6s ENERGY__FED_EIA861_DYNAMIC_PRICING hits=2
ok    0.6s FINANCE__FED_MSRB_REGISTRANTS hits=4
ok    0.6s ENERGY__FED_EIA861_RELIABILITY hits=2
ok    0.7s FINANCE__FED_SEC_CLOSED_END_FUND_INFORMATION hits=1
ok    0.6s HEALTH__FED_IHS_FACILITIES hits=0
ok    0.8s ENERGY__FED_EIA861_NET_METERING hits=2
ok    0.6s JUSTICE__XC_UN_CONSOLIDATED_SANCTIONS_LIST hits=0
ok    0.8s HEALTH__FED_CMS_MEDICARE_DIABETES_PREVENTION_PROGRAM hits=5
ok    0.7s POLITICS__MEMBER_MONEY_RAISED hits=1
ok    0.8s POLITICS__MEMBER_INDIV_DONATIONS hits=1
ok    0.7s POLITICS__MEMBER_BILL_RECORD hits=1
ok    0.6s FINANCE__FED_SEC_MONEY_MARKET_FUND_INFORMATION hits=1
ok    0.6s HEALTH__FED_CDC_DATA_PORTAL hits=0
ok    0.5s IMMIGRATION__FED_ICE_DETENTION_FACILITY_CODES hits=2
ok    0.6s POLITICS__CA_LOBBY_EMP_LOBBYIST hits=24
ok    1.4s HEALTH__FED_CMS_IRF hits=2
ok    0.5s HEALTH__FED_CMS_OPIOID_TREATMENT_PROGRAM_PROVIDERS hits=0
ok    1.3s ENERGY__FED_EIA861_DISTRIBUTION_SYSTEMS hits=2
ok    0.6s ENERGY__FED_EIA861_UTILITY_DATA hits=4
ok    0.7s ENERGY__FED_EIA861_OPERATIONAL_DATA hits=4
ok    0.5s POLITICS__MEMBER_FEC_ID hits=1
ok    0.7s ENERGY__FED_EIA861_SHORT_FORM hits=0
ok    1.5s JUSTICE__FED_CISA_KEV hits=1
ok    1.6s ENERGY__FED_EIA860_3_2_WIND hits=3
ok    0.7s POLITICS__CA_LOBBY_EMPLOYER hits=68
ok    0.6s ENVIRONMENT__FED_PHMSA_FLAGGED_INCIDENTS hits=2
ok    0.7s ENVIRONMENT__FED_EPA_SUPERFUND_SITE_BOUNDARIES hits=15
ok    0.7s HEALTH__FED_FDA_PURPLE_BOOK hits=29
ok    0.6s ECONOMICS__FED_IRS_SOI_CHARITIES hits=2
ok    0.6s ENVIRONMENT__FED_USGS_WBD_HUC8 hits=0
ok    0.7s HEALTH__PHARMA_MEAL_CAP_FINGERPRINT hits=75
ok    0.7s ECONOMICS__FED_IRS_EO_PR hits=2
ok    0.7s ENERGY__FED_EIA861_ADVANCED_METERS hits=3
ok    0.7s ENERGY__FED_EIA861_SALES_ULT_CUST hits=4
ok    0.5s FINANCE__INTL_ISO_MIC_REGISTRY hits=3
ok    0.7s ENERGY__FED_EIA860_3_5_MULTIFUEL hits=19
ok    0.6s CORPORATE_REGISTRY__FED_ICIJ_OFFSHORELEAKS_OTHERS hits=10
ok    0.6s HEALTH__FED_CMS_MEDICARE_INPATIENT_HOSPITALS_BY_PROVIDER hits=8
ok    0.7s JUSTICE__FED_COURTLISTENER_COURTS hits=0
ok    0.4s OPEN_DATA__INTL_AR_DATOSGOB hits=0
ok    0.8s ENERGY__FED_EIA861_FRAME hits=4
ok    0.5s POLITICS__FED_MEDSL_PRESIDENT_RETURNS hits=0
ok    0.6s HOUSING__FED_HUD_PUBLIC_HOUSING_AUTHORITIES hits=1
ok    0.5s POLITICS__FJC_JUDGE hits=0
ok    0.8s POLITICS__FED_MEDSL_SENATE_RETURNS hits=0
ok    0.7s JUSTICE__FED_FJC_ARTICLE_III_JUDGES hits=0
ok    0.6s ECONOMICS__FED_FDIC_FAILED_BANKS hits=1
ok    0.6s FINANCE__FED_FINRA_MPID_LIST hits=6
ok    0.6s FINANCE__FED_NCUA_FEDERALLY_INSURED_CU_LIST hits=15
ok    0.6s FINANCE__FED_NCUA_CALL_REPORTS_FOICU hits=16
ok    0.7s POLITICS__FED_FJC_SERVICE hits=0
ok    0.7s POLITICS__FJC_APPOINTMENT hits=0
ok    1.4s ENERGY__FED_EIA860_6_2_ENVIROEQUIP hits=16
ok    1.0s OPEN_DATA__INTL_GR_DATAGOV hits=0
ok    0.6s ENVIRONMENT__FED_EPA_ENVIROFACTS hits=46
ok    0.7s PROCUREMENT__FED_USASPENDING_SUBAWARDS hits=12
ok    0.5s LABOR__FED_PBGC_TRUSTEED_PLANS hits=2
ok    0.5s HOUSING__FED_CFPB_HMDA_ARID2017_LEI_XREF hits=19
ok    0.7s TRANSPORT__FED_FRA_RAIL_DEATHS_BY_RAILROAD hits=5
ok    0.7s HEALTH__FED_CMS_HOSPITAL_COMPARE hits=7
ok    0.5s ENERGY__FED_EIA860_4_OWNER hits=32
ok    0.6s HEALTH__FED_CMS_HOSPITAL_GENERAL hits=7
ok    1.2s HEALTH__FED_CMS_RURAL_HEALTH_CLINIC_ENROLLMENTS hits=8
ok    0.9s JUSTICE__FED_COURTLISTENER_SCHOOLS hits=8
ok    0.9s FINANCE__FED_SEC_DERA_SUB_2024Q1 hits=171
ok    1.1s ENVIRONMENT__FED_WQP_MONITORING_STATIONS hits=1
ok    0.7s IMMIGRATION__FED_CMS_HOSPICE_ENROLLMENTS hits=14
ok    0.6s FINANCE__FED_SEC_DERA_SUB_2026Q1 hits=170
ok    0.6s FINANCE__FED_SEC_DERA_SUB_2025Q1 hits=169
ok    0.6s EDUCATION__FED_ED_COLLEGE_SCORECARD_INSTITUTION hits=5
ok    0.6s FINANCE__FED_SEC_DERA_SUB_2025Q4 hits=167
ok    0.6s FINANCE__FED_FHFA_FHLB_MEMBERSHIP hits=19
ok    0.7s HEALTH__FED_CDC_SUICIDE_RATES hits=0
ok    0.8s POLITICS__FED_EAC_EAVS hits=2
ok    0.6s POLITICS__CA_LOBBY_CONTRIBUTIONS hits=0
ok    0.7s FINANCE__FED_SEC_DERA_SUB_2025Q3 hits=166
ok    0.9s FINANCE__FED_SEC_DERA_SUB_2024Q4 hits=167
ok    0.7s HEALTH__FED_CMS_AMBULATORY_SPECIALTY_MODEL_PARTICIPANTS hits=7
ok    0.7s ENERGY__FED_EIA860_1_UTILITY hits=36
ok    0.7s FINANCE__FED_SEC_DERA_SUB_2024Q3 hits=167
ok    0.7s HEALTH__FED_CMS_HOSPICE hits=5
ok    0.6s FINANCE__FED_SEC_DERA_SUB_2025Q2 hits=167
ok    0.7s ENERGY__FED_EIA860_6_1_ENVIROASSOC hits=16
ok    0.6s HOUSING__FED_FHFA_NMDB hits=0
ok    0.6s HEALTH__FED_CMS_DIALYSIS hits=6
ok    0.8s ENERGY__FED_EIA860_3_3_SOLAR hits=30
ok    0.8s FINANCE__FED_SEC_DERA_SUB_2024Q2 hits=170
ok    0.6s POLITICS__FEC_CANDIDATE_SUMMARY hits=1
ok    0.7s POLITICS__SENATE_TRADES hits=0
ok    0.6s FINANCE__FED_SEC_EDGAR_COMPANY_TICKERS_EXCHANGE hits=172
ok    0.6s JUSTICE__XC_WAPO_FATAL_FORCE hits=1
ok    1.3s HEALTH__FED_IHS_SCB_FACILITY hits=0
ok    0.6s HEALTH__FED_CDC_LEADING_CAUSES_STATE hits=0
ok    0.6s POLITICS__WHO_WON hits=0
ok    0.9s JUSTICE__FED_FDIC_ENFORCEMENT_ORDERS hits=27
ok    1.6s HEALTH__FED_CMS_HOSPITAL_ENROLLMENTS hits=22
ok    0.7s HEALTH__FED_CMS_FEDERALLY_QUALIFIED_HEALTH_CENTER_ENROLLMENTS hits=2
ok    0.7s HEALTH__FED_CMS_HOME_HEALTH_AGENCY_ENROLLMENTS hits=20
ok    0.7s ENERGY__FED_EIA861_SERVICE_TERRITORY hits=2
ok    0.6s HEALTH__FED_CMS_HOME_HEALTH hits=8
ok    1.1s ENVIRONMENT__FED_EPA_EGRID_PLANT_2022 hits=68
ok    0.6s POLITICS__FED_CONGRESS_LEGISLATORS hits=1
ok    0.7s POLITICS__MEMBER_CROSSWALK hits=1
ok    0.6s POLITICS__MEMBER_SPINE hits=1
ok    0.7s HOUSING__FED_USDA_RD_MFH_ACTIVE_PROJECTS hits=0
ok    0.8s HEALTH__FED_CMS_SKILLED_NURSING_FACILITY_ENROLLMENTS hits=16
ok    0.8s HEALTH__FED_CMS_NURSING_HOME hits=13
ok    0.6s HEALTH__FED_NURSINGHOME411 hits=6
ok    0.6s FINANCE__SENATE_TRADES hits=0
ok    0.6s JUSTICE__XC_MAPPING_POLICE_VIOLENCE hits=2
ok    0.6s HEALTH__SAM_EXCLUDED_PROVIDERS hits=1
ok    1.0s ENERGY__FED_EIA860_2_PLANT hits=67
ok    0.6s HEALTH__FED_FDA_DRUG_ENFORCEMENT hits=40
ok    0.6s POLITICS__FEC_CANDIDATE hits=1
ok    1.1s HEALTH__FED_CMS_NURSING_HOME_PENALTIES hits=3
ok    0.7s JUSTICE__FED_COURTLISTENER_DISCLOSURE_DEBTS hits=32
ok    0.7s JUSTICE__FED_OFAC_SDN hits=3
ok    0.7s EDUCATION__FED_GOOGLE_POLADS_ADVERTISER_STATS hits=23
ok    0.8s ENVIRONMENT__FED_FRACFOCUS_WATER_SOURCE hits=2
ok    1.7s ENVIRONMENT__FED_EPA_AQS_SITES hits=9
ok    0.9s HOUSING__FED_FEMA_NFIP_COMMUNITY_STATUS_BOOK hits=0
ok    0.8s POLITICS__CA_LOBBY_AMENDMENTS hits=0
ok    2.7s HEALTH__FED_HRSA_UDS_SERVICE_DELIVERY_SITES hits=5
ok    0.7s HOUSING__FED_HUD_MF_FIRM_COMMITMENTS hits=5
ok    1.0s JUSTICE__FED_CONSOLIDATED_SCREENING_LIST hits=3
ok    0.9s ENERGY__FED_EIA860_3_1_GENERATOR hits=62
ok    0.9s POLITICS__FED_CONGRESS_COMMITTEE_MEMBERSHIP hits=2
ok    1.2s CORPORATE_REGISTRY__FED_ICIJ_OFFSHORELEAKS_INTERMEDIARIES hits=14
ok    0.6s FINANCE__FED_FEC_CANDIDATES hits=1
ok    0.7s FINANCE__FED_FDIC_BANK_DATA hits=30
ok    0.6s JUSTICE__STATE_MO_SEX_OFFENDER_REGISTRY hits=0
ok    0.6s POLITICS__FED_MEDSL_HOUSE_RETURNS hits=0
ok    0.7s TRANSPORT__FED_NTSB_AVIATION_AIRCRAFT hits=23
ok    0.6s POLITICS__BILLS hits=1
ok    0.8s HOUSING__FED_HUD_ASSISTED_HOUSING_PROJECTS hits=2
ok    0.9s ECONOMICS__FED_DOL_FORM5500 hits=72
ok    0.6s JUSTICE__FED_COURTLISTENER_DISCLOSURE_POSITIONS hits=8
ok    0.8s LABOR__FED_DOL_EBSA_FORM5500_SCHEDULE_SB hits=5
ok    0.8s HEALTH__ADDICTION_PRESCRIBERS_PAID hits=1
ok    0.9s FINANCE__FED_SEC_INVESTMENT_COMPANY_SERIES_CLASS hits=11
ok    0.8s HEALTH__FED_CMS_POS_OTHER hits=14
ok    0.7s ECONOMICS__FED_US_SEC_EDGAR hits=15
ok    0.9s POLITICS__FED_FEC_PAC_SUMMARY hits=181
ok    0.6s IMMIGRATION__FED_DHS_OHSS hits=0
ok    1.2s PROCUREMENT__FED_USASPENDING_BULK hits=466
ok    0.7s FINANCE__FED_SEC_EDGAR_FINANCIALS hits=177
ok    0.9s JUSTICE__FED_COURTLISTENER_POSITIONS hits=17
ok    1.1s POLITICS__IRS527_8872_REPORTS hits=13
ok    0.9s HEALTH__FED_FDA_DEVICE_PMA hits=20
ok    0.9s JUSTICE__XC_UK_SANCTIONS_LIST hits=0
ok    0.7s HOUSING__FED_HUD_FHA_SF_PORTFOLIO_SNAPSHOT hits=9
ok    1.0s JUSTICE__INTL_UK_SANCTIONS_LIST hits=0
ok    0.6s FINANCE__INTL_WB_IDS hits=0
ok    0.8s POLITICS__IRS527_RELATED_ENTITIES hits=114
ok    1.4s ENVIRONMENT__FED_EPA_TRI_FACILITY hits=567
ok    1.4s JUSTICE__INTL_OPENSANCTIONS hits=20
ok    0.9s ECONOMICS__FED_IRS_527_ORGS hits=56
ok    1.7s JUSTICE__FED_ATF_FFL hits=29
ok    1.1s POLITICS__IRS527_8871_ORGS hits=55
ok    0.7s HEALTH__FED_CMS_HCRIS hits=9
ok    1.4s HEALTH__FED_HRSA_HPSA_PRIMARY_CARE hits=13
ok    1.6s ENVIRONMENT__FED_EPA_TRI_BASIC_2023 hits=352
ok    0.6s JUSTICE__FED_SCDB hits=89
ok    0.7s HEALTH__FED_HHS_OIG_LEIE hits=0
ok    1.2s POLITICS__CA_LOBBY_CHG_LOG hits=366
ok    1.0s HEALTH__FED_CMS_HOME_HEALTH_OWNERS hits=67
ok    1.0s ENVIRONMENT__EPA_PENALTY_GAP hits=109
ok    1.2s LABOR__FED_MSHA_MINES hits=72
ok    0.6s POLITICS__FED_GOVINFO_BILLSTATUS hits=1
ok    0.8s HEALTH__FED_CMS_MEDICARE_OUTPATIENT_HOSPITALS_BY_PROVIDER_AND_SERVICE hits=9
ok    0.9s ENVIRONMENT__FED_USCG_NRC_INCIDENT_REPORTS hits=102
ok    1.2s JUSTICE__FED_COURTLISTENER_ORAL_ARGUMENTS hits=309
ok    0.9s OPEN_DATA__INTL_FR_DATA_GOUV hits=11
ok    1.1s ENVIRONMENT__FED_USGS_ORPHANED_OIL_GAS_WELLS hits=9
ok    0.8s HEALTH__FED_CDC_INJURY_VIOLENCE_COUNTY hits=0
ok    1.2s PROCUREMENT__INTL_EC_SERCOP hits=4
ok    0.6s HEALTH__FED_CMS_MEDICARE_INPATIENT_HOSPITALS_BY_PROVIDER_AND_SERVICE hits=8
ok    0.8s ENVIRONMENT__FED_EPA_GHGRP_FACILITY hits=134
ok    1.0s POLITICS__FED_SENATE_LDA_LOBBYIST_POSITIONS hits=466
ok    0.8s FINANCE__FED_EPA_ICIS_FEC_CASE_ENFORCEMENT_CONCLUSION_FACILITIES hits=159
ok    1.0s POLITICS__ST_NYC_CFB_CAMPAIGN_2009_CONTRIBUTION hits=115
ok    0.8s CONSUMER_SAFETY__FED_NHTSA_INVESTIGATIONS hits=7
ok    1.0s FINANCE__FED_PCAOB_FORM_AP_FILINGS hits=222
ok    0.7s PROCUREMENT__FED_SAM_EXCLUSIONS hits=4
ok    0.9s HEALTH__FED_FDA_UNII_GSRS_SUBSTANCES hits=0
ok    1.0s HEALTH__FED_HRSA_SHORTAGE_AREAS hits=13
ok    0.4s FINANCE__FED_IRS_SOI hits=0
ok    0.9s HEALTH__FED_FDA_DEVICE_510K hits=69
ok    0.6s HEALTH__FED_CMS_NURSING_HOME_FIRE_DEFICIENCIES hits=5
ok    1.2s POLITICS__ST_NYC_CFB_CAMPAIGN_2001_CONTRIBUTION hits=98
ok    1.3s POLITICS__IRS527_DIRECTORS_OFFICERS hits=52
ok    1.2s POLITICS__ST_NYC_CFB_CAMPAIGN_2013_CONTRIBUTION hits=154
ok    0.7s JUSTICE__INTL_HUDOC hits=3
ok    1.1s SCIENCE_RESEARCH__FED_SBIR_STTR_AWARDS hits=36
ok    1.3s FINANCE__FED_EPA_ICIS_FEC_CASE_FACILITIES hits=162
ok    1.5s FOREIGN_INFLUENCE__FED_FARA_BULK hits=21
ok    1.1s TRANSPORT__FED_FRA_EQUIPMENT_ACCIDENTS hits=62
ok    0.9s CONSUMER_SAFETY__FED_NHTSA_RECALLS hits=11
ok    0.9s HEALTH__FQHC_SITE_PEOPLE hits=3
ok    1.2s ENVIRONMENT__FED_FRACFOCUS_DISCLOSURE_LIST hits=8
ok    1.2s TRANSPORT__FED_FRA_CROSSING_INCIDENTS hits=69
ok    1.2s FINANCE__FED_EPA_ICIS_FEC_ICIS_FEC_EPA_INSPECTIONS hits=186
ok    1.4s POLITICS__ST_NYC_CFB_CAMPAIGN_2025_CONTRIBUTIONS hits=217
ok    0.8s LABOR__FED_MSHA_ACCIDENTS hits=37
ok    0.8s FINANCE__FED_FEC_INDEPENDENT_EXPENDITURES hits=1
ok    0.9s POLITICS__TX_LOBBY_COVER hits=4
ok    1.5s ENVIRONMENT__FED_EPA_ICIS_AIR_ICIS_AIR_FACILITIES hits=208
ok    0.9s EDUCATION__FED_GOOGLE_POLADS_ADVERTISER_WEEKLY_SPEND hits=23
ok    0.9s ENVIRONMENT__FED_USGS_MINERALS hits=25
ok    1.0s LABOR__FED_OSHA_ITA_CASE_DETAIL_2025 hits=110
ok    1.7s TRANSPORT__FED_FAA_AIRCRAFT_REGISTRY hits=91
ok    0.8s HEALTH__FED_CMS_MEDICARE_DURABLE_MEDICAL_EQUIPMENT_DEVICES_SUPPLIES_BY_REFER hits=6
ok    1.2s FINANCE__FED_SEC_13F_FILERS hits=58
ok    0.9s JUSTICE__INTL_UCDP_GED hits=0
ok    1.2s LABOR__FED_OSHA_ITA_300A_SUMMARY_2023 hits=373
ok    1.5s LABOR__FED_OSHA_ITA_300A_SUMMARY_2025 hits=351
ok    1.1s LABOR__FED_OSHA_ITA_300A_SUMMARY_2024 hits=369
ok    1.1s ECONOMICS__FED_FAC_SINGLE_AUDIT hits=38
ok    0.7s HEALTH__FED_CMS_NURSING_HOME_DEFICIENCIES hits=5
ok    1.5s CORPORATE_REGISTRY__FED_ICIJ_OFFSHORELEAKS_ADDRESSES hits=37
ok    7.0s HEALTH__FED_FDA_ESTABLISHMENT_REG hits=142
ok    0.7s HEALTH__FED_CMS_MEDICARE_DURABLE_MEDICAL_EQUIPMENT_DEVICES_SUPPLIES_BY_SUPPL hits=26
ok    1.6s ENVIRONMENT__FED_EPA_SDWA_SDWA_PUB_WATER_SYSTEMS hits=220
ok    1.5s POLITICS__ST_NYC_CFB_CAMPAIGN_2021_CONTRIBUTIONS hits=228
ok    2.3s HEALTH__FED_HRSA_PROVIDER_RELIEF_FUND hits=55
ok    0.9s POLITICS__CA_LOBBY_COVER hits=165
ok    1.2s HEALTH__HOSPITAL_OFFICER_PAY hits=31
ok    1.0s HEALTH__FED_CLINICALTRIALS hits=85
ok    2.4s FINANCE__FED_FATCA_FFI hits=52
ok    0.8s LABOR__FED_DOL_OLMS hits=19
ok    0.9s EDUCATION__FED_GOOGLE_POLADS_ADVERTISER_GEO_SPEND hits=23
ok    1.1s LABOR__FED_OSHA_ITA_CASE_DETAIL_2024 hits=160
ok    1.2s CORPORATE_REGISTRY__FED_ICIJ_OFFSHORELEAKS_OFFICERS hits=80
ok    2.1s IMMIGRATION__FED_DOL_OFLC hits=897
ok    1.1s CORPORATE_REGISTRY__INTL_IE_CRO hits=118
ok    0.8s FINANCE__FED_FEC_COMMITTEE_TO_CANDIDATE hits=44
ok    1.9s CORPORATE_REGISTRY__FED_ICIJ_OFFSHORELEAKS_ENTITIES hits=164
ok    1.0s LABOR__FED_OSHA_ITA_CASE_DETAIL_2023 hits=163
ok    1.0s TRANSPORT__FED_FRA_CASUALTIES hits=5
ok    1.2s ECONOMICS__FED_SBA_PPP hits=80
ok    1.1s ENVIRONMENT__FED_USCG_NRC_INCIDENTS hits=180
ok    0.9s POLITICS__FED_GOVINFO_BILL_COSPONSORS hits=1
ok    1.6s ECONOMICS__FED_IRS_REVOCATION hits=112
ok    1.4s ENVIRONMENT__FED_EPA_NPDES_ICIS_FACILITIES hits=226
ok    1.0s HEALTH__FED_CMS_MEDICARE_PHYSICIAN_OTHER_PRACTITIONERS_BY_PROVIDER hits=38
ok    1.1s HEALTH__FED_CMS_PART_D_PRESCRIBERS hits=14
ok    1.7s JUSTICE__INTL_OPENSANCTIONS_DEFAULT hits=98
ok    2.7s ECONOMICS__FED_IRS_AUTO_REVOCATIONS hits=86
ok    1.4s EDUCATION__FED_GOOGLE_POLADS_CREATIVE_STATS hits=23
ok    2.0s ECONOMICS__FED_IRS_PUB78_ELIGIBLE_DONEES hits=104
ok    1.7s POLITICS__FED_FCC_LICENSING hits=16
ok    1.8s ENVIRONMENT__FED_EPA_RCRA_FACILITIES hits=295
ok    0.9s FINANCE__FED_SEC_INSIDER_SUBMISSION hits=193
ok    0.8s ENVIRONMENT__FED_NOAA_STORM_EVENTS hits=1
ok    1.1s FINANCE__FED_SEC_INSIDER_REPORTINGOWNER hits=102
ok    1.3s EDUCATION__FED_SENATE_LDA_FILINGS hits=633
ok    1.2s SCIENCE_RESEARCH__FED_NIH_REPORTER hits=52
ok    1.0s CONSUMER_SAFETY__FED_NHTSA_COMPLAINTS hits=13
ok    1.0s HEALTH__FED_FDA_MAUDE hits=48
ok    1.8s ECONOMICS__FED_SBA_LOANS hits=72
ok    3.1s CORPORATE_REGISTRY__FED_IRS_EO_BMF hits=211
ok    1.1s HEALTH__FED_CMS_PECOS_PROVIDER_ENROLLMENT hits=41
ok    1.3s LABOR__FED_MSHA_VIOLATIONS hits=66
ok    2.3s FINANCE__FED_FDIC_SOD_BRANCH_DEPOSITS hits=60
ok    1.6s HEALTH__FED_FDA_GUDID hits=53
ok    3.0s ENVIRONMENT__FED_EPA_FRS_FRS_FACILITIES hits=338
ok    3.3s ENVIRONMENT__FED_EPA_ECHO hits=328
ok    3.4s ENVIRONMENT__FED_EPA_FRS_FRS_PROGRAM_LINKS hits=347
ok    3.6s ECONOMICS__FED_DOL_OSHA_INSPECTIONS hits=342
ok    3.7s ECONOMICS__FED_IRS_990_EFILE_INDEX hits=159
ok    4.8s ENVIRONMENT__FED_EPA_FRS_FACILITIES hits=351
ok    5.4s ENVIRONMENT__XC_EPA_CORPORATE_CROSSWALK hits=753
ok    1.4s ENVIRONMENT__FED_USGS_WATER hits=0
ok    3.9s CORPORATE_REGISTRY__INTL_UK_COMPANIES_HOUSE hits=195
ok    2.8s ECONOMICS__FED_USASPENDING_CONTRACTS hits=471
ok    2.5s ENVIRONMENT__FED_FRACFOCUS_REGISTRY hits=13
ok    1.9s FINANCE__FED_IRS527_SCHEDULE_B_EXPENDITURES hits=167
ok    1.5s ENVIRONMENT__FED_EPA_AIR_EMISSIONS_POLL_RPT_COMBINED_EMISSIONS hits=0
ok    3.1s HEALTH__FED_CMS_NPPES hits=133
ok    3.0s FINANCE__FED_IRS527_SCHEDULE_A_CONTRIBUTIONS hits=294
ok    2.1s HEALTH__FED_CMS_MEDICARE_PHYSICIAN_OTHER_PRACTITIONERS_BY_PROVIDER_AND_SERVI hits=38
ok    1.9s HEALTH__FED_CMS_MEDICARE_DIALYSIS_FACILITIES hits=4
ok    2.4s HEALTH__FED_CMS_OPEN_PAYMENTS_2022 hits=156
ok    3.8s POLITICS__INTL_ELECTIONS_CANADA_CONTRIBUTIONS hits=15
ok    4.8s HEALTH__FED_CMS_OPEN_PAYMENTS_2023 hits=159
ok    3.4s HEALTH__FED_CMS_OPEN_PAYMENTS hits=162
ok    2.1s CONSUMER_PROTECTION__FED_CFPB_COMPLAINTS hits=86
ok    7.1s CORPORATE_REGISTRY__UK_COMPANIES_HOUSE_PSC hits=221
ok    5.4s HEALTH__FED_CMS_PARTD_PRESCRIBERS hits=12
ok    3.4s HEALTH__FED_CMS_FACILITY_LEVEL_MINIMUM_DATA_SET_FREQUENCY hits=5
ok   11.1s ECONOMICS__FED_USASPENDING_CONTRACTS_FULL hits=1442
ok    5.8s HOUSING__FED_CFPB_HMDA_HISTORIC hits=0
ok   33.1s JUSTICE__FED_COURTLISTENER_OPINION_CLUSTERS hits=899
ok   61.2s JUSTICE__FED_COURTLISTENER_DOCKETS hits=1130
ok  101.3s ECONOMICS__FED_USASPENDING_ASSISTANCE_FULL hits=972
ok  114.3s HEALTH__FED_DEA_ARCOS hits=36
ok  144.7s FINANCE__FED_FEC_INDIV_CONTRIBUTIONS hits=482
ok  397.5s ECONOMICS__FED_USASPENDING_CONTRACTS_FULL_R2 hits=822
done: 26425 hits, 0 errors: []
