-- S07 UK Companies House: live companies by incorporation month since 2017 (status, accounts, default address, legal form, busiest postcode), plus weeks around 18 Nov 2025 and the same weeks a year earlier
G | P | N | STRIKE | LIQ | NOACC | DORMANT | MICRO | DFLT | LP | LLP | OE | SC | NI | TOP_PC | TOP_PC_N
month | 2017-01-01 | 17541 | 2212 | 477 | 752 | 2023 | 7949 | 124 | 385 | 168 | 0 | 799 | 294 | WC2H9JQ | 125
month | 2017-02-01 | 18451 | 2423 | 555 | 725 | 2017 | 8230 | 114 | 362 | 180 | 0 | 971 | 322 | EC1V2NX | 118
month | 2017-03-01 | 23070 | 2835 | 659 | 900 | 2533 | 10310 | 142 | 507 | 249 | 0 | 1150 | 383 | EC1V2NX | 154
month | 2017-04-01 | 17315 | 2057 | 462 | 760 | 1820 | 7859 | 111 | 401 | 177 | 0 | 801 | 284 | WC2H9JQ | 126
month | 2017-05-01 | 18737 | 2388 | 523 | 904 | 2198 | 8343 | 108 | 534 | 171 | 0 | 831 | 338 | WC2H9JQ | 135
month | 2017-06-01 | 18450 | 2361 | 539 | 830 | 2132 | 8193 | 143 | 489 | 180 | 0 | 877 | 265 | CF148LH | 143
month | 2017-07-01 | 17546 | 2153 | 468 | 770 | 2103 | 7897 | 137 | 368 | 158 | 0 | 805 | 238 | CF148LH | 137
month | 2017-08-01 | 17818 | 2252 | 469 | 780 | 2118 | 8050 | 136 | 343 | 150 | 0 | 880 | 290 | WC2H9JQ | 137
month | 2017-09-01 | 18025 | 2325 | 506 | 690 | 2014 | 8219 | 142 | 264 | 264 | 0 | 853 | 326 | WC1N3AX | 159
month | 2017-10-01 | 19678 | 2676 | 516 | 726 | 2403 | 8906 | 148 | 254 | 208 | 0 | 875 | 347 | EC1V2NX | 157
month | 2017-11-01 | 19355 | 2632 | 524 | 736 | 2381 | 8558 | 169 | 301 | 191 | 0 | 905 | 312 | CF148LH | 169
month | 2017-12-01 | 14575 | 2027 | 416 | 532 | 1761 | 6448 | 129 | 173 | 176 | 0 | 626 | 214 | EC1V2NX | 133
month | 2018-01-01 | 20269 | 3052 | 616 | 619 | 2453 | 9444 | 170 | 197 | 177 | 0 | 970 | 332 | EC1V2NX | 170
month | 2018-02-01 | 20173 | 3134 | 587 | 695 | 2239 | 9241 | 177 | 268 | 185 | 0 | 974 | 358 | CF148LH | 177
month | 2018-03-01 | 22880 | 3295 | 617 | 772 | 2643 | 10453 | 210 | 308 | 220 | 0 | 1116 | 349 | CF148LH | 210
month | 2018-04-01 | 21533 | 3319 | 579 | 588 | 2644 | 10158 | 213 | 141 | 208 | 0 | 1108 | 343 | CF148LH | 213
month | 2018-05-01 | 21993 | 3475 | 637 | 634 | 2711 | 10159 | 189 | 175 | 202 | 0 | 1090 | 338 | CF148LH | 189
month | 2018-06-01 | 20586 | 3323 | 536 | 669 | 2541 | 9601 | 202 | 184 | 230 | 0 | 936 | 370 | CF148LH | 202
month | 2018-07-01 | 20787 | 3395 | 523 | 612 | 2567 | 9825 | 215 | 98 | 198 | 0 | 951 | 284 | CF148LH | 215
month | 2018-08-01 | 20933 | 3307 | 520 | 622 | 2659 | 9845 | 200 | 104 | 159 | 0 | 1089 | 351 | CF148LH | 200
month | 2018-09-01 | 20512 | 3280 | 590 | 633 | 2538 | 9748 | 191 | 81 | 149 | 0 | 911 | 300 | CF148LH | 191
month | 2018-10-01 | 23993 | 3890 | 666 | 752 | 2949 | 11312 | 222 | 117 | 208 | 0 | 1117 | 375 | CF148LH | 222
month | 2018-11-01 | 22764 | 3893 | 617 | 914 | 2854 | 10493 | 259 | 130 | 171 | 0 | 1142 | 339 | CF148LH | 259
month | 2018-12-01 | 16807 | 2781 | 415 | 691 | 2082 | 7770 | 216 | 126 | 163 | 0 | 779 | 257 | CF148LH | 216
month | 2019-01-01 | 23909 | 4395 | 653 | 925 | 2950 | 11273 | 299 | 117 | 213 | 0 | 1098 | 341 | CF148LH | 299
month | 2019-02-01 | 24264 | 4534 | 650 | 994 | 2931 | 11557 | 261 | 144 | 152 | 0 | 1286 | 393 | CF148LH | 261
month | 2019-03-01 | 29377 | 5263 | 787 | 1160 | 3424 | 13985 | 327 | 149 | 214 | 0 | 1476 | 460 | CF148LH | 327
month | 2019-04-01 | 25589 | 4710 | 634 | 1323 | 3111 | 12022 | 306 | 135 | 220 | 0 | 1286 | 383 | CF148LH | 306
month | 2019-05-01 | 25340 | 5023 | 625 | 1545 | 3091 | 11685 | 304 | 139 | 190 | 0 | 1288 | 405 | CF148LH | 304
month | 2019-06-01 | 22808 | 4677 | 546 | 1479 | 2832 | 10555 | 292 | 119 | 167 | 0 | 1100 | 369 | CF148LH | 292
month | 2019-07-01 | 26436 | 4786 | 661 | 1596 | 3298 | 12124 | 315 | 127 | 199 | 0 | 1200 | 361 | CF148LH | 315
month | 2019-08-01 | 23365 | 4344 | 556 | 1518 | 3020 | 10777 | 290 | 165 | 188 | 0 | 1225 | 333 | CF148LH | 290
month | 2019-09-01 | 25000 | 4734 | 603 | 1650 | 3185 | 11476 | 321 | 108 | 230 | 0 | 1240 | 360 | CF148LH | 321
month | 2019-10-01 | 27322 | 5077 | 705 | 1702 | 3458 | 12649 | 322 | 126 | 207 | 0 | 1254 | 408 | CF148LH | 322
month | 2019-11-01 | 23860 | 4189 | 586 | 1582 | 3025 | 10904 | 263 | 174 | 146 | 0 | 1216 | 321 | CF148LH | 263
month | 2019-12-01 | 19422 | 3562 | 490 | 1309 | 2592 | 8734 | 251 | 150 | 151 | 0 | 901 | 243 | CF148LH | 251
month | 2020-01-01 | 26255 | 5193 | 619 | 1696 | 3440 | 12079 | 377 | 88 | 169 | 0 | 1248 | 348 | CF148LH | 377
month | 2020-02-01 | 26340 | 4804 | 583 | 1924 | 3570 | 11649 | 318 | 108 | 218 | 0 | 1346 | 375 | CF148LH | 318
month | 2020-03-01 | 21254 | 1596 | 383 | 701 | 3335 | 9426 | 115 | 72 | 198 | 0 | 985 | 312 | WC2H9JQ | 259
month | 2020-04-01 | 14179 | 849 | 221 | 507 | 2623 | 6185 | 87 | 38 | 155 | 0 | 551 | 168 | WC2H9JQ | 242
month | 2020-05-01 | 18996 | 1370 | 310 | 467 | 3477 | 8581 | 103 | 74 | 129 | 0 | 772 | 263 | WC2H9JQ | 306
month | 2020-06-01 | 26183 | 1915 | 369 | 635 | 4487 | 12208 | 127 | 170 | 149 | 0 | 1054 | 378 | WC2H9JQ | 347
month | 2020-07-01 | 28253 | 1360 | 441 | 620 | 4521 | 13299 | 109 | 77 | 183 | 0 | 1318 | 339 | WC2H9JQ | 391
month | 2020-08-01 | 23865 | 1160 | 309 | 494 | 3774 | 11277 | 125 | 85 | 176 | 0 | 1074 | 331 | WC2H9JQ | 349
month | 2020-09-01 | 26102 | 1200 | 349 | 614 | 4073 | 12246 | 133 | 109 | 153 | 0 | 1284 | 391 | WC2H9JQ | 367
month | 2020-10-01 | 27226 | 1227 | 354 | 616 | 4394 | 12479 | 151 | 103 | 209 | 0 | 1161 | 435 | WC2H9JQ | 393
month | 2020-11-01 | 24599 | 1264 | 305 | 687 | 4109 | 11128 | 160 | 187 | 194 | 0 | 1142 | 388 | WC2H9JQ | 362
month | 2020-12-01 | 22555 | 1412 | 273 | 461 | 3983 | 10004 | 156 | 81 | 217 | 0 | 945 | 337 | WC2H9JQ | 388
month | 2021-01-01 | 23884 | 1705 | 291 | 572 | 4036 | 10901 | 152 | 102 | 166 | 0 | 1048 | 373 | WC2H9JQ | 371
month | 2021-02-01 | 27375 | 2078 | 335 | 582 | 4577 | 12321 | 162 | 179 | 217 | 0 | 1249 | 473 | WC2H9JQ | 361
month | 2021-03-01 | 32897 | 2385 | 378 | 552 | 5487 | 15151 | 211 | 126 | 534 | 0 | 1524 | 591 | WC2H9JQ | 417
month | 2021-04-01 | 27105 | 1444 | 305 | 533 | 4448 | 12702 | 149 | 111 | 282 | 0 | 1330 | 444 | WC2H9JQ | 405
month | 2021-05-01 | 25549 | 1709 | 323 | 573 | 4298 | 11764 | 135 | 167 | 269 | 0 | 1161 | 407 | WC2H9JQ | 351
month | 2021-06-01 | 24797 | 1807 | 259 | 579 | 4149 | 11530 | 144 | 133 | 264 | 0 | 1190 | 427 | WC2H9JQ | 361
month | 2021-07-01 | 23637 | 1096 | 279 | 540 | 3705 | 11010 | 117 | 111 | 229 | 0 | 1022 | 296 | WC2H9JQ | 341
month | 2021-08-01 | 22445 | 1135 | 238 | 549 | 3671 | 10646 | 153 | 149 | 211 | 0 | 1163 | 372 | WC2H9JQ | 309
month | 2021-09-01 | 25239 | 1275 | 262 | 570 | 4008 | 12015 | 171 | 124 | 217 | 0 | 1179 | 402 | WC2H9JQ | 360
month | 2021-10-01 | 24690 | 1473 | 272 | 532 | 4250 | 11460 | 281 | 107 | 217 | 0 | 1170 | 407 | WC2H9JQ | 339
month | 2021-11-01 | 25572 | 1326 | 244 | 718 | 4325 | 11848 | 145 | 143 | 210 | 0 | 1220 | 369 | WC2H9JQ | 371
month | 2021-12-01 | 21603 | 1379 | 207 | 735 | 3886 | 9817 | 149 | 164 | 201 | 0 | 979 | 309 | WC2H9JQ | 342
(177 rows; csv has all)

-- S08 UK Companies House: every postcode hosting 1,000+ live companies, with strike-off, overdue-accounts, dormant, newcomer and same-day-burst counts (peer table)
PC | N | A1S | TOP_A1 | TOWN | STRIKE | LIQ | OLD_N | OLD_NOACC | DORMANT | MICRO | NEW25 | POST_IDV | PRIOR_IDV | LP | OE | D0 | D1 | MAXDAY | PEAKDAY
WC2H9JQ | 88424 | 369 | 71-75 SHELTON STREET | LONDON | 4526 | 67 | 38039 | 591 | 10559 | 22064 | 44465 | 19694 | 12692 | 34 | 0 | 1890-03-24 | 2026-06-30 | 266 | 2026-06-17
EC1V2NX | 71618 | 1764 | 128 CITY ROAD | LONDON | 4835 | 128 | 34288 | 542 | 7977 | 20687 | 31754 | 13148 | 11107 | 18 | 0 | 1880-06-03 | 2026-06-30 | 182 | 2026-06-19
N17GU | 37300 | 196 | 20 WENLOCK ROAD | LONDON | 2460 | 120 | 22131 | 345 | 5272 | 12452 | 12863 | 5335 | 4318 | 7 | 0 | 1934-05-14 | 2026-06-30 | 76 | 2026-03-16
EC2A4NE | 30948 | 774 | 3RD FLOOR, 86-90 | LONDON | 2112 | 67 | 13707 | 279 | 1685 | 8977 | 14879 | 5521 | 5403 | 2 | 0 | 1911-08-14 | 2026-06-30 | 100 | 2026-03-09
CF148LH | 29279 | 29274 | PO BOX 4385 | CARDIFF | 23638 | 758 | 19905 | 2048 | 5049 | 8828 | 8204 | 1868 | 5133 | 6 | 0 | 1895-12-20 | 2026-06-20 | 81 | 2025-03-05
W1W5PF | 27092 | 785 | 167-169 GREAT PORTLAND STREET | LONDON | 748 | 44 | 14331 | 93 | 3049 | 8199 | 11132 | 5695 | 2838 | 46 | 1 | 1909-01-01 | 2026-06-30 | 76 | 2025-12-23
IP287DE | 19382 | 1619 | 82A JAMES CARTER ROAD | BURY ST. EDMUNDS | 1294 | 34 | 9184 | 117 | 2471 | 5888 | 8776 | 3829 | 2793 | 30 | 0 | 1947-08-27 | 2026-06-30 | 70 | 2026-06-18
WC1N3AX | 16203 | 203 | 27 OLD GLOUCESTER STREET | LONDON | 1439 | 74 | 11496 | 191 | 3049 | 5402 | 3883 | 1333 | 1555 | 28 | 10 | 1944-01-14 | 2026-06-30 | 59 | 2021-03-31
HR53DJ | 12755 | 3295 | 61 BRIDGE STREET | KINGTON | 768 | 11 | 4859 | 63 | 2040 | 2697 | 7115 | 2208 | 2386 | 22 | 0 | 1962-01-03 | 2026-06-30 | 62 | 2025-08-19
W1W7LT | 10648 | 262 | 85 GREAT PORTLAND STREET | LONDON | 903 | 43 | 7358 | 592 | 1277 | 3952 | 2313 | 66 | 1859 | 497 | 0 | 1901-05-29 | 2026-06-19 | 31 | 2025-05-06
W60NB | 8144 | 49 | 1 LYRIC SQUARE | LONDON | 246 | 0 | 5842 | 28 | 30 | 128 | 1576 | 523 | 777 | 1 | 0 | 1961-12-29 | 2026-06-30 | 23 | 2024-02-10
E62JA | 8022 | 6932 | 182-184 HIGH STREET NORTH | LONDON | 510 | 2 | 1695 | 35 | 494 | 1200 | 5891 | 2910 | 1440 | 0 | 0 | 1984-12-17 | 2026-06-30 | 87 | 2026-01-30
M408WN | 7033 | 747 | UNIT 7 INITIAL BUSINESS CENTRE | MANCHESTER | 293 | 4 | 2096 | 12 | 1740 | 523 | 4565 | 2498 | 943 | 0 | 0 | 1967-02-17 | 2026-06-30 | 139 | 2026-01-30
WC2A2JR | 6700 | 139 | 7 BELL YARD | LONDON | 457 | 27 | 6001 | 112 | 1074 | 3509 | 219 | 46 | 118 | 62 | 0 | 1879-01-02 | 2026-06-29 | 13 | 2024-10-15
EC2A4NA | 6686 | 91 | 66 PAUL STREET | LONDON | 26 | 0 | 910 | 4 | 115 | 576 | 5664 | 5368 | 199 | 4 | 0 | 1953-03-26 | 2026-06-30 | 217 | 2026-06-18
EH39WJ | 6473 | 18 | 50 LOTHIAN ROAD | EDINBURGH | 11 | 3 | 5756 | 4815 | 289 | 99 | 504 | 229 | 257 | 5412 | 0 | 1892-02-24 | 2026-06-29 | 53 | 2015-03-19
E10SG | 6099 | 1652 | 5 BRAYFORD SQUARE | LONDON | 300 | 4 | 2103 | 24 | 559 | 1315 | 3697 | 1908 | 1037 | 2 | 0 | 1935-10-25 | 2026-06-30 | 35 | 2025-12-29
HA47AE | 5916 | 151 | 2ND FLOOR COLLEGE HOUSE | RUISLIP, | 409 | 6 | 2411 | 133 | 1016 | 1198 | 3032 | 1291 | 1178 | 95 | 0 | 1963-08-27 | 2026-06-30 | 21 | 2026-04-15
BR34AB | 5725 | 4 | 37 CROYDON ROAD | BECKENHAM | 113 | 0 | 4800 | 0 | 5170 | 3 | 614 | 142 | 424 | 0 | 0 | 1986-12-11 | 2026-06-30 | 17 | 2025-04-29
WA11RG | 5484 | 21 | 320 FIRECREST COURT | WARRINGTON | 367 | 20 | 4463 | 33 | 32 | 833 | 830 | 357 | 334 | 0 | 0 | 1980-08-22 | 2026-06-30 | 53 | 2007-02-12
EH24AN | 4900 | 69 | 5 SOUTH CHARLOTTE STREET | EDINBURGH | 152 | 4 | 3272 | 1366 | 326 | 1136 | 1349 | 630 | 440 | 1587 | 0 | 1896-07-01 | 2026-06-30 | 40 | 2022-08-15
G21BP | 4441 | 555 | 48 WEST GEORGE STREET | GLASGOW | 277 | 51 | 2768 | 156 | 396 | 1606 | 1428 | 571 | 524 | 116 | 0 | 1898-01-24 | 2026-06-30 | 11 | 2025-11-26
BH166FA | 3624 | 339 | LYTCHETT HOUSE 13 FREELAND PARK | POOLE | 394 | 5 | 2113 | 25 | 415 | 1360 | 1269 | 394 | 529 | 1 | 0 | 1915-04-14 | 2026-06-30 | 10 | 2025-09-03
VG1110 | 3539 | 651 | VISTRA CORPORATE SERVICES CENTRE WICKHAMS CAY II | TORTOLA | 0 | 0 | 3429 | 3421 | 0 | 0 | 74 | 31 | 33 | 0 | 3528 | 2017-11-09 | 2026-06-24 | 88 | 2023-02-02
W1B3HH | 3527 | 179 | 3RD FLOOR SUITE | LONDON | 379 | 24 | 2537 | 97 | 870 | 1038 | 823 | 274 | 337 | 59 | 0 | 1927-12-10 | 2026-06-30 | 10 | 2025-09-15
W1T6EB | 3401 | 459 | SILVERSTREAM HOUSE | LONDON | 330 | 5 | 1657 | 29 | 285 | 1022 | 1448 | 446 | 671 | 0 | 1 | 1972-06-06 | 2026-06-30 | 12 | 2025-02-10
E173NU | 3227 | 268 | SUITE RA01 | LONDON | 127 | 2 | 885 | 9 | 214 | 593 | 2177 | 1200 | 512 | 0 | 0 | 1966-02-10 | 2026-06-30 | 26 | 2026-06-19
W1T2EW | 3128 | 2524 | 60 TOTTENHAM COURT ROAD | LONDON | 134 | 1 | 1090 | 13 | 266 | 744 | 1803 | 821 | 524 | 0 | 0 | 1986-10-16 | 2026-06-30 | 26 | 2026-01-30
ML110QW | 3067 | 15 | 44 MAIN STREET | DOUGLAS | 1 | 0 | 3067 | 3065 | 0 | 1 | 0 | 0 | 0 | 3065 | 0 | 2008-03-04 | 2024-03-28 | 48 | 2014-06-03
RM66AX | 2975 | 2521 | 321-323 HIGH ROAD | ESSEX | 259 | 3 | 1270 | 24 | 384 | 731 | 1521 | 602 | 518 | 0 | 0 | 1998-07-29 | 2026-06-30 | 16 | 2026-01-30
W1W6XH | 2877 | 23 | 101 NEW CAVENDISH STREET | LONDON | 64 | 2 | 2325 | 10 | 539 | 157 | 431 | 179 | 179 | 3 | 0 | 1896-07-03 | 2026-06-30 | 17 | 2023-11-07
M126AE | 2801 | 486 | PICCADILLY BUSINESS CENTRE UNIT C ALDOW ENTERPRISE PARK | MANCHESTER | 274 | 12 | 1485 | 18 | 431 | 834 | 1164 | 341 | 497 | 1 | 0 | 1962-10-25 | 2026-06-30 | 16 | 2025-09-15
BH217SB | 2776 | 55 | C/O SG ACCOUNTING 1 CEDAR OFFICE PARK | WIMBORNE | 114 | 2 | 2161 | 8 | 21 | 2193 | 452 | 205 | 151 | 0 | 0 | 1952-01-10 | 2026-06-29 | 5 | 2023-12-19
NR21AD | 2754 | 38 | LAWRENCE HOUSE | NORWICH | 8 | 2715 | 2734 | 147 | 80 | 1458 | 5 | 3 | 3 | 0 | 0 | 1935-12-30 | 2026-06-25 | 6 | 2018-12-19
E145HU | 2621 | 20 | 5 CHURCHILL PLACE | LONDON | 24 | 0 | 2102 | 39 | 289 | 28 | 399 | 160 | 135 | 39 | 1 | 1901-12-07 | 2026-06-30 | 10 | 2012-09-07
CR02RF | 2585 | 23 | STONEMEAD HOUSE | CROYDON | 4 | 0 | 2541 | 0 | 472 | 1959 | 25 | 8 | 17 | 0 | 0 | 1907-05-08 | 2026-04-21 | 7 | 2017-02-02
CM201YS | 2582 | 231 | C/O AACSL ACCOUNTANTS LTD | HARLOW | 80 | 1 | 1632 | 0 | 20 | 1885 | 721 | 295 | 290 | 0 | 0 | 2003-08-19 | 2026-06-30 | 8 | 2023-08-22
G24JR | 2509 | 57 | 272 BATH STREET | GLASGOW | 223 | 10 | 2165 | 1473 | 211 | 331 | 271 | 58 | 115 | 1471 | 0 | 1901-11-08 | 2026-06-24 | 25 | 2016-03-30
CV24AQ | 2443 | 12 | 7 COPPERFIELD ROAD, COVENTRY | WEST MIDLANDS, ENGLAND | 233 | 0 | 1073 | 1 | 1391 | 12 | 1117 | 448 | 518 | 0 | 0 | 2003-11-05 | 2026-06-30 | 17 | 2026-01-27
N213NA | 2393 | 10 | 1 KINGS AVENUE | LONDON | 115 | 28 | 1941 | 34 | 220 | 840 | 341 | 122 | 155 | 3 | 0 | 1932-06-28 | 2026-06-30 | 7 | 2022-05-05
SS143JJ | 2390 | 58 | 4 CAPRICORN CENTRE | BASILDON | 178 | 398 | 1948 | 42 | 37 | 170 | 346 | 162 | 124 | 0 | 0 | 1964-12-08 | 2026-06-30 | 9 | 2025-11-21
M23WQ | 2366 | 111 | BARTLE HOUSE | MANCHESTER | 189 | 153 | 1126 | 26 | 270 | 564 | 1039 | 407 | 394 | 0 | 0 | 1948-06-22 | 2026-06-30 | 11 | 2025-07-31
EH75JA | 2358 | 18 | SUITE 1 | EDINBURGH | 0 | 1 | 2358 | 2356 | 1 | 0 | 0 | 0 | 0 | 2356 | 0 | 1993-08-04 | 2024-01-04 | 34 | 2012-10-18
EH67BD | 2305 | 537 | SUMMIT HOUSE | EDINBURGH | 74 | 13 | 2128 | 1366 | 316 | 300 | 149 | 48 | 70 | 1362 | 0 | 1957-10-01 | 2026-06-22 | 32 | 2016-03-01
HA71JS | 2263 | 159 | DEVONSHIRE HOUSE | STANMORE | 98 | 60 | 1967 | 7 | 197 | 724 | 220 | 99 | 82 | 0 | 2 | 1931-01-22 | 2026-06-29 | 10 | 2023-09-12
WD171HP | 2256 | 105 | 4TH FLOOR RADIUS HOUSE | WATFORD | 111 | 7 | 1995 | 17 | 168 | 1449 | 189 | 71 | 83 | 5 | 1 | 1930-07-05 | 2026-06-29 | 9 | 2023-04-06
FY45FS | 2239 | 14 | APOLLO HOUSE | WHITEHILLS BUSINESS PARK | 81 | 3 | 2111 | 7 | 8 | 2103 | 100 | 41 | 46 | 0 | 0 | 1963-11-06 | 2026-06-18 | 5 | 2016-06-28
WC2A1HR | 2174 | 46 | SUITE G04 | LONDON | 339 | 1 | 1623 | 32 | 444 | 804 | 429 | 157 | 236 | 0 | 0 | 1976-08-04 | 2026-06-22 | 7 | 2025-04-10
N134BS | 2064 | 122 | 483 GREEN LANES | LONDON | 185 | 9 | 1395 | 22 | 215 | 774 | 558 | 117 | 242 | 11 | 0 | 1907-05-01 | 2026-06-30 | 8 | 2025-05-06
SE83GG | 2033 | 1739 | OFFICE SUITE 29A, 3/F., | LONDON | 178 | 1 | 408 | 11 | 230 | 215 | 1533 | 493 | 481 | 0 | 0 | 1978-12-22 | 2026-06-29 | 28 | 2025-11-25
EC3V0BT | 1985 | 27 | 5TH FLOOR | LONDON | 68 | 0 | 1846 | 2 | 116 | 56 | 110 | 25 | 34 | 0 | 0 | 1937-08-23 | 2026-06-29 | 64 | 2006-08-17
CV12NT | 1982 | 84 | UNION HOUSE | COVENTRY | 122 | 6 | 1639 | 13 | 489 | 841 | 266 | 102 | 94 | 0 | 0 | 1889-05-27 | 2026-06-27 | 5 | 2017-12-12
N31XW | 1980 | 9 | 35 BALLARDS LANE | LONDON | 60 | 11 | 1756 | 15 | 198 | 631 | 174 | 63 | 59 | 7 | 0 | 1934-04-28 | 2026-06-26 | 8 | 2025-07-02
CR02LX | 1976 | 74 | 6TH FLOOR, AMP HOUSE | CROYDON | 172 | 19 | 1575 | 13 | 185 | 1233 | 312 | 109 | 128 | 0 | 0 | 1948-04-13 | 2026-06-29 | 5 | 2025-08-08
E1W9US | 1954 | 8 | 2 LEMAN STREET | LONDON | 55 | 0 | 1776 | 6 | 302 | 197 | 133 | 63 | 53 | 0 | 0 | 1926-03-13 | 2026-06-29 | 6 | 2016-07-27
HG11ND | 1936 | 21 | 9 PRINCES SQUARE | HARROGATE | 30 | 0 | 1257 | 2 | 932 | 130 | 555 | 389 | 118 | 0 | 0 | 1972-04-21 | 2026-06-26 | 38 | 2025-12-31
BL66HG | 1934 | 54 | BELMONT SUITE, PARAGON BUSINESS PARK | BOLTON | 49 | 5 | 1404 | 1 | 29 | 1401 | 417 | 185 | 145 | 0 | 0 | 1969-01-01 | 2026-06-30 | 6 | 2024-08-06
WC1H9BQ | 1860 | 43 | LYNTON HOUSE | LONDON | 50 | 2 | 1601 | 9 | 258 | 49 | 207 | 76 | 74 | 2 | 1 | 1932-12-03 | 2026-06-24 | 7 | 2022-06-30
E161BD | 1838 | 46 | WAREHOUSE W 3 WESTERN GATEWAY | LONDON | 3 | 1763 | 1812 | 49 | 31 | 1049 | 9 | 2 | 6 | 0 | 0 | 1936-01-25 | 2026-05-12 | 4 | 2023-08-15
ST180BF | 1833 | 170 | L220,BEACONSIDE BUSINESS VILLAGE, | STAFFORD | 50 | 3 | 1045 | 3 | 1132 | 33 | 643 | 184 | 227 | 0 | 0 | 1980-05-22 | 2026-06-03 | 14 | 2025-11-13
(161 rows; csv has all)

-- S09 Ireland CRO: companies by incorporation year, status, and share formed at addresses that host 300+ / 1,000+ companies (address = first two parts, letters and digits only)
Y | N | NORMAL | DISS | SOL | LIQ | AT300 | AT1000 | ADDRS
1960 | 369 | 61 | 294 | 0 | 9 | 19 | 5 | 361
1961 | 393 | 69 | 314 | 0 | 6 | 23 | 8 | 371
1962 | 451 | 78 | 362 | 0 | 1 | 23 | 6 | 420
1963 | 530 | 71 | 440 | 0 | 8 | 35 | 11 | 478
1964 | 610 | 97 | 490 | 1 | 12 | 41 | 16 | 534
1965 | 679 | 99 | 559 | 0 | 8 | 54 | 13 | 595
1966 | 728 | 114 | 598 | 1 | 7 | 49 | 16 | 642
1967 | 847 | 130 | 706 | 0 | 5 | 43 | 14 | 746
1968 | 1256 | 182 | 1022 | 1 | 10 | 69 | 18 | 1077
1969 | 1787 | 209 | 1538 | 0 | 22 | 103 | 24 | 1430
1970 | 1967 | 234 | 1694 | 1 | 17 | 111 | 36 | 1569
1971 | 2133 | 232 | 1856 | 2 | 17 | 102 | 30 | 1744
1972 | 2936 | 290 | 2596 | 5 | 21 | 148 | 70 | 2315
1973 | 4573 | 423 | 4084 | 5 | 31 | 334 | 185 | 3281
1974 | 4073 | 389 | 3623 | 2 | 24 | 266 | 133 | 3074
1975 | 3141 | 344 | 2735 | 2 | 25 | 166 | 84 | 2525
1976 | 3413 | 390 | 2966 | 4 | 24 | 143 | 51 | 2785
1977 | 3165 | 369 | 2758 | 0 | 15 | 164 | 80 | 2619
1978 | 4685 | 533 | 4067 | 6 | 40 | 250 | 117 | 3761
1979 | 5524 | 676 | 4763 | 7 | 47 | 267 | 113 | 4467
1980 | 6076 | 705 | 5265 | 6 | 44 | 269 | 133 | 4834
1981 | 5942 | 683 | 5157 | 8 | 42 | 298 | 133 | 4849
1982 | 5048 | 614 | 4350 | 7 | 40 | 260 | 121 | 4102
1983 | 6391 | 727 | 5580 | 4 | 38 | 310 | 180 | 5171
1984 | 6137 | 729 | 5301 | 7 | 53 | 346 | 176 | 4935
1985 | 6564 | 810 | 5652 | 5 | 41 | 386 | 229 | 5327
1986 | 7731 | 955 | 6655 | 5 | 70 | 455 | 260 | 6081
1987 | 8685 | 1161 | 7393 | 9 | 75 | 457 | 293 | 6788
1988 | 10978 | 1364 | 9456 | 11 | 77 | 618 | 355 | 8246
1989 | 14664 | 1687 | 12784 | 18 | 102 | 1560 | 898 | 9862
1990 | 15144 | 1528 | 13440 | 16 | 80 | 2649 | 1750 | 9170
1991 | 14701 | 1362 | 13167 | 22 | 75 | 3711 | 2649 | 8265
1992 | 14669 | 1295 | 13194 | 12 | 90 | 5450 | 4136 | 7048
1993 | 14082 | 1339 | 12536 | 16 | 96 | 5132 | 3627 | 6917
1994 | 15607 | 1678 | 13733 | 19 | 96 | 5676 | 3929 | 7665
1995 | 16232 | 1896 | 13961 | 24 | 143 | 5184 | 3761 | 8530
1996 | 16346 | 2168 | 13880 | 25 | 135 | 4422 | 3031 | 9006
1997 | 19353 | 2658 | 16322 | 38 | 177 | 4471 | 3121 | 10945
1998 | 21155 | 3167 | 17636 | 40 | 203 | 4125 | 2628 | 12667
1999 | 18771 | 3623 | 14727 | 50 | 249 | 1741 | 723 | 13597
2000 | 18246 | 3830 | 14027 | 61 | 221 | 1137 | 383 | 14342
2001 | 14375 | 3370 | 10667 | 54 | 189 | 571 | 173 | 11943
2002 | 13860 | 3753 | 9802 | 47 | 193 | 535 | 182 | 11386
2003 | 14384 | 4053 | 9966 | 61 | 228 | 667 | 226 | 11847
2004 | 15696 | 4563 | 10743 | 54 | 266 | 777 | 232 | 12847
2005 | 17325 | 5085 | 11767 | 74 | 307 | 933 | 284 | 13866
2006 | 19328 | 5694 | 13102 | 119 | 303 | 1046 | 327 | 15232
2007 | 18820 | 5428 | 12920 | 98 | 279 | 1051 | 369 | 14820
2008 | 14834 | 4368 | 10138 | 54 | 197 | 707 | 260 | 12099
2009 | 13465 | 4450 | 8636 | 67 | 225 | 630 | 177 | 10963
2010 | 14160 | 4875 | 8844 | 99 | 255 | 765 | 211 | 11313
2011 | 14765 | 5896 | 8394 | 121 | 276 | 961 | 298 | 11783
2012 | 14169 | 6186 | 7497 | 134 | 251 | 894 | 216 | 11391
2013 | 15690 | 7470 | 7646 | 177 | 285 | 1137 | 254 | 12260
2014 | 17987 | 9348 | 8011 | 182 | 345 | 1286 | 359 | 13621
2015 | 19561 | 10723 | 8138 | 273 | 363 | 1554 | 466 | 14787
2016 | 21047 | 12001 | 8299 | 316 | 379 | 1823 | 693 | 15742
2017 | 22408 | 14216 | 7393 | 394 | 366 | 1615 | 827 | 16697
2018 | 22518 | 15402 | 6186 | 480 | 395 | 1648 | 767 | 16567
2019 | 22796 | 16993 | 4858 | 550 | 364 | 2129 | 804 | 16254
(67 rows; csv has all)

-- S10 Ireland CRO: every normalised address hosting 250+ companies, with status, decade spread, 2025+ newcomers and biggest single day
A2 | ADDR | N | NORMAL | DISS | SOL | PRE1990 | Y1990S | Y2000_14 | Y2015_24 | Y2025P | D0 | D1 | MAXDAY | PEAKDAY
41CENTRALCHAMBERSDAMECOURT | 41 CENTRAL CHAMBERS, DAME COURT, DUBLIN 2, DUBLIN | 8826 | 223 | 8590 | 5 | 110 | 7782 | 702 | 162 | 70 | 1944-11-02 | 2026-07-24 | 34 | 1995-03-04
20CLANWILLIAMTERRACEDUBLIN2 | 20 CLANWILLIAM TERRACE, DUBLIN 2, DUBLIN, DUBLIN, IRELAND | 4352 | 15 | 4337 | 0 | 91 | 4195 | 65 | 1 | 0 | 1975-09-11 | 2018-07-17 | 36 | 1996-04-12
FOURTHFLOORDOLLARDHOUSE | FOURTH FLOOR, DOLLARD HOUSE, WELLINGTON QUAY DUBLIN 2, DUBLIN | 2369 | 0 | 2368 | 0 | 199 | 2135 | 35 | 0 | 0 | 1972-03-16 | 2000-06-21 | 25 | 1991-11-22
THEBLACKCHURCHSTMARYSPLACE | THE BLACK CHURCH, ST. MARY'S PLACE,DUBLIN 7, D07 P4AX | 2109 | 1342 | 714 | 32 | 10 | 30 | 204 | 1338 | 527 | 1936-01-03 | 2026-08-05 | 9 | 2026-07-16
6LOWERHATCHSTREETDUBLIN2 | 6 LOWER HATCH STREET, DUBLIN 2., DUBLIN, DUBLIN, IRELAND | 1817 | 0 | 1816 | 0 | 1260 | 541 | 15 | 0 | 0 | 1961-07-20 | 2012-11-06 | 8 | 1993-04-29
FIRSTFLOOR1415PARLIAMENTSTREET | FIRST FLOOR, 14/15 PARLIAMENT STREET, DUBLIN 2, DUBLIN | 1808 | 0 | 1808 | 0 | 7 | 1753 | 48 | 0 | 0 | 1988-11-25 | 2000-07-07 | 14 | 1992-05-01
FIRSTFLOOR17DAMESTREET | FIRST FLOOR, 17 DAME STREET, DUBLIN 2, DUBLIN | 1762 | 0 | 1759 | 0 | 31 | 1729 | 2 | 0 | 0 | 1966-07-07 | 2008-06-12 | 19 | 1992-05-27
MERCHANTSHOUSE2730MERCHANTSQUAY | MERCHANT'S HOUSE, 27-30 MERCHANT'S QUAY, DUBLIN 8, DUBLIN | 1734 | 20 | 1712 | 1 | 18 | 1654 | 26 | 36 | 0 | 1973-11-07 | 2022-10-20 | 13 | 1998-06-26
1STOKESPLACESTSTEPHENSGREEN | 1 STOKES PLACE, ST. STEPHEN'S GREEN, DUBLIN 2., DUBLIN | 1614 | 161 | 1422 | 1 | 792 | 540 | 176 | 86 | 19 | 1897-10-26 | 2026-06-23 | 11 | 2000-03-28
70SIRJOHNROGERSONSQUAYDUBLIN2 | 70 SIR JOHN ROGERSON'S QUAY, DUBLIN 2, DUBLIN 2, DUBLIN, IRELAND, D02R296 | 1509 | 663 | 794 | 12 | 32 | 120 | 809 | 503 | 45 | 1924-09-18 | 2026-08-05 | 17 | 2007-07-31
98LOWERBAGGOTSTREETDUBLIN2 | 98 LOWER BAGGOT STREET, DUBLIN 2, DUBLIN, DUBLIN, IRELAND | 1496 | 26 | 1469 | 0 | 85 | 1345 | 62 | 4 | 0 | 1963-04-23 | 2021-09-09 | 26 | 1995-03-04
UNIT3DNORTHPOINTHOUSENORTHPOINTBUSINESSPARK | UNIT 3D NORTH POINT HOUSE, NORTH POINT BUSINESS PARK, NEW MALLOW ROAD CORK, CO. CORK,CORK | 1494 | 847 | 594 | 51 | 1 | 9 | 13 | 1356 | 115 | 1975-12-02 | 2026-07-29 | 13 | 2020-12-07
COLIEMOREHOUSECOLIEMOREROAD | COLIEMORE HOUSE, COLIEMORE ROAD, DALKEY,DUBLIN | 1486 | 734 | 722 | 26 | 0 | 3 | 350 | 951 | 182 | 1998-03-31 | 2026-08-07 | 11 | 2008-02-18
2CLANWILLIAMTERRACEDUBLIN2 | 2 CLANWILLIAM TERRACE, DUBLIN 2, DUBLIN, DUBLIN, IRELAND | 1412 | 0 | 1412 | 0 | 118 | 1294 | 0 | 0 | 0 | 1974-11-07 | 1997-04-16 | 28 | 1992-04-16
32MOLESWORTHSTREETDUBLIN2 | 32 MOLESWORTH STREET, DUBLIN 2, DUBLIN 2, DUBLIN, IRELAND, D02Y512 | 1312 | 953 | 282 | 10 | 6 | 10 | 193 | 986 | 117 | 1950-05-24 | 2026-08-05 | 9 | 2015-01-16
57DAMESTREETDUBLIN2 | 57 DAME STREET, DUBLIN 2, DUBLIN, DUBLIN, IRELAND | 1265 | 22 | 1243 | 0 | 48 | 1173 | 24 | 20 | 0 | 1958-12-05 | 2023-09-20 | 22 | 1993-07-13
17DAMESTREETDUBLIN2 | 17 DAME STREET, DUBLIN 2., DUBLIN, DUBLIN, IRELAND | 1245 | 2 | 1241 | 0 | 660 | 549 | 36 | 0 | 0 | 1974-03-08 | 2014-12-05 | 21 | 1989-01-12
109LOWERBAGGOTSTREETDUBLIN2 | 109 LOWER BAGGOT STREET, DUBLIN 2, DUBLIN, DUBLIN, IRELAND | 1162 | 47 | 1112 | 2 | 21 | 1020 | 91 | 30 | 0 | 1975-02-13 | 2024-09-26 | 15 | 1998-04-02
GROUNDFLOOR71LOWERBAGGOTSTREET | GROUND FLOOR, 71 LOWER BAGGOT STREET,DUBLIN, D02 P593 | 1122 | 799 | 301 | 15 | 1 | 6 | 15 | 981 | 119 | 1984-11-22 | 2026-08-04 | 6 | 2021-02-01
56FITZWILLIAMSQUAREDUBLIN2 | 56 FITZWILLIAM SQUARE, DUBLIN 2, DUBLIN, DUBLIN, IRELAND | 1118 | 1 | 1117 | 0 | 21 | 1075 | 14 | 7 | 1 | 1970-12-24 | 2025-08-18 | 18 | 1992-03-26
44FITZWILLIAMPLACEDUBLIN2 | 44 FITZWILLIAM PLACE, DUBLIN 2, DUBLIN, DUBLIN, IRELAND | 1087 | 5 | 1062 | 0 | 178 | 279 | 612 | 17 | 1 | 1896-01-31 | 2025-01-31 | 4 | 1998-03-31
2729LOWERPEMBROKESTREETDUBLIN2 | 27-29 LOWER PEMBROKE STREET, DUBLIN 2, DUBLIN, DUBLIN, IRELAND | 1081 | 0 | 1081 | 0 | 2 | 1068 | 11 | 0 | 0 | 1988-03-10 | 2003-12-04 | 30 | 1995-12-20
POD2THEOLDSTATIONHOUSE | POD 2, THE OLD STATION HOUSE, 15A MAIN STREET, BLACKROCK,DUBLIN, A94T8P8 | 1061 | 893 | 146 | 21 | 0 | 1 | 0 | 899 | 161 | 1995-12-07 | 2026-07-22 | 8 | 2025-02-21
48FITZWILLIAMSQUAREDUBLIN2 | 48 FITZWILLIAM SQUARE, DUBLIN 2., DUBLIN, DUBLIN, IRELAND | 1040 | 4 | 1036 | 0 | 84 | 951 | 3 | 2 | 0 | 1959-03-23 | 2019-11-14 | 14 | 1989-04-15
FRIELSTAFFORD44FITZWILLIAMPLACE | FRIEL STAFFORD, 44 FITZWILLIAM PLACE, DUBLIN 2, DUBLIN 2, DUBLIN, IRELAND, D02 P027 | 1028 | 14 | 623 | 2 | 99 | 93 | 445 | 391 | 0 | 1943-10-14 | 2024-05-28 | 8 | 2020-11-24
KANDOYHOUSE2FAIRVIEWSTRAND | KANDOY HOUSE, 2 FAIRVIEW STRAND, DUBLIN 3, DUBLIN 3, DUBLIN, D03Y1E2 | 976 | 674 | 284 | 17 | 0 | 0 | 50 | 841 | 85 | 2000-03-29 | 2026-08-07 | 16 | 2019-03-27
THESIDINGS4THFLOOR | THE SIDINGS, 4TH FLOOR, GRAND CANAL QUAY, ,DUBLIN 2, D02 E7K8 | 852 | 840 | 0 | 2 | 8 | 8 | 92 | 624 | 120 | 1962-04-24 | 2026-07-24 | 7 | 2006-05-16
2426CITYQUAYDUBLIN2 | 24-26 CITY QUAY, DUBLIN 2, DUBLIN, DUBLIN, IRELAND, D02NY19 | 841 | 18 | 811 | 0 | 145 | 240 | 437 | 19 | 0 | 1908-05-28 | 2022-07-15 | 6 | 2000-03-31
2528NORTHWALLQUAYDUBLIN1 | 25/28 NORTH WALL QUAY, DUBLIN 1, DUBLIN, DUBLIN, IRELAND | 832 | 13 | 805 | 1 | 66 | 335 | 347 | 81 | 3 | 1891-07-04 | 2026-07-01 | 14 | 2009-07-16
29EARLSFORTTERRACEDUBLIN2 | 29 EARLSFORT TERRACE, DUBLIN 2, DUBLIN, DUBLIN, IRELAND | 806 | 99 | 690 | 3 | 279 | 305 | 148 | 69 | 5 | 1934-07-28 | 2026-02-09 | 8 | 1995-03-22
SUITE441LOWERBAGGOTSTREET | SUITE 4, 41 LOWER BAGGOT STREET, DUBLIN 2, DUBLIN | 805 | 0 | 805 | 0 | 0 | 805 | 0 | 0 | 0 | 1991-04-15 | 1998-10-21 | 25 | 1998-04-01
1318CITYQUAYDUBLIN2 | 13-18 CITY QUAY, DUBLIN 2, DUBLIN 2, DUBLIN, IRELAND, D02 ED70 | 802 | 219 | 516 | 5 | 58 | 62 | 400 | 277 | 5 | 1922-07-31 | 2026-03-30 | 7 | 2021-09-10
4LOWERHATCHSTREETDUBLIN2 | 4 LOWER HATCH STREET, DUBLIN 2., DUBLIN, DUBLIN, IRELAND | 761 | 7 | 754 | 0 | 79 | 674 | 4 | 2 | 2 | 1974-03-19 | 2025-09-10 | 8 | 1991-10-21
STRATTONHOUSEBISHOPSTOWNROAD | STRATTON HOUSE, BISHOPSTOWN ROAD, CORK, CORK | 751 | 29 | 720 | 1 | 22 | 679 | 24 | 25 | 1 | 1985-01-02 | 2025-08-13 | 46 | 1993-03-02
11ANGLESEASTREETDUBLIN2 | 11 ANGLESEA STREET, DUBLIN 2, DUBLIN, DUBLIN, IRELAND | 749 | 1 | 748 | 0 | 14 | 683 | 51 | 0 | 0 | 1972-05-16 | 2006-12-15 | 10 | 1992-05-26
LANDSCAPEHOUSEBALDONNELLBUSINESSPARK | LANDSCAPE HOUSE, BALDONNELL BUSINESS PARK, BALDONNELL, DUBLIN,DUBLIN 22, D22 P3K7 | 713 | 647 | 50 | 16 | 1 | 4 | 20 | 427 | 261 | 1981-07-27 | 2026-08-06 | 7 | 2025-12-19
GROUNDFLOORTWODOCKLANDCENTRAL | GROUND FLOOR, TWO DOCKLAND CENTRAL, GUILD STREET, NORTH DOCK, DUBLIN,DUBLIN 1, D01 K2C5 | 698 | 677 | 16 | 2 | 0 | 0 | 49 | 494 | 155 | 2004-04-21 | 2026-07-31 | 11 | 2020-11-04
17EARLSFORTTERRACEDUBLIN2 | 17 EARLSFORT TERRACE, DUBLIN 2, DUBLIN, DUBLIN, IRELAND | 697 | 0 | 697 | 0 | 63 | 622 | 12 | 0 | 0 | 1962-01-11 | 2005-05-24 | 7 | 1994-02-22
2NDFLOOR3CHRISTCHURCHSQUARE | 2ND FLOOR, 3 CHRISTCHURCH SQUARE, DUBLIN 8, DUBLIN | 669 | 0 | 669 | 0 | 6 | 663 | 0 | 0 | 0 | 1982-12-16 | 1999-10-19 | 12 | 1998-08-07
32FITZWILLIAMPLACEDUBLIN2 | 32 FITZWILLIAM PLACE, DUBLIN 2, DUBLIN 2, D02Y985 | 666 | 3 | 331 | 1 | 36 | 59 | 347 | 224 | 0 | 1940-04-19 | 2024-01-02 | 3 | 2019-05-02
RIVERSIDEONESIRJOHNROGERSONSQUAY | RIVERSIDE ONE, SIR JOHN ROGERSON'S QUAY, DUBLIN 2, DUBLIN 2, DUBLIN, IRELAND, D02X576 | 628 | 378 | 235 | 5 | 27 | 72 | 237 | 235 | 57 | 1920-07-09 | 2026-07-31 | 9 | 2006-09-05
ARTHURCOXBUILDINGEARLSFORTTERRACE | ARTHUR COX BUILDING, EARLSFORT TERRACE, DUBLIN 2, DUBLIN | 590 | 3 | 576 | 0 | 57 | 327 | 195 | 11 | 0 | 1950-10-12 | 2016-08-29 | 10 | 2000-03-16
69TRINITYSTREETDUBLIN2 | 6-9 TRINITY STREET, DUBLIN 2, DUBLIN 2, DUBLIN, IRELAND, D02EY47 | 587 | 237 | 333 | 15 | 3 | 11 | 204 | 357 | 12 | 1971-05-14 | 2026-05-27 | 4 | 2015-07-01
8INNSCOURTWINETAVERNSTREET | 8 INNS COURT, WINETAVERN STREET, DUBLIN 8, DUBLIN | 582 | 0 | 582 | 0 | 53 | 528 | 1 | 0 | 0 | 1971-09-03 | 2000-03-30 | 21 | 1994-03-03
5THFLOORTHEEXCHANGE | 5TH FLOOR, THE EXCHANGE, GEORGE'S DOCK, IFSC, DUBLIN 1, D01 W3P9 | 568 | 520 | 33 | 1 | 0 | 1 | 13 | 352 | 202 | 1998-12-15 | 2026-08-06 | 6 | 2022-09-23
LEEHOUSERIVERVIEWBUSINESSPARK | LEE HOUSE, RIVERVIEW BUSINESS PARK, BESSBORO ROAD MAHON CORK, CO. CORK,CORK | 555 | 9 | 546 | 0 | 0 | 5 | 70 | 480 | 0 | 1999-03-08 | 2018-10-03 | 98 | 2016-10-26
THEBLACKCHURCHSTMARYSPLACEDUBLIN7 | THE BLACK CHURCH ST. MARY'S PLACE, DUBLIN 7, DUBLIN 7, DUBLIN, IRELAND, D07P4AX | 554 | 178 | 363 | 13 | 0 | 0 | 259 | 295 | 0 | 2005-05-03 | 2020-12-10 | 5 | 2019-10-14
10EARLSFORTTERRACEDUBLIN2 | 10 EARLSFORT TERRACE, DUBLIN 2, D02 T380 | 549 | 432 | 102 | 9 | 26 | 33 | 162 | 200 | 128 | 1893-08-01 | 2026-07-30 | 10 | 2015-09-23
CHARTERHOUSE5PEMBROKEROW | CHARTER HOUSE, 5 PEMBROKE ROW, DUBLIN 2, DUBLIN 2, DUBLIN, IRELAND, D02FW61 | 548 | 151 | 367 | 3 | 92 | 158 | 183 | 103 | 12 | 1944-12-30 | 2026-06-02 | 4 | 2004-10-28
3BURLINGTONROADDUBLIN4 | 3 BURLINGTON ROAD, DUBLIN 4, DUBLIN, DUBLIN, IRELAND | 539 | 4 | 524 | 0 | 114 | 345 | 74 | 6 | 0 | 1921-07-08 | 2021-02-02 | 6 | 1997-12-01
CENTURYHOUSEHAROLDSCROSSROAD | CENTURY HOUSE, HAROLD'S CROSS ROAD, DUBLIN 6W, DUBLIN | 516 | 80 | 427 | 1 | 64 | 179 | 190 | 82 | 0 | 1938-03-29 | 2024-05-01 | 3 | 1998-08-20
AVIATIONHOUSESHANNON | AVIATION HOUSE, SHANNON,CLARE, V14 AN29 | 506 | 365 | 130 | 0 | 2 | 14 | 341 | 145 | 4 | 1975-07-01 | 2026-04-07 | 20 | 2004-11-12
OFFICE212ALOWERMAINSTREET | OFFICE 2, 12A LOWER MAIN STREET, LUCAN,DUBLIN, K78 X5P8 | 499 | 399 | 88 | 11 | 0 | 0 | 7 | 335 | 157 | 2003-07-16 | 2026-08-04 | 4 | 2021-01-22
7THFLOORHUMEHOUSE | 7TH FLOOR, HUME HOUSE, BALLSBRIDGE DUBLIN 4, DUBLIN | 493 | 0 | 491 | 0 | 7 | 228 | 254 | 4 | 0 | 1970-02-20 | 2015-05-12 | 10 | 2000-03-08
22NORTHUMBERLANDROADDUBLIN4 | 22 NORTHUMBERLAND ROAD, DUBLIN 4, BALLSBRIDGE,DUBLIN, BALLSBRIDGE, DUBLIN, IRELAND, D04ED73 | 488 | 165 | 308 | 7 | 5 | 81 | 201 | 201 | 0 | 1978-11-28 | 2024-08-26 | 3 | 2015-10-05
UNIT26JBUILDING6500 | UNIT 26J, BUILDING 6500, CORK AIRPORT BUSINESS PARK CORK., CO. CORK,CORK | 488 | 382 | 103 | 3 | 0 | 1 | 308 | 159 | 20 | 1999-11-10 | 2026-07-29 | 18 | 2016-04-21
THIRDFLOOR2729LOWERPEMBROKESTREET | THIRD FLOOR, 27-29 LOWER PEMBROKE STREET, DUBLIN 2, DUBLIN | 485 | 0 | 484 | 0 | 1 | 484 | 0 | 0 | 0 | 1986-11-25 | 1994-08-19 | 24 | 1994-02-22
45NORTHUMBERLANDROADDUBLIN4 | 45 NORTHUMBERLAND ROAD, DUBLIN 4., BALLSBRIDGE,DUBLIN, BALLSBRIDGE, DUBLIN | 479 | 1 | 478 | 0 | 310 | 157 | 11 | 0 | 0 | 1934-09-27 | 2001-09-06 | 8 | 1990-04-05
22NORTHUMBERLANDROADBALLSBRIDGE | 22 NORTHUMBERLAND ROAD, BALLSBRIDGE,DUBLIN 4, D04ED73 | 470 | 207 | 253 | 1 | 7 | 97 | 150 | 129 | 87 | 1978-09-12 | 2026-07-31 | 4 | 2026-07-20
30HERBERTSTREETDUBLIN2 | 30 HERBERT STREET, DUBLIN 2, DUBLIN, DUBLIN, IRELAND | 464 | 23 | 436 | 0 | 34 | 252 | 165 | 13 | 0 | 1958-04-24 | 2020-08-19 | 15 | 2000-03-01
(136 rows; csv has all)

-- S11 ICIJ entities: incorporations, inactivations and strike-offs by year, leak and jurisdiction; plus Panama Papers and Offshore Leaks formations by month 2003-2007
K | L | J | P | N
inact | Panama Papers | ANG | 2008 | 2
inact | Panama Papers | ANG | 2009 | 51
inact | Panama Papers | ANG | 2010 | 123
inact | Panama Papers | ANG | 2011 | 63
inact | Panama Papers | ANG | 2012 | 131
inact | Panama Papers | ANG | 2013 | 313
inact | Panama Papers | ANG | 2014 | 205
inact | Panama Papers | ANG | 2015 | 267
inact | Panama Papers | BAH | 1991 | 3
inact | Panama Papers | BAH | 1992 | 34
inact | Panama Papers | BAH | 1993 | 85
inact | Panama Papers | BAH | 1994 | 126
inact | Panama Papers | BAH | 1995 | 246
inact | Panama Papers | BAH | 1996 | 723
inact | Panama Papers | BAH | 1997 | 748
inact | Panama Papers | BAH | 1998 | 996
inact | Panama Papers | BAH | 1999 | 1260
inact | Panama Papers | BAH | 2000 | 1378
inact | Panama Papers | BAH | 2001 | 1536
inact | Panama Papers | BAH | 2002 | 1323
inact | Panama Papers | BAH | 2003 | 679
inact | Panama Papers | BAH | 2004 | 557
inact | Panama Papers | BAH | 2005 | 478
inact | Panama Papers | BAH | 2006 | 432
inact | Panama Papers | BAH | 2007 | 340
inact | Panama Papers | BAH | 2008 | 364
inact | Panama Papers | BAH | 2009 | 365
inact | Panama Papers | BAH | 2010 | 365
inact | Panama Papers | BAH | 2011 | 269
inact | Panama Papers | BAH | 2012 | 215
inact | Panama Papers | BAH | 2013 | 216
inact | Panama Papers | BAH | 2014 | 182
inact | Panama Papers | BAH | 2015 | 208
inact | Panama Papers | BLZ | 2014 | 2
inact | Panama Papers | BLZ | 2015 | 14
inact | Panama Papers | BVI | 1989 | 7
inact | Panama Papers | BVI | 1990 | 69
inact | Panama Papers | BVI | 1991 | 397
inact | Panama Papers | BVI | 1992 | 354
inact | Panama Papers | BVI | 1993 | 587
inact | Panama Papers | BVI | 1994 | 862
inact | Panama Papers | BVI | 1995 | 1306
inact | Panama Papers | BVI | 1996 | 1751
inact | Panama Papers | BVI | 1997 | 1727
inact | Panama Papers | BVI | 1998 | 2220
inact | Panama Papers | BVI | 1999 | 2710
inact | Panama Papers | BVI | 2000 | 2526
inact | Panama Papers | BVI | 2001 | 3189
inact | Panama Papers | BVI | 2002 | 3683
inact | Panama Papers | BVI | 2003 | 3567
inact | Panama Papers | BVI | 2004 | 3932
inact | Panama Papers | BVI | 2005 | 3959
inact | Panama Papers | BVI | 2006 | 4111
inact | Panama Papers | BVI | 2007 | 4096
inact | Panama Papers | BVI | 2008 | 4653
inact | Panama Papers | BVI | 2009 | 5235
inact | Panama Papers | BVI | 2010 | 5118
inact | Panama Papers | BVI | 2011 | 4089
inact | Panama Papers | BVI | 2012 | 3363
inact | Panama Papers | BVI | 2013 | 3665
(2524 rows; csv has all)

-- S12 ICIJ intermediaries tied to the United Kingdom: do they appear on the live UK company register (name match), and does the postcode agree?
NODE_ID | NAME | SOURCE_LEAK | STATUS | COUNTRIES | PC | ADDR | COMPANY_NUMBER | COMPANY_NAME | CPC | COMPANY_STATUS | INCORPORATION_DATE | ACCOUNT_CATEGORY | PC_AGREE
11006616 | BKS FAMILY OFFICE | Panama Papers | ACTIVE | United Kingdom | JE18FT | BKS FAMILY OFFICE LIMITED SECOND FLOOR; CHARLES BISSON HOUSE; 30-32 NEW STREET; JE1 8FT ST. HELIER UNITED KINGDOM | OE020636 | BKS FAMILY OFFICE LIMITED | JE18FT | Active | 2023-01-31 | NO ACCOUNTS FILED | 1
11011779 | BOND TRUST LIMITED | Panama Papers | ACTIVE | Jersey;United Kingdom | JE23NP | BOND TRUST LIMITED 4 BOND STREET JERSEY JE2 3NP   CHANNEL ISLANDS ST. HELIER UNITED KINGDOM | OE019673 | BOND TRUST LIMITED | JE23NP | Active | 2023-01-29 | NO ACCOUNTS FILED | 1
11012074 | BONO PROPERTIES LTD. | Panama Papers | ACTIVE | United Kingdom | W1J7AJ | BONO PROPERTIES LTD. INTERPARK HOUSE 7 DOWN STREET, MAYFAIR LONDON W1J 7AJ ENGLAND LONDON UNITED KINGDOM | 02514659 | BONO PROPERTIES LIMITED | W1J7AJ | Active | 1990-06-22 | TOTAL EXEMPTION FULL | 1
11000455 | BOURSE TRUST COMPANY LIMITED | Panama Papers | SUSPENDED | Guernsey;United Kingdom | GY13JS | BOURSE TRUST COMPANY LTD. P. O. BOX 646 GRANGEHURST, THE GRANGE ST. PETER PORT GUERNSEY GY1 3JS CHANNEL ISLANDS | OE005961 | BOURSE TRUST COMPANY LIMITED | GY13JS | Active | 2022-12-01 | NO ACCOUNTS FILED | 1
11011611 | BUTTERFIELD TRUST (GUERNSEY) LIMITED | Panama Papers | ACTIVE | Guernsey;United Kingdom | GY13AP | BUTTERFIELD TRUST (GUERNSEY) LIMITED P.O. BOX 25 REGENCY COURT; GLATEGNY ESPLANADE ST. PETER PORT; GUERNSEY GY1 3AP CHAN | OE019037 | BUTTERFIELD TRUST (GUERNSEY) LIMITED | GY13AP | Active | 2023-01-28 | NO ACCOUNTS FILED | 1
11007053 | LAWRENCE GRAHAM | Panama Papers | INACTIVE | United Kingdom | SE12AU | LAWRENCE GRAHAM 4 MORE LONDON RIVERSIDE LONDON SE1 2AU ENGLAND, UNITED KINGDOM | OC307935 | LAWRENCE GRAHAM LLP | SE12AU | Active | 2004-05-07 | DORMANT | 1
11000995 | OLD MANOR TRUSTEES | Panama Papers | SUSPENDED | Guernsey;United Kingdom | GY14NQ | OLD MANOR TRUSTEES P.O. BOX 387 CHALLENGE HOUSE THE GRANGE ST. PETER PORT GUERNSEY, GY1 4NQ CHANNEL ISLANDS **S.I.** | OE033706 | OLD MANOR TRUSTEES LIMITED | GY14NQ | Active | 2025-02-25 | NO ACCOUNTS FILED | 1
11002119 | P.S.J. ALEXANDER & CO. LTD | Panama Papers | INACTIVE | United Kingdom | WC1N2PH | P.S.J. ALEXANDER & CO. LTD. 1 DOUGHTY  STREET LONDON WC1N 2PH ENGLAND, UNITED KINGDOM *S.I* | OC332943 | PSJ ALEXANDER & CO LLP | WC1N2PH | Active | 2007-11-20 | TOTAL EXEMPTION FULL | 1
11002119 | P.S.J. ALEXANDER & CO. LTD | Panama Papers | INACTIVE | United Kingdom | WC1N2PH | P.S.J. ALEXANDER & CO. LTD. 1 DOUGHTY  STREET LONDON WC1N 2PH ENGLAND, UNITED KINGDOM *S.I* | 02180196 | P.S.J. ALEXANDER & CO. LIMITED | WC1N2PH | Active | 1987-10-19 | TOTAL EXEMPTION FULL | 1
11003307 | PERKINS TRUSTEES LIMITED | Panama Papers | ACTIVE | Guernsey;United Kingdom | GY11AQ | PERKINS TRUSTEES LIMITED THE ALBANY SOUTH ESPLANADE ST. PETER PORT GUERNSEY, GY1 1AQ UNITED KINGDOM | OE012164 | PERKINS TRUSTEES LIMITED | GY11AQ | Active | 2023-01-10 | NO ACCOUNTS FILED | 1
11012082 | PHILEAN TRUST COMPANY LIMITED | Panama Papers | ACTIVE | Jersey;United Kingdom | JE49ZH | PHILEAN TRUST COMPANY LIMITED P.O. BOX 384 2ND FLOOR; 6 HILGROVE STREET ST. HELIER; JERSEY JE4 9ZH CHANNEL ISLANDS **S.I | OE021274 | PHILEAN TRUST COMPANY LIMITED | JE49ZH | Active | 2023-02-01 | NO ACCOUNTS FILED | 1
11000578 | RBC TRUSTEES (GUERNSEY) LIMITED | Panama Papers | SUSPENDED | Guernsey;United Kingdom | GY13BQ | RBC TRUSTEES (GUERNSEY) LIMITED P. O. BOX 48 CANADA COURT ST. PETER PORT, GUERNSEY GY1 3BQ CHANNEL ISLANDS | OE008374 | RBC TRUSTEES (GUERNSEY) LIMITED | GY13BQ | Active | 2022-12-16 | NO ACCOUNTS FILED | 1
11006609 | RYSAFFE TRUSTEE COMPANY (CI) LIMITED | Panama Papers | SUSPENDED | Guernsey;United Kingdom | GY13HS | RYSAFFE TRUSTEE COMPANY (CI) LIMITED  P O BOX 41  LA TONNELLE HOUSE  LES BANQUES  ST SAMSPON  GUERNSEY - GY1 3HS | OE007511 | RYSAFFE TRUSTEE COMPANY (C.I.) LIMITED | GY13HS | Active | 2022-12-12 | NO ACCOUNTS FILED | 1
11000383 | STENHAM TRUSTEES LIMITED | Panama Papers | ACTIVE | Guernsey;United Kingdom | GY93TQ | STENHAM TRUSTEES LIMITED LA CORVEE HOUSE LA CORVEE ALDERNEY GY9 3TQ CHANNEL ISLANDS UNITED KINGDOM *S.I.* | OE033828 | STENHAM TRUSTEES LIMITED | GY93TQ | Active | 2025-04-07 | NO ACCOUNTS FILED | 1
11006309 | TRETHOWANS LLP | Panama Papers | ACTIVE | United Kingdom | SP13HP | TRETHOWANS LLP LONDON ROAD OFFICE PARK SALISBURY WILTSHIRE, SP1 3HP LONDON UNITED KINGDOM | OC342356 | TRETHOWANS LLP | SP13HP | Active | 2008-12-30 | FULL | 1
11009266 | TROWERS & HAMLINS | Panama Papers | ACTIVE | United Kingdom | EC1Y8YZ | TROWERS & HAMLINS 3 BUNHILL ROW LONDON  DX 774 - EC1Y 8YZ,  UNITED KINGDOM | 02661113 | TROWERS & HAMLINS LIMITED | EC1Y8YZ | Active | 1991-11-07 | DORMANT | 1
11009266 | TROWERS & HAMLINS | Panama Papers | ACTIVE | United Kingdom | EC1Y8YZ | TROWERS & HAMLINS 3 BUNHILL ROW LONDON  DX 774 - EC1Y 8YZ,  UNITED KINGDOM | OC337852 | TROWERS & HAMLINS LLP | EC1Y8YZ | Active | 2008-06-05 | GROUP | 1
11004497 | VERFIDES | Panama Papers | SUSPENDED | United Kingdom | SW1Y6AW | VERFIDES 5TH FLOOR, 86 JERMYN STREET LONDON SW1Y 6AW ENGLAND UNITED KINGDOM | 00962596 | VERFIDES | SW1Y6AW | Active | 1969-09-24 | SMALL | 1
11011772 | VISTRA TRUST COMPANY (JERSEY) LIMITED | Panama Papers | ACTIVE | United Kingdom | JE14TR | VISTRA TRUST COMPANY (JERSEY) LIMITED 4TH FLOOR; ST PAUL’S GATE; 22-24 NEW STREET; ST HELIER; JE1 4TR ST. HELIER UNITED  | OE013606 | VISTRA TRUST COMPANY (JERSEY) LIMITED | JE14TR | Active | 2023-01-16 | NO ACCOUNTS FILED | 1
11008252 | AALP | Panama Papers | ACTIVE | United Kingdom |  |  | 11967675 | AALP LTD | HA36LR | Active | 2019-04-29 | MICRO ENTITY | 0
11007939 | AAS CONSULTANTS | Panama Papers | SUSPENDED | United Kingdom |  |  | 08755983 | AAS CONSULTANTS LTD | BB27FY | Active | 2013-10-31 | MICRO ENTITY | 0
11010661 | ABACUS FINANCIAL SERVICES | Panama Papers | INACTIVE | Jersey;United Kingdom | JE11BJ | ABACUS FINANCIAL SERVICES LANE MOTTE CHAMBERS LANE MOTTE STREET JERSEY JE1 1BJ (ROAD MAP)  CHANNEL ISLANDS | 02105859 | ABACUS FINANCIAL SERVICES LIMITED | LU27XH | Active | 1987-03-04 | DORMANT | 0
297604 | ACC Services Ltd. | Offshore Leaks |  | United Kingdom |  |  | 06893545 | AC&C SERVICES LIMITED | N102DD | Active | 2009-04-30 | MICRO ENTITY | 0
11007571 | ADBELL INTERNATIONAL | Panama Papers | SUSPENDED | United Kingdom |  |  | 04118808 | ADBELL INTERNATIONAL LIMITED | EC3V9DJ | Active | 2000-12-04 | MICRO ENTITY | 0
11006264 | AFFINITY TRUST LIMITED | Panama Papers | ACTIVE | Jersey;United Kingdom | JE23QG | AFFINITY TRUST LIMITED 24 SEALE STREET JE2 3QG ST. HELIER UNITED KINGDOM | OE027879 | AFFINITY TRUST LIMITED | JE23QA | Active | 2023-02-27 | NO ACCOUNTS FILED | 0
11006264 | AFFINITY TRUST LIMITED | Panama Papers | ACTIVE | Jersey;United Kingdom | JE23QG | AFFINITY TRUST LIMITED 24 SEALE STREET JE2 3QG ST. HELIER UNITED KINGDOM | 06893564 | AFFINITY TRUST | OX93WT | Active | 2009-04-30 | GROUP | 0
11011648 | ALBANY TRUSTEE COMPANY LIMITED | Panama Papers | ACTIVE | Guernsey;United Kingdom | GY14LA | ALBANY TRUSTEE COMPANY LIMITED P.O. BOX 232 NEWPORT HOUSE, 15 THE GRANGE ST. PETER PORT; GUERNSEY CHANNEL ISLANDS GY1 4L | OE027383 | ALBANY TRUSTEE COMPANY LIMITED | GY12QL | Active | 2023-02-22 | NO ACCOUNTS FILED | 0
11006546 | ALEXANDER BROWN | Panama Papers | ACTIVE | United Kingdom |  |  | 11117182 | ALEXANDER BROWN LTD | NW63BT | Active | 2017-12-19 | TOTAL EXEMPTION FULL | 0
11005539 | ALEXANDER FRASER | Panama Papers | ACTIVE | United Kingdom |  |  | 09942472 | ALEXANDER FRASER LIMITED | E148PX | Active | 2016-01-08 | MICRO ENTITY | 0
11011240 | ALLEN & OVERY (LONDON) | Panama Papers | UNRECOVERABLE ACCOUNTS | United Kingdom | E16AO | ALLEN & OVERY (LONDON) ONE BISHOPS SQUARE LONDON E1 6AO ENGLAND, UNITED KINGDOM | 02888048 | ALLEN & OVERY (LONDON) LIMITED | E16AD | Active | 1994-01-11 | DORMANT | 0
11013386 | ALPENA VENTURES | Panama Papers | ACTIVE | United Kingdom |  |  | 05011243 | ALPENA VENTURES LIMITED | RH14QP | Active | 2004-01-09 | TOTAL EXEMPTION FULL | 0
11008184 | AMICORP (UK) LTD | Panama Papers | ACTIVE | United Kingdom |  |  | 03705431 | AMICORP (UK) LIMITED | EC3N3AE | Active | 1999-01-26 | TOTAL EXEMPTION FULL | 0
11000589 | AMIN & CO. | Panama Papers | ACTIVE | United Kingdom | NW101NN | AMIN & CO. 98 FLEETWOOD ROAD DOLLIS HILL LONDON NW10 1NN ENGLAND, UNITED KINGDOM **S.I.** | 09008196 | AMIN & CO LIMITED | M160LN | Active | 2014-04-23 | MICRO ENTITY | 0
11008764 | APRIROSE LIMITED | Panama Papers | ACTIVE | United Kingdom |  |  | 02135425 | APRIROSE LIMITED | W1U6TQ | Active | 1987-05-29 | MEDIUM | 0
11009269 | ARIANA RESOURCES PLC | Panama Papers | ACTIVE | United Kingdom | SE19QR | ARIANA RESOURCES PLC BRIDGE HOUSE LONDON BRIDGE LONDON SE1 9QR, GREATER LONDON UNITED KINGDOM | 05403426 | ARIANA RESOURCES PLC | EC4R9AN | Active | 2005-03-24 | GROUP | 0
11001012 | ARTEMIS TRUSTEES LIMITED | Panama Papers | ACTIVE | Guernsey;United Kingdom | GY13EL | ARTEMIS TRUSTEES LIMITED P.O BOX 100 SYDNEY VANE HOUSE ADMIRAL PARK ST PETER PORT GUERNSEY GY1 3EL VALE UNITED KINGDOM | OE013679 | ARTEMIS TRUSTEES LIMITED | GY12HU | Active | 2023-01-17 | NO ACCOUNTS FILED | 0
11006771 | ASR SERVICES LTD | Panama Papers | ACTIVE | United Kingdom |  |  | 15401701 | ASR SERVICES LIMITED | RM70PR | Active | 2024-01-10 | TOTAL EXEMPTION FULL | 0
11010254 | ATHENA FINANCIAL SERVICES LIMITED | Panama Papers | ACTIVE | Jersey;United Kingdom | JE23QQ | ATHENA FINANCIAL SERVICES LIMITED 41 THE PARADE INTERNATIONAL HOUSE ST HELIER JERSEY JE2 3QQ CHANNEL ISLANDS UNITED KING | 07498340 | ATHENA FINANCIAL SERVICES LTD | DN157PA | Active - Proposal to Strike off | 2011-01-19 | MICRO ENTITY | 0
11004432 | ATLAS INTERACTIVE GROUP | Panama Papers | SUSPENDED | United Kingdom | W1G9XA | ATLAS INTERACTIVE GROUP 47B WELBECK STREET LONDON W1G 9XA UNITED KINGDOM | 03249486 | ATLAS INTERACTIVE GROUP LIMITED | LE88BA | Active | 1996-09-13 | UNAUDITED ABRIDGED | 0
11009100 | AXIS EUROPE PLC. | Panama Papers | SUSPENDED | United Kingdom |  |  | 01991637 | AXIS EUROPE LIMITED | E154PN | Active | 1986-02-20 | FULL | 0
88576 | Albourne Partners Limited | Offshore Leaks |  | United Kingdom |  |  | 02905244 | ALBOURNE PARTNERS LIMITED | SW1E5JD | Active | 1994-03-07 | GROUP | 0
297636 | Alpha Offshore Limited | Offshore Leaks |  | United Kingdom |  |  | 14742085 | ALPHA OFFSHORE LIMITED | CV82GY | Active | 2023-03-20 | DORMANT | 0
119494 | Andrew Morton | Offshore Leaks |  | United Kingdom |  |  | 03490506 | ANDREW MORTON | NW12EW | Active | 1998-01-09 | UNAUDITED ABRIDGED | 0
297611 | Appleton Company Services Limited | Offshore Leaks |  | United Kingdom |  |  | 02593473 | APPLETON COMPANY SERVICES LIMITED | KT12JW | Active | 1991-03-20 | TOTAL EXEMPTION FULL | 0
297640 | Atlas Maritime Services Ltd. | Offshore Leaks |  | United Kingdom |  |  | 03695029 | ATLAS MARITIME SERVICES LIMITED | E17LE | Active | 1999-01-14 | DORMANT | 0
11008769 | B.B ENTERPRISES | Panama Papers | ACTIVE | United Kingdom |  |  | 09675238 | BB ENTERPRISES LTD | NN95UB | Active - Proposal to Strike off | 2015-07-07 | UNAUDITED ABRIDGED | 0
11008769 | B.B ENTERPRISES | Panama Papers | ACTIVE | United Kingdom |  |  | 13568387 | B&B ENTERPRISES LIMITED | SO509BA | Active | 2021-08-16 | MICRO ENTITY | 0
11000889 | BACCATA TRUSTEES LIMITED | Panama Papers | ACTIVE | Jersey;United Kingdom | JE23NT | BACCATA TRUSTEES LIMITED 3RD FLOOR CONWAY HOUSE 7-9 CONWAY STREET; ST. HELIER; JERSEY JE2 3NT CHANNEL ISLANDS ST. HELIER | OE001223 | BACCATA TRUSTEES LIMITED | JE23RA | Active | 2022-09-30 | NO ACCOUNTS FILED | 0
11012557 | BALCHAN MANAGEMENT LIMITED | Panama Papers | SUSPENDED | Guernsey;United Kingdom | GY46RU | BALCHAN MANAGEMENT LIMITED ISLAND HOUSE GRANDE RUE ST MARTINS,GUERNSEY GY4 6RU CHANNEL ISLANDS UNITED KINGDOM | OE034809 | BALCHAN MANAGEMENT LIMITED | GY11BU | Active | 2026-03-03 | NO ACCOUNTS FILED | 0
11001911 | BDO STOY HAYWARD | Panama Papers | CLIENT IN REPRESENTATIVE TERRITORY | United Kingdom |  |  | 08773922 | BDO STOY HAYWARD LIMITED | W1U7EU | Active | 2013-11-13 | DORMANT | 0
11007153 | BEECH HOLDINGS LIMITED | Panama Papers | PROSPECT | Guernsey;United Kingdom |  | BEECH HOLDINGS LIMITED RICHMOND HOUSE; ST JULIAN’S AVENUE; ST PETER PORT; GY1 IGZ; GUERNSEY UNITED KINGDOM ST. PETER POR | 13979679 | BEECH HOLDINGS LIMITED | B369DE | Active | 2022-03-16 | TOTAL EXEMPTION FULL | 0
11009693 | BELLAMYS | Panama Papers | SUSPENDED | United Kingdom |  | BELLAMYS 54 UXBRIDGE ROAD LONDON W12 ENGLAND, UNITED KINGDOM | 06614918 | BELLAMY'S LIMITED | TN210TY | Active | 2008-06-09 | MICRO ENTITY | 0
11006774 | BERRY SMITH | Panama Papers | ACTIVE | United Kingdom |  |  | OC326121 | BERRY SMITH LLP | CF103GA | Active | 2007-02-19 | TOTAL EXEMPTION FULL | 0
11012810 | BETFRED | Panama Papers | INACTIVE | United Kingdom |  |  | 04815730 | BETFRED LIMITED | WA37PQ | Active | 2003-06-30 | MICRO ENTITY | 0
11013324 | BEVAN BRITTAN LLP | Panama Papers | ACTIVE | United Kingdom |  |  | OC309219 | BEVAN BRITTAN LLP | BS20HQ | Active | 2004-09-09 | FULL | 0
11009328 | BHL MANAGEMENT SERVICES LIMITED | Panama Papers | ACTIVE | Guernsey;United Kingdom |  | BHL MANAGEMENT SERVICES LIMITED SECOND FLOOR, ELIZABETH HOUSE LES RUETTES BRAYES ST. PETER PORT UNITED KINGDOM | 00614119 | BHL MANAGEMENT SERVICES LIMITED | N32FG | Active | 1958-10-31 | TOTAL EXEMPTION FULL | 0
11013001 | BLACK DRAGON GROUP LIMITED | Panama Papers | SUSPENDED | United Kingdom |  |  | 16591757 | BLACK DRAGON GROUP LTD | NP49NF | Active | 2025-07-18 | NO ACCOUNTS FILED | 0
11013320 | BLUEWOOD MANAGEMENT LTD | Panama Papers | ACTIVE | United Kingdom |  |  | 16029669 | BLUEWOOD MANAGEMENT LIMITED | B618DN | Active | 2024-10-21 | NO ACCOUNTS FILED | 0
11000913 | BONAMY FINANCE LIMITED | Panama Papers | ACTIVE | Guernsey;United Kingdom | GY16LY | BONAMY FINANCE P.O. BOX 591 ST PETER PORT GUERNSEY GY1 6LY CHANNEL ISLANDS *S.I.* | OE004677 | BONAMY FINANCE LIMITED |  | Active | 2022-11-21 | NO ACCOUNTS FILED | 0
11010666 | BOODLE HATFIELD | Panama Papers | ACTIVE | United Kingdom | W1S1DA | BOODLE HATFIELD 89 NEW BOND STREET LONDON W1S 1DA ENGLAND | OC318080 | BOODLE HATFIELD LLP | SE18NW | Active | 2006-03-01 | FULL | 0
(2127 rows; csv has all)

