-- S13 UK Companies House: monthly live companies by incorporation month at the peer outliers and the big formation addresses, 2024-01 to 2026-06, with everything else as OTHER
GRP | M | N | DORMANT | NOT_ACTIVE | A1S | TOP_A1
BR34AB | 2024-01-01 | 61 | 60 | 2 | 1 | 37 CROYDON ROAD
BR34AB | 2024-02-01 | 31 | 31 | 2 | 1 | 37 CROYDON ROAD
BR34AB | 2024-03-01 | 84 | 82 | 1 | 1 | 37 CROYDON ROAD
BR34AB | 2024-04-01 | 124 | 121 | 4 | 1 | 37 CROYDON ROAD
BR34AB | 2024-05-01 | 28 | 27 | 1 | 1 | 37 CROYDON ROAD
BR34AB | 2024-06-01 | 79 | 79 | 3 | 1 | 37 CROYDON ROAD
BR34AB | 2024-07-01 | 60 | 59 | 2 | 1 | 37 CROYDON ROAD
BR34AB | 2024-08-01 | 61 | 55 | 2 | 1 | 37 CROYDON ROAD
BR34AB | 2024-09-01 | 46 | 45 | 2 | 1 | 37 CROYDON ROAD
BR34AB | 2024-10-01 | 42 | 41 | 1 | 1 | 37 CROYDON ROAD
BR34AB | 2024-11-01 | 53 | 49 | 0 | 1 | 37 CROYDON ROAD
BR34AB | 2024-12-01 | 49 | 49 | 1 | 1 | 37 CROYDON ROAD
BR34AB | 2025-01-01 | 37 | 35 | 0 | 1 | 37 CROYDON ROAD
BR34AB | 2025-02-01 | 28 | 28 | 1 | 1 | 37 CROYDON ROAD
BR34AB | 2025-03-01 | 69 | 35 | 1 | 1 | 37 CROYDON ROAD
BR34AB | 2025-04-01 | 100 | 13 | 3 | 1 | 37 CROYDON ROAD
BR34AB | 2025-05-01 | 64 | 10 | 3 | 1 | 37 CROYDON ROAD
BR34AB | 2025-06-01 | 48 | 0 | 1 | 1 | 37 CROYDON ROAD
BR34AB | 2025-07-01 | 39 | 0 | 1 | 1 | 37 CROYDON ROAD
BR34AB | 2025-08-01 | 22 | 0 | 1 | 1 | 37 CROYDON ROAD
BR34AB | 2025-09-01 | 24 | 0 | 0 | 2 | 37 CROYDON ROAD
BR34AB | 2025-10-01 | 23 | 0 | 0 | 2 | 37 CROYDON ROAD
BR34AB | 2025-11-01 | 23 | 0 | 1 | 1 | 37 CROYDON ROAD
BR34AB | 2025-12-01 | 29 | 0 | 0 | 1 | 37 CROYDON ROAD
BR34AB | 2026-01-01 | 32 | 0 | 0 | 1 | 37 CROYDON ROAD
BR34AB | 2026-02-01 | 5 | 0 | 0 | 1 | 37 CROYDON ROAD
BR34AB | 2026-03-01 | 18 | 0 | 0 | 1 | 37 CROYDON ROAD
BR34AB | 2026-04-01 | 18 | 0 | 0 | 1 | 37 CROYDON ROAD
BR34AB | 2026-05-01 | 17 | 0 | 0 | 1 | 37 CROYDON ROAD
BR34AB | 2026-06-01 | 18 | 0 | 0 | 1 | 37 CROYDON ROAD
CF148LH | 2024-01-01 | 260 | 84 | 170 | 260 | 15392060 - COMPANIES HOUSE DEFAULT ADDRESS
CF148LH | 2024-02-01 | 216 | 60 | 148 | 216 | 15510680 - COMPANIES HOUSE DEFAULT ADDRESS
CF148LH | 2024-03-01 | 161 | 57 | 83 | 161 | 15550738 - COMPANIES HOUSE DEFAULT ADDRESS
CF148LH | 2024-04-01 | 191 | 53 | 112 | 191 | 15634129 - COMPANIES HOUSE DEFAULT ADDRESS
CF148LH | 2024-05-01 | 106 | 14 | 88 | 106 | 15737737 - COMPANIES HOUSE DEFAULT ADDRESS
CF148LH | 2024-06-01 | 109 | 18 | 94 | 109 | 15797375 - COMPANIES HOUSE DEFAULT ADDRESS
CF148LH | 2024-07-01 | 116 | 15 | 84 | 116 | 15836115 - COMPANIES HOUSE DEFAULT ADDRESS
CF148LH | 2024-08-01 | 90 | 13 | 71 | 90 | 15880555 - COMPANIES HOUSE DEFAULT ADDRESS
CF148LH | 2024-09-01 | 107 | 7 | 78 | 107 | 15937464 - COMPANIES HOUSE DEFAULT ADDRESS
CF148LH | 2024-10-01 | 112 | 7 | 88 | 112 | 15991968 - COMPANIES HOUSE DEFAULT ADDRESS
CF148LH | 2024-11-01 | 160 | 4 | 134 | 160 | 16110563 - COMPANIES HOUSE DEFAULT ADDRESS
CF148LH | 2024-12-01 | 585 | 11 | 546 | 585 | 16139508 - COMPANIES HOUSE DEFAULT ADDRESS
CF148LH | 2025-01-01 | 1096 | 11 | 1041 | 1096 | 16218845 - COMPANIES HOUSE DEFAULT ADDRESS
CF148LH | 2025-02-01 | 957 | 7 | 896 | 957 | 16275783 - COMPANIES HOUSE DEFAULT ADDRESS
CF148LH | 2025-03-01 | 1205 | 6 | 521 | 1205 | 16293969 - COMPANIES HOUSE DEFAULT ADDRESS
CF148LH | 2025-04-01 | 760 | 0 | 208 | 760 | 16374281 - COMPANIES HOUSE DEFAULT ADDRESS
CF148LH | 2025-05-01 | 273 | 0 | 153 | 273 | 16456450 - COMPANIES HOUSE DEFAULT ADDRESS
CF148LH | 2025-06-01 | 187 | 0 | 128 | 187 | 16527842 - COMPANIES HOUSE DEFAULT ADDRESS
CF148LH | 2025-07-01 | 220 | 0 | 128 | 220 | 16611071 - COMPANIES HOUSE DEFAULT ADDRESS
CF148LH | 2025-08-01 | 226 | 0 | 138 | 226 | 16646027 - COMPANIES HOUSE DEFAULT ADDRESS
CF148LH | 2025-09-01 | 434 | 0 | 278 | 434 | 16752186 - COMPANIES HOUSE DEFAULT ADDRESS
CF148LH | 2025-10-01 | 608 | 0 | 458 | 608 | 16766347 - COMPANIES HOUSE DEFAULT ADDRESS
CF148LH | 2025-11-01 | 453 | 0 | 325 | 453 | 16830565 - COMPANIES HOUSE DEFAULT ADDRESS
CF148LH | 2025-12-01 | 338 | 0 | 287 | 338 | 16921239 - COMPANIES HOUSE DEFAULT ADDRESS
CF148LH | 2026-01-01 | 547 | 0 | 326 | 547 | 17003059 - COMPANIES HOUSE DEFAULT ADDRESS
CF148LH | 2026-02-01 | 299 | 0 | 228 | 299 | 17047478 - COMPANIES HOUSE DEFAULT ADDRESS
CF148LH | 2026-03-01 | 233 | 0 | 136 | 233 | 17077034 - COMPANIES HOUSE DEFAULT ADDRESS
CF148LH | 2026-04-01 | 199 | 0 | 92 | 199 | 17165588 - COMPANIES HOUSE DEFAULT ADDRESS
CF148LH | 2026-05-01 | 126 | 0 | 2 | 126 | 17246635 - COMPANIES HOUSE DEFAULT ADDRESS
CF148LH | 2026-06-01 | 43 | 0 | 0 | 43 | 17257611 - COMPANIES HOUSE DEFAULT ADDRESS
(480 rows; csv has all)

-- S14 UK Companies House joined to the UK PSC register (current PSCs only): who controls companies formed 18 Nov 2024-30 Jun 2025 vs 18 Nov 2025-30 Jun 2026, by address group and main nationality
GRP | W | NAT_G | N | WITH_PSC | WITH_IND | ANY_UK_RES | MAX_NOTIFIED
BR34AB | post |  | 142 | 142 | 136 | 0 | 2026-06-30
BR34AB | post | CHINESE | 128 | 128 | 128 | 0 | 2026-06-30
BR34AB | post | (no nationality) | 6 | 6 | 0 | 0 | 2026-05-12
BR34AB | post | BRITISH | 2 | 2 | 2 | 0 | 2026-03-02
BR34AB | post | INDIAN | 1 | 1 | 1 | 0 | 2026-06-10
BR34AB | post | AMERICAN | 1 | 1 | 1 | 0 | 2026-01-30
BR34AB | post | TURKISH | 1 | 1 | 1 | 0 | 2026-05-18
BR34AB | post | MALAYSIAN | 1 | 1 | 1 | 0 | 2026-05-22
BR34AB | post | ARGENTINE | 1 | 1 | 1 | 0 | 2026-05-25
BR34AB | post | SINGAPOREAN | 1 | 1 | 1 | 0 | 2026-04-10
BR34AB | prior |  | 424 | 424 | 422 | 2 | 2026-07-06
BR34AB | prior | CHINESE | 406 | 406 | 406 | 0 | 2026-07-06
BR34AB | prior | FILIPINO | 3 | 3 | 3 | 0 | 2025-04-16
BR34AB | prior | AUSTRALIAN | 2 | 2 | 2 | 0 | 2025-01-14
BR34AB | prior | (no nationality) | 2 | 2 | 0 | 0 | 2025-08-26
BR34AB | prior | BRITISH | 2 | 2 | 2 | 2 | 2025-05-20
BR34AB | prior | AMERICAN | 2 | 2 | 2 | 0 | 2025-05-27
BR34AB | prior | PANAMANIAN | 1 | 1 | 1 | 0 | 2025-03-26
BR34AB | prior | ALGERIAN | 1 | 1 | 1 | 0 | 2024-11-18
BR34AB | prior | LIBYAN | 1 | 1 | 1 | 0 | 2025-01-07
BR34AB | prior | HUNGARIAN | 1 | 1 | 1 | 0 | 2025-03-06
BR34AB | prior | TAIWANESE | 1 | 1 | 1 | 0 | 2025-03-17
BR34AB | prior | BOLIVIAN | 1 | 1 | 1 | 0 | 2025-04-22
CF148LH | post |  | 1868 | 1795 | 1774 | 1232 | 2026-07-29
CF148LH | post | PAKISTANI | 433 | 433 | 433 | 270 | 2026-07-15
CF148LH | post | BRITISH | 410 | 410 | 410 | 407 | 2026-07-29
CF148LH | post | CHINESE | 147 | 147 | 147 | 48 | 2026-06-17
CF148LH | post | UKRAINIAN | 95 | 95 | 95 | 54 | 2026-06-09
CF148LH | post | INDIAN | 85 | 85 | 85 | 74 | 2026-06-18
CF148LH | post | LATVIAN | 79 | 79 | 79 | 74 | 2026-06-08
CF148LH | post | (no current psc) | 73 | 0 |  |  | 
CF148LH | post | TURKISH | 53 | 53 | 53 | 2 | 2026-07-06
CF148LH | post | ROMANIAN | 38 | 38 | 38 | 31 | 2026-05-23
CF148LH | post | BANGLADESHI | 32 | 32 | 32 | 17 | 2026-06-08
CF148LH | post | EGYPTIAN | 30 | 30 | 30 | 3 | 2026-05-25
CF148LH | post | ENGLISH | 23 | 23 | 23 | 23 | 2026-06-02
CF148LH | prior |  | 5133 | 5034 | 4963 | 1479 | 2026-07-08
CF148LH | prior | BRITISH | 820 | 820 | 820 | 798 | 2026-04-05
CF148LH | prior | CHINESE | 591 | 591 | 591 | 33 | 2026-05-13
CF148LH | prior | TURKISH | 495 | 495 | 495 | 11 | 2026-02-05
CF148LH | prior | PAKISTANI | 396 | 396 | 396 | 129 | 2026-04-25
CF148LH | prior | MOROCCAN | 341 | 341 | 341 | 7 | 2025-06-09
CF148LH | prior | INDIAN | 195 | 195 | 195 | 63 | 2026-07-01
CF148LH | prior | FRENCH | 159 | 159 | 159 | 10 | 2025-10-18
CF148LH | prior | EGYPTIAN | 155 | 155 | 155 | 4 | 2026-06-17
CF148LH | prior | BANGLADESHI | 123 | 123 | 123 | 89 | 2025-05-08
CF148LH | prior | VIETNAMESE | 109 | 109 | 109 | 0 | 2025-06-27
CF148LH | prior | (no current psc) | 99 | 0 |  |  | 
CF148LH | prior | (no nationality) | 71 | 71 | 0 | 0 | 2026-04-01
E62JA | post |  | 2910 | 2906 | 2884 | 640 | 2026-07-04
E62JA | post | PAKISTANI | 951 | 951 | 951 | 84 | 2026-06-30
E62JA | post | TURKISH | 474 | 474 | 474 | 1 | 2026-06-30
E62JA | post | BRITISH | 335 | 335 | 335 | 329 | 2026-06-30
E62JA | post | INDIAN | 232 | 232 | 232 | 69 | 2026-06-30
E62JA | post | BANGLADESHI | 87 | 87 | 87 | 5 | 2026-06-25
E62JA | post | CHINESE | 66 | 66 | 66 | 8 | 2026-06-30
E62JA | post | MOROCCAN | 66 | 66 | 66 | 0 | 2026-06-22
E62JA | post | NIGERIAN | 62 | 62 | 62 | 43 | 2026-06-26
E62JA | post | AFGHAN | 35 | 35 | 35 | 3 | 2026-06-24
E62JA | post | EGYPTIAN | 33 | 33 | 33 | 0 | 2026-07-04
(231 rows; csv has all)

-- S15 UK Companies House: live companies by incorporation day 3 Nov-7 Dec 2025 and the same days of 2024; plus the top postcodes in the weeks of 19 and 26 Jan 2026
K | P | PC | N | DOW
day | 2024-11-01 | ALL | 1522 | Fri
day | 2024-11-02 | ALL | 199 | Sat
day | 2024-11-03 | ALL | 235 | Sun
day | 2024-11-04 | ALL | 2409 | Mon
day | 2024-11-05 | ALL | 1885 | Tue
day | 2024-11-06 | ALL | 1581 | Wed
day | 2024-11-07 | ALL | 1658 | Thu
day | 2024-11-08 | ALL | 1892 | Fri
day | 2024-11-09 | ALL | 231 | Sat
day | 2024-11-10 | ALL | 243 | Sun
day | 2024-11-11 | ALL | 2367 | Mon
day | 2024-11-12 | ALL | 1954 | Tue
day | 2024-11-13 | ALL | 1762 | Wed
day | 2024-11-14 | ALL | 1787 | Thu
day | 2024-11-15 | ALL | 1708 | Fri
day | 2024-11-16 | ALL | 179 | Sat
day | 2024-11-17 | ALL | 247 | Sun
day | 2024-11-18 | ALL | 2484 | Mon
day | 2024-11-19 | ALL | 1680 | Tue
day | 2024-11-20 | ALL | 1934 | Wed
day | 2024-11-21 | ALL | 1753 | Thu
day | 2024-11-22 | ALL | 1649 | Fri
day | 2024-11-23 | ALL | 222 | Sat
day | 2024-11-24 | ALL | 268 | Sun
day | 2024-11-25 | ALL | 2305 | Mon
day | 2024-11-26 | ALL | 1911 | Tue
day | 2024-11-27 | ALL | 2031 | Wed
day | 2024-11-28 | ALL | 1660 | Thu
day | 2024-11-29 | ALL | 1640 | Fri
day | 2024-11-30 | ALL | 186 | Sat
day | 2024-12-01 | ALL | 278 | Sun
day | 2024-12-02 | ALL | 2105 | Mon
day | 2024-12-03 | ALL | 1937 | Tue
day | 2024-12-04 | ALL | 1845 | Wed
day | 2024-12-05 | ALL | 1722 | Thu
day | 2024-12-06 | ALL | 46 | Fri
day | 2024-12-08 | ALL | 754 | Sun
day | 2025-11-01 | ALL | 480 | Sat
day | 2025-11-02 | ALL | 532 | Sun
day | 2025-11-03 | ALL | 4102 | Mon
day | 2025-11-04 | ALL | 3112 | Tue
day | 2025-11-05 | ALL | 3054 | Wed
day | 2025-11-06 | ALL | 3002 | Thu
day | 2025-11-07 | ALL | 2762 | Fri
day | 2025-11-08 | ALL | 441 | Sat
day | 2025-11-09 | ALL | 590 | Sun
day | 2025-11-10 | ALL | 4142 | Mon
day | 2025-11-11 | ALL | 3332 | Tue
day | 2025-11-12 | ALL | 3055 | Wed
day | 2025-11-13 | ALL | 3077 | Thu
day | 2025-11-14 | ALL | 2992 | Fri
day | 2025-11-15 | ALL | 530 | Sat
day | 2025-11-16 | ALL | 605 | Sun
day | 2025-11-17 | ALL | 4602 | Mon
day | 2025-11-18 | ALL | 915 | Tue
day | 2025-11-19 | ALL | 1594 | Wed
day | 2025-11-20 | ALL | 1698 | Thu
day | 2025-11-21 | ALL | 1641 | Fri
day | 2025-11-22 | ALL | 232 | Sat
day | 2025-11-23 | ALL | 353 | Sun
(105 rows; csv has all)

-- S16 ICIJ entities, Panama Papers (Mossack Fonseca): formations by month and jurisdiction 1999-2007, plus company type in Apr-Jun 2004 vs Apr-Jun 2005
K | P | G | N
month | 199901 | BAH | 331
month | 199901 | BVI | 772
month | 199901 | NIUE | 202
month | 199901 | PMA | 111
month | 199901 | SEY | 28
month | 199902 | BAH | 100
month | 199902 | BVI | 337
month | 199902 | NIUE | 74
month | 199902 | PMA | 38
month | 199902 | SEY | 17
month | 199903 | BAH | 142
month | 199903 | BVI | 597
month | 199903 | NIUE | 150
month | 199903 | OTHER | 2
month | 199903 | PMA | 51
month | 199903 | SAM | 1
month | 199903 | SEY | 26
month | 199904 | BAH | 100
month | 199904 | BVI | 287
month | 199904 | NIUE | 152
month | 199904 | OTHER | 2
month | 199904 | PMA | 57
month | 199904 | SEY | 9
month | 199905 | BAH | 111
month | 199905 | BVI | 352
month | 199905 | NIUE | 128
month | 199905 | PMA | 55
month | 199905 | SEY | 15
month | 199906 | BAH | 125
month | 199906 | BVI | 381
month | 199906 | NIUE | 179
month | 199906 | OTHER | 1
month | 199906 | PMA | 52
month | 199906 | SEY | 9
month | 199907 | BAH | 80
month | 199907 | BVI | 589
month | 199907 | NIUE | 118
month | 199907 | OTHER | 2
month | 199907 | PMA | 32
month | 199907 | SEY | 2
month | 199908 | BAH | 120
month | 199908 | BVI | 330
month | 199908 | NIUE | 164
month | 199908 | PMA | 37
month | 199908 | SAM | 1
month | 199908 | SEY | 6
month | 199909 | BAH | 114
month | 199909 | BVI | 604
month | 199909 | NIUE | 244
month | 199909 | PMA | 74
month | 199909 | SEY | 14
month | 199910 | BAH | 75
month | 199910 | BVI | 406
month | 199910 | NIUE | 164
month | 199910 | PMA | 64
month | 199910 | SEY | 14
month | 199911 | BAH | 67
month | 199911 | BVI | 393
month | 199911 | NIUE | 158
month | 199911 | OTHER | 1
(689 rows; csv has all)

