-- S20 UK PSC x Companies House: every company where a PSC named ELTANTAWY/ELTANTAVY appears (current or ceased), by incorporation month and postcode; ceased and other-PSC counts test the shelf-company-seller explanation
M | POSTCODE | COS | STILL_PSC | ANY_CEASED | WITH_OTHER_PSC_NOW | NOT_ACTIVE | NO_ACCOUNTS | DORMANT | NAME_A | NAME_Z | CATEGORY
2016-06-01 | (not on live register) | 1 | 1 | 0 | 1 | 0 | 0 | 0 |  |  | 
2016-11-01 | (not on live register) | 1 | 1 | 0 | 0 | 0 | 0 | 0 |  |  | 
2018-06-01 | EN61DQ | 1 | 1 | 0 | 0 | 0 | 0 | 0 | DR WAFAA CLINIC LIMITED | DR WAFAA CLINIC LIMITED | Private Limited Company
2018-10-01 | (not on live register) | 1 | 1 | 0 | 0 | 0 | 0 | 0 |  |  | 
2020-03-01 | W93TB | 1 | 1 | 0 | 1 | 0 | 0 | 0 | MTEX PHARMA UK LTD | MTEX PHARMA UK LTD | Private Limited Company
2020-05-01 | M408WN | 2 | 2 | 0 | 0 | 0 | 0 | 2 | G1LDER LTD | SN1FF LTD | Private Limited Company
2020-06-01 | M408WN | 7 | 7 | 0 | 0 | 0 | 0 | 7 | BAMB1 LIMITED | R1TZ LTD | Private Limited Company
2021-08-01 | EC1N8LE | 1 | 1 | 0 | 0 | 0 | 0 | 0 | EXPORYA LTD | EXPORYA LTD | Private Limited Company
2021-10-01 | M408WN | 4 | 0 | 4 | 4 | 0 | 0 | 4 | AHD AL KHADAMAT LTD | KHALED ALI FOR TRADING & SERVICES LTD | Private Limited Company
2021-11-01 | M408WN | 56 | 0 | 56 | 56 | 0 | 0 | 56 | ABDALLAH ZAKI ABDALLAH ABU-HADHOUD FOR TRADING LTD | ZAHIRULLAH FOR TRADING LTD | Private Limited Company
2021-12-01 | M408WN | 200 | 0 | 200 | 200 | 0 | 0 | 200 | A AND M UNITED WORKS LTD LTD | YASIR YAHA ABDULLA FOR TRADING LTD | Private Limited Company
2021-12-01 | WC2H9JQ | 1 | 0 | 1 | 1 | 0 | 0 | 1 | OXLEY CAVENDISH LIMITED | OXLEY CAVENDISH LIMITED | Private Limited Company
2022-02-01 | M408WN | 1 | 0 | 1 | 1 | 0 | 0 | 1 | HEATHBRIDGE TRADING LIMITED | HEATHBRIDGE TRADING LIMITED | Private Limited Company
2022-02-01 | W1W5PF | 1 | 0 | 1 | 1 | 0 | 0 | 1 | EWAN FOR TRADING LTD | EWAN FOR TRADING LTD | Private Limited Company
2022-03-01 | M408WN | 3 | 0 | 3 | 3 | 0 | 0 | 3 | AHMAD RAMIZ ALSAED MACHOUH FOR INDUSTRY LTD | MDKRSN ENGINEERING TRADE COMPANY LIMITED | Private Limited Company
2022-04-01 | M408WN | 38 | 2 | 36 | 36 | 0 | 0 | 38 | ABDULLAH MUGAHED AL-GABR FOR INVESTMENT LTD | ZAGALI FOR MULTI ACTIVITIES LIMITED | Private Limited Company
2022-05-01 | M408WN | 1 | 0 | 1 | 1 | 0 | 0 | 1 | GRADUESI LTD | GRADUESI LTD | Private Limited Company
2022-06-01 | LS178RD | 1 | 1 | 0 | 0 | 0 | 0 | 0 | SPHINX MEDICAL SERVICES LTD | SPHINX MEDICAL SERVICES LTD | Private Limited Company
2022-06-01 | M408WN | 5 | 0 | 5 | 5 | 0 | 0 | 5 | 1ST CLASS INTERNET LIMITED | TECHNOLOGY TIME LTD | Private Limited Company
2022-07-01 | EC1N8LE | 1 | 1 | 0 | 0 | 0 | 0 | 1 | CERADICUPRA LTD | CERADICUPRA LTD | Private Limited Company
2022-07-01 | M408WN | 9 | 2 | 7 | 7 | 0 | 0 | 9 | 1ST CLASS WEB LIMITED | WESTINGBOROUGH LIMITED | Private Limited Company
2022-08-01 | M408WN | 27 | 18 | 9 | 9 | 0 | 0 | 27 | AGHITA LTD | XIEAOI LTD | Private Limited Company
2022-08-01 | SE84HU | 1 | 0 | 1 | 1 | 0 | 0 | 1 | DREISTEIN ENGINEERING AND CONSTRUCTION LTD | DREISTEIN ENGINEERING AND CONSTRUCTION LTD | Private Limited Company
2022-09-01 | M408WN | 15 | 0 | 15 | 15 | 0 | 0 | 15 | AL FAROUQ ELITE FOR SERVICE LTD | TARIQ AL-TAMAYUZ LTD | Private Limited Company
2022-10-01 | M408WN | 10 | 0 | 10 | 10 | 0 | 0 | 10 | AHMED YASEEN ABDALLAH FOR INVESTMENT LTD | TECH TRADE LIMITED | Private Limited Company
2022-11-01 | M408WN | 17 | 0 | 17 | 17 | 0 | 0 | 17 | 1ST INTERNATIONAL SERVICES LIMITED | UMAIR ZAMIR KHAN FOR TRADING LTD | Private Limited Company
2022-12-01 | M408WN | 1 | 0 | 1 | 1 | 0 | 0 | 1 | IBRAHIM AFEEF MOUSA ALATOOM FOR TRADING LTD | IBRAHIM AFEEF MOUSA ALATOOM FOR TRADING LTD | Private Limited Company
2023-01-01 | M408WN | 2 | 0 | 2 | 2 | 0 | 0 | 2 | MARSHSIDE SERVICES LIMITED | QWEDER FOR TRADING LTD | Private Limited Company
2023-02-01 | M408WN | 3 | 0 | 3 | 3 | 0 | 0 | 3 | A TO Z FOR INVESTMENT LTD | ETMAM INVESTMENT SERVICES LTD | Private Limited Company
2023-02-01 | W1W5PF | 3 | 0 | 3 | 3 | 0 | 0 | 3 | DHAIF ALLAH HUSSEIN FOR EXPRESS SERVICES LTD | PENSION PROFESSIONALS LTD | Private Limited Company
2023-04-01 | M408WN | 5 | 0 | 5 | 5 | 0 | 0 | 5 | ALI MOHAMED ADAM HASSAN FOR INVESTMENT LTD | TRILLION INTERNATIONAL LTD | Private Limited Company
2023-05-01 | M408WN | 3 | 2 | 1 | 1 | 0 | 0 | 3 | HA1R LTD | WEB SAFE LIMITED | Private Limited Company
2023-05-01 | WC2A2JR | 2 | 0 | 2 | 2 | 0 | 0 | 2 | CREATIVE AND MORE LTD | ROOTED GARDEN COMPANY LTD | Private Limited Company
2023-06-01 | M408WN | 5 | 0 | 5 | 5 | 0 | 0 | 5 | 1ST JOB LIMITED | PRIME TIME LIMITED | Private Limited Company
2023-07-01 | M408WN | 18 | 15 | 3 | 3 | 0 | 0 | 18 | 1ST EURO INTERNATIONAL LIMITED | TSLP111 LTD | Private Limited Company
2023-08-01 | M408WN | 8 | 2 | 6 | 6 | 0 | 0 | 8 | ALAMCO FOR INVESTMENT LTD | WEDEH TRADING COMPANY LTD | Private Limited Company
2023-09-01 | M408WN | 8 | 2 | 6 | 6 | 0 | 0 | 8 | ALTUS TRADING & CONTRACTING LTD | WHITESWAN CONSULTANTS LIMITED | Private Limited Company
2023-09-01 | W1W5PF | 3 | 0 | 3 | 3 | 0 | 0 | 3 | GIAS UDDIN FOR TRADING AND SERVICES LTD | YAA FOR INTERNATIONAL TRADING LTD | Private Limited Company
2023-10-01 | M408WN | 24 | 16 | 8 | 8 | 0 | 0 | 24 | 1ST CLASS CORP LIMITED | TSLP126 LTD | Private Limited Company
2023-10-01 | W1W5PF | 9 | 0 | 9 | 9 | 0 | 0 | 9 | ABDULLAH QASSEM ABDULLAH ALHAMZI AND PARTNERS FOR INDUSTRIAL AND SERVICES LTD | WHITE WINGS INTERNATIONAL (WWI) LTD | Private Limited Company
2023-11-01 | DN68DA | 4 | 4 | 0 | 0 | 0 | 0 | 4 | TSLP162 LTD | TSLP179 LTD | Private Limited Company
2023-11-01 | M408WN | 63 | 40 | 23 | 23 | 0 | 0 | 63 | AHMED ALSHARIF INVESTMENT CO. LTD | TSLP176 LTD | Private Limited Company
2023-11-01 | N101AB | 1 | 0 | 1 | 1 | 0 | 0 | 1 | INTERNATIONAL SYSTEMS LIMITED | INTERNATIONAL SYSTEMS LIMITED | Private Limited Company
2023-11-01 | W1W5PF | 3 | 0 | 3 | 3 | 0 | 0 | 3 | FORESEES 4C LTD | SHAM FOR SERVICES LTD | Private Limited Company
2023-12-01 | (not on live register) | 1 | 1 | 0 | 0 | 0 | 0 | 0 |  |  | 
2023-12-01 | DN68DA | 33 | 33 | 0 | 0 | 0 | 0 | 33 | TSLP175 LTD | TSLP215 LTD | Private Limited Company
2023-12-01 | EH24AN | 5 | 0 | 5 | 5 | 0 | 0 | 5 | FRESHFUEL FUSION LTD | THE HOOK FOR SERVICES LTD | Private Limited Company
2023-12-01 | M408WN | 13 | 3 | 10 | 10 | 0 | 0 | 13 | AFAQ FOR TRADING LTD | TSLP180 LTD | Private Limited Company
2023-12-01 | W1W5PF | 6 | 0 | 6 | 6 | 0 | 0 | 6 | AL IMAN LTD | SYNTHETIX SOFTWARE LABS LTD | Private Limited Company
2023-12-01 | WC2A2JR | 1 | 0 | 1 | 1 | 0 | 0 | 1 | WHOLESOMEHARVEST LTD | WHOLESOMEHARVEST LTD | Private Limited Company
2024-01-01 | EH24AN | 13 | 0 | 13 | 13 | 0 | 0 | 13 | ABDULLAH SALEH AND PARTNERS FOR TRADING LTD | WALAA ALMAJD ALMTATAWIRA LTD | Private Limited Company
2024-01-01 | IP11RJ | 1 | 0 | 1 | 1 | 0 | 0 | 1 | BAB AL KHAYRAT LTD | BAB AL KHAYRAT LTD | Private Limited Company
2024-01-01 | M408WN | 23 | 0 | 23 | 23 | 0 | 0 | 23 | AHFAD BRIGHT FUTURE COMPANY LTD | ZAYED ALSIBAEE LTD | Private Limited Company
2024-01-01 | W1W5PF | 3 | 0 | 3 | 3 | 0 | 0 | 3 | GAIAVISION GROUP LTD | SUPPLY RESOURCES LTD | Private Limited Company
2024-01-01 | WC2A2JR | 4 | 0 | 4 | 4 | 0 | 0 | 4 | AL ATLASI LTD | RAKAEZ AL MAAYIR AL NAMOTHAJIYA LTD | Private Limited Company
2024-02-01 | EH24AN | 11 | 0 | 11 | 11 | 0 | 0 | 11 | ALSHARIKAT ALEALAMIAT ALAWLAA LILMUEADAAT LTD | VIRTUSHOP HUB LTD | Private Limited Company
2024-02-01 | IP11RJ | 2 | 0 | 2 | 2 | 0 | 0 | 2 | AL SOHYB LTD | FUTURE FOR PROJECT DEVELOPMENT LTD | Private Limited Company
2024-02-01 | M408WN | 24 | 2 | 22 | 22 | 0 | 0 | 24 | ABDULGHANI ALZIN FOR TRADING LTD | SWANBRACE LIMITED | Private Limited Company
2024-02-01 | W1W5PF | 6 | 0 | 6 | 6 | 0 | 0 | 6 | AIMAN CHOWCHARA FOR TRADING AND INVESTMENT LTD | SILVERMONT TRADING COMPANY LTD | Private Limited Company
2024-02-01 | WC2A2JR | 2 | 0 | 2 | 2 | 0 | 0 | 2 | SMARTHOLD RENTALS LTD | SWIFTLEASE INVESTMENTS LTD | Private Limited Company
(107 rows; csv has all)

-- S21 UK PSC peer ranking: the persons (name + birth year) behind the most companies formed 18 Nov 2025-30 Jun 2026, with their top postcode and residence
NM | DOB_YEAR | COS | TOP_PC | POSTCODES | NAT | RES
ASHRAF MOHAMMED ABDOU AWAD IBRAHIM | 1994 | 400 | N17AA | 2 | EGYPTIAN | UNITED ARAB EMIRATES
SALAHELDIN SAMIR ISMAIL ABDELBAKY ELTANTAWY | 2001 | 369 | M408WN | 3 | EGYPTIAN | TURKEY
NEIL STUART COHEN | 1961 | 310 | N101AB | 1 | BRITISH | ENGLAND
ABDELRAHMAN SAMIR ISMAIL ABDELBAKY ELTANTAWY | 1996 | 296 | M408WN | 1 | EGYPTIAN | TURKEY
BRYAN THORNTON | 1955 | 278 | DN68DA | 1 | BRITISH | UNITED KINGDOM
MAIDE KILINC ELTANTAWY | 1992 | 262 | M408WN | 1 | TURKISH | TURKEY
MARC ANTHONY FELDMAN | 1961 | 261 | HG11ND | 1 | BRITISH | ENGLAND
GRZEGORZ SZEWCZYK | 1985 | 247 | W1W5PF | 3 | POLISH | ENGLAND
CERI RICHARD JOHN | 1955 | 124 | CF311JF | 1 | BRITISH | UNITED KINGDOM
PETER ANTHONY VALAITIS | 1950 | 64 | BS93BY | 1 | BRITISH | UNITED KINGDOM
TYLER JAMAL GOLDING-REDDOCK | 1995 | 40 | E154LB | 1 | BRITISH | ENGLAND
PATRICK JOSEPH HUGHES | 1971 | 37 | IM93DW | 1 | BRITISH | 
USMAN KHAN | 2004 | 35 | LU20DS | 3 | BRITISH | ENGLAND
OMAR HUSSAIN | 1995 | 31 | EN64RY | 1 | BRITISH | ENGLAND
YAHYA MABROOK YAHYA AL-GATHUTH | 1992 | 31 | W21DS | 2 | YEMENI | SAUDI ARABIA
SCOTT GREGORY GEISINGER | 1967 | 30 | PO91TR | 1 | BRITISH | UNITED STATES
MOHAMMED EHSAN | 1985 | 30 | CF148LH | 3 | BRITISH | ENGLAND
SANDEEP KAUR AUJLA | 1985 | 30 | DE234TD | 1 | BRITISH | UNITED KINGDOM
SEYED AHMED SAIDPOUR | 1995 | 28 | EN64RY | 1 | BRITISH | ENGLAND
BENJAMIN GRAHAM EADES | 1981 | 26 | M126JH | 1 | BRITISH | ENGLAND
CAROL ALLEN | 1963 | 26 | M126JH | 1 | BRITISH | ENGLAND
NAEEM KAUSER | 1948 | 26 | M126JH | 1 | BRITISH | ENGLAND
ANEEL MUSSARAT | 1969 | 24 | M126JH | 1 | BRITISH | ENGLAND
MUHAMMAD AMMAR QURESHI | 1990 | 23 | IP287DE | 4 | DUTCH | NETHERLANDS
JAMES HENRY SINTON | 1979 | 23 | BT12LA | 1 | BRITISH | NORTHERN IRELAND
AHMED HAMID MOHAMMAD | 1968 | 22 | NW65PU | 3 | BRITISH | ENGLAND
QASIM AZAD ABBASALI | 1971 | 21 | M169RA | 1 | BRITISH | UNITED KINGDOM
ABRAHAM WAHRHAFTIG | 1991 | 21 | M66DE | 1 | BRITISH | ENGLAND
RIVKA DREYFUSS | 1968 | 21 | N166DW | 1 | BRITISH | ENGLAND
DR. ABDUL ALEEM MIRJAT | 1966 | 20 | SM45HP | 1 | PAKISTANI | SAUDI ARABIA
(30 rows; csv has all)

