LEI graph nodes 96684 components 22736 FRS nodes with >1 LEI: 0 top stars: [('LEI:549300S5TW3VP5V06B73', 608), ('LEI:254900SWFR3KS9HI2W07', 348), ('LEI:7NKTFWJ1G6MELP9TU740', 301), ('LEI:549300OVVD7Z46FDMX80', 299), ('LEI:549300I645G0USPS4266', 279), ('LEI:GA3JGKJ41LJKXDN23E90', 231), ('LEI:7ZW8QJWVPR4P1J1KQY45', 225), ('LEI:5493005JBO5YSIGK1814', 209), ('LEI:549300RA28ZEFOB6M782', 208), ('LEI:D01LMJZU09ULLNCY6Z23', 208), ('LEI:1HNPXZSMMB7HMBMVBS46', 207), ('LEI:549300K23JPL0SS3LB18', 206)]
FEC graph nodes 28379 edges 203108 largest 11021

TOP 20 exact betweenness:
  FEC_CMTE_ID:C00694323 | btw 0.09629 b#1 | deg 623 d#19 | gap 18 | med cand deg 54 | cands<=3 165
  FEC_CAND_ID:P00009423 | btw 0.03878 b#2 | deg 470 d#84 | gap 82
  FEC_CAND_ID:P80001571 | btw 0.02358 b#3 | deg 317 d#276 | gap 273
  FEC_CMTE_ID:C00027342 | btw 0.02254 b#4 | deg 389 d#158 | gap 154 | med cand deg 145 | cands<=3 26
  FEC_CMTE_ID:C00545202 | btw 0.01838 b#5 | deg 109 d#1007 | gap 1002 | med cand deg 4 | cands<=3 54
  FEC_CAND_ID:S6OH00163 | btw 0.01502 b#6 | deg 755 d#5 | gap -1
  FEC_CMTE_ID:C00252940 | btw 0.01407 b#7 | deg 339 d#233 | gap 226 | med cand deg 164 | cands<=3 10
  FEC_CMTE_ID:C00720649 | btw 0.01311 b#8 | deg 66 d#1471 | gap 1463 | med cand deg 4.0 | cands<=3 32
  FEC_CAND_ID:S2WI00219 | btw 0.01248 b#9 | deg 646 d#16 | gap 7
  FEC_CMTE_ID:C00630012 | btw 0.01186 b#10 | deg 49 d#1795 | gap 1785 | med cand deg 2 | cands<=3 36
  FEC_CMTE_ID:C00002089 | btw 0.01179 b#11 | deg 305 d#295 | gap 284 | med cand deg 182 | cands<=3 6
  FEC_CAND_ID:H2NY17162 | btw 0.01169 b#12 | deg 738 d#7 | gap -5
  FEC_CAND_ID:S6MT00162 | btw 0.01166 b#13 | deg 697 d#10 | gap -3
  FEC_CAND_ID:S6PA00217 | btw 0.01135 b#14 | deg 715 d#9 | gap -5
  FEC_CAND_ID:H2CA20094 | btw 0.01050 b#15 | deg 741 d#6 | gap -9
  FEC_CAND_ID:P80000722 | btw 0.01016 b#16 | deg 143 d#808 | gap 792
  FEC_CAND_ID:H6PA08277 | btw 0.00977 b#17 | deg 780 d#2 | gap -15
  FEC_CMTE_ID:C00030718 | btw 0.00962 b#18 | deg 586 d#31 | gap 13 | med cand deg 252.0 | cands<=3 2
  FEC_CAND_ID:H2CA37023 | btw 0.00920 b#19 | deg 619 d#21 | gap 2
  FEC_CAND_ID:H8IA02043 | btw 0.00879 b#20 | deg 775 d#3 | gap -17

control: committees deg 50-120: 695; in btw top100: 3; not: 692
  median-of-median cand degree: in-top 4.0 | not-top 351.0
  mean cands<=3: in-top 30.7 | not-top 0.3

named top 20:
  FEC_CMTE_ID:C00694323 ['WINRED', 'V', 0]
  FEC_CAND_ID:P00009423 ['HARRIS, KAMALA D.', 'DEM', 'P']
  FEC_CAND_ID:P80001571 ['TRUMP, DONALD J.', 'REP', 'P']
  FEC_CMTE_ID:C00027342 ['INTERNATIONAL BROTHERHOOD OF ELECTRICAL WORKERS POLITICAL ACTION COMMITTEE', 'Q', 1]
  FEC_CMTE_ID:C00545202 ['THE CENTER FOR FREETHOUGHT EQUALITY PAC', 'Q', 1]
  FEC_CAND_ID:S6OH00163 ['BROWN, SHERROD', 'DEM', 'S']
  FEC_CMTE_ID:C00252940 ['LEAGUE OF CONSERVATION VOTERS ACTION FUND', 'Q', 0]
  FEC_CMTE_ID:C00720649 ['REFORM LEADERS PAC', 'O', 1]
  FEC_CAND_ID:S2WI00219 ['BALDWIN, TAMMY', 'DEM', 'S']
  FEC_CMTE_ID:C00630012 ['EVERY STATE BLUE', 'V', 1]
  FEC_CMTE_ID:C00002089 ['COMMUNICATIONS WORKERS OF AMERICA - COPE POLITICAL CONTRIBUTIONS COMMITTEE', 'Q', 1]
  FEC_CAND_ID:H2NY17162 ['LAWLER, MICHAEL VINCENT', 'REP', 'H']
  FEC_CAND_ID:S6MT00162 ['TESTER, R. JON', 'DEM', 'S']
  FEC_CAND_ID:S6PA00217 ['CASEY, ROBERT P. JR.', 'DEM', 'S']
  FEC_CAND_ID:H2CA20094 ['VALADAO, DAVID', 'REP', 'H']
  FEC_CAND_ID:P80000722 ['BIDEN, JOSEPH R JR', 'DEM', 'P']
  FEC_CAND_ID:H6PA08277 ['FITZPATRICK, BRIAN', 'REP', 'H']
  FEC_CMTE_ID:C00030718 ['NATIONAL ASSOCIATION OF REALTORS POLITICAL ACTION COMMITTEE', 'Q', 0]
  FEC_CAND_ID:H2CA37023 ['CALVERT, KENNETH S', 'REP', 'H']
  FEC_CAND_ID:H8IA02043 ['MILLER-MEEKS, MARIANNETTE JANE', 'REP', 'H']

LEI stars named:
  LEI:549300S5TW3VP5V06B73 ATLANTIC CITY ELECTRIC COMPANY facilities 608
  LEI:254900SWFR3KS9HI2W07 Texas Department of Transportation facilities 348
  LEI:7NKTFWJ1G6MELP9TU740 CONSUMERS ENERGY COMPANY facilities 301
  LEI:549300OVVD7Z46FDMX80 Walgreen Co. facilities 299
  LEI:549300I645G0USPS4266 99 Cents Only Stores LLC facilities 279
  LEI:GA3JGKJ41LJKXDN23E90 AutoZone, Inc. facilities 231
  LEI:7ZW8QJWVPR4P1J1KQY45 GOOGLE LLC facilities 225
  LEI:5493005JBO5YSIGK1814 PHILLIPS 66 facilities 209
  LEI:549300RA28ZEFOB6M782 City and County of San Francisco facilities 208
  LEI:D01LMJZU09ULLNCY6Z23 UNITED PARCEL SERVICE, INC. facilities 208
  LEI:1HNPXZSMMB7HMBMVBS46 PACIFIC GAS AND ELECTRIC COMPANY facilities 207
  LEI:549300K23JPL0SS3LB18 7-Eleven, Inc. facilities 206
DONE
