graph nodes 1050881 edges 2301984 largest 1008049
blocks 452725 articulation points 36930 NPI aps 6704

NPI articulation points by nodes cut off:
   ('NPI:1417615519', 2, 77)
   ('NPI:1518028976', 7, 22)
   ('NPI:1871090175', 2, 19)
   ('NPI:1225433006', 4, 16)
   ('NPI:1912462961', 6, 14)
   ('NPI:1356000731', 5, 14)
   ('NPI:1871891507', 12, 14)
   ('NPI:1437491727', 5, 13)
   ('NPI:1093792574', 15, 12)
   ('NPI:1891781290', 6, 12)
   ('NPI:1588741680', 9, 12)
   ('NPI:1487636742', 15, 12)
   ('NPI:1366481822', 13, 12)
   ('NPI:1205822806', 19, 12)
   ('NPI:1659312205', 19, 12)

CCN articulation points by nodes cut off:
   ('CCN:330214', 5432, 3246)
   ('CCN:330101', 4715, 3039)
   ('CCN:240010', 4231, 2954)
   ('CCN:450076', 2821, 2438)
   ('CCN:230046', 3486, 2404)
   ('CCN:100007', 5443, 2249)
   ('CCN:440039', 3393, 2017)
   ('CCN:360180', 6963, 1905)
   ('CCN:050441', 3897, 1845)
   ('CCN:340030', 3729, 1836)

sampled-betweenness NPIs, are they articulation points?
  NPI:1871891507 deg 12 ap True cut 14
  NPI:1326059254 deg 13 ap True cut 2
  NPI:1811485394 deg 7 ap True cut 5
  NPI:1124047717 deg 13 ap True cut 6
  NPI:1073538088 deg 10 ap True cut 2
  NPI:1144264458 deg 6 ap True cut 5
  NPI:1306371588 deg 5 ap True cut 3
  NPI:1700862521 deg 5 ap True cut 2
  NPI:1952500696 deg 7 ap False cut None
  NPI:1790708493 deg 9 ap False cut None
  NPI:1174522189 deg 7 ap False cut None
  NPI:1063418515 deg 10 ap False cut None

TOP NPI bridges with the hospitals they connect:

  NPI:1417615519 ('FOSTER, BRITTANY', 'HIXSON TN 373431864') deg 2 cuts off 77
     - CCN:110079 deg 1346 cut 954 ('GRADY MEMORIAL HOSPITAL', 'ATLANTA GA 30303')
     - CCN:113300 deg 75 cut 76 ('ATHUR M BLANK HOSPITAL', 'ATLANTA GA 30329')

  NPI:1518028976 ('SUK, SAMUEL', 'BEAVERTON OR 970065236') deg 7 cuts off 22
     - CCN:381559 deg 7 cut 24 ('BRISTOL HOSPICE OREGON LLC', 'CLACKAMAS OR 97015')
     - CCN:385224 deg 2 cut 1 ('WINDSOR HEALTH & REHABILITATION CENTER', 'SALEM OR')
     - CCN:385199 deg 3 cut 6 ('CHEHALEM POST ACUTE', 'NEWBERG OR 97132')
     - CCN:385241 deg 2 cut 1 ('KEIZER NURSING AND REHABILITATION', 'KEIZER OR 97303')
     - CCN:385015 deg 2 cut 1 ('REGENCY GRESHAM NURSING & REHABILITATION CENTER', 'GRESHAM OR 97080')
     - CCN:381568 deg 3 cut 6 ('BRISTOL HOSPICE - EUGENE LLC', 'SPRINGFIELD OR 97477')
     - CCN:385228 deg 2 cut 1 ('PORTLAND HEALTH & REHABILITATION CENTER', 'PORTLAND OR 97233')

  NPI:1871090175 ('MULINIX, JACOB', 'INDIANAPOLIS IN 462502890') deg 2 cuts off 19
     - CCN:150169 deg 998 cut 120 ('COMMUNITY HOSPITAL NORTH', 'INDIANAPOLIS IN 46256')
     - CCN:150179 deg 19 cut 18 ('FAIRBANKS', 'INDIANAPOLIS IN 46256')

  NPI:1225433006 ('MADATOVIAN, HARUT', 'WINNETKA CA 913061911') deg 4 cuts off 16
     - CCN:758004 deg 4 cut 18 ('WELLNESS PLUS HOME HEALTH INC', 'LOS ANGELES CA 90039')
     - CCN:559642 deg 3 cut 12 ('1ST FAMILY HOME HEALTH, INC.', 'PANORAMA CITY CA 91402')
     - CCN:559095 deg 1 cut 0 ('CONCIERGE HOME CARE, INC', 'GLENDALE CA 91201')
     - CCN:758205 deg 2 cut 1 ('CLIO HOME HEALTH, INC.', 'VAN NUYS CA 914061314')

  NPI:1912462961 ('MAKSIMOVA, ALLA', 'SHERMAN OAKS CA 914234400') deg 6 cuts off 14
     - CCN:050625 deg 2711 cut 1309 ('CEDARS-SINAI MEDICAL CENTER', 'LOS ANGELES CA 90048')
     - CCN:059430 deg 15 cut 2 ('SANTA HOME HEALTH CARE, INC.', 'LOS ANGELES CA 90046')
     - CCN:559148 deg 26 cut 2 ('UNITED HOME HEALTH CARE GROUP', 'WOODLAND HILLS CA 91367')
     - CCN:559132 deg 4 cut 1 ('TEMPLE OF LIFE HOME CARE', 'TARZANA CA 91356')
     - CCN:757169 deg 3 cut 1 ('BE HEALTHY HOME HEALTH CARE, INC', 'MISSION HILLS CA 91345')
     - CCN:559624 deg 3 cut 1 ('COASTLINE HOME HEALTHCARE, INC', 'MISSION HILLS CA 91345')

  NPI:1356000731 ('JURDI, DANIEL', 'SAN DIMAS CA 917733245') deg 5 cuts off 14
     - CCN:757573 deg 14 cut 1 ('1ST SOLUTION HOME HEALTH, INC.', 'GLENDALE CA 91201')
     - CCN:757362 deg 3 cut 1 ('AB HEALTH SERVICES', 'GLENDALE CA 91205')
     - CCN:757752 deg 12 cut 1 ('ALFA HOME HEALTH, INC.', 'GLENDALE CA 91201')
     - CCN:559481 deg 3 cut 1 ('LA HOME HEALTHCARE, INC', 'GLENDALE CA 91205')
     - CCN:757855 deg 4 cut 13 ('CHIBURASHKA HOME HEALTH SERVICES INC', 'SUN VALLEY CA 91352')

  NPI:1871891507 ('MIRANDA, ALTORY', 'MOSELEY VA 231201655') deg 12 cuts off 14
     - CCN:491660 deg 2 cut 1 ('A TOUCH OF GRACE HOSPICE LLC', 'NORTH CHESTERFIELD VA 23236')
     - CCN:490059 deg 1462 cut 173 ('BON SECOURS ST MARYS HOSPITAL', 'RICHMOND VA 23226')
     - CCN:497607 deg 41 cut 6 ('BAYADA HOME HEALTH CARE - YORKTOWN', 'YORKTOWN VA 23693')
     - CCN:491595 deg 5 cut 1 ('ASCEND HOSPICE', 'GLEN ALLEN VA 23059')
     - CCN:495358 deg 3 cut 2 ('AMELIA REHABILITATION AND HEALTHCARE CENTER', 'AMELIA VA 23002')
     - CCN:495240 deg 2 cut 1 ('FREDERICKSBURG HEALTH AND REHAB', 'FREDERICKSBURG VA 22407')
     - CCN:491526 deg 3 cut 1 ('PERSONAL TOUCH HOME CARE & HOSPICE-NEWPORT NEWS', 'NEWPORT NEWS VA 23606')
     - CCN:491637 deg 14 cut 1 ('AFFINITY CARE OF VIRGINIA LLC', 'NEWPORT NEWS VA 23606')
     - CCN:495343 deg 2 cut 1 ('GREENE ACRES REHABILITATION AND NURSING', 'STANARDSVILLE VA 22973')
     - CCN:495299 deg 2 cut 1 ('ELIZABETH ADAM CRUMP HEALTH AND REHAB', 'GLEN ALLEN VA 23060')
     - CCN:491504 deg 47 cut 2 ('HOSPICE OF THE PIEDMONT INC', 'CHARLOTTESVILLE VA 22911')
     - CCN:495140 deg 3 cut 2 ('ROSE HILL HEALTH AND REHAB', 'BERRYVILLE VA 22611')

  NPI:1437491727 ('PATEL, BHAVINIBEN', 'MOUNT PLEASANT TX 754552436') deg 5 cuts off 13
     - CCN:677949 deg 7 cut 1 ('CARMEL HEALTH CARE SERVICES PLLC', 'MESQUITE TX 75150')
     - CCN:679723 deg 3 cut 1 ('MAKAVIC HOME HEALTH LLC', 'GRAND PRAIRIE TX 75051')
     - CCN:679358 deg 9 cut 1 ('1ST PRUDENTIAL HEALTH CARE SERVICES, INC.', 'ARLINGTON TX 76015')
     - CCN:679542 deg 5 cut 2 ('1ST GENTLECARE HOME HEALTH LLC', 'BEDFORD TX 76021')
     - CCN:677889 deg 4 cut 12 ('TREND HEALTH CARE, INC.', 'DALLAS TX 75238')

quiet CCNs from sampled run:
  CCN:310022 deg 1962 ap True cut 266 ('WEST JERSEY HOSPITAL', 'VOORHEES NJ 08043')
  CCN:100087 deg 2211 ap True cut 549 ('SARASOTA MEMORIAL HOSPITAL', 'SARASOTA FL 34239')
  CCN:330195 deg 2383 ap True cut 706 ('LONG ISLAND JEWISH MEDICAL CENTER', 'NEW HYDE PARK NY 11040')
  CCN:280013 deg 2250 ap True cut 610 ('THE NEBRASKA MEDICAL CENTER', 'OMAHA NE 68198')
  CCN:330059 deg 2204 ap True cut 1536 ('MONTEFIORE MEDICAL CENTER', 'BRONX NY 10467')
  CCN:450102 deg 1526 ap True cut 374 ('CHRISTUS MOTHER FRANCES HOSPITAL', 'TYLER TX 75701')
  CCN:050224 deg 2255 ap True cut 765 ('HOAG MEMORIAL HOSPITAL PRESBYTERIAN', 'NEWPORT BEACH CA 92663')
  CCN:100113 deg 1833 ap True cut 1226 ('UF HEALTH SHANDS HOSPITAL', 'GAINESVILLE FL 32610')
  CCN:260040 deg 1185 ap True cut 440 ('COX MEDICAL CENTERS', 'SPRINGFIELD MO 65807')
  CCN:090011 deg 1661 ap True cut 640 ('MEDSTAR WASHINGTON HOSPITAL CENTER', 'WASHINGTON DC 20010')

size-cut CCNs, owned:
  CCN:100007 deg 5443 ('ADVENTHEALTH ORLANDO', 'ORLANDO FL 32803')
  CCN:220071 deg 5500 ('MASSACHUSETTS GENERAL HOSPITAL', 'BOSTON MA 02114')
  CCN:220110 deg 5802 ("BRIGHAM AND WOMEN'S HOSPITAL", 'BOSTON MA 02115')
  CCN:330214 deg 5432 ('NYU LANGONE HOSPITALS', 'NEW YORK NY 10016')
  CCN:360180 deg 6963 ('CLEVELAND CLINIC', 'CLEVELAND OH 44195')
  CCN:390111 deg 5152 ('HOSPITAL OF UNIV OF PENNSYLVANIA', 'PHILADELPHIA PA 19104')
DONE
