06:17:17 386 tables, 2244 columns; 0 already done
06:17:19 [1/386] CIVIL_RIGHTS.CIVIL_RIGHTS__FED_NARA_WRA_AAD: 1 rows, 2 cols  (2s)
06:17:21 [2/386] CONSUMER_PROTECTION.CONSUMER_PROTECTION__FED_CFPB_COMPLAINTS: 17,168,287 rows, 2 cols  (4s)
06:17:22 [3/386] CONSUMER_SAFETY.CONSUMER_SAFETY__FED_CPSC_NEISS: 9,794,971 rows, 1 cols  (5s)
06:17:24 [4/386] CONSUMER_SAFETY.CONSUMER_SAFETY__FED_NHTSA_COMPLAINTS: 2,227,941 rows, 2 cols  (7s)
06:17:25 [5/386] CORPORATE_REGISTRY.CORPORATE_REGISTRY__FED_ICIJ_OFFSHORELEAKS_ADDRESSES: 402,246 rows, 3 cols  (8s)
06:17:26 [6/386] CORPORATE_REGISTRY.CORPORATE_REGISTRY__FED_ICIJ_OFFSHORELEAKS_ENTITIES: 814,344 rows, 5 cols  (9s)
06:17:27 [7/386] CORPORATE_REGISTRY.CORPORATE_REGISTRY__FED_ICIJ_OFFSHORELEAKS_INTERMEDIARIES: 26,768 rows, 3 cols  (10s)
06:17:27 [8/386] CORPORATE_REGISTRY.CORPORATE_REGISTRY__FED_ICIJ_OFFSHORELEAKS_OFFICERS: 771,315 rows, 2 cols  (11s)
06:17:28 [9/386] CORPORATE_REGISTRY.CORPORATE_REGISTRY__FED_ICIJ_OFFSHORELEAKS_OTHERS: 2,989 rows, 4 cols  (11s)
06:17:30 [10/386] CORPORATE_REGISTRY.CORPORATE_REGISTRY__FED_IRS_EO_BMF: 1,983,563 rows, 4 cols  (13s)
06:17:30 [11/386] CORPORATE_REGISTRY.CORPORATE_REGISTRY__INTL_ES_BORME: 3 rows, 2 cols  (14s)
06:17:31 [12/386] CORPORATE_REGISTRY.CORPORATE_REGISTRY__INTL_IE_CRO: 821,693 rows, 2 cols  (14s)
06:17:35 [13/386] CORPORATE_REGISTRY.CORPORATE_REGISTRY__INTL_UK_COMPANIES_HOUSE: 5,734,780 rows, 6 cols  (18s)
06:17:41 [14/386] CORPORATE_REGISTRY.CORPORATE_REGISTRY__UK_COMPANIES_HOUSE_PSC: 15,804,611 rows, 8 cols  (24s)
06:17:41 [15/386] ERR CRIMINAL_JUSTICE.CRIMINAL_JUSTICE__FED_BJS_DATA: 000904 (42000): SQL compilation error: error line 1 at position 56
invalid identifier 'LOCALITY'
06:17:42 [16/386] ECONOMICS.ECONOMICS__FED_BLS_QCEW: 3,619,437 rows, 2 cols  (25s)
06:17:45 [17/386] ECONOMICS.ECONOMICS__FED_DOL_FORM5500: 33,484 rows, 43 cols  (28s)
06:17:47 [18/386] ECONOMICS.ECONOMICS__FED_FAC_SINGLE_AUDIT: 411,638 rows, 7 cols  (30s)
06:17:48 [19/386] ECONOMICS.ECONOMICS__FED_FDIC_FAILED_BANKS: 3,584 rows, 5 cols  (31s)
06:17:49 [20/386] ECONOMICS.ECONOMICS__FED_FINCEN_BOI: 1 rows, 4 cols  (32s)
06:17:50 [21/386] ECONOMICS.ECONOMICS__FED_FOREIGNASSISTANCE: 95,658 rows, 1 cols  (33s)
06:17:50 [22/386] ECONOMICS.ECONOMICS__FED_IRS_990: 200 rows, 2 cols  (33s)
06:17:51 [23/386] ECONOMICS.ECONOMICS__FED_IRS_AUTO_REVOCATIONS: 1,207,295 rows, 5 cols  (34s)
06:17:52 [24/386] ECONOMICS.ECONOMICS__FED_IRS_BMF: 1,974,830 rows, 4 cols  (35s)
06:17:52 [25/386] ECONOMICS.ECONOMICS__FED_IRS_EO_PR: 2,587 rows, 4 cols  (36s)
06:17:53 [26/386] ECONOMICS.ECONOMICS__FED_IRS_PUB78_ELIGIBLE_DONEES: 1,435,544 rows, 3 cols  (36s)
06:17:54 [27/386] ECONOMICS.ECONOMICS__FED_IRS_REVOCATION: 1,187,366 rows, 5 cols  (37s)
06:17:55 [28/386] ECONOMICS.ECONOMICS__FED_IRS_SOI_CHARITIES: 2,450 rows, 4 cols  (38s)
06:17:55 [29/386] ECONOMICS.ECONOMICS__FED_PBGC_DATA: 134,534 rows, 1 cols  (38s)
06:17:56 [30/386] ECONOMICS.ECONOMICS__FED_SBA_LOANS: 2,174,502 rows, 8 cols  (39s)
06:17:57 [31/386] ECONOMICS.ECONOMICS__FED_SBA_PPP: 968,524 rows, 8 cols  (40s)
06:18:24 [32/386] ECONOMICS.ECONOMICS__FED_USASPENDING_ASSISTANCE_FULL: 19,902,879 rows, 29 cols  (67s)
06:18:26 [33/386] ECONOMICS.ECONOMICS__FED_USASPENDING_CONTRACTS: 6,325,622 rows, 6 cols  (69s)
06:19:03 [34/386] ECONOMICS.ECONOMICS__FED_USASPENDING_CONTRACTS_FULL: 20,000,000 rows, 35 cols  (106s)
06:19:05 [35/386] ECONOMICS.ECONOMICS__FED_USASPENDING_TOPTIER_AGENCIES: 111 rows, 1 cols  (108s)
06:19:06 [36/386] ECONOMICS.ECONOMICS__FED_US_SEC_EDGAR: 48,984 rows, 2 cols  (109s)
06:19:06 [37/386] ECONOMICS.ECONOMICS__FED_US_USASPENDING_API: 300 rows, 5 cols  (109s)
06:19:07 [38/386] ECONOMICS.ECONOMICS__INTL_GFI_TRADE: 0 rows, 1 cols  (110s)
06:19:13 [39/386] ECONOMICS.ECONOMICS__INTL_GLEIF: 3,382,301 rows, 48 cols  (116s)
06:19:14 [40/386] ECONOMICS.ECONOMICS__INTL_IPC_FOOD_INSECURITY_GLOBAL: 735 rows, 2 cols  (117s)
06:19:14 [41/386] ECONOMICS.ECONOMICS__INTL_IT_ISTAT: 213,284 rows, 1 cols  (117s)
06:19:14 [42/386] ECONOMICS.ECONOMICS__XC_OWID_GINI: 2,389 rows, 1 cols  (117s)
06:19:16 [43/386] EDUCATION.EDUCATION__FED_CFTC_COT_FINANCIAL: 34,683 rows, 28 cols  (119s)
06:19:19 [44/386] EDUCATION.EDUCATION__FED_CFTC_COT_FUTURES: 287,053 rows, 50 cols  (122s)
06:19:20 [45/386] EDUCATION.EDUCATION__FED_ED_COLLEGE_SCORECARD_INSTITUTION: 6,273 rows, 9 cols  (123s)
06:19:20 [46/386] EDUCATION.EDUCATION__FED_ED_EDFACTS: 33 rows, 1 cols  (123s)
06:19:20 [47/386] EDUCATION.EDUCATION__FED_GOOGLE_POLADS_ADVERTISER_DECLARED_STATS: 470 rows, 2 cols  (124s)
06:19:21 [48/386] EDUCATION.EDUCATION__FED_GOOGLE_POLADS_ADVERTISER_GEO_SPEND: 614,078 rows, 2 cols  (124s)
06:19:22 [49/386] EDUCATION.EDUCATION__FED_GOOGLE_POLADS_ADVERTISER_STATS: 21,211 rows, 1 cols  (125s)
06:19:22 [50/386] EDUCATION.EDUCATION__FED_GOOGLE_POLADS_CREATIVE_STATS: 1,562,870 rows, 1 cols  (125s)
06:19:23 [51/386] EDUCATION.EDUCATION__FED_GOOGLE_POLADS_GEO_SPEND: 1,289 rows, 3 cols  (126s)
06:19:24 [52/386] EDUCATION.EDUCATION__FED_SENATE_LDA_FILINGS: 438,132 rows, 5 cols  (127s)
06:19:24 [53/386] ENERGY.ENERGY__FED_EIA860_1_UTILITY: 6,643 rows, 4 cols  (127s)
06:19:25 [54/386] ENERGY.ENERGY__FED_EIA860_2_PLANT: 16,132 rows, 9 cols  (128s)
06:19:25 [55/386] ENERGY.ENERGY__FED_EIA860_3_1_GENERATOR: 26,855 rows, 3 cols  (128s)
06:19:26 [56/386] ENERGY.ENERGY__FED_EIA860_3_2_WIND: 1,563 rows, 2 cols  (129s)
06:19:26 [57/386] ENERGY.ENERGY__FED_EIA860_3_3_SOLAR: 7,154 rows, 2 cols  (129s)
06:19:27 [58/386] ENERGY.ENERGY__FED_EIA860_3_4_ENERGY_STORAGE: 786 rows, 2 cols  (130s)
06:19:27 [59/386] ENERGY.ENERGY__FED_EIA860_3_5_MULTIFUEL: 2,893 rows, 2 cols  (130s)
06:19:27 [60/386] ENERGY.ENERGY__FED_EIA860_4_OWNER: 5,495 rows, 5 cols  (130s)
06:19:28 [61/386] ENERGY.ENERGY__FED_EIA860_6_2_ENVIROEQUIP: 4,428 rows, 1 cols  (131s)
06:19:28 [62/386] ENERGY.ENERGY__FED_EIA861_ADVANCED_METERS: 2,725 rows, 1 cols  (131s)
06:19:29 [63/386] ENERGY.ENERGY__FED_EIA861_DELIVERY_COMPANIES: 7 rows, 1 cols  (132s)
06:19:29 [64/386] ENERGY.ENERGY__FED_EIA861_DEMAND_RESPONSE: 339 rows, 1 cols  (132s)
06:19:29 [65/386] ENERGY.ENERGY__FED_EIA861_DISTRIBUTION_SYSTEMS: 1,353 rows, 1 cols  (132s)
06:19:30 [66/386] ENERGY.ENERGY__FED_EIA861_DYNAMIC_PRICING: 857 rows, 1 cols  (133s)
06:19:30 [67/386] ENERGY.ENERGY__FED_EIA861_ENERGY_EFFICIENCY: 458 rows, 1 cols  (133s)
06:19:30 [68/386] ENERGY.ENERGY__FED_EIA861_MERGERS: 4 rows, 4 cols  (134s)
06:19:31 [69/386] ENERGY.ENERGY__FED_EIA861_NET_METERING: 1,004 rows, 1 cols  (134s)
06:19:31 [70/386] ENERGY.ENERGY__FED_EIA861_NON_NET_METERING_DISTRIBUTED: 507 rows, 1 cols  (135s)
06:19:32 [71/386] ENERGY.ENERGY__FED_EIA861_OPERATIONAL_DATA: 1,711 rows, 2 cols  (135s)
06:19:32 [72/386] ENERGY.ENERGY__FED_EIA861_RELIABILITY: 971 rows, 1 cols  (135s)
06:19:33 [73/386] ENERGY.ENERGY__FED_EIA861_SALES_ULT_CUST: 2,815 rows, 1 cols  (136s)
06:19:33 [74/386] ENERGY.ENERGY__FED_EIA861_SALES_ULT_CUST_CS: 674 rows, 1 cols  (136s)
06:19:33 [75/386] ENERGY.ENERGY__FED_EIA861_SERVICE_TERRITORY: 11,775 rows, 2 cols  (136s)
06:19:34 [76/386] ENERGY.ENERGY__FED_EIA861_SHORT_FORM: 1,724 rows, 1 cols  (137s)
06:19:34 [77/386] ENERGY.ENERGY__FED_EIA861_UTILITY_DATA: 1,701 rows, 2 cols  (137s)
06:19:34 [78/386] ENERGY.ENERGY__FED_EIA_861_BALANCING_AUTHORITY: 189 rows, 1 cols  (137s)
06:19:35 [79/386] ENERGY.ENERGY__INTL_EMBER_ELEC: 369,264 rows, 2 cols  (138s)
06:19:36 [80/386] ENVIRONMENT.ENVIRONMENT__EPA_PENALTY_GAP: 93,808 rows, 8 cols  (139s)
06:19:37 [81/386] ENVIRONMENT.ENVIRONMENT__FED_EPA_AQS_SITES: 20,994 rows, 22 cols  (140s)
06:19:40 [82/386] ENVIRONMENT.ENVIRONMENT__FED_EPA_ECHO: 3,135,554 rows, 10 cols  (143s)
06:19:40 [83/386] ENVIRONMENT.ENVIRONMENT__FED_EPA_EGRID_PLANT_2022: 11,974 rows, 8 cols  (144s)
06:19:41 [84/386] ENVIRONMENT.ENVIRONMENT__FED_EPA_ENVIROFACTS: 5,000 rows, 7 cols  (144s)
06:19:46 [85/386] ENVIRONMENT.ENVIRONMENT__FED_EPA_FRS_FACILITIES: 5,300,149 rows, 13 cols  (149s)
06:19:48 [86/386] ENVIRONMENT.ENVIRONMENT__FED_EPA_FRS_FRS_FACILITIES: 3,277,557 rows, 8 cols  (151s)
06:19:51 [87/386] ENVIRONMENT.ENVIRONMENT__FED_EPA_FRS_FRS_PROGRAM_LINKS: 4,406,498 rows, 9 cols  (154s)
06:19:52 [88/386] ENVIRONMENT.ENVIRONMENT__FED_EPA_GHGRP_FACILITY: 136,005 rows, 10 cols  (155s)
06:19:55 [89/386] ENVIRONMENT.ENVIRONMENT__FED_EPA_ICIS_AIR_ICIS_AIR_FACILITIES: 279,728 rows, 8 cols  (158s)
06:19:55 [90/386] ENVIRONMENT.ENVIRONMENT__FED_EPA_ICIS_AIR_ICIS_AIR_FCES_PCES: 1,779,096 rows, 1 cols  (159s)
06:19:56 [91/386] ENVIRONMENT.ENVIRONMENT__FED_EPA_ICIS_AIR_ICIS_AIR_FORMAL_ACTIONS: 106,009 rows, 1 cols  (160s)
06:19:57 [92/386] ENVIRONMENT.ENVIRONMENT__FED_EPA_ICIS_AIR_ICIS_AIR_INFORMAL_ACTIONS: 175,736 rows, 1 cols  (160s)
06:19:58 [93/386] ENVIRONMENT.ENVIRONMENT__FED_EPA_ICIS_AIR_ICIS_AIR_STACK_TESTS: 620,302 rows, 1 cols  (161s)
06:19:58 [94/386] ENVIRONMENT.ENVIRONMENT__FED_EPA_ICIS_AIR_ICIS_AIR_TITLEV_CERTS: 499,113 rows, 1 cols  (161s)
06:19:58 [95/386] ENVIRONMENT.ENVIRONMENT__FED_EPA_ICIS_AIR_ICIS_AIR_VIOLATION_HISTORY: 102,037 rows, 1 cols  (161s)
06:20:00 [96/386] ENVIRONMENT.ENVIRONMENT__FED_EPA_NPDES_ICIS_FACILITIES: 1,213,737 rows, 8 cols  (163s)
06:20:01 [97/386] ENVIRONMENT.ENVIRONMENT__FED_EPA_NPDES_NPDES_FORMAL_ENFORCEMENT_ACTIONS: 112,373 rows, 1 cols  (164s)
06:20:02 [98/386] ENVIRONMENT.ENVIRONMENT__FED_EPA_NPDES_NPDES_INSPECTIONS: 1,900,067 rows, 1 cols  (165s)
06:20:03 [99/386] ENVIRONMENT.ENVIRONMENT__FED_EPA_RCRA_ENFORCEMENTS: 383,519 rows, 1 cols  (166s)
06:20:03 [100/386] ENVIRONMENT.ENVIRONMENT__FED_EPA_RCRA_EVALUATIONS: 1,166,410 rows, 1 cols  (166s)
06:20:04 [101/386] ENVIRONMENT.ENVIRONMENT__FED_EPA_RCRA_FACILITIES: 1,613,224 rows, 5 cols  (167s)
06:20:05 [102/386] ENVIRONMENT.ENVIRONMENT__FED_EPA_RCRA_RCRA_NAICS: 434,734 rows, 1 cols  (168s)
06:20:06 [103/386] ENVIRONMENT.ENVIRONMENT__FED_EPA_RCRA_VIOLATIONS: 708,114 rows, 1 cols  (169s)
06:20:07 [104/386] ENVIRONMENT.ENVIRONMENT__FED_EPA_RCRA_VIOSNC_HISTORY: 2,675,581 rows, 1 cols  (170s)
06:20:07 [105/386] ENVIRONMENT.ENVIRONMENT__FED_EPA_SDWA_SDWA_FACILITIES: 1,554,832 rows, 1 cols  (170s)
06:20:08 [106/386] ENVIRONMENT.ENVIRONMENT__FED_EPA_SDWA_SDWA_GEOGRAPHIC_AREAS: 578,198 rows, 4 cols  (171s)
06:20:09 [107/386] ENVIRONMENT.ENVIRONMENT__FED_EPA_SDWA_SDWA_PUB_WATER_SYSTEMS: 434,040 rows, 8 cols  (172s)
06:20:10 [108/386] ENVIRONMENT.ENVIRONMENT__FED_EPA_SDWA_SDWA_VIOLATIONS_ENFORCEMENT: 15,432,737 rows, 1 cols  (173s)
06:20:12 [109/386] ENVIRONMENT.ENVIRONMENT__FED_EPA_SUPERFUND_SITE_BOUNDARIES: 2,114 rows, 17 cols  (175s)
06:20:14 [110/386] ENVIRONMENT.ENVIRONMENT__FED_EPA_TRI_BASIC_2023: 78,647 rows, 18 cols  (177s)
06:20:15 [111/386] ENVIRONMENT.ENVIRONMENT__FED_EPA_TRI_FACILITY: 64,990 rows, 17 cols  (178s)
06:20:16 [112/386] ENVIRONMENT.ENVIRONMENT__FED_FRACFOCUS_DISCLOSURE_LIST: 248,835 rows, 4 cols  (179s)
06:20:18 [113/386] ENVIRONMENT.ENVIRONMENT__FED_FRACFOCUS_REGISTRY: 7,200,550 rows, 4 cols  (181s)
06:20:19 [114/386] ENVIRONMENT.ENVIRONMENT__FED_FRACFOCUS_WATER_SOURCE: 23,747 rows, 2 cols  (182s)
06:20:20 [115/386] ENVIRONMENT.ENVIRONMENT__FED_NID_DAMS: 92,766 rows, 8 cols  (183s)
06:20:23 [116/386] ENVIRONMENT.ENVIRONMENT__FED_NOAA_STORM_EVENTS: 1,780,730 rows, 11 cols  (186s)
06:20:23 [117/386] ENVIRONMENT.ENVIRONMENT__FED_NOAA_WEATHER_API: 287 rows, 6 cols  (186s)
06:20:24 [118/386] ENVIRONMENT.ENVIRONMENT__FED_PHMSA_FLAGGED_INCIDENTS: 2,039 rows, 7 cols  (187s)
06:20:25 [119/386] ENVIRONMENT.ENVIRONMENT__FED_USCG_NRC_INCIDENTS: 1,029,020 rows, 3 cols  (188s)
06:20:25 [120/386] ENVIRONMENT.ENVIRONMENT__FED_USCG_NRC_INCIDENT_REPORTS: 116,662 rows, 3 cols  (189s)
06:20:27 [121/386] ENVIRONMENT.ENVIRONMENT__FED_USGS_MINERALS: 304,632 rows, 9 cols  (190s)
06:20:28 [122/386] ENVIRONMENT.ENVIRONMENT__FED_USGS_ORPHANED_OIL_GAS_WELLS: 117,672 rows, 5 cols  (191s)
06:20:31 [123/386] ENVIRONMENT.ENVIRONMENT__FED_USGS_WATER: 6,456,952 rows, 7 cols  (194s)
06:20:32 [124/386] ENVIRONMENT.ENVIRONMENT__FED_USGS_WBD_HUC8: 2,456 rows, 4 cols  (196s)
06:20:33 [125/386] ENVIRONMENT.ENVIRONMENT__FED_WQP_MONITORING_STATIONS: 5,818 rows, 10 cols  (196s)
06:20:34 [126/386] ENVIRONMENT.ENVIRONMENT__INTL_GEM_HAZARD: 12 rows, 4 cols  (197s)
06:20:35 [127/386] ENVIRONMENT.ENVIRONMENT__INTL_GLOBAL_WITNESS_DEFENDERS: 232 rows, 2 cols  (198s)
06:20:35 [128/386] FINANCE.FINANCE__FED_EPA_ICIS_FEC_CASE_ENFORCEMENT_CONCLUSION_FACILITIES: 150,866 rows, 3 cols  (198s)
06:20:36 [129/386] FINANCE.FINANCE__FED_EPA_ICIS_FEC_CASE_FACILITIES: 204,019 rows, 4 cols  (199s)
06:20:37 [130/386] FINANCE.FINANCE__FED_EPA_ICIS_FEC_ICIS_FEC_EPA_INSPECTIONS: 260,556 rows, 1 cols  (200s)
06:20:37 [131/386] FINANCE.FINANCE__FED_FARA: 30 rows, 1 cols  (200s)
06:20:38 [132/386] FINANCE.FINANCE__FED_FATCA_FFI: 516,298 rows, 1 cols  (201s)
06:20:40 [133/386] FINANCE.FINANCE__FED_FDIC_BANK_DATA: 27,836 rows, 12 cols  (203s)
06:20:50 [134/386] FINANCE.FINANCE__FED_FDIC_SOD_BRANCH_DEPOSITS: 2,822,977 rows, 36 cols  (213s)
06:20:51 [135/386] FINANCE.FINANCE__FED_FEC_BULK: 20,938 rows, 2 cols  (214s)
06:20:52 [136/386] FINANCE.FINANCE__FED_FEC_BULK_COMMITTEES: 20,007 rows, 2 cols  (215s)
06:20:52 [137/386] FINANCE.FINANCE__FED_FEC_CANDIDATES: 27,095 rows, 3 cols  (215s)
06:20:53 [138/386] FINANCE.FINANCE__FED_FEC_COMMITTEES: 60,031 rows, 2 cols  (216s)
06:20:54 [139/386] FINANCE.FINANCE__FED_FEC_COMMITTEE_TO_CANDIDATE: 866,730 rows, 3 cols  (217s)
06:20:54 [140/386] FINANCE.FINANCE__FED_FEC_INDEPENDENT_EXPENDITURES: 261,033 rows, 1 cols  (218s)
06:21:06 [141/386] FINANCE.FINANCE__FED_FEC_INDIV_CONTRIBUTIONS: 84,172,112 rows, 3 cols  (229s)
06:21:06 [142/386] FINANCE.FINANCE__FED_FHFA_FHLB_MEMBERSHIP: 6,327 rows, 4 cols  (229s)
06:21:07 [143/386] FINANCE.FINANCE__FED_FINRA_MPID_LIST: 4,215 rows, 1 cols  (230s)
06:21:07 [144/386] FINANCE.FINANCE__FED_IRS_SOI: 179,796 rows, 3 cols  (230s)
06:21:08 [145/386] FINANCE.FINANCE__FED_MSRB_REGISTRANTS: 925 rows, 1 cols  (231s)
06:21:08 [146/386] ERR FINANCE.FINANCE__FED_NCUA_CALL_REPORTS: 002003 (42S02): SQL compilation error:
Object 'LIBRARY_MARTS.FINANCE.FINANCE__FED_NCUA_CALL_REPORTS' does not exist or not authorized.
06:21:09 [147/386] FINANCE.FINANCE__FED_NCUA_CALL_REPORTS_FOICU: 4,336 rows, 8 cols  (232s)
06:21:09 [148/386] FINANCE.FINANCE__FED_NCUA_CHARTER_MERGER_EVENTS: 27 rows, 3 cols  (232s)
06:21:09 [149/386] FINANCE.FINANCE__FED_NCUA_FEDERALLY_INSURED_CU_LIST: 4,250 rows, 5 cols  (233s)
06:21:10 [150/386] FINANCE.FINANCE__FED_OCC_NATIONAL_BANKS: 724 rows, 3 cols  (233s)
06:21:10 [151/386] FINANCE.FINANCE__FED_OCC_THRIFTS: 218 rows, 3 cols  (233s)
06:21:11 [152/386] FINANCE.FINANCE__FED_PCAOB_FORM_AP_FILINGS: 155,384 rows, 5 cols  (234s)
06:21:12 [153/386] FINANCE.FINANCE__FED_SEC_13F_FILERS: 344,109 rows, 2 cols  (235s)
06:21:12 [154/386] FINANCE.FINANCE__FED_SEC_BUSINESS_DEVELOPMENT_COMPANY_REPORT: 212 rows, 5 cols  (235s)
06:21:13 [155/386] FINANCE.FINANCE__FED_SEC_CLOSED_END_FUND_INFORMATION: 973 rows, 5 cols  (236s)
06:21:14 [156/386] FINANCE.FINANCE__FED_SEC_INSIDER_REPORTINGOWNER: 1,934,673 rows, 3 cols  (237s)
06:21:15 [157/386] FINANCE.FINANCE__FED_SEC_INVESTMENT_COMPANY_SERIES_CLASS: 43,123 rows, 5 cols  (238s)
06:21:15 [158/386] FINANCE.FINANCE__INTL_ISO_MIC_REGISTRY: 2,864 rows, 2 cols  (238s)
06:21:16 [159/386] FINANCE.FINANCE__INTL_OSFI_REGULATED_FI: 343 rows, 5 cols  (239s)
06:21:16 [160/386] FINANCE.FINANCE__INTL_WB_IDS: 62,983 rows, 2 cols  (240s)
06:21:17 [161/386] FOREIGN_INFLUENCE.FOREIGN_INFLUENCE__FED_FARA_BULK: 48,103 rows, 7 cols  (240s)
06:21:18 [162/386] GOVERNMENT_RECORDS.GOVERNMENT_RECORDS__FED_NARA_AAD: 9 rows, 2 cols  (241s)
06:21:18 [163/386] HEALTH.HEALTH__FED_CDC_ANXIETY_DEPRESSION: 16,794 rows, 1 cols  (241s)
06:21:19 [164/386] HEALTH.HEALTH__FED_CDC_DRUG_POISONING_COUNTY: 53,387 rows, 4 cols  (242s)
06:21:19 [165/386] HEALTH.HEALTH__FED_CDC_HEALTH_INSURANCE: 16,056 rows, 1 cols  (242s)
06:21:20 [166/386] HEALTH.HEALTH__FED_CDC_INJURY_VIOLENCE_COUNTY: 132,000 rows, 2 cols  (243s)
06:21:20 [167/386] HEALTH.HEALTH__FED_CDC_LEADING_CAUSES_STATE: 10,868 rows, 1 cols  (243s)
06:21:21 [168/386] HEALTH.HEALTH__FED_CDC_OVERDOSE: 83,790 rows, 2 cols  (244s)
06:21:21 [169/386] HEALTH.HEALTH__FED_CMS_AMBULATORY_SPECIALTY_MODEL_PARTICIPANTS: 6,637 rows, 1 cols  (244s)
06:21:22 [170/386] HEALTH.HEALTH__FED_CMS_DIALYSIS: 7,557 rows, 10 cols  (245s)
06:21:30 [171/386] HEALTH.HEALTH__FED_CMS_FACILITY_LEVEL_MINIMUM_DATA_SET_FREQUENCY: 31,403,215 rows, 7 cols  (253s)
06:21:30 [172/386] HEALTH.HEALTH__FED_CMS_FEDERALLY_QUALIFIED_HEALTH_CENTER_ENROLLMENTS: 11,063 rows, 7 cols  (253s)
06:21:31 [173/386] HEALTH.HEALTH__FED_CMS_HCRIS: 6,103 rows, 9 cols  (254s)
06:21:32 [174/386] HEALTH.HEALTH__FED_CMS_HOME_HEALTH: 12,392 rows, 8 cols  (255s)
06:21:33 [175/386] HEALTH.HEALTH__FED_CMS_HOME_HEALTH_AGENCY_ENROLLMENTS: 11,508 rows, 9 cols  (256s)
06:21:33 [176/386] HEALTH.HEALTH__FED_CMS_HOSPICE: 6,852 rows, 7 cols  (256s)
06:21:34 [177/386] HEALTH.HEALTH__FED_CMS_HOSPITAL_COMPARE: 5,432 rows, 5 cols  (257s)
06:21:35 [178/386] HEALTH.HEALTH__FED_CMS_HOSPITAL_ENROLLMENTS: 9,175 rows, 10 cols  (258s)
06:21:35 [179/386] HEALTH.HEALTH__FED_CMS_HOSPITAL_GENERAL: 5,432 rows, 5 cols  (258s)
06:21:36 [180/386] HEALTH.HEALTH__FED_CMS_HPT_MRF: 1 rows, 2 cols  (259s)
06:21:36 [181/386] HEALTH.HEALTH__FED_CMS_IRF: 1,222 rows, 7 cols  (260s)
06:21:37 [182/386] HEALTH.HEALTH__FED_CMS_LTCH: 311 rows, 7 cols  (260s)
06:21:37 [183/386] HEALTH.HEALTH__FED_CMS_MAIN: 158 rows, 2 cols  (260s)
06:21:38 [184/386] HEALTH.HEALTH__FED_CMS_MEDICARE_DIABETES_PREVENTION_PROGRAM: 1,037 rows, 7 cols  (261s)
06:21:39 [185/386] HEALTH.HEALTH__FED_CMS_MEDICARE_DIALYSIS_FACILITIES: 12,456,456 rows, 2 cols  (263s)
06:21:41 [186/386] HEALTH.HEALTH__FED_CMS_MEDICARE_DURABLE_MEDICAL_EQUIPMENT_DEVICES_SUPPLIES_BY_REFER: 381,228 rows, 7 cols  (264s)
06:21:42 [187/386] HEALTH.HEALTH__FED_CMS_MEDICARE_DURABLE_MEDICAL_EQUIPMENT_DEVICES_SUPPLIES_BY_SUPPL: 440,670 rows, 8 cols  (265s)
06:21:42 [188/386] HEALTH.HEALTH__FED_CMS_MEDICARE_INPATIENT_HOSPITALS_BY_PROVIDER: 3,044 rows, 6 cols  (266s)
06:21:43 [189/386] HEALTH.HEALTH__FED_CMS_MEDICARE_INPATIENT_HOSPITALS_BY_PROVIDER_AND_SERVICE: 145,879 rows, 6 cols  (266s)
06:21:44 [190/386] HEALTH.HEALTH__FED_CMS_MEDICARE_OUTPATIENT_HOSPITALS_BY_PROVIDER_AND_SERVICE: 116,182 rows, 6 cols  (267s)
06:21:45 [191/386] HEALTH.HEALTH__FED_CMS_MEDICARE_PHYSICIAN_OTHER_PRACTITIONERS_BY_PROVIDER: 1,296,739 rows, 7 cols  (268s)
06:21:48 [192/386] HEALTH.HEALTH__FED_CMS_MEDICARE_PHYSICIAN_OTHER_PRACTITIONERS_BY_PROVIDER_AND_SERVI: 9,781,673 rows, 8 cols  (271s)
06:21:49 [193/386] HEALTH.HEALTH__FED_CMS_MEDICARE_PROVIDER: 1,296,739 rows, 7 cols  (272s)
06:22:22 [194/386] HEALTH.HEALTH__FED_CMS_NPPES: 9,606,683 rows, 81 cols  (305s)
06:22:23 [195/386] HEALTH.HEALTH__FED_CMS_NURSING_HOME: 14,700 rows, 12 cols  (306s)
06:22:25 [196/386] HEALTH.HEALTH__FED_CMS_NURSING_HOME_DEFICIENCIES: 418,479 rows, 5 cols  (308s)
06:22:27 [197/386] HEALTH.HEALTH__FED_CMS_NURSING_HOME_FIRE_DEFICIENCIES: 200,030 rows, 5 cols  (310s)
06:22:27 [198/386] HEALTH.HEALTH__FED_CMS_NURSING_HOME_PENALTIES: 16,180 rows, 5 cols  (310s)
06:22:31 [199/386] HEALTH.HEALTH__FED_CMS_OPEN_PAYMENTS: 15,385,047 rows, 4 cols  (314s)
06:22:34 [200/386] HEALTH.HEALTH__FED_CMS_OPEN_PAYMENTS_2022: 13,306,564 rows, 4 cols  (317s)
06:22:38 [201/386] HEALTH.HEALTH__FED_CMS_OPEN_PAYMENTS_2023: 14,700,786 rows, 4 cols  (321s)
06:22:40 [202/386] HEALTH.HEALTH__FED_CMS_OPEN_PAYMENTS_PROFILE_SUPPLEMENT: 1,697,025 rows, 12 cols  (323s)
06:22:41 [203/386] HEALTH.HEALTH__FED_CMS_OPIOID_TREATMENT_PROGRAM_PROVIDERS: 1,558 rows, 5 cols  (324s)
06:22:42 [204/386] HEALTH.HEALTH__FED_CMS_OPT_OUT_AFFIDAVITS: 57,209 rows, 5 cols  (325s)
06:22:46 [205/386] HEALTH.HEALTH__FED_CMS_PARTD_PRESCRIBERS: 25,869,521 rows, 3 cols  (329s)
06:22:47 [206/386] HEALTH.HEALTH__FED_CMS_PART_D_PRESCRIBERS: 1,416,883 rows, 7 cols  (330s)
06:22:49 [207/386] HEALTH.HEALTH__FED_CMS_POS_OTHER: 44,429 rows, 10 cols  (332s)
06:22:50 [208/386] HEALTH.HEALTH__FED_CMS_QUALITY_PAYMENT_PROGRAM_EXPERIENCE: 503,917 rows, 1 cols  (333s)
06:22:51 [209/386] HEALTH.HEALTH__FED_CMS_RURAL_HEALTH_CLINIC_ENROLLMENTS: 5,530 rows, 7 cols  (334s)
06:22:52 [210/386] HEALTH.HEALTH__FED_CMS_SKILLED_NURSING_FACILITY_ENROLLMENTS: 14,425 rows, 7 cols  (335s)
06:23:41 [211/386] HEALTH.HEALTH__FED_DEA_ARCOS: 178,598,026 rows, 8 cols  (384s)
06:23:42 [212/386] HEALTH.HEALTH__FED_FDA_DEVICE_510K: 175,686 rows, 7 cols  (385s)
06:23:42 [213/386] HEALTH.HEALTH__FED_FDA_DEVICE_ENFORCEMENT: 39,635 rows, 6 cols  (385s)
06:23:43 [214/386] HEALTH.HEALTH__FED_FDA_DEVICE_PMA: 56,853 rows, 6 cols  (386s)
06:23:44 [215/386] HEALTH.HEALTH__FED_FDA_DRUG_ENFORCEMENT: 17,876 rows, 6 cols  (387s)
06:23:45 [216/386] HEALTH.HEALTH__FED_FDA_ESTABLISHMENT_REG: 263,374 rows, 6 cols  (388s)
06:23:46 [217/386] HEALTH.HEALTH__FED_FDA_FAERS_DEMO: 5,811,086 rows, 2 cols  (389s)
06:23:46 [218/386] HEALTH.HEALTH__FED_FDA_MAUDE: 2,743,561 rows, 3 cols  (389s)
06:23:47 [219/386] HEALTH.HEALTH__FED_HHS_OIG_LEIE: 83,369 rows, 4 cols  (390s)
06:23:50 [220/386] HEALTH.HEALTH__FED_HRSA_HPSA_PRIMARY_CARE: 79,158 rows, 26 cols  (393s)
06:23:50 [221/386] HEALTH.HEALTH__FED_HRSA_NPDB: 1,911,185 rows, 5 cols  (394s)
06:23:54 [222/386] HEALTH.HEALTH__FED_HRSA_SHORTAGE_AREAS: 165,531 rows, 26 cols  (397s)
06:23:58 [223/386] HEALTH.HEALTH__FED_HRSA_UDS_SERVICE_DELIVERY_SITES: 19,038 rows, 35 cols  (401s)
06:23:58 [224/386] HEALTH.HEALTH__FED_IHS_FACILITIES: 1,006 rows, 7 cols  (402s)
06:23:59 [225/386] HEALTH.HEALTH__FED_IHS_SCB_FACILITY: 8,733 rows, 1 cols  (402s)
06:24:00 [226/386] HEALTH.HEALTH__FED_NLM_DAILYMED_SPL_SETID_MAP: 158,452 rows, 1 cols  (403s)
06:24:01 [227/386] HEALTH.HEALTH__FED_NURSINGHOME411: 14,713 rows, 8 cols  (404s)
06:24:01 [228/386] HEALTH.HEALTH__FED_VA_SUICIDE_STATE: 1,196 rows, 2 cols  (404s)
06:24:01 [229/386] HEALTH.HEALTH__XC_GUTTMACHER_MONTHLY_ABORTION: 2,040 rows, 1 cols  (405s)
06:24:02 [230/386] HISTORICAL_RECORDS.HISTORICAL_RECORDS__FED_SLAVEVOYAGES_INTRAAMERICAN: 11,521 rows, 1 cols  (405s)
06:24:02 [231/386] HISTORY.HISTORY__FED_DENSHO_DDR: 25 rows, 1 cols  (405s)
06:24:03 [232/386] HISTORY.HISTORY__FED_SLAVEVOYAGES_TRANSATLANTIC: 36,108 rows, 1 cols  (406s)
06:24:04 [233/386] HISTORY.HISTORY__FED_WPA_SLAVE_NARRATIVES: 100 rows, 2 cols  (407s)
06:24:05 [234/386] HOUSING.HOUSING__FED_CFPB_HMDA: 28,301 rows, 11 cols  (408s)
06:24:06 [235/386] HOUSING.HOUSING__FED_CFPB_HMDA_DC_ONLY: 28,301 rows, 11 cols  (409s)
06:24:11 [236/386] HOUSING.HOUSING__FED_CFPB_HMDA_HISTORIC: 19,136,434 rows, 7 cols  (414s)
06:24:12 [237/386] HOUSING.HOUSING__FED_CFPB_HMDA_LAR: 17,474 rows, 11 cols  (415s)
06:24:20 [238/386] HOUSING.HOUSING__FED_FEMA_IA_HOUSING_REGISTRATIONS: 26,250,920 rows, 11 cols  (424s)
06:24:21 [239/386] HOUSING.HOUSING__FED_FEMA_NFIP_COMMUNITY_STATUS_BOOK: 25,122 rows, 2 cols  (424s)
06:24:22 [240/386] HOUSING.HOUSING__FED_FHFA_HPI: 184,807 rows, 2 cols  (425s)
06:24:23 [241/386] HOUSING.HOUSING__FED_HUD_ASSISTED_HOUSING_PROJECTS: 35,601 rows, 8 cols  (426s)
06:24:23 [242/386] HOUSING.HOUSING__FED_HUD_DATA: 71 rows, 2 cols  (426s)
06:24:24 [243/386] HOUSING.HOUSING__FED_HUD_FHA_SF_PORTFOLIO_SNAPSHOT: 61,647 rows, 4 cols  (427s)
06:24:24 [244/386] HOUSING.HOUSING__FED_HUD_MF_FIRM_COMMITMENTS: 25,557 rows, 2 cols  (428s)
06:24:27 [245/386] HOUSING.HOUSING__FED_HUD_PUBLIC_HOUSING_AUTHORITIES: 3,787 rows, 33 cols  (430s)
06:24:28 [246/386] HOUSING.HOUSING__FED_MAPPING_INEQUALITY: 1,155 rows, 6 cols  (431s)
06:24:29 [247/386] HOUSING.HOUSING__FED_USDA_RD_MFH_ACTIVE_PROJECTS: 13,550 rows, 9 cols  (432s)
06:24:29 [248/386] IMMIGRATION.IMMIGRATION__FED_CMS_HOSPICE_ENROLLMENTS: 6,066 rows, 7 cols  (433s)
06:24:30 [249/386] IMMIGRATION.IMMIGRATION__FED_CMS_MEDICARE_FEE_FOR_SERVICE_PUBLIC_PROVIDER_ENROLLMENT: 2,978,925 rows, 1 cols  (433s)
06:24:30 [250/386] IMMIGRATION.IMMIGRATION__FED_DHS_OHSS: 50,740 rows, 1 cols  (433s)
06:24:31 [251/386] IMMIGRATION.IMMIGRATION__FED_DHS_YEARBOOK: 27 rows, 3 cols  (434s)
06:24:40 [252/386] IMMIGRATION.IMMIGRATION__FED_DOL_OFLC: 664,616 rows, 76 cols  (443s)
06:24:41 [253/386] IMMIGRATION.IMMIGRATION__FED_ICE_DETAINERS: 609,769 rows, 8 cols  (444s)
06:24:42 [254/386] IMMIGRATION.IMMIGRATION__FED_ICE_DETENTION_FACILITY_CODES: 1,490 rows, 7 cols  (445s)
06:24:42 [255/386] IMMIGRATION.IMMIGRATION__FED_ICE_DETENTION_FACILITY_LIST: 163 rows, 2 cols  (445s)
06:24:44 [256/386] IMMIGRATION.IMMIGRATION__FED_ICE_DETENTION_STINTS: 2,571,975 rows, 7 cols  (447s)
06:24:44 [257/386] IMMIGRATION.IMMIGRATION__FED_ICE_STATISTICS: 204 rows, 1 cols  (447s)
06:24:44 [258/386] IMMIGRATION.IMMIGRATION__FED_USCIS_DATA: 177 rows, 1 cols  (447s)
06:24:45 [259/386] IMMIGRATION.IMMIGRATION__XC_OWID_REFUGEES: 7,442 rows, 2 cols  (448s)
06:24:45 [260/386] JUSTICE.JUSTICE__COUNTY_DOUBLE_BURDEN: 3,029 rows, 4 cols  (448s)
06:24:47 [261/386] JUSTICE.JUSTICE__FED_ATF_FFL: 77,514 rows, 13 cols  (450s)
06:24:47 [262/386] JUSTICE.JUSTICE__FED_BOP_STATISTICS: 50 rows, 1 cols  (450s)
06:24:48 [263/386] JUSTICE.JUSTICE__FED_COURTLISTENER_COURTHOUSES: 3,361 rows, 7 cols  (451s)
06:24:48 [264/386] JUSTICE.JUSTICE__FED_COURTLISTENER_COURTS: 3,361 rows, 1 cols  (451s)
06:24:49 [265/386] JUSTICE.JUSTICE__FED_COURTLISTENER_DISCLOSURE_REIMBURSEMENTS: 33,472 rows, 1 cols  (452s)
06:24:50 [266/386] JUSTICE.JUSTICE__FED_COURTLISTENER_DOCKETS: 71,677,647 rows, 1 cols  (453s)
06:24:52 [267/386] JUSTICE.JUSTICE__FED_COURTLISTENER_FJC_IDB_CL_LINKED: 10,323,280 rows, 3 cols  (455s)
06:24:52 [268/386] JUSTICE.JUSTICE__FED_COURTLISTENER_JUDGES: 16,191 rows, 6 cols  (455s)
06:24:53 [269/386] JUSTICE.JUSTICE__FED_COURTLISTENER_POSITIONS: 51,290 rows, 2 cols  (456s)
06:24:54 [270/386] JUSTICE.JUSTICE__FED_DOJ_FCA_SETTLEMENTS: 12 rows, 1 cols  (457s)
06:24:55 [271/386] JUSTICE.JUSTICE__FED_FBI_CDE: 238,680 rows, 1 cols  (458s)
06:24:56 [272/386] JUSTICE.JUSTICE__FED_FBI_NICS_CHECKS: 16,445 rows, 8 cols  (459s)
06:24:56 [273/386] JUSTICE.JUSTICE__FED_FHFA_SUSPENDED_COUNTERPARTIES: 222 rows, 2 cols  (459s)
06:24:57 [274/386] JUSTICE.JUSTICE__FED_FJC_IDB_APPELLATE: 988,183 rows, 8 cols  (460s)
06:24:59 [275/386] JUSTICE.JUSTICE__FED_FJC_IDB_BANKRUPTCY: 6,965,441 rows, 5 cols  (462s)
06:25:01 [276/386] JUSTICE.JUSTICE__FED_FJC_IDB_CIVIL: 10,857,396 rows, 3 cols  (464s)
06:25:02 [277/386] JUSTICE.JUSTICE__FED_FJC_IDB_CRIMINAL: 6,299,908 rows, 3 cols  (466s)
06:25:03 [278/386] JUSTICE.JUSTICE__FED_JPML_PENDING_MDLS: 162 rows, 1 cols  (466s)
06:25:04 [279/386] JUSTICE.JUSTICE__FED_SCDB: 83,644 rows, 6 cols  (467s)
06:25:04 [280/386] JUSTICE.JUSTICE__FED_USCOURTS_STATS: 50 rows, 3 cols  (467s)
06:25:04 [281/386] JUSTICE.JUSTICE__INTL_AUSTLII: 1 rows, 1 cols  (468s)
06:25:06 [282/386] JUSTICE.JUSTICE__INTL_EURLEX_CELLAR: 13 rows, 1 cols  (469s)
06:25:07 [283/386] JUSTICE.JUSTICE__INTL_EU_SANCTIONS: 42,347 rows, 15 cols  (470s)
06:25:07 [284/386] JUSTICE.JUSTICE__INTL_EU_SOCTA_EUROPOL: 26 rows, 1 cols  (470s)
06:25:08 [285/386] JUSTICE.JUSTICE__INTL_HUDOC: 2,000 rows, 1 cols  (471s)
06:25:08 [286/386] JUSTICE.JUSTICE__INTL_NTI_CNS_DPRK_MISSILE_TESTS: 303 rows, 4 cols  (471s)
06:25:09 [287/386] JUSTICE.JUSTICE__INTL_OPENSANCTIONS: 71,011 rows, 1 cols  (472s)
06:25:09 [288/386] JUSTICE.JUSTICE__INTL_OPENSANCTIONS_DEFAULT: 1,281,846 rows, 1 cols  (472s)
06:25:10 [289/386] JUSTICE.JUSTICE__INTL_UCDP_GED: 385,918 rows, 7 cols  (473s)
06:25:11 [290/386] JUSTICE.JUSTICE__RACIAL_JAIL_DISPARITY: 128,507 rows, 6 cols  (474s)
06:25:12 [291/386] JUSTICE.JUSTICE__STATE_MO_SEX_OFFENDER_REGISTRY: 28,167 rows, 5 cols  (475s)
06:25:13 [292/386] JUSTICE.JUSTICE__XC_MAPPING_POLICE_VIOLENCE: 15,476 rows, 16 cols  (476s)
06:25:13 [293/386] JUSTICE.JUSTICE__XC_OWID_HOMICIDE: 4,912 rows, 1 cols  (476s)
06:25:14 [294/386] JUSTICE.JUSTICE__XC_OWID_TERRORISM_DEATHS: 10,481 rows, 1 cols  (477s)
06:25:14 [295/386] JUSTICE.JUSTICE__XC_RANSOMWARELIVE_VICTIMS: 30,661 rows, 1 cols  (477s)
06:25:15 [296/386] JUSTICE.JUSTICE__XC_UK_SANCTIONS_LIST: 33,828 rows, 6 cols  (478s)
06:25:15 [297/386] JUSTICE.JUSTICE__XC_UN_CONSOLIDATED_SANCTIONS_LIST: 1,011 rows, 4 cols  (478s)
06:25:16 [298/386] JUSTICE.JUSTICE__XC_VERA_INCARCERATION_TRENDS: 128,507 rows, 10 cols  (479s)
06:25:17 [299/386] JUSTICE.JUSTICE__XC_WAPO_FATAL_FORCE: 10,430 rows, 5 cols  (480s)
06:25:18 [300/386] LABOR.LABOR__FED_DOL_EBSA_FORM5500_SCHEDULE_SB: 41,802 rows, 12 cols  (481s)
06:25:19 [301/386] LABOR.LABOR__FED_DOL_OLMS: 617,710 rows, 6 cols  (482s)
06:25:19 [302/386] LABOR.LABOR__FED_MSHA_ACCIDENTS: 273,623 rows, 1 cols  (482s)
06:25:20 [303/386] LABOR.LABOR__FED_MSHA_MINES: 91,906 rows, 6 cols  (483s)
06:25:21 [304/386] LABOR.LABOR__FED_OSHA_ITA_300A_SUMMARY_2023: 394,234 rows, 4 cols  (484s)
06:25:22 [305/386] LABOR.LABOR__FED_OSHA_ITA_300A_SUMMARY_2024: 398,620 rows, 4 cols  (485s)
06:25:23 [306/386] LABOR.LABOR__FED_OSHA_ITA_300A_SUMMARY_2025: 383,283 rows, 4 cols  (486s)
06:25:24 [307/386] LABOR.LABOR__FED_OSHA_ITA_CASE_DETAIL_2023: 890,934 rows, 5 cols  (487s)
06:25:25 [308/386] LABOR.LABOR__FED_OSHA_ITA_CASE_DETAIL_2024: 688,649 rows, 5 cols  (488s)
06:25:26 [309/386] LABOR.LABOR__FED_OSHA_ITA_CASE_DETAIL_2025: 330,447 rows, 5 cols  (489s)
06:25:27 [310/386] LABOR.LABOR__FED_PBGC_TRUSTEED_PLANS: 5,176 rows, 2 cols  (490s)
06:25:27 [311/386] LEGAL_ENFORCEMENT.LEGAL_ENFORCEMENT__FED_NAAG_MULTISTATE_SETTLEMENTS: 882 rows, 3 cols  (490s)
06:25:27 [312/386] ERR MARITIME.MARITIME__FED_NOAA_AIS: 001007 (22023): SQL compilation error:
invalid type [TO_VARCHAR(MARITIME__FED_NOAA_AIS.POSITION_GEOGRAPHY)] for parameter 'TO_VARCHAR'
06:25:28 [313/386] MONEY_FINANCE.MONEY__DEBT_REPAYMENT_CLIFF: 938 rows, 3 cols  (491s)
06:25:29 [314/386] OPEN_DATA.OPEN_DATA__INTL_BR_DADOS_GOV: 10 rows, 1 cols  (492s)
06:25:29 [315/386] OPEN_DATA.OPEN_DATA__INTL_CH_OPENDATASWISS: 5,000 rows, 1 cols  (492s)
06:25:29 [316/386] OPEN_DATA.OPEN_DATA__INTL_CL_DATOSGOB: 1,000 rows, 1 cols  (492s)
06:25:30 [317/386] OPEN_DATA.OPEN_DATA__INTL_ES_DATOSGOB: 1,000 rows, 1 cols  (493s)
06:25:30 [318/386] OPEN_DATA.OPEN_DATA__INTL_GE_DATAGOV: 1 rows, 1 cols  (493s)
06:25:31 [319/386] POLITICS.POLITICS__BILL_COSPONSORS: 367,735 rows, 1 cols  (494s)
06:25:31 [320/386] POLITICS.POLITICS__CA_LOBBY_CHG_LOG: 85,765 rows, 4 cols  (494s)
06:25:32 [321/386] POLITICS.POLITICS__CA_LOBBY_COVER: 524,828 rows, 1 cols  (495s)
06:25:33 [322/386] POLITICS.POLITICS__FEC_CANDIDATE: 17,900 rows, 2 cols  (496s)
06:25:33 [323/386] POLITICS.POLITICS__FEC_COMMITTEE: 40,945 rows, 2 cols  (496s)
06:25:34 [324/386] POLITICS.POLITICS__FED_CONGRESS_LEGISLATORS: 12,767 rows, 2 cols  (497s)
06:25:35 [325/386] POLITICS.POLITICS__FED_EAC_EAVS: 6,460 rows, 4 cols  (498s)
06:25:36 [326/386] POLITICS.POLITICS__FED_FCC_LICENSING: 1,689,338 rows, 5 cols  (499s)
06:25:37 [327/386] POLITICS.POLITICS__FED_FEC_API: 500 rows, 4 cols  (500s)
06:25:38 [328/386] POLITICS.POLITICS__FED_FJC_JUDGES: 4,067 rows, 4 cols  (501s)
06:25:38 [329/386] POLITICS.POLITICS__FED_MEDSL_HOUSE_RETURNS: 29,636 rows, 4 cols  (501s)
06:25:38 [330/386] POLITICS.POLITICS__FED_MEDSL_PRESIDENT_RETURNS: 3,740 rows, 3 cols  (502s)
06:25:39 [331/386] POLITICS.POLITICS__FED_MEDSL_SENATE_RETURNS: 3,945 rows, 3 cols  (502s)
06:25:39 [332/386] POLITICS.POLITICS__FED_VOTEVIEW_MEMBERS: 51,061 rows, 3 cols  (503s)
06:25:42 [333/386] POLITICS.POLITICS__INTL_ELECTIONS_CANADA_CONTRIBUTIONS: 12,646,465 rows, 4 cols  (505s)
06:25:42 [334/386] POLITICS.POLITICS__INTL_FREEDOMHOUSE: 2,723 rows, 2 cols  (505s)
06:25:43 [335/386] POLITICS.POLITICS__INTL_OWID_MILSPEND: 9,112 rows, 1 cols  (506s)
06:25:44 [336/386] POLITICS.POLITICS__IRS527_8871_ORGS: 77,591 rows, 5 cols  (507s)
06:25:45 [337/386] POLITICS.POLITICS__IRS527_8872_REPORTS: 55,579 rows, 21 cols  (508s)
06:25:46 [338/386] POLITICS.POLITICS__IRS527_DIRECTORS_OFFICERS: 189,593 rows, 4 cols  (509s)
06:25:46 [339/386] POLITICS.POLITICS__IRS527_EAIN: 17,853 rows, 1 cols  (509s)
06:25:47 [340/386] POLITICS.POLITICS__IRS527_RELATED_ENTITIES: 64,835 rows, 4 cols  (510s)
06:25:47 [341/386] POLITICS.POLITICS__MEMBER_BILL_RECORD: 1,104 rows, 1 cols  (511s)
06:25:48 [342/386] POLITICS.POLITICS__MEMBER_CROSSWALK: 12,794 rows, 2 cols  (511s)
06:25:48 [343/386] POLITICS.POLITICS__MEMBER_FEC_ID: 1,715 rows, 1 cols  (511s)
06:25:49 [344/386] POLITICS.POLITICS__MEMBER_INDIV_DONATIONS: 1,057 rows, 1 cols  (512s)
06:25:49 [345/386] POLITICS.POLITICS__MEMBER_MONEY_RAISED: 1,050 rows, 1 cols  (512s)
06:25:50 [346/386] POLITICS.POLITICS__MEMBER_SPINE: 12,794 rows, 1 cols  (513s)
06:25:51 [347/386] POLITICS.POLITICS__MEMBER_VOTING_RECORD: 1,105 rows, 1 cols  (514s)
06:25:52 [348/386] POLITICS.POLITICS__ST_CANNABIS_POLICY_BUNDLES: 1,500 rows, 7 cols  (515s)
06:25:54 [349/386] POLITICS.POLITICS__ST_NYC_CFB_CAMPAIGN_2001_CONTRIBUTION: 193,741 rows, 19 cols  (517s)
06:25:56 [350/386] POLITICS.POLITICS__ST_NYC_CFB_CAMPAIGN_2009_CONTRIBUTION: 146,112 rows, 19 cols  (519s)
06:25:58 [351/386] POLITICS.POLITICS__ST_NYC_CFB_CAMPAIGN_2013_CONTRIBUTION: 197,968 rows, 19 cols  (521s)
06:25:59 [352/386] POLITICS.POLITICS__ST_NYC_CFB_CAMPAIGN_2021_CONTRIBUTIONS: 457,521 rows, 19 cols  (523s)
06:26:01 [353/386] POLITICS.POLITICS__ST_NYC_CFB_CAMPAIGN_2025_CONTRIBUTIONS: 259,537 rows, 19 cols  (524s)
06:26:02 [354/386] POLITICS.POLITICS__WHO_WON: 10,976 rows, 2 cols  (525s)
06:26:02 [355/386] POLITICS.POLITICS__XC_OWID_CPI: 2,312 rows, 1 cols  (525s)
06:26:03 [356/386] PROCUREMENT.PROCUREMENT__FED_SAM_EXCLUSIONS: 168,328 rows, 4 cols  (526s)
06:26:05 [357/386] PROCUREMENT.PROCUREMENT__FED_USASPENDING_BULK: 49,613 rows, 35 cols  (528s)
06:26:05 [358/386] PROCUREMENT.PROCUREMENT__INTL_ADB_DATA: 41 rows, 1 cols  (528s)
06:26:06 [359/386] REFERENCE.REFERENCE__FED_DHS_HIFLD: 500 rows, 8 cols  (529s)
06:26:07 [360/386] REFERENCE.REFERENCE__FED_ITIS_GEOGRAPHIC_DIV: 480,351 rows, 2 cols  (530s)
06:26:07 [361/386] REFERENCE.REFERENCE__FED_ITIS_JURISDICTION: 161,922 rows, 2 cols  (530s)
06:26:08 [362/386] REFERENCE.REFERENCE__FED_ITIS_PUBLICATIONS: 30,772 rows, 1 cols  (531s)
06:26:08 [363/386] REFERENCE.REFERENCE__FED_USGS_TOPOVIEW: 250 rows, 3 cols  (531s)
06:26:09 [364/386] REFERENCE.REFERENCE__INTL_EG_CAPMAS: 52 rows, 1 cols  (532s)
06:26:09 [365/386] REFERENCE.REFERENCE__INTL_GDELT: 1,015 rows, 6 cols  (532s)
06:26:10 [366/386] REFERENCE.REFERENCE__XC_ROR_RESEARCH_ORGANIZATIONS: 135,710 rows, 5 cols  (533s)
06:26:10 [367/386] REFERENCE.REF__DIM_GEOGRAPHY: 6,988 rows, 9 cols  (533s)
06:26:11 [368/386] REFERENCE.REF__DIM_STATE: 56 rows, 4 cols  (534s)
06:26:11 [369/386] SCIENCE.SCIENCE__FED_NSF_AWARDS: 115 rows, 4 cols  (534s)
06:26:12 [370/386] SCIENCE.SCIENCE__FED_USGS_EARTHQUAKES: 443,274 rows, 3 cols  (535s)
06:26:12 [371/386] SCIENCE.SCIENCE__INTL_EMBL_ENSEMBL: 643 rows, 2 cols  (535s)
06:26:14 [372/386] SCIENCE_RESEARCH.SCIENCE_RESEARCH__FED_NIH_REPORTER: 2,122,611 rows, 6 cols  (537s)
06:26:14 [373/386] SCIENCE_RESEARCH.SCIENCE_RESEARCH__FED_RETRACTION_WATCH: 71,591 rows, 1 cols  (537s)
06:26:16 [374/386] SCIENCE_RESEARCH.SCIENCE_RESEARCH__FED_SBIR_STTR_AWARDS: 219,503 rows, 5 cols  (539s)
06:26:16 [375/386] SCIENCE_RESEARCH.SCIENCE_RESEARCH__XC_OSF_REGISTRATIONS: 10 rows, 3 cols  (539s)
06:26:17 [376/386] SCIENCE_RESEARCH.SCIENCE_RESEARCH__XC_RETRACTION_WATCH_DATABASE: 71,388 rows, 1 cols  (540s)
06:26:17 [377/386] TRANSPORT.TRANSPORT__FED_DOT_BTS: 21 rows, 2 cols  (540s)
06:26:18 [378/386] TRANSPORT.TRANSPORT__FED_FAA_AIRCRAFT_REGISTRY: 315,447 rows, 7 cols  (541s)
06:26:18 [379/386] TRANSPORT.TRANSPORT__FED_FAA_DATA_PORTAL: 3 rows, 5 cols  (541s)
06:26:18 [380/386] ERR TRANSPORT.TRANSPORT__FED_FAA_REGISTRY: 002003 (42S02): SQL compilation error:
Object 'LIBRARY_MARTS.TRANSPORT.TRANSPORT__FED_FAA_REGISTRY' does not exist or not authorized.
06:26:20 [381/386] TRANSPORT.TRANSPORT__FED_FRA_CASUALTIES: 1,150,788 rows, 13 cols  (543s)
06:26:21 [382/386] TRANSPORT.TRANSPORT__FED_FRA_CROSSING_INCIDENTS: 251,149 rows, 8 cols  (544s)
06:26:22 [383/386] TRANSPORT.TRANSPORT__FED_FRA_EQUIPMENT_ACCIDENTS: 224,941 rows, 9 cols  (545s)
06:26:22 [384/386] TRANSPORT.TRANSPORT__FED_FRA_SAFETY: 1 rows, 2 cols  (545s)
06:26:24 [385/386] TRANSPORT.TRANSPORT__FED_NTSB_AVIATION_AIRCRAFT: 31,503 rows, 18 cols  (547s)
06:26:24 [386/386] TRANSPORT.TRANSPORT__FED_NTSB_AVIATION_EVENTS: 30,968 rows, 9 cols  (547s)
06:26:24 DONE
