battery A: 547 tables to run, 2 already done
  25/547 done, last SCIENCE__FED_NASA_OPEN_DATA
  50/547 done, last IMMIGRATION__FED_ICE_DETENTION_FACILITY_LIST
  75/547 done, last SCIENCE_RESEARCH__XC_BIORXIV_MEDRXIV
  100/547 done, last FINANCE__FED_SEC_CLOSED_END_FUND_INFORMATION
  125/547 done, last HEALTH__FED_HRSA_UDS_HEALTH_CENTER_INFO
  150/547 done, last INVESTIGATIONS__XC_WAYBACK_REPLAY_DOJ_DEEP_PAGES
  175/547 done, last POLITICS__TX_LOBBY_GIFTS
  200/547 done, last FINANCE__FED_SEC_DERA_SUB_2024Q1
  225/547 done, last ECONOMICS__FED_TREASURY_MTS_RECEIPTS
  250/547 done, last ENVIRONMENT__FED_EPA_EGRID_PLANT_2022
  275/547 done, last EDUCATION__FED_GOOGLE_POLADS_ADVERTISER_STATS
  300/547 done, last TRANSPORT__FED_NTSB_AVIATION_AIRCRAFT
  325/547 done, last POLITICS__FED_VOTEVIEW_MEMBERS
  350/547 done, last ENVIRONMENT__FED_EPA_NPDES_NPDES_CS_VIOLATIONS
  375/547 done, last ENVIRONMENT__FED_USGS_ORPHANED_OIL_GAS_WELLS
  400/547 done, last POLITICS__TX_LOBBY_SUBJECT_MATTER
  425/547 done, last HEALTH__FED_CMS_NADAC
  450/547 done, last REGULATORY__FED_FEDERAL_REGISTER_DOCUMENTS
  475/547 done, last ENVIRONMENT__FED_USCG_NRC_INCIDENTS
  500/547 done, last SCIENCE_RESEARCH__FED_NIH_REPORTER
  525/547 done, last ENVIRONMENT__FED_USGS_WATER
  547/547 done, last FINANCE__FED_SEC_13F_HOLDINGS
