dbt-fusion 2.0.0-preview.218
   Loading profiles.yml
   Started resolving packages from packages.yml
  Finished [  0.08s] resolving packages from packages.yml (1 items)
 Succeeded [  3.89s] model CRIMINAL_JUSTICE.criminal_justice__fed_bjs_data (table)
 Succeeded [  4.01s] model JUSTICE.justice__fed_atf_ffl (table)
 Succeeded [  1.83s] model INVESTIGATIONS.investigations__xc_wayback_replay_doj_deep_pages (table)
    Failed [  0.31s] model POLITICS.politics__fed_doj_epstein_library (table)
   Skipped [-------] test  dbt_utils_unique_combination_of_columns_politics__fed_doj_epstein_library_page_url__href (models/marts/politics/schema_fed_doj_epstein_library.yml:14:9)
   Skipped [-------] test  not_null_politics__fed_doj_epstein_library_page_url (models/marts/politics/schema_fed_doj_epstein_library.yml:12:13)
 Succeeded [  2.55s] model INVESTIGATIONS.investigations__xc_wayback_replay_doj_listing (table)
 Succeeded [  6.87s] model OPEN_DATA.open_data__xc_wayback_doj_epstein (table)
 Succeeded [ 17.43s] model CORPORATE_REGISTRY.corporate_registry__intl_uk_companies_house (table)
 Succeeded [ 11.67s] model HEALTH.health__fed_hrsa_npdb (table)
 Succeeded [  5.82s] model HEALTH.health__fed_cms_nadac (table)
 Succeeded [  3.08s] model JUSTICE.justice__intl_hudoc (table)
 Succeeded [ 19.51s] model ENVIRONMENT.environment__fed_usgs_water (table)
 Succeeded [ 27.09s] model CONSUMER_SAFETY.consumer_safety__fed_cpsc_neiss (table)
 Succeeded [  3.85s] model REFERENCE.ref__dim_geography (table)
 Succeeded [ 12.38s] model ECONOMICS.economics__fed_bls_qcew (table)
 Succeeded [  4.59s] model LABOR.labor__fed_msha_mines (table)
 Succeeded [  1.12s] model ECONOMICS.economics__fed_usaspending_contracts_full (view)
 Succeeded [  9.78s] model ECONOMICS.economics__fed_sba_loans (table)
 Succeeded [  1.79s] model MONEY_FINANCE.money__debt_repayment_cliff (table)
 Succeeded [ 13.47s] model ECONOMICS.economics__fed_sba_ppp (table)
 Succeeded [  0.75s] model ECONOMICS.economics__fed_usaspending_assistance_full (view)
 Succeeded [ 23.37s] model ENVIRONMENT.environment__fed_epa_echo (table)
    Failed [  0.08s] model POLITICS.politics__member_voting_record (table)
   Skipped [-------] test  dbt_utils_unique_combination_of_columns_politics__member_voting_record_bioguide__congress (models/marts/politics/_politics__models.yml:198:9)
   Skipped [-------] test  not_null_politics__member_voting_record_congress_partial (models/marts/politics/_politics__models.yml:215:13)
   Skipped [-------] test  not_null_politics__member_voting_record_congress (models/marts/politics/_politics__models.yml:207:22)
   Skipped [-------] test  accepted_values_politics__member_voting_record_congress_partial__True__False (models/marts/politics/_politics__models.yml:216:13)
   Skipped [-------] test  not_null_politics__member_voting_record_bioguide (models/marts/politics/_politics__models.yml:204:22)
 Succeeded [  6.02s] model ECONOMICS.economics__intl_gleif_relationships (table)
 Succeeded [  1m18s] model HEALTH.health__fed_cms_partd_prescribers (table)
 Succeeded [  1m11s] model ECONOMICS.economics__intl_gleif (table)
    Passed [  0.50s] test  not_null_criminal_justice__fed_bjs_data_person_id
    Passed [  0.23s] test  not_null_justice__fed_atf_ffl_ffl_number
    Passed [  0.60s] test  unique_justice__fed_atf_ffl_ffl_number
    Passed [  0.61s] test  not_null_investigations__xc_wayback_replay_doj_deep_pages_page_url
    Passed [  0.40s] test  dbt_utils_unique_combination_of_columns_investigations__xc_wayback_replay_doj_deep_pages_page_url__captured_at__href
    Passed [  0.26s] test  not_null_investigations__xc_wayback_replay_doj_listing_page_url
    Passed [  0.41s] test  dbt_utils_unique_combination_of_columns_investigations__xc_wayback_replay_doj_listing_page_url__captured_at__href
    Passed [  0.34s] test  not_null_open_data__xc_wayback_doj_epstein_status_code
    Passed [  1.77s] test  dbt_utils_unique_combination_of_columns_open_data__xc_wayback_doj_epstein_urlkey__capture_timestamp_raw__content_digest
    Passed [  1.20s] test  unique_corporate_registry__intl_uk_companies_house_company_number
    Passed [  0.30s] test  not_null_health__fed_hrsa_npdb_seqno
    Passed [  0.63s] test  unique_health__fed_hrsa_npdb_seqno
    Passed [  0.66s] test  not_null_health__fed_cms_nadac_explanation_code
    Passed [  0.34s] test  not_null_health__fed_cms_nadac_ndc
    Passed [  0.28s] test  dbt_utils_unique_combination_of_columns_health__fed_cms_nadac_ndc__effective_date
    Warned [  0.23s] test  not_null_justice__intl_hudoc_judgment_date (models/staging/intl_hudoc/schema.yml:199:13)
    Passed [  0.25s] test  not_null_justice__intl_hudoc_echr_case_sk
    Failed [  0.27s] test  not_null_justice__intl_hudoc_country (models/staging/intl_hudoc/schema.yml:189:13)
    Warned [  0.38s] test  accepted_values_justice__intl_hudoc_doc_type__True__JUDGMENT__DECISION__ADVISORY_OPINION__COMMUNICATED_CASE__STRIKE_OUT__REVISION__INTERPRETATION__OTHER (models/staging/intl_hudoc/schema.yml:208:13)
    Failed [  0.16s] test  not_null_justice__intl_hudoc_appno (models/staging/intl_hudoc/schema.yml:179:13)
    Failed [  0.16s] test  not_null_justice__intl_hudoc_ecli (models/staging/intl_hudoc/schema.yml:184:13)
    Passed [  0.13s] test  not_null_justice__intl_hudoc__ingested_at
    Passed [  0.23s] test  not_null_justice__intl_hudoc_case_id
    Passed [  0.31s] test  not_null_justice__intl_hudoc__source_run_id
    Warned [  0.26s] test  accepted_values_justice__intl_hudoc_language__True__EN__FR (models/staging/intl_hudoc/schema.yml:240:13)
    Passed [  0.22s] test  accepted_values_justice__intl_hudoc_importance__False__1__2__3__4
    Passed [  0.11s] test  not_null_justice__intl_hudoc_person_name
    Passed [  0.51s] test  unique_justice__intl_hudoc_echr_case_sk
    Passed [  0.24s] test  not_null_environment__fed_usgs_water_site_no
    Passed [  1.53s] test  dbt_utils_unique_combination_of_columns_environment__fed_usgs_water_site_no__parameter_cd__datetime__data_type
    Passed [  0.26s] test  not_null_consumer_safety__fed_cpsc_neiss_sex_code
    Passed [  1.34s] test  unique_consumer_safety__fed_cpsc_neiss_case_number
    Passed [  0.23s] test  not_null_ref__dim_geography_fips_code
    Passed [  0.22s] test  not_null_ref__dim_geography_state_fips
    Passed [  0.35s] test  unique_ref__dim_geography_fips_code
    Passed [  0.26s] test  not_null_economics__fed_bls_qcew_industry_code
    Passed [  0.24s] test  not_null_economics__fed_bls_qcew_size_code
    Passed [  0.23s] test  not_null_economics__fed_bls_qcew_disclosure_code
    Passed [  0.28s] test  not_null_economics__fed_bls_qcew_area_fips
    Passed [  0.86s] test  dbt_utils_unique_combination_of_columns_economics__fed_bls_qcew_area_fips__industry_code__ownership_code__year__quarter
    Passed [  0.23s] test  not_null_economics__fed_bls_qcew_state_fips
    Passed [  0.25s] test  not_null_economics__fed_bls_qcew_ownership_code
    Passed [  0.14s] test  not_null_economics__fed_bls_qcew_aggregation_level_code
    Passed [  0.46s] test  not_null_labor__fed_msha_mines_mine_id
    Passed [  0.33s] test  unique_labor__fed_msha_mines_mine_id
 Succeeded [ 39.27s] model ENVIRONMENT.environment__fed_epa_frs_facilities (table)
    Passed [  0.45s] test  not_null_economics__fed_usaspending_contracts_full_awarding_agency_code
    Passed [  0.58s] test  not_null_economics__fed_usaspending_contracts_full_place_of_manufacture_code
    Passed [  0.21s] test  not_null_economics__fed_usaspending_contracts_full_extent_competed_code
    Passed [  0.48s] test  not_null_economics__fed_usaspending_contracts_full_prime_award_transaction_recipient_state_fips_code
    Passed [  0.41s] test  not_null_economics__fed_usaspending_contracts_full_domestic_or_foreign_entity_code
    Passed [  0.22s] test  not_null_economics__fed_usaspending_contracts_full_labor_standards_code
    Passed [  0.27s] test  not_null_economics__fed_usaspending_contracts_full_fed_biz_opps_code
    Passed [  0.49s] test  not_null_economics__fed_usaspending_contracts_full_other_than_full_and_open_competition_code
    Passed [  0.22s] test  not_null_economics__fed_usaspending_contracts_full_funding_office_code
    Passed [  3.94s] test  assert_no_epoch_or_pivot_dates
    Passed [  0.49s] test  not_null_economics__fed_usaspending_contracts_full_recipient_state_code
    Passed [  0.24s] test  not_null_economics__fed_usaspending_contracts_full_awarding_office_code
    Passed [  0.23s] test  not_null_economics__fed_usaspending_contracts_full_a76_fair_act_action_code
    Passed [  0.22s] test  not_null_economics__fed_usaspending_contracts_full_funding_agency_code
    Passed [  1.03s] test  not_null_economics__fed_usaspending_contracts_full_award_type_code
    Passed [  0.33s] test  not_null_economics__fed_usaspending_contracts_full_information_technology_commercial_item_category_code
    Passed [  0.24s] test  not_null_economics__fed_usaspending_contracts_full_naics_code
    Passed [  3.00s] test  unique_economics__fed_usaspending_contracts_full_contract_transaction_unique_key
    Passed [  0.24s] test  not_null_economics__fed_usaspending_contracts_full_clinger_cohen_act_planning_code
    Passed [  0.29s] test  not_null_economics__fed_usaspending_contracts_full_interagency_contracting_authority_code
    Passed [  0.24s] test  not_null_economics__fed_usaspending_contracts_full_primary_place_of_performance_state_code
    Passed [  0.23s] test  not_null_economics__fed_usaspending_contracts_full_recipient_phone_number
    Passed [  0.22s] test  not_null_economics__fed_usaspending_contracts_full_simplified_procedures_for_certain_commercial_items_code
    Passed [  0.36s] test  not_null_economics__fed_usaspending_contracts_full_type_of_idc_code
    Passed [  0.33s] test  not_null_economics__fed_usaspending_contracts_full_national_interest_action_code
    Passed [  0.37s] test  not_null_economics__fed_usaspending_contracts_full_contract_transaction_unique_key
    Passed [  0.25s] test  not_null_economics__fed_usaspending_contracts_full_evaluated_preference_code
    Passed [  0.44s] test  not_null_economics__fed_usaspending_contracts_full_subcontracting_plan_code
    Passed [  0.25s] test  not_null_economics__fed_usaspending_contracts_full_sea_transportation_code
    Passed [  0.23s] test  not_null_economics__fed_usaspending_contracts_full_recovered_materials_sustainability_code
    Passed [  0.24s] test  not_null_economics__fed_usaspending_contracts_full_parent_award_single_or_multiple_code
    Passed [  0.23s] test  not_null_economics__fed_usaspending_contracts_full_research_code
    Passed [  0.39s] test  not_null_economics__fed_usaspending_contracts_full_dod_claimant_program_code
    Passed [  0.36s] test  not_null_economics__fed_usaspending_contracts_full_cage_code
    Passed [  0.24s] test  not_null_economics__fed_usaspending_contracts_full_awarding_sub_agency_code
    Passed [  0.28s] test  not_null_economics__fed_usaspending_contracts_full_type_of_contract_pricing_code
    Passed [  0.23s] test  not_null_economics__fed_usaspending_contracts_full_solicitation_procedures_code
    Passed [  0.24s] test  not_null_economics__fed_usaspending_contracts_full_undefinitized_action_code
    Passed [  0.22s] test  not_null_economics__fed_usaspending_contracts_full_contract_bundling_code
    Passed [  0.30s] test  not_null_economics__fed_usaspending_contracts_full_multiple_or_single_award_idv_code
    Passed [  0.23s] test  not_null_economics__fed_usaspending_contracts_full_commercial_item_acquisition_procedures_code
    Passed [  0.23s] test  not_null_economics__fed_usaspending_contracts_full_modification_number
    Passed [  0.26s] test  not_null_economics__fed_usaspending_contracts_full_funding_sub_agency_code
    Passed [  0.22s] test  not_null_economics__fed_usaspending_contracts_full_multi_year_contract_code
    Passed [  0.23s] test  not_null_economics__fed_usaspending_contracts_full_transaction_number
    Passed [  0.31s] test  not_null_economics__fed_usaspending_contracts_full_consolidated_contract_code
    Passed [  0.28s] test  not_null_economics__fed_usaspending_contracts_full_purchase_card_as_payment_method_code
    Passed [  0.24s] test  not_null_economics__fed_usaspending_contracts_full_parent_award_type_code
    Passed [  0.23s] test  not_null_economics__fed_usaspending_contracts_full_government_furnished_property_code
    Passed [  0.23s] test  not_null_economics__fed_usaspending_contracts_full_dod_acquisition_program_code
    Passed [  0.25s] test  not_null_economics__fed_usaspending_contracts_full_idv_type_code
    Passed [  0.28s] test  not_null_economics__fed_usaspending_contracts_full_local_area_set_aside_code
    Passed [  0.55s] test  not_null_economics__fed_usaspending_contracts_full_epa_designated_product_code
 Succeeded [ 31.14s] model REVIEW.lead_queue (table)
    Passed [  0.23s] test  not_null_economics__fed_usaspending_contracts_full_action_type_code
    Passed [  0.23s] test  not_null_economics__fed_usaspending_contracts_full_contract_financing_code
    Passed [  0.23s] test  not_null_economics__fed_usaspending_contracts_full_product_or_service_code
    Passed [  0.38s] test  not_null_economics__fed_usaspending_contracts_full_type_of_set_aside_code
    Passed [  0.35s] test  not_null_economics__fed_usaspending_contracts_full_recipient_zip_4_code
    Passed [  0.23s] test  not_null_economics__fed_usaspending_contracts_full_fair_opportunity_limited_sources_code
    Passed [  0.23s] test  not_null_economics__fed_usaspending_contracts_full_prime_award_transaction_place_of_performance_state_fips_code
    Passed [  0.23s] test  not_null_economics__fed_usaspending_contracts_full_contracting_officers_determination_of_business_size_code
    Passed [  0.24s] test  not_null_economics__fed_usaspending_contracts_full_parent_award_modification_number
    Passed [  0.23s] test  not_null_economics__fed_usaspending_contracts_full_recipient_fax_number
    Passed [  0.54s] test  not_null_economics__fed_usaspending_contracts_full_performance_based_service_acquisition_code
    Passed [  0.24s] test  not_null_economics__fed_usaspending_contracts_full_parent_award_agency_id
    Passed [  0.24s] test  not_null_economics__fed_usaspending_contracts_full_materials_supplies_articles_equipment_code
    Passed [  0.20s] test  not_null_economics__fed_sba_loans_naics_code
    Passed [  0.25s] test  not_null_money__debt_repayment_cliff_country_year_id
    Passed [  0.27s] test  unique_money__debt_repayment_cliff_country_year_id
    Passed [  0.23s] test  not_null_economics__fed_sba_ppp_loan_number
    Passed [  0.28s] test  not_null_economics__fed_usaspending_assistance_full_prime_award_transaction_place_of_performance_county_fips_code
    Passed [  0.28s] test  not_null_economics__fed_usaspending_assistance_full_prime_award_transaction_recipient_state_fips_code
    Passed [  0.39s] test  unique_economics__fed_sba_ppp_loan_number
    Passed [  0.30s] test  not_null_economics__fed_usaspending_assistance_full_primary_place_of_performance_country_code
    Passed [  0.34s] test  not_null_economics__fed_usaspending_assistance_full_prime_award_transaction_recipient_county_fips_code
    Passed [  0.34s] test  not_null_economics__fed_usaspending_assistance_full_funding_agency_code
    Passed [  0.15s] test  not_null_economics__fed_usaspending_assistance_full_cfda_number
    Passed [  0.17s] test  not_null_economics__fed_usaspending_assistance_full_recipient_state_code
    Passed [  0.28s] test  not_null_economics__fed_usaspending_assistance_full_modification_number
    Passed [  0.15s] test  not_null_economics__fed_usaspending_assistance_full_correction_delete_indicator_code
    Passed [  0.16s] test  not_null_economics__fed_usaspending_assistance_full_recipient_zip_last_4_code
    Passed [  0.35s] test  not_null_economics__fed_usaspending_assistance_full_record_type_code
    Passed [  0.32s] test  not_null_economics__fed_usaspending_assistance_full_recipient_zip_code
    Passed [  0.15s] test  not_null_economics__fed_usaspending_assistance_full_funding_office_code
    Passed [  0.16s] test  not_null_economics__fed_usaspending_assistance_full_awarding_agency_code
    Passed [  0.17s] test  not_null_economics__fed_usaspending_assistance_full_action_type_code
    Passed [  0.33s] test  not_null_economics__fed_usaspending_assistance_full_funding_opportunity_number
    Passed [  0.16s] test  not_null_economics__fed_usaspending_assistance_full_awarding_office_code
    Passed [  0.26s] test  not_null_economics__fed_usaspending_assistance_full_business_types_code
    Passed [  0.18s] test  not_null_economics__fed_usaspending_assistance_full_recipient_city_code
    Passed [  0.16s] test  not_null_economics__fed_usaspending_assistance_full_sai_number
    Passed [  0.19s] test  not_null_economics__fed_usaspending_assistance_full_primary_place_of_performance_code
    Passed [  0.38s] test  not_null_economics__fed_usaspending_assistance_full_recipient_country_code
    Passed [  0.17s] test  not_null_economics__fed_usaspending_assistance_full_awarding_sub_agency_code
    Passed [  0.38s] test  not_null_economics__fed_usaspending_assistance_full_funding_sub_agency_code
    Passed [  0.20s] test  not_null_economics__fed_usaspending_assistance_full_business_funds_indicator_code
    Passed [  0.18s] test  not_null_economics__fed_usaspending_assistance_full_prime_award_transaction_place_of_performance_state_fips_code
    Passed [  0.16s] test  not_null_economics__fed_usaspending_assistance_full_recipient_foreign_postal_code
    Passed [  0.22s] test  not_null_economics__fed_usaspending_assistance_full_assistance_type_code
    Passed [  0.27s] test  not_null_environment__fed_epa_echo_frs_id
    Passed [  0.25s] test  not_null_environment__fed_epa_echo_fips_code
    Passed [  1.98s] test  unique_economics__fed_usaspending_assistance_full_assistance_transaction_unique_key
    Passed [  0.48s] test  dbt_utils_unique_combination_of_columns_economics__intl_gleif_relationships_relationship_startnode_nodeid__relationship_startnode_nodeidtype__relationship_endnode_nodeid__relationship_endnode_nodeidtype__relationship_relationshiptype
    Passed [  0.64s] test  unique_environment__fed_epa_echo_frs_id
    Passed [  0.23s] test  not_null_health__fed_cms_partd_prescribers_prescriber_state_fips
    Passed [  0.23s] test  not_null_health__fed_cms_partd_prescribers_npi
    Passed [  0.50s] test  not_null_economics__intl_gleif_relationships_relationship_startnode_nodeid
    Passed [  0.26s] test  not_null_economics__intl_gleif_lei
    Passed [  0.28s] test  not_null_economics__intl_gleif_entity_legalentityevents_legalentityevent_2_group_id
    Passed [  0.29s] test  not_null_economics__intl_gleif_entity_legalentityevents_legalentityevent_4_group_id
    Passed [  0.29s] test  not_null_economics__intl_gleif_entity_legalentityevents_legalentityevent_1_group_id
    Passed [  0.12s] test  not_null_economics__intl_gleif_entity_legalentityevents_legalentityevent_3_group_id
    Passed [  0.27s] test  not_null_economics__intl_gleif_entity_legalentityevents_legalentityevent_5_group_id
    Passed [  0.24s] test  not_null_environment__fed_epa_frs_facilities_registry_id
    Passed [  0.81s] test  unique_economics__intl_gleif_lei
    Passed [  0.83s] test  unique_environment__fed_epa_frs_facilities_registry_id
    Passed [  2.45s] test  dbt_utils_unique_combination_of_columns_health__fed_cms_partd_prescribers_npi__generic_name__brand_name
    Passed [  0.80s] test  assert_lead_queue_reconciles
    Passed [  0.67s] test  assert_no_mojibake
    Passed [  0.23s] test  not_null_lead_queue_headline
    Passed [  0.28s] test  not_null_lead_queue_review_state
    Passed [  0.28s] test  not_null_lead_queue_confidence_tier
    Passed [  2.16s] test  assert_ripple_time_standard
    Passed [  0.13s] test  not_null_lead_queue_priority_rank
    Passed [  0.23s] test  accepted_values_lead_queue_review_state__pending__needs_work
    Passed [  0.25s] test  not_null_lead_queue_receipt_verdict
    Passed [  0.13s] test  not_null_lead_queue_evidence_sql
    Passed [  0.13s] test  not_null_lead_queue_first_name_conflict
    Passed [  0.24s] test  not_null_lead_queue_entity_a_key_type
    Passed [  0.14s] test  accepted_values_lead_queue_confidence_tier__FACT_GRADE_3_SOURCE__TWO_SOURCE__NPPES_CONFLICT__LEIE_ROW_MISSING__HARD_ID_ONLY
    Passed [  0.14s] test  dbt_utils_expression_is_true_lead_queue_headline__NOT_LIKE_None_
    Passed [  0.26s] test  not_null_lead_queue_lead_id
    Passed [  0.28s] test  dbt_utils_expression_is_true_lead_queue_headline__NOT_LIKE_NULL_
    Passed [  0.21s] test  accepted_values_lead_queue_receipt_verdict__PAID_ON_OR_AFTER_EXCLUSION__PAYMENTS_PREDATE_EXCLUSION__TIMELINE_UNKNOWN__NOT_EVALUATED
    Passed [  0.34s] test  not_null_lead_queue_entity_a_key_value
    Passed [  0.22s] test  unique_lead_queue_priority_rank
    Passed [  0.19s] test  unique_lead_queue_lead_id
    Passed [  0.14s] test  not_null_lead_queue_detector
    Passed [  0.14s] test  dbt_utils_expression_is_true_lead_queue_headline__NOT_LIKE_
    Passed [  0.16s] test  not_null_lead_queue_priority_score
    Passed [  0.16s] test  accepted_values_lead_queue_detector__banned_but_paid__excluded_but_billing__banned_but_operating__debarred_but_funded__sanctioned_vessel_broadcasting__sanctioned_vessel_broadcasting_v2__sec_filer_in_irs_bmf__osha_cohort_outlier_2024
 Succeeded [  4m36s] model HEALTH.health__fed_dea_arcos (table)
    Passed [  0.32s] test  not_null_health__fed_dea_arcos_transaction_id
    Passed [  0.32s] test  not_null_health__fed_dea_arcos_transaction_code
    Passed [  0.44s] test  not_null_health__fed_dea_arcos_drug_code

====================== Test Failures =======================
Test failed (4 failed row(s)): not_null_justice__intl_hudoc_country
Test failed (57 failed row(s)): not_null_justice__intl_hudoc_appno
Test failed (2334 failed row(s)): not_null_justice__intl_hudoc_ecli

=================== Errors and Warnings ====================
[error] [JinjaError (dbt1501)]: Error executing materialization macro 'dbt_snowflake.materialization_table_snowflake' for model model.ripple.politics__fed_doj_epstein_library: Failed to eval the compiled Jinja expression invalid operation: Compilation Error for model.ripple.politics__fed_doj_epstein_library from models/marts/politics/politics__fed_doj_epstein_library.sql: BLOCKED: politics__fed_doj_epstein_library is a dbt MIRROR of a Python-built canonical POLITICS table (STANDING POLICY no_selectorless_dbt_build, build-state.md). Running dbt build/run against it would silently overwrite audited, OpenFEC/GovTrack-reconciled numbers with dbt's own untested SQL -- no error, no warning, just different numbers. `dbt test` is unaffected by this guard and still runs normally. To deliberately rebuild this one model on purpose, pass --vars '{"allow_politics_rebuild": true}' and be sure that's really what you mean to do.
(in run\ripple\models/marts/politics\politics__fed_doj_epstein_library.sql)
(in dbt_internal_packages\dbt-snowflake\macros\materializations\table.sql:21:3)
(in dbt_internal_packages\dbt-adapters\macros\materializations\hooks.sql:9:23)
(in dbt_internal_packages\dbt-adapters\macros\materializations\hooks.sql:2:1)
(in macros\guard_politics_mirror.sql:46:1)
  --> run\ripple\models/marts/politics\politics__fed_doj_epstein_library.sql
[error] [JinjaError (dbt1501)]: Error executing materialization macro 'dbt_snowflake.materialization_table_snowflake' for model model.ripple.politics__member_voting_record: Failed to eval the compiled Jinja expression invalid operation: Compilation Error for model.ripple.politics__member_voting_record from models/marts/politics/politics__member_voting_record.sql: BLOCKED: politics__member_voting_record is a dbt MIRROR of a Python-built canonical POLITICS table (STANDING POLICY no_selectorless_dbt_build, build-state.md). Running dbt build/run against it would silently overwrite audited, OpenFEC/GovTrack-reconciled numbers with dbt's own untested SQL -- no error, no warning, just different numbers. `dbt test` is unaffected by this guard and still runs normally. To deliberately rebuild this one model on purpose, pass --vars '{"allow_politics_rebuild": true}' and be sure that's really what you mean to do.
(in run\ripple\models/marts/politics\politics__member_voting_record.sql)
(in dbt_internal_packages\dbt-snowflake\macros\materializations\table.sql:21:3)
(in dbt_internal_packages\dbt-adapters\macros\materializations\hooks.sql:9:23)
(in dbt_internal_packages\dbt-adapters\macros\materializations\hooks.sql:2:1)
(in macros\guard_politics_mirror.sql:46:1)
  --> run\ripple\models/marts/politics\politics__member_voting_record.sql

==================== Execution Summary =====================
Finished 'build' with 3 warnings and 5 errors for target 'dev' [5m 48s]
Processed: 28 models | 196 tests
Summary: 224 total | 209 success | 3 warn | 5 error | 7 skipped
