
=== FED_FDA_GUDID (openFDA GUDID (Global Unique Device Identification Database)) === split-load: 51 source file(s), chunk=2000 records/part
    [1/51] downloading https://download.open.fda.gov/device/udi/device-udi-0001-of-0051.json.zip
        -> 50 chunk(s) so far, 100,000 record(s)
    [2/51] downloading https://download.open.fda.gov/device/udi/device-udi-0002-of-0051.json.zip
        -> 100 chunk(s) so far, 200,000 record(s)
    [3/51] downloading https://download.open.fda.gov/device/udi/device-udi-0003-of-0051.json.zip
        -> 150 chunk(s) so far, 300,000 record(s)
    [4/51] downloading https://download.open.fda.gov/device/udi/device-udi-0004-of-0051.json.zip
        -> 200 chunk(s) so far, 400,000 record(s)
    [5/51] downloading https://download.open.fda.gov/device/udi/device-udi-0005-of-0051.json.zip
        -> 250 chunk(s) so far, 500,000 record(s)
    [6/51] downloading https://download.open.fda.gov/device/udi/device-udi-0006-of-0051.json.zip
        -> 300 chunk(s) so far, 600,000 record(s)
    [7/51] downloading https://download.open.fda.gov/device/udi/device-udi-0007-of-0051.json.zip
        -> 350 chunk(s) so far, 700,000 record(s)
    [8/51] downloading https://download.open.fda.gov/device/udi/device-udi-0008-of-0051.json.zip
        -> 400 chunk(s) so far, 800,000 record(s)
    [9/51] downloading https://download.open.fda.gov/device/udi/device-udi-0009-of-0051.json.zip
        -> 450 chunk(s) so far, 900,000 record(s)
    [10/51] downloading https://download.open.fda.gov/device/udi/device-udi-0010-of-0051.json.zip
        -> 500 chunk(s) so far, 1,000,000 record(s)
    [11/51] downloading https://download.open.fda.gov/device/udi/device-udi-0011-of-0051.json.zip
        -> 550 chunk(s) so far, 1,100,000 record(s)
    [12/51] downloading https://download.open.fda.gov/device/udi/device-udi-0012-of-0051.json.zip
        -> 600 chunk(s) so far, 1,200,000 record(s)
    [13/51] downloading https://download.open.fda.gov/device/udi/device-udi-0013-of-0051.json.zip
        -> 650 chunk(s) so far, 1,300,000 record(s)
    [14/51] downloading https://download.open.fda.gov/device/udi/device-udi-0014-of-0051.json.zip
        -> 700 chunk(s) so far, 1,400,000 record(s)
    [15/51] downloading https://download.open.fda.gov/device/udi/device-udi-0015-of-0051.json.zip
        -> 750 chunk(s) so far, 1,500,000 record(s)
    [16/51] downloading https://download.open.fda.gov/device/udi/device-udi-0016-of-0051.json.zip
        -> 800 chunk(s) so far, 1,600,000 record(s)
    [17/51] downloading https://download.open.fda.gov/device/udi/device-udi-0017-of-0051.json.zip
        -> 850 chunk(s) so far, 1,700,000 record(s)
    [18/51] downloading https://download.open.fda.gov/device/udi/device-udi-0018-of-0051.json.zip
        -> 900 chunk(s) so far, 1,800,000 record(s)
    [19/51] downloading https://download.open.fda.gov/device/udi/device-udi-0019-of-0051.json.zip
        -> 950 chunk(s) so far, 1,900,000 record(s)
    [20/51] downloading https://download.open.fda.gov/device/udi/device-udi-0020-of-0051.json.zip
        -> 1000 chunk(s) so far, 2,000,000 record(s)
    [21/51] downloading https://download.open.fda.gov/device/udi/device-udi-0021-of-0051.json.zip
        -> 1050 chunk(s) so far, 2,100,000 record(s)
    [22/51] downloading https://download.open.fda.gov/device/udi/device-udi-0022-of-0051.json.zip
        -> 1100 chunk(s) so far, 2,200,000 record(s)
    [23/51] downloading https://download.open.fda.gov/device/udi/device-udi-0023-of-0051.json.zip
        -> 1150 chunk(s) so far, 2,300,000 record(s)
    [24/51] downloading https://download.open.fda.gov/device/udi/device-udi-0024-of-0051.json.zip
        -> 1200 chunk(s) so far, 2,400,000 record(s)
    [25/51] downloading https://download.open.fda.gov/device/udi/device-udi-0025-of-0051.json.zip
        -> 1250 chunk(s) so far, 2,500,000 record(s)
    [26/51] downloading https://download.open.fda.gov/device/udi/device-udi-0026-of-0051.json.zip
        -> 1300 chunk(s) so far, 2,600,000 record(s)
    [27/51] downloading https://download.open.fda.gov/device/udi/device-udi-0027-of-0051.json.zip
        -> 1350 chunk(s) so far, 2,700,000 record(s)
    [28/51] downloading https://download.open.fda.gov/device/udi/device-udi-0028-of-0051.json.zip
        -> 1400 chunk(s) so far, 2,800,000 record(s)
    [29/51] downloading https://download.open.fda.gov/device/udi/device-udi-0029-of-0051.json.zip
        -> 1450 chunk(s) so far, 2,900,000 record(s)
    [30/51] downloading https://download.open.fda.gov/device/udi/device-udi-0030-of-0051.json.zip
        -> 1500 chunk(s) so far, 3,000,000 record(s)
    [31/51] downloading https://download.open.fda.gov/device/udi/device-udi-0031-of-0051.json.zip
        -> 1550 chunk(s) so far, 3,100,000 record(s)
    [32/51] downloading https://download.open.fda.gov/device/udi/device-udi-0032-of-0051.json.zip
        -> 1600 chunk(s) so far, 3,200,000 record(s)
    [33/51] downloading https://download.open.fda.gov/device/udi/device-udi-0033-of-0051.json.zip
        -> 1650 chunk(s) so far, 3,300,000 record(s)
    [34/51] downloading https://download.open.fda.gov/device/udi/device-udi-0034-of-0051.json.zip
        -> 1700 chunk(s) so far, 3,400,000 record(s)
    [35/51] downloading https://download.open.fda.gov/device/udi/device-udi-0035-of-0051.json.zip
        -> 1750 chunk(s) so far, 3,500,000 record(s)
    [36/51] downloading https://download.open.fda.gov/device/udi/device-udi-0036-of-0051.json.zip
        -> 1800 chunk(s) so far, 3,600,000 record(s)
    [37/51] downloading https://download.open.fda.gov/device/udi/device-udi-0037-of-0051.json.zip
        -> 1850 chunk(s) so far, 3,700,000 record(s)
    [38/51] downloading https://download.open.fda.gov/device/udi/device-udi-0038-of-0051.json.zip
        -> 1900 chunk(s) so far, 3,800,000 record(s)
    [39/51] downloading https://download.open.fda.gov/device/udi/device-udi-0039-of-0051.json.zip
        -> 1950 chunk(s) so far, 3,900,000 record(s)
    [40/51] downloading https://download.open.fda.gov/device/udi/device-udi-0040-of-0051.json.zip
        -> 2000 chunk(s) so far, 4,000,000 record(s)
    [41/51] downloading https://download.open.fda.gov/device/udi/device-udi-0041-of-0051.json.zip
        -> 2050 chunk(s) so far, 4,100,000 record(s)
    [42/51] downloading https://download.open.fda.gov/device/udi/device-udi-0042-of-0051.json.zip
        -> 2100 chunk(s) so far, 4,200,000 record(s)
    [43/51] downloading https://download.open.fda.gov/device/udi/device-udi-0043-of-0051.json.zip
        -> 2150 chunk(s) so far, 4,300,000 record(s)
    [44/51] downloading https://download.open.fda.gov/device/udi/device-udi-0044-of-0051.json.zip
        -> 2200 chunk(s) so far, 4,400,000 record(s)
    [45/51] downloading https://download.open.fda.gov/device/udi/device-udi-0045-of-0051.json.zip
        -> 2250 chunk(s) so far, 4,500,000 record(s)
    [46/51] downloading https://download.open.fda.gov/device/udi/device-udi-0046-of-0051.json.zip
        -> 2300 chunk(s) so far, 4,600,000 record(s)
    [47/51] downloading https://download.open.fda.gov/device/udi/device-udi-0047-of-0051.json.zip
        -> 2350 chunk(s) so far, 4,700,000 record(s)
    [48/51] downloading https://download.open.fda.gov/device/udi/device-udi-0048-of-0051.json.zip
        -> 2400 chunk(s) so far, 4,800,000 record(s)
    [49/51] downloading https://download.open.fda.gov/device/udi/device-udi-0049-of-0051.json.zip
        -> 2450 chunk(s) so far, 4,900,000 record(s)
    [50/51] downloading https://download.open.fda.gov/device/udi/device-udi-0050-of-0051.json.zip
        -> 2500 chunk(s) so far, 5,000,000 record(s)
    [51/51] downloading https://download.open.fda.gov/device/udi/device-udi-0051-of-0051.json.zip
        -> 2542 chunk(s) so far, 5,083,948 record(s)
        COPY progress: 20/2542 parts, 20 rows
        COPY progress: 40/2542 parts, 40 rows
        COPY progress: 60/2542 parts, 60 rows
        COPY progress: 80/2542 parts, 80 rows
        COPY progress: 100/2542 parts, 100 rows
        COPY progress: 120/2542 parts, 120 rows
        COPY progress: 140/2542 parts, 140 rows
        COPY progress: 160/2542 parts, 160 rows
        COPY progress: 180/2542 parts, 180 rows
        COPY progress: 200/2542 parts, 200 rows
        COPY progress: 220/2542 parts, 220 rows
        COPY progress: 240/2542 parts, 240 rows
        COPY progress: 260/2542 parts, 260 rows
        COPY progress: 280/2542 parts, 280 rows
        COPY progress: 300/2542 parts, 300 rows
        COPY progress: 320/2542 parts, 320 rows
        COPY progress: 340/2542 parts, 340 rows
        COPY progress: 360/2542 parts, 360 rows
        COPY progress: 380/2542 parts, 380 rows
        COPY progress: 400/2542 parts, 400 rows
        COPY progress: 420/2542 parts, 420 rows
        COPY progress: 440/2542 parts, 440 rows
        COPY progress: 460/2542 parts, 460 rows
        COPY progress: 480/2542 parts, 480 rows
        COPY progress: 500/2542 parts, 500 rows
        COPY progress: 520/2542 parts, 520 rows
        COPY progress: 540/2542 parts, 540 rows
        COPY progress: 560/2542 parts, 560 rows
        COPY progress: 580/2542 parts, 580 rows
        COPY progress: 600/2542 parts, 600 rows
        COPY progress: 620/2542 parts, 620 rows
        COPY progress: 640/2542 parts, 640 rows
        COPY progress: 660/2542 parts, 660 rows
        COPY progress: 680/2542 parts, 680 rows
        COPY progress: 700/2542 parts, 700 rows
        COPY progress: 720/2542 parts, 720 rows
        COPY progress: 740/2542 parts, 740 rows
        COPY progress: 760/2542 parts, 760 rows
        COPY progress: 780/2542 parts, 780 rows
        COPY progress: 800/2542 parts, 800 rows
        COPY progress: 820/2542 parts, 820 rows
        COPY progress: 840/2542 parts, 840 rows
        COPY progress: 860/2542 parts, 860 rows
        COPY progress: 880/2542 parts, 880 rows
        COPY progress: 900/2542 parts, 900 rows
        COPY progress: 920/2542 parts, 920 rows
        COPY progress: 940/2542 parts, 940 rows
        COPY progress: 960/2542 parts, 960 rows
        COPY progress: 980/2542 parts, 980 rows
        COPY progress: 1000/2542 parts, 1,000 rows
        COPY progress: 1020/2542 parts, 1,020 rows
        COPY progress: 1040/2542 parts, 1,040 rows
        COPY progress: 1060/2542 parts, 1,060 rows
        COPY progress: 1080/2542 parts, 1,080 rows
        COPY progress: 1100/2542 parts, 1,100 rows
        COPY progress: 1120/2542 parts, 1,120 rows
        COPY progress: 1140/2542 parts, 1,140 rows
        COPY progress: 1160/2542 parts, 1,160 rows
        COPY progress: 1180/2542 parts, 1,180 rows
        COPY progress: 1200/2542 parts, 1,200 rows
        COPY progress: 1220/2542 parts, 1,220 rows
        COPY progress: 1240/2542 parts, 1,240 rows
        COPY progress: 1260/2542 parts, 1,260 rows
        COPY progress: 1280/2542 parts, 1,280 rows
        COPY progress: 1300/2542 parts, 1,300 rows
        COPY progress: 1320/2542 parts, 1,320 rows
        COPY progress: 1340/2542 parts, 1,340 rows
        COPY progress: 1360/2542 parts, 1,360 rows
        COPY progress: 1380/2542 parts, 1,380 rows
        COPY progress: 1400/2542 parts, 1,400 rows
        COPY progress: 1420/2542 parts, 1,420 rows
        COPY progress: 1440/2542 parts, 1,440 rows
        COPY progress: 1460/2542 parts, 1,460 rows
        COPY progress: 1480/2542 parts, 1,480 rows
        COPY progress: 1500/2542 parts, 1,500 rows
        COPY progress: 1520/2542 parts, 1,520 rows
        COPY progress: 1540/2542 parts, 1,540 rows
        COPY progress: 1560/2542 parts, 1,560 rows
        COPY progress: 1580/2542 parts, 1,580 rows
        COPY progress: 1600/2542 parts, 1,600 rows
        COPY progress: 1620/2542 parts, 1,620 rows
        COPY progress: 1640/2542 parts, 1,640 rows
        COPY progress: 1660/2542 parts, 1,660 rows
        COPY progress: 1680/2542 parts, 1,680 rows
        COPY progress: 1700/2542 parts, 1,700 rows
        COPY progress: 1720/2542 parts, 1,720 rows
        COPY progress: 1740/2542 parts, 1,740 rows
        COPY progress: 1760/2542 parts, 1,760 rows
        COPY progress: 1780/2542 parts, 1,780 rows
        COPY progress: 1800/2542 parts, 1,800 rows
        COPY progress: 1820/2542 parts, 1,820 rows
        COPY progress: 1840/2542 parts, 1,840 rows
        COPY progress: 1860/2542 parts, 1,860 rows
        COPY progress: 1880/2542 parts, 1,880 rows
        COPY progress: 1900/2542 parts, 1,900 rows
        COPY progress: 1920/2542 parts, 1,920 rows
        COPY progress: 1940/2542 parts, 1,940 rows
        COPY progress: 1960/2542 parts, 1,960 rows
        COPY progress: 1980/2542 parts, 1,980 rows
        COPY progress: 2000/2542 parts, 2,000 rows
        COPY progress: 2020/2542 parts, 2,020 rows
        COPY progress: 2040/2542 parts, 2,040 rows
        COPY progress: 2060/2542 parts, 2,060 rows
        COPY progress: 2080/2542 parts, 2,080 rows
        COPY progress: 2100/2542 parts, 2,100 rows
        COPY progress: 2120/2542 parts, 2,120 rows
        COPY progress: 2140/2542 parts, 2,140 rows
        COPY progress: 2160/2542 parts, 2,160 rows
        COPY progress: 2180/2542 parts, 2,180 rows
        COPY progress: 2200/2542 parts, 2,200 rows
        COPY progress: 2220/2542 parts, 2,220 rows
        COPY progress: 2240/2542 parts, 2,240 rows
        COPY progress: 2260/2542 parts, 2,260 rows
        COPY progress: 2280/2542 parts, 2,280 rows
        COPY progress: 2300/2542 parts, 2,300 rows
        COPY progress: 2320/2542 parts, 2,320 rows
        COPY progress: 2340/2542 parts, 2,340 rows
        COPY progress: 2360/2542 parts, 2,360 rows
        COPY progress: 2380/2542 parts, 2,380 rows
        COPY progress: 2400/2542 parts, 2,400 rows
        COPY progress: 2420/2542 parts, 2,420 rows
        COPY progress: 2440/2542 parts, 2,440 rows
        COPY progress: 2460/2542 parts, 2,460 rows
        COPY progress: 2480/2542 parts, 2,480 rows
        COPY progress: 2500/2542 parts, 2,500 rows
        COPY progress: 2520/2542 parts, 2,520 rows
        COPY progress: 2540/2542 parts, 2,540 rows
    COPY -> staging FED_FDA_GUDID__STAGING: 2,542 VARIANT row(s) from 2542 part(s)
    LOADED 2,542 rows -> LIBRARY_RAW.LANDING.FED_FDA_GUDID; registered
{'source_id': 'FED_FDA_GUDID', 'status': 'loaded', 'rows': 2542, 'density': 1.0}
