====================================================================================================
-- S14 Prop 65 x TRI 2023 on CAS: land rate and pounds, split by TRI's own carcinogen flag (rerun of S12; total_releases is already FLOAT)
{'TRI_CARC': 'NO', 'ON_P65': 'False', 'P65_CANCER': 'False', 'P65_REPRO': 'False', 'CHEMS': '287', 'FORMS': '47084', 'LBS': '2850154488.0', 'CA_LBS': '26135433.0', 'TOP_CHEMS': '[\n  "Lead compounds",\n  "Zinc compounds",\n  "Nitrate compounds (water dissociable; reportable only when in aqueous solution)",\n  "Hydrogen sulfide",\n  "Barium compounds (except for barium sulfate (CAS No. 7727-43-7))",\n  "Manganese compounds",\n  "Ammonia",\n  "Copper compounds"\n]'}
{'TRI_CARC': 'NO', 'ON_P65': 'False', 'P65_CANCER': 'False', 'P65_REPRO': None, 'CHEMS': '287', 'FORMS': '47084', 'LBS': '2850154488.0', 'CA_LBS': '26135433.0', 'TOP_CHEMS': '[\n  "Lead compounds",\n  "Zinc compounds",\n  "Nitrate compounds (water dissociable; reportable only when in aqueous solution)",\n  "Hydrogen sulfide",\n  "Barium compounds (except for barium sulfate (CAS No. 7727-43-7))",\n  "Manganese compounds",\n  "Ammonia",\n  "Copper compounds"\n]'}
{'TRI_CARC': 'NO', 'ON_P65': 'False', 'P65_CANCER': None, 'P65_REPRO': None, 'CHEMS': '287', 'FORMS': '47084', 'LBS': '2850154488.0', 'CA_LBS': '26135433.0', 'TOP_CHEMS': '[\n  "Lead compounds",\n  "Zinc compounds",\n  "Nitrate compounds (water dissociable; reportable only when in aqueous solution)",\n  "Hydrogen sulfide",\n  "Barium compounds (except for barium sulfate (CAS No. 7727-43-7))",\n  "Manganese compounds",\n  "Ammonia",\n  "Copper compounds"\n]'}
{'TRI_CARC': 'NO', 'ON_P65': 'True', 'P65_CANCER': 'False', 'P65_REPRO': 'True', 'CHEMS': '40', 'FORMS': '8504', 'LBS': '240702306.0', 'CA_LBS': '3089080.0', 'TOP_CHEMS': '[\n  "Methanol",\n  "n-Hexane",\n  "Ethylene glycol",\n  "Toluene",\n  "N-Methyl-2-pyrrolidone",\n  "Carbon disulfide",\n  "Lithium carbonate",\n  "4,4\'-Isopropylidenediphenol"\n]'}
{'TRI_CARC': 'NO', 'ON_P65': 'True', 'P65_CANCER': 'False', 'P65_REPRO': None, 'CHEMS': '40', 'FORMS': '8504', 'LBS': '240702306.0', 'CA_LBS': '3089080.0', 'TOP_CHEMS': '[\n  "Methanol",\n  "n-Hexane",\n  "Ethylene glycol",\n  "Toluene",\n  "N-Methyl-2-pyrrolidone",\n  "Carbon disulfide",\n  "Lithium carbonate",\n  "4,4\'-Isopropylidenediphenol"\n]'}
{'TRI_CARC': 'NO', 'ON_P65': 'True', 'P65_CANCER': 'True', 'P65_REPRO': 'False', 'CHEMS': '41', 'FORMS': '793', 'LBS': '3097668.0', 'CA_LBS': '26745.0', 'TOP_CHEMS': '[\n  "Diethanolamine",\n  "2-Phenylphenol",\n  "Chloroethane",\n  "1,1,2-Trichloroethane",\n  "Benzyl chloride",\n  "Allyl chloride",\n  "1,1,1-Trichloroethane",\n  "Tetrabromobisphenol A"\n]'}
{'TRI_CARC': 'NO', 'ON_P65': 'True', 'P65_CANCER': 'True', 'P65_REPRO': 'True', 'CHEMS': '7', 'FORMS': '36', 'LBS': '183317.0', 'CA_LBS': '18997.0', 'TOP_CHEMS': '[\n  "Nitrapyrin",\n  "Vinclozolin",\n  "Carbaryl",\n  "Metham sodium",\n  "Oxadiazon",\n  "Propargite",\n  "Triphenyltin hydroxide"\n]'}
{'TRI_CARC': 'NO', 'ON_P65': 'True', 'P65_CANCER': 'True', 'P65_REPRO': None, 'CHEMS': '48', 'FORMS': '829', 'LBS': '3280984.0', 'CA_LBS': '45742.0', 'TOP_CHEMS': '[\n  "Diethanolamine",\n  "2-Phenylphenol",\n  "Chloroethane",\n  "1,1,2-Trichloroethane",\n  "Nitrapyrin",\n  "Benzyl chloride",\n  "Allyl chloride",\n  "Vinclozolin"\n]'}
{'TRI_CARC': 'NO', 'ON_P65': 'True', 'P65_CANCER': None, 'P65_REPRO': None, 'CHEMS': '88', 'FORMS': '9333', 'LBS': '243983290.0', 'CA_LBS': '3134823.0', 'TOP_CHEMS': '[\n  "Methanol",\n  "n-Hexane",\n  "Ethylene glycol",\n  "Toluene",\n  "N-Methyl-2-pyrrolidone",\n  "Carbon disulfide",\n  "Lithium carbonate",\n  "4,4\'-Isopropylidenediphenol"\n]'}
{'TRI_CARC': 'NO', 'ON_P65': None, 'P65_CANCER': None, 'P65_REPRO': None, 'CHEMS': '375', 'FORMS': '56417', 'LBS': '3094137778.0', 'CA_LBS': '29270256.0', 'TOP_CHEMS': '[\n  "Lead compounds",\n  "Zinc compounds",\n  "Nitrate compounds (water dissociable; reportable only when in aqueous solution)",\n  "Hydrogen sulfide",\n  "Barium compounds (except for barium sulfate (CAS No. 7727-43-7))",\n  "Manganese compounds",\n  "Ammonia",\n  "Copper compounds"\n]'}
{'TRI_CARC': 'YES', 'ON_P65': 'False', 'P65_CANCER': 'False', 'P65_REPRO': 'False', 'CHEMS': '32', 'FORMS': '7999', 'LBS': '174333791.0', 'CA_LBS': '2360416.0', 'TOP_CHEMS': '[\n  "Arsenic compounds",\n  "Nickel compounds",\n  "Lead",\n  "Cadmium compounds",\n  "Polychlorinated biphenyls",\n  "Cobalt compounds",\n  "Arsenic",\n  "Polycyclic aromatic compounds"\n]'}
{'TRI_CARC': 'YES', 'ON_P65': 'False', 'P65_CANCER': 'False', 'P65_REPRO': None, 'CHEMS': '32', 'FORMS': '7999', 'LBS': '174333791.0', 'CA_LBS': '2360416.0', 'TOP_CHEMS': '[\n  "Arsenic compounds",\n  "Nickel compounds",\n  "Lead",\n  "Cadmium compounds",\n  "Polychlorinated biphenyls",\n  "Cobalt compounds",\n  "Arsenic",\n  "Polycyclic aromatic compounds"\n]'}
{'TRI_CARC': 'YES', 'ON_P65': 'False', 'P65_CANCER': None, 'P65_REPRO': None, 'CHEMS': '32', 'FORMS': '7999', 'LBS': '174333791.0', 'CA_LBS': '2360416.0', 'TOP_CHEMS': '[\n  "Arsenic compounds",\n  "Nickel compounds",\n  "Lead",\n  "Cadmium compounds",\n  "Polychlorinated biphenyls",\n  "Cobalt compounds",\n  "Arsenic",\n  "Polycyclic aromatic compounds"\n]'}
{'TRI_CARC': 'YES', 'ON_P65': 'True', 'P65_CANCER': 'True', 'P65_REPRO': 'False', 'CHEMS': '115', 'FORMS': '10831', 'LBS': '113754223.0', 'CA_LBS': '5163695.0', 'TOP_CHEMS': '[\n  "Styrene",\n  "Asbestos (friable)",\n  "Formaldehyde",\n  "Acetaldehyde",\n  "Acrylonitrile",\n  "Nickel",\n  "Ethylbenzene",\n  "N,N-Dimethylformamide"\n]'}
{'TRI_CARC': 'YES', 'ON_P65': 'True', 'P65_CANCER': 'True', 'P65_REPRO': 'True', 'CHEMS': '21', 'FORMS': '2630', 'LBS': '19691806.0', 'CA_LBS': '91628.0', 'TOP_CHEMS': '[\n  "Benzene",\n  "Acrylamide",\n  "Methyl isobutyl ketone",\n  "1,3-Butadiene",\n  "1-Bromopropane",\n  "Trichloroethylene",\n  "Chloroform",\n  "Nitrobenzene"\n]'}
{'TRI_CARC': 'YES', 'ON_P65': 'True', 'P65_CANCER': 'True', 'P65_REPRO': None, 'CHEMS': '136', 'FORMS': '13461', 'LBS': '133446029.0', 'CA_LBS': '5255323.0', 'TOP_CHEMS': '[\n  "Styrene",\n  "Asbestos (friable)",\n  "Formaldehyde",\n  "Acetaldehyde",\n  "Benzene",\n  "Acrylonitrile",\n  "Nickel",\n  "Acrylamide"\n]'}
{'TRI_CARC': 'YES', 'ON_P65': 'True', 'P65_CANCER': None, 'P65_REPRO': None, 'CHEMS': '136', 'FORMS': '13461', 'LBS': '133446029.0', 'CA_LBS': '5255323.0', 'TOP_CHEMS': '[\n  "Styrene",\n  "Asbestos (friable)",\n  "Formaldehyde",\n  "Acetaldehyde",\n  "Benzene",\n  "Acrylonitrile",\n  "Nickel",\n  "Acrylamide"\n]'}
{'TRI_CARC': 'YES', 'ON_P65': None, 'P65_CANCER': None, 'P65_REPRO': None, 'CHEMS': '168', 'FORMS': '21460', 'LBS': '307779820.0', 'CA_LBS': '7615739.0', 'TOP_CHEMS': '[\n  "Arsenic compounds",\n  "Styrene",\n  "Nickel compounds",\n  "Asbestos (friable)",\n  "Formaldehyde",\n  "Lead",\n  "Acetaldehyde",\n  "Cadmium compounds"\n]'}
{'TRI_CARC': None, 'ON_P65': None, 'P65_CANCER': None, 'P65_REPRO': None, 'CHEMS': '543', 'FORMS': '77877', 'LBS': '3401917598.0', 'CA_LBS': '36885995.0', 'TOP_CHEMS': '[\n  "Lead compounds",\n  "Zinc compounds",\n  "Nitrate compounds (water dissociable; reportable only when in aqueous solution)",\n  "Hydrogen sulfide",\n  "Barium compounds (except for barium sulfate (CAS No. 7727-43-7))",\n  "Manganese compounds",\n  "Ammonia",\n  "Copper compounds"\n]'}
====================================================================================================
-- S15 Prop 65 x TRI 2023: which Prop 65 chemicals carry the pounds; TRI carcinogen flag next to the Prop 65 listing (rerun of S13)
{'CAS': '67-56-1', 'TRI_NAME': 'Methanol', 'P65_NAME': 'Methanol', 'TRI_CARC': 'NO', 'P65_CANCER': 'False', 'P65_REPRO': 'True', 'FIRST_LISTED': '2012-03-16', 'FACS': '2214', 'LBS': '116446937.0', 'CA_FACS': '76', 'CA_LBS': '1441157.0'}
{'CAS': '110-54-3', 'TRI_NAME': 'n-Hexane', 'P65_NAME': 'n-Hexane', 'TRI_CARC': 'NO', 'P65_CANCER': 'False', 'P65_REPRO': 'True', 'FIRST_LISTED': '2017-12-15', 'FACS': '1508', 'LBS': '51699068.0', 'CA_FACS': '59', 'CA_LBS': '143756.0'}
{'CAS': '100-42-5', 'TRI_NAME': 'Styrene', 'P65_NAME': 'Styrene', 'TRI_CARC': 'YES', 'P65_CANCER': 'True', 'P65_REPRO': 'False', 'FIRST_LISTED': '2016-04-22', 'FACS': '1137', 'LBS': '30688214.0', 'CA_FACS': '47', 'CA_LBS': '801683.0'}
{'CAS': '107-21-1', 'TRI_NAME': 'Ethylene glycol', 'P65_NAME': 'Ethylene glycol (ingested)', 'TRI_CARC': 'NO', 'P65_CANCER': 'False', 'P65_REPRO': 'True', 'FIRST_LISTED': '2015-06-19', 'FACS': '1448', 'LBS': '23924019.0', 'CA_FACS': '48', 'CA_LBS': '732702.0'}
{'CAS': '1332-21-4', 'TRI_NAME': 'Asbestos (friable)', 'P65_NAME': 'Asbestos', 'TRI_CARC': 'YES', 'P65_CANCER': 'True', 'P65_REPRO': 'False', 'FIRST_LISTED': '1987-02-27', 'FACS': '32', 'LBS': '21517917.0', 'CA_FACS': '4', 'CA_LBS': '3403850.0'}
{'CAS': '108-88-3', 'TRI_NAME': 'Toluene', 'P65_NAME': 'Toluene', 'TRI_CARC': 'NO', 'P65_CANCER': 'False', 'P65_REPRO': 'True', 'FIRST_LISTED': '1991-01-01', 'FACS': '2168', 'LBS': '19664750.0', 'CA_FACS': '87', 'CA_LBS': '214843.0'}
{'CAS': '50-00-0', 'TRI_NAME': 'Formaldehyde', 'P65_NAME': 'Formaldehyde (gas)', 'TRI_CARC': 'YES', 'P65_CANCER': 'True', 'P65_REPRO': 'False', 'FIRST_LISTED': '1988-01-01', 'FACS': '700', 'LBS': '17837615.0', 'CA_FACS': '11', 'CA_LBS': '9406.0'}
{'CAS': '872-50-4', 'TRI_NAME': 'N-Methyl-2-pyrrolidone', 'P65_NAME': 'N-Methylpyrrolidone', 'TRI_CARC': 'NO', 'P65_CANCER': 'False', 'P65_REPRO': 'True', 'FIRST_LISTED': '2001-06-15', 'FACS': '365', 'LBS': '11350928.0', 'CA_FACS': '22', 'CA_LBS': '152713.0'}
{'CAS': '75-07-0', 'TRI_NAME': 'Acetaldehyde', 'P65_NAME': 'Acetaldehyde', 'TRI_CARC': 'YES', 'P65_CANCER': 'True', 'P65_REPRO': 'False', 'FIRST_LISTED': '1988-04-01', 'FACS': '432', 'LBS': '7599342.0', 'CA_FACS': '5', 'CA_LBS': '47808.0'}
{'CAS': '75-15-0', 'TRI_NAME': 'Carbon disulfide', 'P65_NAME': 'Carbon disulfide', 'TRI_CARC': 'NO', 'P65_CANCER': 'False', 'P65_REPRO': 'True', 'FIRST_LISTED': '1989-07-01', 'FACS': '137', 'LBS': '7447841.0', 'CA_FACS': '11', 'CA_LBS': '16701.0'}
{'CAS': '71-43-2', 'TRI_NAME': 'Benzene', 'P65_NAME': 'Benzene', 'TRI_CARC': 'YES', 'P65_CANCER': 'True', 'P65_REPRO': 'True', 'FIRST_LISTED': '1987-02-27', 'FACS': '1139', 'LBS': '6918386.0', 'CA_FACS': '46', 'CA_LBS': '29827.0'}
{'CAS': '107-13-1', 'TRI_NAME': 'Acrylonitrile', 'P65_NAME': 'Acrylonitrile', 'TRI_CARC': 'YES', 'P65_CANCER': 'True', 'P65_REPRO': 'False', 'FIRST_LISTED': '1987-07-01', 'FACS': '89', 'LBS': '6906213.0', 'CA_FACS': '1', 'CA_LBS': '330.0'}
{'CAS': '7440-02-0', 'TRI_NAME': 'Nickel', 'P65_NAME': 'Nickel (Metallic)', 'TRI_CARC': 'YES', 'P65_CANCER': 'True', 'P65_REPRO': 'False', 'FIRST_LISTED': '1989-10-01', 'FACS': '2540', 'LBS': '5857369.0', 'CA_FACS': '100', 'CA_LBS': '223638.0'}
{'CAS': '79-06-1', 'TRI_NAME': 'Acrylamide', 'P65_NAME': 'Acrylamide', 'TRI_CARC': 'YES', 'P65_CANCER': 'True', 'P65_REPRO': 'True', 'FIRST_LISTED': '1990-01-01', 'FACS': '75', 'LBS': '5794045.0', 'CA_FACS': '4', 'CA_LBS': '18.0'}
{'CAS': '554-13-2', 'TRI_NAME': 'Lithium carbonate', 'P65_NAME': 'Lithium carbonate', 'TRI_CARC': 'NO', 'P65_CANCER': 'False', 'P65_REPRO': 'True', 'FIRST_LISTED': '1991-01-01', 'FACS': '51', 'LBS': '3376161.0', 'CA_FACS': '1', 'CA_LBS': '0.0'}
{'CAS': '108-10-1', 'TRI_NAME': 'Methyl isobutyl ketone', 'P65_NAME': 'Methyl isobutyl ketone', 'TRI_CARC': 'YES', 'P65_CANCER': 'True', 'P65_REPRO': 'True', 'FIRST_LISTED': '2011-11-04', 'FACS': '448', 'LBS': '2893725.0', 'CA_FACS': '15', 'CA_LBS': '42384.0'}
{'CAS': '100-41-4', 'TRI_NAME': 'Ethylbenzene', 'P65_NAME': 'Ethylbenzene', 'TRI_CARC': 'YES', 'P65_CANCER': 'True', 'P65_REPRO': 'False', 'FIRST_LISTED': '2004-06-11', 'FACS': '1429', 'LBS': '2803274.0', 'CA_FACS': '68', 'CA_LBS': '61190.0'}
{'CAS': '68-12-2', 'TRI_NAME': 'N,N-Dimethylformamide', 'P65_NAME': 'N,N-Dimethylformamide', 'TRI_CARC': 'YES', 'P65_CANCER': 'True', 'P65_REPRO': 'False', 'FIRST_LISTED': '2017-10-27', 'FACS': '143', 'LBS': '2476831.0', 'CA_FACS': '17', 'CA_LBS': '19681.0'}
{'CAS': '75-09-2', 'TRI_NAME': 'Dichloromethane', 'P65_NAME': 'Dichloromethane (Methylene chloride)', 'TRI_CARC': 'YES', 'P65_CANCER': 'True', 'P65_REPRO': 'False', 'FIRST_LISTED': '1988-04-01', 'FACS': '219', 'LBS': '2387342.0', 'CA_FACS': '15', 'CA_LBS': '60078.0'}
{'CAS': '62-53-3', 'TRI_NAME': 'Aniline', 'P65_NAME': 'Aniline', 'TRI_CARC': 'YES', 'P65_CANCER': 'True', 'P65_REPRO': 'False', 'FIRST_LISTED': '1990-01-01', 'FACS': '36', 'LBS': '2377263.0', 'CA_FACS': '0', 'CA_LBS': '0.0'}
{'CAS': '80-05-7', 'TRI_NAME': "4,4'-Isopropylidenediphenol", 'P65_NAME': 'Bisphenol A (BPA)', 'TRI_CARC': 'NO', 'P65_CANCER': 'False', 'P65_REPRO': 'True', 'FIRST_LISTED': '2015-05-11', 'FACS': '120', 'LBS': '2184907.0', 'CA_FACS': '5', 'CA_LBS': '381391.0'}
{'CAS': '91-20-3', 'TRI_NAME': 'Naphthalene', 'P65_NAME': 'Naphthalene', 'TRI_CARC': 'YES', 'P65_CANCER': 'True', 'P65_REPRO': 'False', 'FIRST_LISTED': '2002-04-19', 'FACS': '1218', 'LBS': '1974544.0', 'CA_FACS': '70', 'CA_LBS': '330203.0'}
{'CAS': '111-42-2', 'TRI_NAME': 'Diethanolamine', 'P65_NAME': 'Diethanolamine', 'TRI_CARC': 'NO', 'P65_CANCER': 'True', 'P65_REPRO': 'False', 'FIRST_LISTED': '2012-06-22', 'FACS': '285', 'LBS': '1879331.0', 'CA_FACS': '15', 'CA_LBS': '25071.0'}
{'CAS': '1313-27-5', 'TRI_NAME': 'Molybdenum trioxide', 'P65_NAME': 'Molybdenum trioxide', 'TRI_CARC': 'YES', 'P65_CANCER': 'True', 'P65_REPRO': 'False', 'FIRST_LISTED': '2021-03-19', 'FACS': '169', 'LBS': '1842719.0', 'CA_FACS': '10', 'CA_LBS': '178957.0'}
{'CAS': '60-35-5', 'TRI_NAME': 'Acetamide', 'P65_NAME': 'Acetamide', 'TRI_CARC': 'YES', 'P65_CANCER': 'True', 'P65_REPRO': 'False', 'FIRST_LISTED': '1990-01-01', 'FACS': '10', 'LBS': '1246476.0', 'CA_FACS': '0', 'CA_LBS': '0.0'}
{'CAS': '108-05-4', 'TRI_NAME': 'Vinyl acetate', 'P65_NAME': 'Vinyl acetate', 'TRI_CARC': 'YES', 'P65_CANCER': 'True', 'P65_REPRO': 'False', 'FIRST_LISTED': '2025-01-03', 'FACS': '126', 'LBS': '1221126.0', 'CA_FACS': '4', 'CA_LBS': '7082.0'}
{'CAS': '106-99-0', 'TRI_NAME': '1,3-Butadiene', 'P65_NAME': '1,3-Butadiene', 'TRI_CARC': 'YES', 'P65_CANCER': 'True', 'P65_REPRO': 'True', 'FIRST_LISTED': '1988-04-01', 'FACS': '202', 'LBS': '1162105.0', 'CA_FACS': '12', 'CA_LBS': '1649.0'}
{'CAS': '1912-24-9', 'TRI_NAME': 'Atrazine', 'P65_NAME': 'Atrazine', 'TRI_CARC': 'NO', 'P65_CANCER': 'False', 'P65_REPRO': 'True', 'FIRST_LISTED': '2016-07-15', 'FACS': '29', 'LBS': '1124782.0', 'CA_FACS': '0', 'CA_LBS': '0.0'}
{'CAS': '127-18-4', 'TRI_NAME': 'Tetrachloroethylene', 'P65_NAME': 'Tetrachloroethylene (Perchloroethylene)', 'TRI_CARC': 'YES', 'P65_CANCER': 'True', 'P65_REPRO': 'False', 'FIRST_LISTED': '1988-04-01', 'FACS': '191', 'LBS': '1028780.0', 'CA_FACS': '12', 'CA_LBS': '3448.0'}
{'CAS': '74-87-3', 'TRI_NAME': 'Chloromethane', 'P65_NAME': 'Methyl chloride', 'TRI_CARC': 'NO', 'P65_CANCER': 'False', 'P65_REPRO': 'True', 'FIRST_LISTED': '2000-03-10', 'FACS': '57', 'LBS': '1019323.0', 'CA_FACS': '0', 'CA_LBS': '0.0'}
{'CAS': '98-82-8', 'TRI_NAME': 'Cumene', 'P65_NAME': 'Cumene', 'TRI_CARC': 'YES', 'P65_CANCER': 'True', 'P65_REPRO': 'False', 'FIRST_LISTED': '2010-04-06', 'FACS': '582', 'LBS': '873789.0', 'CA_FACS': '30', 'CA_LBS': '7439.0'}
{'CAS': '108-93-0', 'TRI_NAME': 'Cyclohexanol', 'P65_NAME': 'Cyclohexanol  Delisted January 25, 2002 [Click here for the basis for delisting]', 'TRI_CARC': 'NO', 'P65_CANCER': 'False', 'P65_REPRO': 'True', 'FIRST_LISTED': '1998-11-06', 'FACS': '17', 'LBS': '868848.0', 'CA_FACS': '0', 'CA_LBS': '0.0'}
{'CAS': '106-94-5', 'TRI_NAME': '1-Bromopropane', 'P65_NAME': '1-Bromopropane (1-BP)', 'TRI_CARC': 'YES', 'P65_CANCER': 'True', 'P65_REPRO': 'True', 'FIRST_LISTED': '2004-12-07', 'FACS': '63', 'LBS': '796246.0', 'CA_FACS': '0', 'CA_LBS': '0.0'}
{'CAS': '79-01-6', 'TRI_NAME': 'Trichloroethylene', 'P65_NAME': 'Trichloroethylene', 'TRI_CARC': 'YES', 'P65_CANCER': 'True', 'P65_REPRO': 'True', 'FIRST_LISTED': '1988-04-01', 'FACS': '103', 'LBS': '780659.0', 'CA_FACS': '2', 'CA_LBS': '199.0'}
{'CAS': '123-91-1', 'TRI_NAME': '1,4-Dioxane', 'P65_NAME': '1,4-Dioxane', 'TRI_CARC': 'YES', 'P65_CANCER': 'True', 'P65_REPRO': 'False', 'FIRST_LISTED': '1988-01-01', 'FACS': '52', 'LBS': '688851.0', 'CA_FACS': '0', 'CA_LBS': '0.0'}
{'CAS': '90-43-7', 'TRI_NAME': '2-Phenylphenol', 'P65_NAME': 'o-Phenylphenol', 'TRI_CARC': 'NO', 'P65_CANCER': 'True', 'P65_REPRO': 'False', 'FIRST_LISTED': '2000-08-04', 'FACS': '11', 'LBS': '560857.0', 'CA_FACS': '0', 'CA_LBS': '0.0'}
{'CAS': '107-06-2', 'TRI_NAME': '1,2-Dichloroethane', 'P65_NAME': 'Ethylene dichloride (1,2-Dichloroethane)', 'TRI_CARC': 'YES', 'P65_CANCER': 'True', 'P65_REPRO': 'False', 'FIRST_LISTED': '1987-10-01', 'FACS': '51', 'LBS': '555713.0', 'CA_FACS': '0', 'CA_LBS': '0.0'}
{'CAS': '140-88-5', 'TRI_NAME': 'Ethyl acrylate', 'P65_NAME': 'Ethyl acrylate', 'TRI_CARC': 'YES', 'P65_CANCER': 'True', 'P65_REPRO': 'False', 'FIRST_LISTED': '1989-07-01', 'FACS': '86', 'LBS': '550663.0', 'CA_FACS': '3', 'CA_LBS': '220.0'}
{'CAS': '7440-48-4', 'TRI_NAME': 'Cobalt', 'P65_NAME': 'Cobalt metal powder', 'TRI_CARC': 'YES', 'P65_CANCER': 'True', 'P65_REPRO': 'False', 'FIRST_LISTED': '1992-07-01', 'FACS': '333', 'LBS': '537994.0', 'CA_FACS': '14', 'CA_LBS': '1342.0'}
{'CAS': '122-34-9', 'TRI_NAME': 'Simazine', 'P65_NAME': 'Simazine', 'TRI_CARC': 'NO', 'P65_CANCER': 'False', 'P65_REPRO': 'True', 'FIRST_LISTED': '2016-07-15', 'FACS': '8', 'LBS': '537373.0', 'CA_FACS': '0', 'CA_LBS': '0.0'}
====================================================================================================
-- S16 DPD drug: which days carry the bulk last-update stamps
{'D': '2025-03-22', 'N': '5822', 'HUMAN': '4593', 'CODE_MIN': '15', 'CODE_MAX': '104257'}
{'D': '2026-06-26', 'N': '337', 'HUMAN': '275', 'CODE_MIN': '290', 'CODE_MAX': '106436'}
{'D': '2026-06-23', 'N': '325', 'HUMAN': '284', 'CODE_MIN': '960', 'CODE_MAX': '106761'}
{'D': '2026-06-16', 'N': '315', 'HUMAN': '314', 'CODE_MIN': '1387', 'CODE_MAX': '106524'}
{'D': '2026-06-15', 'N': '290', 'HUMAN': '288', 'CODE_MIN': '6616', 'CODE_MAX': '106221'}
{'D': '2026-06-25', 'N': '257', 'HUMAN': '238', 'CODE_MIN': '789', 'CODE_MAX': '106665'}
{'D': '2026-06-17', 'N': '255', 'HUMAN': '254', 'CODE_MIN': '4730', 'CODE_MAX': '106400'}
{'D': '2026-06-18', 'N': '251', 'HUMAN': '249', 'CODE_MIN': '1668', 'CODE_MAX': '107070'}
{'D': '2026-07-31', 'N': '229', 'HUMAN': '221', 'CODE_MIN': '3348', 'CODE_MAX': '107019'}
{'D': '2026-06-12', 'N': '185', 'HUMAN': '174', 'CODE_MIN': '3156', 'CODE_MAX': '104158'}
====================================================================================================
-- S17 UDS: patients per weekly open site-hour, joined to the site roster on grant number, ranked inside each state
{'BHCMISID': '100020', 'HEALTHCENTERNAME': 'ANCHORAGE NEIGHBORHOOD HEALTH CENTER', 'HEALTHCENTERCITY': 'Anchorage', 'ST': 'AK', 'UR': 'Urban', 'TOT': '15039', 'SITES': '1', 'HRS': '64', 'MOBILE': '0', 'SCHOOL': '0', 'ADMIN_ONLY': '0', 'PER_HR': '235.0', 'ST_MED': '17.3', 'ST_N': '27', 'X_STATE': '13.6', 'N_ALL': '1356', 'N_LANDED': '1342', 'NAT_MED': '45.6', 'TYPES': '[\n  "Federally Qualified Health Center (FQHC)"\n]'}
{'BHCMISID': '0421240', 'HEALTHCENTERNAME': 'FAIRVIEW COMMUNITY HEALTH CENTER', 'HEALTHCENTERCITY': 'Bowling Green', 'ST': 'KY', 'UR': 'Rural', 'TOT': '15158', 'SITES': '1', 'HRS': '45', 'MOBILE': '0', 'SCHOOL': '0', 'ADMIN_ONLY': '0', 'PER_HR': '336.8', 'ST_MED': '32.2', 'ST_N': '25', 'X_STATE': '10.4', 'N_ALL': '1356', 'N_LANDED': '1342', 'NAT_MED': '45.6', 'TYPES': '[\n  "Federally Qualified Health Center (FQHC)"\n]'}
{'BHCMISID': '010600', 'HEALTHCENTERNAME': 'FENWAY COMMUNITY HEALTH CENTER, INC.', 'HEALTHCENTERCITY': 'Boston', 'ST': 'MA', 'UR': 'Urban', 'TOT': '30839', 'SITES': '1', 'HRS': '60', 'MOBILE': '0', 'SCHOOL': '0', 'ADMIN_ONLY': '0', 'PER_HR': '514.0', 'ST_MED': '77.0', 'ST_N': '37', 'X_STATE': '6.7', 'N_ALL': '1356', 'N_LANDED': '1342', 'NAT_MED': '45.6', 'TYPES': '[\n  "Federally Qualified Health Center (FQHC)"\n]'}
{'BHCMISID': '09E01092', 'HEALTHCENTERNAME': 'NHAN HOA COMPREHENSIVE HEALTH CARE CLINIC, INC.', 'HEALTHCENTERCITY': 'Garden Grove', 'ST': 'CA', 'UR': 'Urban', 'TOT': '13451', 'SITES': '2', 'HRS': '49', 'MOBILE': '0', 'SCHOOL': '0', 'ADMIN_ONLY': '1', 'PER_HR': '274.5', 'ST_MED': '51.7', 'ST_N': '170', 'X_STATE': '5.3', 'N_ALL': '1356', 'N_LANDED': '1342', 'NAT_MED': '45.6', 'TYPES': '[\n  "Federally Qualified Health Center (FQHC)"\n]'}
{'BHCMISID': '01E00089', 'HEALTHCENTERNAME': 'DOTHOUSE HEALTH, INC.', 'HEALTHCENTERCITY': 'Dorchester', 'ST': 'MA', 'UR': 'Urban', 'TOT': '25364', 'SITES': '1', 'HRS': '63', 'MOBILE': '0', 'SCHOOL': '0', 'ADMIN_ONLY': '0', 'PER_HR': '402.6', 'ST_MED': '77.0', 'ST_N': '37', 'X_STATE': '5.2', 'N_ALL': '1356', 'N_LANDED': '1342', 'NAT_MED': '45.6', 'TYPES': '[\n  "Federally Qualified Health Center (FQHC)"\n]'}
{'BHCMISID': '011260', 'HEALTHCENTERNAME': 'COMMUNITY HEALTH SERVICES, INC', 'HEALTHCENTERCITY': 'Hartford', 'ST': 'CT', 'UR': 'Urban', 'TOT': '16249', 'SITES': '2', 'HRS': '84', 'MOBILE': '0', 'SCHOOL': '0', 'ADMIN_ONLY': '0', 'PER_HR': '193.4', 'ST_MED': '37.6', 'ST_N': '16', 'X_STATE': '5.1', 'N_ALL': '1356', 'N_LANDED': '1342', 'NAT_MED': '45.6', 'TYPES': '[\n  "Federally Qualified Health Center (FQHC)"\n]'}
{'BHCMISID': '0717410', 'HEALTHCENTERNAME': 'PRAIRIE STAR HEALTH CENTER, INC.', 'HEALTHCENTERCITY': 'Hutchinson', 'ST': 'KS', 'UR': 'Rural', 'TOT': '18773', 'SITES': '2', 'HRS': '58', 'MOBILE': '1', 'SCHOOL': '0', 'ADMIN_ONLY': '0', 'PER_HR': '323.7', 'ST_MED': '64.4', 'ST_N': '18', 'X_STATE': '5.0', 'N_ALL': '1356', 'N_LANDED': '1342', 'NAT_MED': '45.6', 'TYPES': '[\n  "Federally Qualified Health Center (FQHC)"\n]'}
{'BHCMISID': '0513810', 'HEALTHCENTERNAME': 'UNIVERSITY OF MINNESOTA', 'HEALTHCENTERCITY': 'Minneapolis', 'ST': 'MN', 'UR': 'Urban', 'TOT': '12048', 'SITES': '2', 'HRS': '58', 'MOBILE': '0', 'SCHOOL': '0', 'ADMIN_ONLY': '1', 'PER_HR': '207.7', 'ST_MED': '42.4', 'ST_N': '16', 'X_STATE': '4.9', 'N_ALL': '1356', 'N_LANDED': '1342', 'NAT_MED': '45.6', 'TYPES': '[\n  "Federally Qualified Health Center (FQHC)"\n]'}
{'BHCMISID': '0516820', 'HEALTHCENTERNAME': 'MGH FAMILY HC DBA MUSKEGON FAMILY CARE', 'HEALTHCENTERCITY': 'Muskegon', 'ST': 'MI', 'UR': 'Urban', 'TOT': '12959', 'SITES': '1', 'HRS': '63', 'MOBILE': '0', 'SCHOOL': '0', 'ADMIN_ONLY': '0', 'PER_HR': '205.7', 'ST_MED': '43.8', 'ST_N': '39', 'X_STATE': '4.7', 'N_ALL': '1356', 'N_LANDED': '1342', 'NAT_MED': '45.6', 'TYPES': '[\n  "Federally Qualified Health Center (FQHC)"\n]'}
{'BHCMISID': '060240', 'HEALTHCENTERNAME': 'FIRST CHOICE COMMUNITY HEALTHCARE, INC.', 'HEALTHCENTERCITY': 'Albuquerque', 'ST': 'NM', 'UR': 'Urban', 'TOT': '40817', 'SITES': '10', 'HRS': '364', 'MOBILE': '0', 'SCHOOL': '1', 'ADMIN_ONLY': '3', 'PER_HR': '112.1', 'ST_MED': '24.4', 'ST_N': '15', 'X_STATE': '4.6', 'N_ALL': '1356', 'N_LANDED': '1342', 'NAT_MED': '45.6', 'TYPES': '[\n  "Federally Qualified Health Center (FQHC)"\n]'}
{'BHCMISID': '021390', 'HEALTHCENTERNAME': 'CHARLES B. WANG COMMUNITY HEALTH CENTER, INC.', 'HEALTHCENTERCITY': 'New York', 'ST': 'NY', 'UR': 'Urban', 'TOT': '70051', 'SITES': '6', 'HRS': '276', 'MOBILE': '0', 'SCHOOL': '0', 'ADMIN_ONLY': '1', 'PER_HR': '253.8', 'ST_MED': '60.4', 'ST_N': '64', 'X_STATE': '4.2', 'N_ALL': '1356', 'N_LANDED': '1342', 'NAT_MED': '45.6', 'TYPES': '[\n  "Federally Qualified Health Center (FQHC)"\n]'}
{'BHCMISID': '052360', 'HEALTHCENTERNAME': 'THE HEALTH AND HOSPITAL CORPORATION OF MARION COUNTY', 'HEALTHCENTERCITY': 'Indianapolis', 'ST': 'IN', 'UR': 'Urban', 'TOT': '109563', 'SITES': '12', 'HRS': '548', 'MOBILE': '2', 'SCHOOL': '1', 'ADMIN_ONLY': '0', 'PER_HR': '199.9', 'ST_MED': '48.7', 'ST_N': '26', 'X_STATE': '4.1', 'N_ALL': '1356', 'N_LANDED': '1342', 'NAT_MED': '45.6', 'TYPES': '[\n  "Federally Qualified Health Center (FQHC)"\n]'}
{'BHCMISID': '036640', 'HEALTHCENTERNAME': 'CHASE BREXTON HEALTH SERVICES, INC', 'HEALTHCENTERCITY': 'Baltimore', 'ST': 'MD', 'UR': 'Urban', 'TOT': '52105', 'SITES': '7', 'HRS': '263', 'MOBILE': '0', 'SCHOOL': '0', 'ADMIN_ONLY': '0', 'PER_HR': '198.1', 'ST_MED': '48.4', 'ST_N': '16', 'X_STATE': '4.1', 'N_ALL': '1356', 'N_LANDED': '1342', 'NAT_MED': '45.6', 'TYPES': '[\n  "Federally Qualified Health Center (FQHC)"\n]'}
{'BHCMISID': '06E00338', 'HEALTHCENTERNAME': 'NEW ORLEANS AIDS TASK FORCE', 'HEALTHCENTERCITY': 'New Orleans', 'ST': 'LA', 'UR': 'Urban', 'TOT': '14322', 'SITES': '3', 'HRS': '116', 'MOBILE': '1', 'SCHOOL': '0', 'ADMIN_ONLY': '0', 'PER_HR': '123.5', 'ST_MED': '31.2', 'ST_N': '35', 'X_STATE': '4.0', 'N_ALL': '1356', 'N_LANDED': '1342', 'NAT_MED': '45.6', 'TYPES': '[\n  "Federally Qualified Health Center (FQHC)"\n]'}
{'BHCMISID': '03E00049', 'HEALTHCENTERNAME': 'GREATER PRINCE WILLIAM COMMUNITY HEALTH CENTER', 'HEALTHCENTERCITY': 'Woodbridge', 'ST': 'VA', 'UR': 'Urban', 'TOT': '25669', 'SITES': '4', 'HRS': '149', 'MOBILE': '0', 'SCHOOL': '0', 'ADMIN_ONLY': '0', 'PER_HR': '172.3', 'ST_MED': '47.1', 'ST_N': '26', 'X_STATE': '3.7', 'N_ALL': '1356', 'N_LANDED': '1342', 'NAT_MED': '45.6', 'TYPES': '[\n  "Federally Qualified Health Center (FQHC)"\n]'}
====================================================================================================
-- S18 GUDID staging: device records per block, first DI of each block, and whether it is already in the 5.08M GUDID table
{'BLOCKS': '1329', 'RECORDS': '2658000', 'K_MIN': '2000', 'K_MAX': '2000', 'DISTINCT_FIRST_DI': '1329', 'DI_TYPES': '[\n  "Previous",\n  "Secondary",\n  "Direct Marking",\n  "Package",\n  "Unit of Use",\n  "Primary"\n]', 'FIRST_DI_IN_MAIN': '1329', 'PD_MIN': '2014-09-18', 'PD_MAX': '2026-04-21'}
